EEEEEEEEEE.EEEEEEEEEEEEEEEEEEEEEEEE.......................E............. [ 22%]
....E.....EEEEEEEEEEE.........EEE....E..EEEEEEE...EEEEE................. [ 45%]
......EEs.......EEEEEEEEEE.EEEEEEEEEEEEEEEEEEE....EEEEEEEEE.....EE....EE [ 68%]
......EEEEEEE.....EEE.....E..EEE..........E.EE.sssssssssssssss.......EEE [ 91%]
...EE.EEEEE.....E..E......                                               [100%]
=================================== ERRORS ====================================
___________ ERROR at setup of test_budget_guard_allows_allowed_task ___________
.venv311\Lib\site-packages\_pytest\runner.py:353: in from_call
    result: TResult | None = func()
                             ^^^^^^
.venv311\Lib\site-packages\_pytest\runner.py:245: in <lambda>
    lambda: runtest_hook(item=item, **kwds),
            ^^^^^^^^^^^^^^^^^^^^^^^^^^^^^^^
.venv311\Lib\site-packages\pluggy\_hooks.py:512: in __call__
    return self._hookexec(self.name, self._hookimpls.copy(), kwargs, firstresult)
           ^^^^^^^^^^^^^^^^^^^^^^^^^^^^^^^^^^^^^^^^^^^^^^^^^^^^^^^^^^^^^^^^^^^^^^
.venv311\Lib\site-packages\pluggy\_manager.py:120: in _hookexec
    return self._inner_hookexec(hook_name, methods, kwargs, firstresult)
           ^^^^^^^^^^^^^^^^^^^^^^^^^^^^^^^^^^^^^^^^^^^^^^^^^^^^^^^^^^^^^
.venv311\Lib\site-packages\_pytest\logging.py:843: in pytest_runtest_setup
    yield
.venv311\Lib\site-packages\_pytest\capture.py:895: in pytest_runtest_setup
    return (yield)
            ^^^^^
.venv311\Lib\site-packages\_pytest\runner.py:165: in pytest_runtest_setup
    item.session._setupstate.setup(item)
.venv311\Lib\site-packages\_pytest\runner.py:523: in setup
    col.setup()
.venv311\Lib\site-packages\_pytest\python.py:1723: in setup
    self._request._fillfixtures()
.venv311\Lib\site-packages\_pytest\fixtures.py:707: in _fillfixtures
    item.funcargs[argname] = self.getfixturevalue(argname)
                             ^^^^^^^^^^^^^^^^^^^^^^^^^^^^^
.venv311\Lib\site-packages\_pytest\fixtures.py:539: in getfixturevalue
    fixturedef = self._get_active_fixturedef(argname)
                 ^^^^^^^^^^^^^^^^^^^^^^^^^^^^^^^^^^^^
.venv311\Lib\site-packages\_pytest\fixtures.py:627: in _get_active_fixturedef
    fixturedef.execute(request=subrequest)
.venv311\Lib\site-packages\_pytest\fixtures.py:1110: in execute
    result: FixtureValue = ihook.pytest_fixture_setup(
.venv311\Lib\site-packages\pluggy\_hooks.py:512: in __call__
    return self._hookexec(self.name, self._hookimpls.copy(), kwargs, firstresult)
           ^^^^^^^^^^^^^^^^^^^^^^^^^^^^^^^^^^^^^^^^^^^^^^^^^^^^^^^^^^^^^^^^^^^^^^
.venv311\Lib\site-packages\pluggy\_manager.py:120: in _hookexec
    return self._inner_hookexec(hook_name, methods, kwargs, firstresult)
           ^^^^^^^^^^^^^^^^^^^^^^^^^^^^^^^^^^^^^^^^^^^^^^^^^^^^^^^^^^^^^
.venv311\Lib\site-packages\pluggy\_callers.py:53: in run_old_style_hookwrapper
    return result.get_result()
           ^^^^^^^^^^^^^^^^^^^
.venv311\Lib\site-packages\pluggy\_callers.py:38: in run_old_style_hookwrapper
    res = yield
          ^^^^^
.venv311\Lib\site-packages\_pytest\setuponly.py:36: in pytest_fixture_setup
    return (yield)
            ^^^^^
.venv311\Lib\site-packages\_pytest\fixtures.py:1202: in pytest_fixture_setup
    result = call_fixture_func(fixturefunc, request, kwargs)
             ^^^^^^^^^^^^^^^^^^^^^^^^^^^^^^^^^^^^^^^^^^^^^^^
.venv311\Lib\site-packages\_pytest\fixtures.py:908: in call_fixture_func
    fixture_result = next(generator)
                     ^^^^^^^^^^^^^^^
.venv311\Lib\site-packages\_pytest\tmpdir.py:289: in tmp_path
    path = _mk_tmp(request, tmp_path_factory)
           ^^^^^^^^^^^^^^^^^^^^^^^^^^^^^^^^^^
.venv311\Lib\site-packages\_pytest\tmpdir.py:276: in _mk_tmp
    return factory.mktemp(name, numbered=True)
           ^^^^^^^^^^^^^^^^^^^^^^^^^^^^^^^^^^^
.venv311\Lib\site-packages\_pytest\tmpdir.py:131: in mktemp
    basename = self._ensure_relative_to_basetemp(basename)
               ^^^^^^^^^^^^^^^^^^^^^^^^^^^^^^^^^^^^^^^^^^^
.venv311\Lib\site-packages\_pytest\tmpdir.py:112: in _ensure_relative_to_basetemp
    if (self.getbasetemp() / basename).resolve().parent != self.getbasetemp():
        ^^^^^^^^^^^^^^^^^^
.venv311\Lib\site-packages\_pytest\tmpdir.py:208: in getbasetemp
    basetemp = make_numbered_dir_with_cleanup(
.venv311\Lib\site-packages\_pytest\pathlib.py:407: in make_numbered_dir_with_cleanup
    raise e
.venv311\Lib\site-packages\_pytest\pathlib.py:388: in make_numbered_dir_with_cleanup
    p = make_numbered_dir(root, prefix, mode)
        ^^^^^^^^^^^^^^^^^^^^^^^^^^^^^^^^^^^^^
.venv311\Lib\site-packages\_pytest\pathlib.py:229: in make_numbered_dir
    max_existing = max(map(parse_num, find_suffixes(root, prefix)), default=-1)
                   ^^^^^^^^^^^^^^^^^^^^^^^^^^^^^^^^^^^^^^^^^^^^^^^^^^^^^^^^^^^^
.venv311\Lib\site-packages\_pytest\pathlib.py:188: in extract_suffixes
    for entry in iter:
.venv311\Lib\site-packages\_pytest\pathlib.py:176: in find_prefixed
    for x in os.scandir(root):
             ^^^^^^^^^^^^^^^^
E   PermissionError: [WinError 5] アクセスが拒否されました。: 'C:\\Users\\ynobe\\AppData\\Local\\Temp\\pytest-of-ynobe'
_________ ERROR at setup of test_budget_guard_blocks_disallowed_task __________
.venv311\Lib\site-packages\_pytest\runner.py:353: in from_call
    result: TResult | None = func()
                             ^^^^^^
.venv311\Lib\site-packages\_pytest\runner.py:245: in <lambda>
    lambda: runtest_hook(item=item, **kwds),
            ^^^^^^^^^^^^^^^^^^^^^^^^^^^^^^^
.venv311\Lib\site-packages\pluggy\_hooks.py:512: in __call__
    return self._hookexec(self.name, self._hookimpls.copy(), kwargs, firstresult)
           ^^^^^^^^^^^^^^^^^^^^^^^^^^^^^^^^^^^^^^^^^^^^^^^^^^^^^^^^^^^^^^^^^^^^^^
.venv311\Lib\site-packages\pluggy\_manager.py:120: in _hookexec
    return self._inner_hookexec(hook_name, methods, kwargs, firstresult)
           ^^^^^^^^^^^^^^^^^^^^^^^^^^^^^^^^^^^^^^^^^^^^^^^^^^^^^^^^^^^^^
.venv311\Lib\site-packages\_pytest\logging.py:843: in pytest_runtest_setup
    yield
.venv311\Lib\site-packages\_pytest\capture.py:895: in pytest_runtest_setup
    return (yield)
            ^^^^^
.venv311\Lib\site-packages\_pytest\runner.py:165: in pytest_runtest_setup
    item.session._setupstate.setup(item)
.venv311\Lib\site-packages\_pytest\runner.py:523: in setup
    col.setup()
.venv311\Lib\site-packages\_pytest\python.py:1723: in setup
    self._request._fillfixtures()
.venv311\Lib\site-packages\_pytest\fixtures.py:707: in _fillfixtures
    item.funcargs[argname] = self.getfixturevalue(argname)
                             ^^^^^^^^^^^^^^^^^^^^^^^^^^^^^
.venv311\Lib\site-packages\_pytest\fixtures.py:539: in getfixturevalue
    fixturedef = self._get_active_fixturedef(argname)
                 ^^^^^^^^^^^^^^^^^^^^^^^^^^^^^^^^^^^^
.venv311\Lib\site-packages\_pytest\fixtures.py:627: in _get_active_fixturedef
    fixturedef.execute(request=subrequest)
.venv311\Lib\site-packages\_pytest\fixtures.py:1110: in execute
    result: FixtureValue = ihook.pytest_fixture_setup(
.venv311\Lib\site-packages\pluggy\_hooks.py:512: in __call__
    return self._hookexec(self.name, self._hookimpls.copy(), kwargs, firstresult)
           ^^^^^^^^^^^^^^^^^^^^^^^^^^^^^^^^^^^^^^^^^^^^^^^^^^^^^^^^^^^^^^^^^^^^^^
.venv311\Lib\site-packages\pluggy\_manager.py:120: in _hookexec
    return self._inner_hookexec(hook_name, methods, kwargs, firstresult)
           ^^^^^^^^^^^^^^^^^^^^^^^^^^^^^^^^^^^^^^^^^^^^^^^^^^^^^^^^^^^^^
.venv311\Lib\site-packages\pluggy\_callers.py:53: in run_old_style_hookwrapper
    return result.get_result()
           ^^^^^^^^^^^^^^^^^^^
.venv311\Lib\site-packages\pluggy\_callers.py:38: in run_old_style_hookwrapper
    res = yield
          ^^^^^
.venv311\Lib\site-packages\_pytest\setuponly.py:36: in pytest_fixture_setup
    return (yield)
            ^^^^^
.venv311\Lib\site-packages\_pytest\fixtures.py:1202: in pytest_fixture_setup
    result = call_fixture_func(fixturefunc, request, kwargs)
             ^^^^^^^^^^^^^^^^^^^^^^^^^^^^^^^^^^^^^^^^^^^^^^^
.venv311\Lib\site-packages\_pytest\fixtures.py:908: in call_fixture_func
    fixture_result = next(generator)
                     ^^^^^^^^^^^^^^^
.venv311\Lib\site-packages\_pytest\tmpdir.py:289: in tmp_path
    path = _mk_tmp(request, tmp_path_factory)
           ^^^^^^^^^^^^^^^^^^^^^^^^^^^^^^^^^^
.venv311\Lib\site-packages\_pytest\tmpdir.py:276: in _mk_tmp
    return factory.mktemp(name, numbered=True)
           ^^^^^^^^^^^^^^^^^^^^^^^^^^^^^^^^^^^
.venv311\Lib\site-packages\_pytest\tmpdir.py:131: in mktemp
    basename = self._ensure_relative_to_basetemp(basename)
               ^^^^^^^^^^^^^^^^^^^^^^^^^^^^^^^^^^^^^^^^^^^
.venv311\Lib\site-packages\_pytest\tmpdir.py:112: in _ensure_relative_to_basetemp
    if (self.getbasetemp() / basename).resolve().parent != self.getbasetemp():
        ^^^^^^^^^^^^^^^^^^
.venv311\Lib\site-packages\_pytest\tmpdir.py:208: in getbasetemp
    basetemp = make_numbered_dir_with_cleanup(
.venv311\Lib\site-packages\_pytest\pathlib.py:407: in make_numbered_dir_with_cleanup
    raise e
.venv311\Lib\site-packages\_pytest\pathlib.py:388: in make_numbered_dir_with_cleanup
    p = make_numbered_dir(root, prefix, mode)
        ^^^^^^^^^^^^^^^^^^^^^^^^^^^^^^^^^^^^^
.venv311\Lib\site-packages\_pytest\pathlib.py:229: in make_numbered_dir
    max_existing = max(map(parse_num, find_suffixes(root, prefix)), default=-1)
                   ^^^^^^^^^^^^^^^^^^^^^^^^^^^^^^^^^^^^^^^^^^^^^^^^^^^^^^^^^^^^
.venv311\Lib\site-packages\_pytest\pathlib.py:188: in extract_suffixes
    for entry in iter:
.venv311\Lib\site-packages\_pytest\pathlib.py:176: in find_prefixed
    for x in os.scandir(root):
             ^^^^^^^^^^^^^^^^
E   PermissionError: [WinError 5] アクセスが拒否されました。: 'C:\\Users\\ynobe\\AppData\\Local\\Temp\\pytest-of-ynobe'
______ ERROR at setup of test_budget_guard_stops_at_hard_daily_threshold ______
.venv311\Lib\site-packages\_pytest\runner.py:353: in from_call
    result: TResult | None = func()
                             ^^^^^^
.venv311\Lib\site-packages\_pytest\runner.py:245: in <lambda>
    lambda: runtest_hook(item=item, **kwds),
            ^^^^^^^^^^^^^^^^^^^^^^^^^^^^^^^
.venv311\Lib\site-packages\pluggy\_hooks.py:512: in __call__
    return self._hookexec(self.name, self._hookimpls.copy(), kwargs, firstresult)
           ^^^^^^^^^^^^^^^^^^^^^^^^^^^^^^^^^^^^^^^^^^^^^^^^^^^^^^^^^^^^^^^^^^^^^^
.venv311\Lib\site-packages\pluggy\_manager.py:120: in _hookexec
    return self._inner_hookexec(hook_name, methods, kwargs, firstresult)
           ^^^^^^^^^^^^^^^^^^^^^^^^^^^^^^^^^^^^^^^^^^^^^^^^^^^^^^^^^^^^^
.venv311\Lib\site-packages\_pytest\logging.py:843: in pytest_runtest_setup
    yield
.venv311\Lib\site-packages\_pytest\capture.py:895: in pytest_runtest_setup
    return (yield)
            ^^^^^
.venv311\Lib\site-packages\_pytest\runner.py:165: in pytest_runtest_setup
    item.session._setupstate.setup(item)
.venv311\Lib\site-packages\_pytest\runner.py:523: in setup
    col.setup()
.venv311\Lib\site-packages\_pytest\python.py:1723: in setup
    self._request._fillfixtures()
.venv311\Lib\site-packages\_pytest\fixtures.py:707: in _fillfixtures
    item.funcargs[argname] = self.getfixturevalue(argname)
                             ^^^^^^^^^^^^^^^^^^^^^^^^^^^^^
.venv311\Lib\site-packages\_pytest\fixtures.py:539: in getfixturevalue
    fixturedef = self._get_active_fixturedef(argname)
                 ^^^^^^^^^^^^^^^^^^^^^^^^^^^^^^^^^^^^
.venv311\Lib\site-packages\_pytest\fixtures.py:627: in _get_active_fixturedef
    fixturedef.execute(request=subrequest)
.venv311\Lib\site-packages\_pytest\fixtures.py:1110: in execute
    result: FixtureValue = ihook.pytest_fixture_setup(
.venv311\Lib\site-packages\pluggy\_hooks.py:512: in __call__
    return self._hookexec(self.name, self._hookimpls.copy(), kwargs, firstresult)
           ^^^^^^^^^^^^^^^^^^^^^^^^^^^^^^^^^^^^^^^^^^^^^^^^^^^^^^^^^^^^^^^^^^^^^^
.venv311\Lib\site-packages\pluggy\_manager.py:120: in _hookexec
    return self._inner_hookexec(hook_name, methods, kwargs, firstresult)
           ^^^^^^^^^^^^^^^^^^^^^^^^^^^^^^^^^^^^^^^^^^^^^^^^^^^^^^^^^^^^^
.venv311\Lib\site-packages\pluggy\_callers.py:53: in run_old_style_hookwrapper
    return result.get_result()
           ^^^^^^^^^^^^^^^^^^^
.venv311\Lib\site-packages\pluggy\_callers.py:38: in run_old_style_hookwrapper
    res = yield
          ^^^^^
.venv311\Lib\site-packages\_pytest\setuponly.py:36: in pytest_fixture_setup
    return (yield)
            ^^^^^
.venv311\Lib\site-packages\_pytest\fixtures.py:1202: in pytest_fixture_setup
    result = call_fixture_func(fixturefunc, request, kwargs)
             ^^^^^^^^^^^^^^^^^^^^^^^^^^^^^^^^^^^^^^^^^^^^^^^
.venv311\Lib\site-packages\_pytest\fixtures.py:908: in call_fixture_func
    fixture_result = next(generator)
                     ^^^^^^^^^^^^^^^
.venv311\Lib\site-packages\_pytest\tmpdir.py:289: in tmp_path
    path = _mk_tmp(request, tmp_path_factory)
           ^^^^^^^^^^^^^^^^^^^^^^^^^^^^^^^^^^
.venv311\Lib\site-packages\_pytest\tmpdir.py:276: in _mk_tmp
    return factory.mktemp(name, numbered=True)
           ^^^^^^^^^^^^^^^^^^^^^^^^^^^^^^^^^^^
.venv311\Lib\site-packages\_pytest\tmpdir.py:131: in mktemp
    basename = self._ensure_relative_to_basetemp(basename)
               ^^^^^^^^^^^^^^^^^^^^^^^^^^^^^^^^^^^^^^^^^^^
.venv311\Lib\site-packages\_pytest\tmpdir.py:112: in _ensure_relative_to_basetemp
    if (self.getbasetemp() / basename).resolve().parent != self.getbasetemp():
        ^^^^^^^^^^^^^^^^^^
.venv311\Lib\site-packages\_pytest\tmpdir.py:208: in getbasetemp
    basetemp = make_numbered_dir_with_cleanup(
.venv311\Lib\site-packages\_pytest\pathlib.py:407: in make_numbered_dir_with_cleanup
    raise e
.venv311\Lib\site-packages\_pytest\pathlib.py:388: in make_numbered_dir_with_cleanup
    p = make_numbered_dir(root, prefix, mode)
        ^^^^^^^^^^^^^^^^^^^^^^^^^^^^^^^^^^^^^
.venv311\Lib\site-packages\_pytest\pathlib.py:229: in make_numbered_dir
    max_existing = max(map(parse_num, find_suffixes(root, prefix)), default=-1)
                   ^^^^^^^^^^^^^^^^^^^^^^^^^^^^^^^^^^^^^^^^^^^^^^^^^^^^^^^^^^^^
.venv311\Lib\site-packages\_pytest\pathlib.py:188: in extract_suffixes
    for entry in iter:
.venv311\Lib\site-packages\_pytest\pathlib.py:176: in find_prefixed
    for x in os.scandir(root):
             ^^^^^^^^^^^^^^^^
E   PermissionError: [WinError 5] アクセスが拒否されました。: 'C:\\Users\\ynobe\\AppData\\Local\\Temp\\pytest-of-ynobe'
________ ERROR at setup of test_cache_hits_do_not_count_against_budget ________
.venv311\Lib\site-packages\_pytest\runner.py:353: in from_call
    result: TResult | None = func()
                             ^^^^^^
.venv311\Lib\site-packages\_pytest\runner.py:245: in <lambda>
    lambda: runtest_hook(item=item, **kwds),
            ^^^^^^^^^^^^^^^^^^^^^^^^^^^^^^^
.venv311\Lib\site-packages\pluggy\_hooks.py:512: in __call__
    return self._hookexec(self.name, self._hookimpls.copy(), kwargs, firstresult)
           ^^^^^^^^^^^^^^^^^^^^^^^^^^^^^^^^^^^^^^^^^^^^^^^^^^^^^^^^^^^^^^^^^^^^^^
.venv311\Lib\site-packages\pluggy\_manager.py:120: in _hookexec
    return self._inner_hookexec(hook_name, methods, kwargs, firstresult)
           ^^^^^^^^^^^^^^^^^^^^^^^^^^^^^^^^^^^^^^^^^^^^^^^^^^^^^^^^^^^^^
.venv311\Lib\site-packages\_pytest\logging.py:843: in pytest_runtest_setup
    yield
.venv311\Lib\site-packages\_pytest\capture.py:895: in pytest_runtest_setup
    return (yield)
            ^^^^^
.venv311\Lib\site-packages\_pytest\runner.py:165: in pytest_runtest_setup
    item.session._setupstate.setup(item)
.venv311\Lib\site-packages\_pytest\runner.py:523: in setup
    col.setup()
.venv311\Lib\site-packages\_pytest\python.py:1723: in setup
    self._request._fillfixtures()
.venv311\Lib\site-packages\_pytest\fixtures.py:707: in _fillfixtures
    item.funcargs[argname] = self.getfixturevalue(argname)
                             ^^^^^^^^^^^^^^^^^^^^^^^^^^^^^
.venv311\Lib\site-packages\_pytest\fixtures.py:539: in getfixturevalue
    fixturedef = self._get_active_fixturedef(argname)
                 ^^^^^^^^^^^^^^^^^^^^^^^^^^^^^^^^^^^^
.venv311\Lib\site-packages\_pytest\fixtures.py:627: in _get_active_fixturedef
    fixturedef.execute(request=subrequest)
.venv311\Lib\site-packages\_pytest\fixtures.py:1110: in execute
    result: FixtureValue = ihook.pytest_fixture_setup(
.venv311\Lib\site-packages\pluggy\_hooks.py:512: in __call__
    return self._hookexec(self.name, self._hookimpls.copy(), kwargs, firstresult)
           ^^^^^^^^^^^^^^^^^^^^^^^^^^^^^^^^^^^^^^^^^^^^^^^^^^^^^^^^^^^^^^^^^^^^^^
.venv311\Lib\site-packages\pluggy\_manager.py:120: in _hookexec
    return self._inner_hookexec(hook_name, methods, kwargs, firstresult)
           ^^^^^^^^^^^^^^^^^^^^^^^^^^^^^^^^^^^^^^^^^^^^^^^^^^^^^^^^^^^^^
.venv311\Lib\site-packages\pluggy\_callers.py:53: in run_old_style_hookwrapper
    return result.get_result()
           ^^^^^^^^^^^^^^^^^^^
.venv311\Lib\site-packages\pluggy\_callers.py:38: in run_old_style_hookwrapper
    res = yield
          ^^^^^
.venv311\Lib\site-packages\_pytest\setuponly.py:36: in pytest_fixture_setup
    return (yield)
            ^^^^^
.venv311\Lib\site-packages\_pytest\fixtures.py:1202: in pytest_fixture_setup
    result = call_fixture_func(fixturefunc, request, kwargs)
             ^^^^^^^^^^^^^^^^^^^^^^^^^^^^^^^^^^^^^^^^^^^^^^^
.venv311\Lib\site-packages\_pytest\fixtures.py:908: in call_fixture_func
    fixture_result = next(generator)
                     ^^^^^^^^^^^^^^^
.venv311\Lib\site-packages\_pytest\tmpdir.py:289: in tmp_path
    path = _mk_tmp(request, tmp_path_factory)
           ^^^^^^^^^^^^^^^^^^^^^^^^^^^^^^^^^^
.venv311\Lib\site-packages\_pytest\tmpdir.py:276: in _mk_tmp
    return factory.mktemp(name, numbered=True)
           ^^^^^^^^^^^^^^^^^^^^^^^^^^^^^^^^^^^
.venv311\Lib\site-packages\_pytest\tmpdir.py:131: in mktemp
    basename = self._ensure_relative_to_basetemp(basename)
               ^^^^^^^^^^^^^^^^^^^^^^^^^^^^^^^^^^^^^^^^^^^
.venv311\Lib\site-packages\_pytest\tmpdir.py:112: in _ensure_relative_to_basetemp
    if (self.getbasetemp() / basename).resolve().parent != self.getbasetemp():
        ^^^^^^^^^^^^^^^^^^
.venv311\Lib\site-packages\_pytest\tmpdir.py:208: in getbasetemp
    basetemp = make_numbered_dir_with_cleanup(
.venv311\Lib\site-packages\_pytest\pathlib.py:407: in make_numbered_dir_with_cleanup
    raise e
.venv311\Lib\site-packages\_pytest\pathlib.py:388: in make_numbered_dir_with_cleanup
    p = make_numbered_dir(root, prefix, mode)
        ^^^^^^^^^^^^^^^^^^^^^^^^^^^^^^^^^^^^^
.venv311\Lib\site-packages\_pytest\pathlib.py:229: in make_numbered_dir
    max_existing = max(map(parse_num, find_suffixes(root, prefix)), default=-1)
                   ^^^^^^^^^^^^^^^^^^^^^^^^^^^^^^^^^^^^^^^^^^^^^^^^^^^^^^^^^^^^
.venv311\Lib\site-packages\_pytest\pathlib.py:188: in extract_suffixes
    for entry in iter:
.venv311\Lib\site-packages\_pytest\pathlib.py:176: in find_prefixed
    for x in os.scandir(root):
             ^^^^^^^^^^^^^^^^
E   PermissionError: [WinError 5] アクセスが拒否されました。: 'C:\\Users\\ynobe\\AppData\\Local\\Temp\\pytest-of-ynobe'
_______ ERROR at setup of test_build_budget_report_does_not_call_gemini _______
.venv311\Lib\site-packages\_pytest\runner.py:353: in from_call
    result: TResult | None = func()
                             ^^^^^^
.venv311\Lib\site-packages\_pytest\runner.py:245: in <lambda>
    lambda: runtest_hook(item=item, **kwds),
            ^^^^^^^^^^^^^^^^^^^^^^^^^^^^^^^
.venv311\Lib\site-packages\pluggy\_hooks.py:512: in __call__
    return self._hookexec(self.name, self._hookimpls.copy(), kwargs, firstresult)
           ^^^^^^^^^^^^^^^^^^^^^^^^^^^^^^^^^^^^^^^^^^^^^^^^^^^^^^^^^^^^^^^^^^^^^^
.venv311\Lib\site-packages\pluggy\_manager.py:120: in _hookexec
    return self._inner_hookexec(hook_name, methods, kwargs, firstresult)
           ^^^^^^^^^^^^^^^^^^^^^^^^^^^^^^^^^^^^^^^^^^^^^^^^^^^^^^^^^^^^^
.venv311\Lib\site-packages\_pytest\logging.py:843: in pytest_runtest_setup
    yield
.venv311\Lib\site-packages\_pytest\capture.py:895: in pytest_runtest_setup
    return (yield)
            ^^^^^
.venv311\Lib\site-packages\_pytest\runner.py:165: in pytest_runtest_setup
    item.session._setupstate.setup(item)
.venv311\Lib\site-packages\_pytest\runner.py:523: in setup
    col.setup()
.venv311\Lib\site-packages\_pytest\python.py:1723: in setup
    self._request._fillfixtures()
.venv311\Lib\site-packages\_pytest\fixtures.py:707: in _fillfixtures
    item.funcargs[argname] = self.getfixturevalue(argname)
                             ^^^^^^^^^^^^^^^^^^^^^^^^^^^^^
.venv311\Lib\site-packages\_pytest\fixtures.py:539: in getfixturevalue
    fixturedef = self._get_active_fixturedef(argname)
                 ^^^^^^^^^^^^^^^^^^^^^^^^^^^^^^^^^^^^
.venv311\Lib\site-packages\_pytest\fixtures.py:627: in _get_active_fixturedef
    fixturedef.execute(request=subrequest)
.venv311\Lib\site-packages\_pytest\fixtures.py:1110: in execute
    result: FixtureValue = ihook.pytest_fixture_setup(
.venv311\Lib\site-packages\pluggy\_hooks.py:512: in __call__
    return self._hookexec(self.name, self._hookimpls.copy(), kwargs, firstresult)
           ^^^^^^^^^^^^^^^^^^^^^^^^^^^^^^^^^^^^^^^^^^^^^^^^^^^^^^^^^^^^^^^^^^^^^^
.venv311\Lib\site-packages\pluggy\_manager.py:120: in _hookexec
    return self._inner_hookexec(hook_name, methods, kwargs, firstresult)
           ^^^^^^^^^^^^^^^^^^^^^^^^^^^^^^^^^^^^^^^^^^^^^^^^^^^^^^^^^^^^^
.venv311\Lib\site-packages\pluggy\_callers.py:53: in run_old_style_hookwrapper
    return result.get_result()
           ^^^^^^^^^^^^^^^^^^^
.venv311\Lib\site-packages\pluggy\_callers.py:38: in run_old_style_hookwrapper
    res = yield
          ^^^^^
.venv311\Lib\site-packages\_pytest\setuponly.py:36: in pytest_fixture_setup
    return (yield)
            ^^^^^
.venv311\Lib\site-packages\_pytest\fixtures.py:1202: in pytest_fixture_setup
    result = call_fixture_func(fixturefunc, request, kwargs)
             ^^^^^^^^^^^^^^^^^^^^^^^^^^^^^^^^^^^^^^^^^^^^^^^
.venv311\Lib\site-packages\_pytest\fixtures.py:908: in call_fixture_func
    fixture_result = next(generator)
                     ^^^^^^^^^^^^^^^
.venv311\Lib\site-packages\_pytest\tmpdir.py:289: in tmp_path
    path = _mk_tmp(request, tmp_path_factory)
           ^^^^^^^^^^^^^^^^^^^^^^^^^^^^^^^^^^
.venv311\Lib\site-packages\_pytest\tmpdir.py:276: in _mk_tmp
    return factory.mktemp(name, numbered=True)
           ^^^^^^^^^^^^^^^^^^^^^^^^^^^^^^^^^^^
.venv311\Lib\site-packages\_pytest\tmpdir.py:131: in mktemp
    basename = self._ensure_relative_to_basetemp(basename)
               ^^^^^^^^^^^^^^^^^^^^^^^^^^^^^^^^^^^^^^^^^^^
.venv311\Lib\site-packages\_pytest\tmpdir.py:112: in _ensure_relative_to_basetemp
    if (self.getbasetemp() / basename).resolve().parent != self.getbasetemp():
        ^^^^^^^^^^^^^^^^^^
.venv311\Lib\site-packages\_pytest\tmpdir.py:208: in getbasetemp
    basetemp = make_numbered_dir_with_cleanup(
.venv311\Lib\site-packages\_pytest\pathlib.py:407: in make_numbered_dir_with_cleanup
    raise e
.venv311\Lib\site-packages\_pytest\pathlib.py:388: in make_numbered_dir_with_cleanup
    p = make_numbered_dir(root, prefix, mode)
        ^^^^^^^^^^^^^^^^^^^^^^^^^^^^^^^^^^^^^
.venv311\Lib\site-packages\_pytest\pathlib.py:229: in make_numbered_dir
    max_existing = max(map(parse_num, find_suffixes(root, prefix)), default=-1)
                   ^^^^^^^^^^^^^^^^^^^^^^^^^^^^^^^^^^^^^^^^^^^^^^^^^^^^^^^^^^^^
.venv311\Lib\site-packages\_pytest\pathlib.py:188: in extract_suffixes
    for entry in iter:
.venv311\Lib\site-packages\_pytest\pathlib.py:176: in find_prefixed
    for x in os.scandir(root):
             ^^^^^^^^^^^^^^^^
E   PermissionError: [WinError 5] アクセスが拒否されました。: 'C:\\Users\\ynobe\\AppData\\Local\\Temp\\pytest-of-ynobe'
___ ERROR at setup of test_run_smoke_uses_guarded_service_with_echo_client ____
.venv311\Lib\site-packages\_pytest\runner.py:353: in from_call
    result: TResult | None = func()
                             ^^^^^^
.venv311\Lib\site-packages\_pytest\runner.py:245: in <lambda>
    lambda: runtest_hook(item=item, **kwds),
            ^^^^^^^^^^^^^^^^^^^^^^^^^^^^^^^
.venv311\Lib\site-packages\pluggy\_hooks.py:512: in __call__
    return self._hookexec(self.name, self._hookimpls.copy(), kwargs, firstresult)
           ^^^^^^^^^^^^^^^^^^^^^^^^^^^^^^^^^^^^^^^^^^^^^^^^^^^^^^^^^^^^^^^^^^^^^^
.venv311\Lib\site-packages\pluggy\_manager.py:120: in _hookexec
    return self._inner_hookexec(hook_name, methods, kwargs, firstresult)
           ^^^^^^^^^^^^^^^^^^^^^^^^^^^^^^^^^^^^^^^^^^^^^^^^^^^^^^^^^^^^^
.venv311\Lib\site-packages\_pytest\logging.py:843: in pytest_runtest_setup
    yield
.venv311\Lib\site-packages\_pytest\capture.py:895: in pytest_runtest_setup
    return (yield)
            ^^^^^
.venv311\Lib\site-packages\_pytest\runner.py:165: in pytest_runtest_setup
    item.session._setupstate.setup(item)
.venv311\Lib\site-packages\_pytest\runner.py:523: in setup
    col.setup()
.venv311\Lib\site-packages\_pytest\python.py:1723: in setup
    self._request._fillfixtures()
.venv311\Lib\site-packages\_pytest\fixtures.py:707: in _fillfixtures
    item.funcargs[argname] = self.getfixturevalue(argname)
                             ^^^^^^^^^^^^^^^^^^^^^^^^^^^^^
.venv311\Lib\site-packages\_pytest\fixtures.py:539: in getfixturevalue
    fixturedef = self._get_active_fixturedef(argname)
                 ^^^^^^^^^^^^^^^^^^^^^^^^^^^^^^^^^^^^
.venv311\Lib\site-packages\_pytest\fixtures.py:627: in _get_active_fixturedef
    fixturedef.execute(request=subrequest)
.venv311\Lib\site-packages\_pytest\fixtures.py:1110: in execute
    result: FixtureValue = ihook.pytest_fixture_setup(
.venv311\Lib\site-packages\pluggy\_hooks.py:512: in __call__
    return self._hookexec(self.name, self._hookimpls.copy(), kwargs, firstresult)
           ^^^^^^^^^^^^^^^^^^^^^^^^^^^^^^^^^^^^^^^^^^^^^^^^^^^^^^^^^^^^^^^^^^^^^^
.venv311\Lib\site-packages\pluggy\_manager.py:120: in _hookexec
    return self._inner_hookexec(hook_name, methods, kwargs, firstresult)
           ^^^^^^^^^^^^^^^^^^^^^^^^^^^^^^^^^^^^^^^^^^^^^^^^^^^^^^^^^^^^^
.venv311\Lib\site-packages\pluggy\_callers.py:53: in run_old_style_hookwrapper
    return result.get_result()
           ^^^^^^^^^^^^^^^^^^^
.venv311\Lib\site-packages\pluggy\_callers.py:38: in run_old_style_hookwrapper
    res = yield
          ^^^^^
.venv311\Lib\site-packages\_pytest\setuponly.py:36: in pytest_fixture_setup
    return (yield)
            ^^^^^
.venv311\Lib\site-packages\_pytest\fixtures.py:1202: in pytest_fixture_setup
    result = call_fixture_func(fixturefunc, request, kwargs)
             ^^^^^^^^^^^^^^^^^^^^^^^^^^^^^^^^^^^^^^^^^^^^^^^
.venv311\Lib\site-packages\_pytest\fixtures.py:908: in call_fixture_func
    fixture_result = next(generator)
                     ^^^^^^^^^^^^^^^
.venv311\Lib\site-packages\_pytest\tmpdir.py:289: in tmp_path
    path = _mk_tmp(request, tmp_path_factory)
           ^^^^^^^^^^^^^^^^^^^^^^^^^^^^^^^^^^
.venv311\Lib\site-packages\_pytest\tmpdir.py:276: in _mk_tmp
    return factory.mktemp(name, numbered=True)
           ^^^^^^^^^^^^^^^^^^^^^^^^^^^^^^^^^^^
.venv311\Lib\site-packages\_pytest\tmpdir.py:131: in mktemp
    basename = self._ensure_relative_to_basetemp(basename)
               ^^^^^^^^^^^^^^^^^^^^^^^^^^^^^^^^^^^^^^^^^^^
.venv311\Lib\site-packages\_pytest\tmpdir.py:112: in _ensure_relative_to_basetemp
    if (self.getbasetemp() / basename).resolve().parent != self.getbasetemp():
        ^^^^^^^^^^^^^^^^^^
.venv311\Lib\site-packages\_pytest\tmpdir.py:208: in getbasetemp
    basetemp = make_numbered_dir_with_cleanup(
.venv311\Lib\site-packages\_pytest\pathlib.py:407: in make_numbered_dir_with_cleanup
    raise e
.venv311\Lib\site-packages\_pytest\pathlib.py:388: in make_numbered_dir_with_cleanup
    p = make_numbered_dir(root, prefix, mode)
        ^^^^^^^^^^^^^^^^^^^^^^^^^^^^^^^^^^^^^
.venv311\Lib\site-packages\_pytest\pathlib.py:229: in make_numbered_dir
    max_existing = max(map(parse_num, find_suffixes(root, prefix)), default=-1)
                   ^^^^^^^^^^^^^^^^^^^^^^^^^^^^^^^^^^^^^^^^^^^^^^^^^^^^^^^^^^^^
.venv311\Lib\site-packages\_pytest\pathlib.py:188: in extract_suffixes
    for entry in iter:
.venv311\Lib\site-packages\_pytest\pathlib.py:176: in find_prefixed
    for x in os.scandir(root):
             ^^^^^^^^^^^^^^^^
E   PermissionError: [WinError 5] アクセスが拒否されました。: 'C:\\Users\\ynobe\\AppData\\Local\\Temp\\pytest-of-ynobe'
____________ ERROR at setup of test_cli_budget_json_outputs_report ____________
.venv311\Lib\site-packages\_pytest\runner.py:353: in from_call
    result: TResult | None = func()
                             ^^^^^^
.venv311\Lib\site-packages\_pytest\runner.py:245: in <lambda>
    lambda: runtest_hook(item=item, **kwds),
            ^^^^^^^^^^^^^^^^^^^^^^^^^^^^^^^
.venv311\Lib\site-packages\pluggy\_hooks.py:512: in __call__
    return self._hookexec(self.name, self._hookimpls.copy(), kwargs, firstresult)
           ^^^^^^^^^^^^^^^^^^^^^^^^^^^^^^^^^^^^^^^^^^^^^^^^^^^^^^^^^^^^^^^^^^^^^^
.venv311\Lib\site-packages\pluggy\_manager.py:120: in _hookexec
    return self._inner_hookexec(hook_name, methods, kwargs, firstresult)
           ^^^^^^^^^^^^^^^^^^^^^^^^^^^^^^^^^^^^^^^^^^^^^^^^^^^^^^^^^^^^^
.venv311\Lib\site-packages\_pytest\logging.py:843: in pytest_runtest_setup
    yield
.venv311\Lib\site-packages\_pytest\capture.py:895: in pytest_runtest_setup
    return (yield)
            ^^^^^
.venv311\Lib\site-packages\_pytest\runner.py:165: in pytest_runtest_setup
    item.session._setupstate.setup(item)
.venv311\Lib\site-packages\_pytest\runner.py:523: in setup
    col.setup()
.venv311\Lib\site-packages\_pytest\python.py:1723: in setup
    self._request._fillfixtures()
.venv311\Lib\site-packages\_pytest\fixtures.py:707: in _fillfixtures
    item.funcargs[argname] = self.getfixturevalue(argname)
                             ^^^^^^^^^^^^^^^^^^^^^^^^^^^^^
.venv311\Lib\site-packages\_pytest\fixtures.py:539: in getfixturevalue
    fixturedef = self._get_active_fixturedef(argname)
                 ^^^^^^^^^^^^^^^^^^^^^^^^^^^^^^^^^^^^
.venv311\Lib\site-packages\_pytest\fixtures.py:627: in _get_active_fixturedef
    fixturedef.execute(request=subrequest)
.venv311\Lib\site-packages\_pytest\fixtures.py:1110: in execute
    result: FixtureValue = ihook.pytest_fixture_setup(
.venv311\Lib\site-packages\pluggy\_hooks.py:512: in __call__
    return self._hookexec(self.name, self._hookimpls.copy(), kwargs, firstresult)
           ^^^^^^^^^^^^^^^^^^^^^^^^^^^^^^^^^^^^^^^^^^^^^^^^^^^^^^^^^^^^^^^^^^^^^^
.venv311\Lib\site-packages\pluggy\_manager.py:120: in _hookexec
    return self._inner_hookexec(hook_name, methods, kwargs, firstresult)
           ^^^^^^^^^^^^^^^^^^^^^^^^^^^^^^^^^^^^^^^^^^^^^^^^^^^^^^^^^^^^^
.venv311\Lib\site-packages\pluggy\_callers.py:53: in run_old_style_hookwrapper
    return result.get_result()
           ^^^^^^^^^^^^^^^^^^^
.venv311\Lib\site-packages\pluggy\_callers.py:38: in run_old_style_hookwrapper
    res = yield
          ^^^^^
.venv311\Lib\site-packages\_pytest\setuponly.py:36: in pytest_fixture_setup
    return (yield)
            ^^^^^
.venv311\Lib\site-packages\_pytest\fixtures.py:1202: in pytest_fixture_setup
    result = call_fixture_func(fixturefunc, request, kwargs)
             ^^^^^^^^^^^^^^^^^^^^^^^^^^^^^^^^^^^^^^^^^^^^^^^
.venv311\Lib\site-packages\_pytest\fixtures.py:908: in call_fixture_func
    fixture_result = next(generator)
                     ^^^^^^^^^^^^^^^
.venv311\Lib\site-packages\_pytest\tmpdir.py:289: in tmp_path
    path = _mk_tmp(request, tmp_path_factory)
           ^^^^^^^^^^^^^^^^^^^^^^^^^^^^^^^^^^
.venv311\Lib\site-packages\_pytest\tmpdir.py:276: in _mk_tmp
    return factory.mktemp(name, numbered=True)
           ^^^^^^^^^^^^^^^^^^^^^^^^^^^^^^^^^^^
.venv311\Lib\site-packages\_pytest\tmpdir.py:131: in mktemp
    basename = self._ensure_relative_to_basetemp(basename)
               ^^^^^^^^^^^^^^^^^^^^^^^^^^^^^^^^^^^^^^^^^^^
.venv311\Lib\site-packages\_pytest\tmpdir.py:112: in _ensure_relative_to_basetemp
    if (self.getbasetemp() / basename).resolve().parent != self.getbasetemp():
        ^^^^^^^^^^^^^^^^^^
.venv311\Lib\site-packages\_pytest\tmpdir.py:208: in getbasetemp
    basetemp = make_numbered_dir_with_cleanup(
.venv311\Lib\site-packages\_pytest\pathlib.py:407: in make_numbered_dir_with_cleanup
    raise e
.venv311\Lib\site-packages\_pytest\pathlib.py:388: in make_numbered_dir_with_cleanup
    p = make_numbered_dir(root, prefix, mode)
        ^^^^^^^^^^^^^^^^^^^^^^^^^^^^^^^^^^^^^
.venv311\Lib\site-packages\_pytest\pathlib.py:229: in make_numbered_dir
    max_existing = max(map(parse_num, find_suffixes(root, prefix)), default=-1)
                   ^^^^^^^^^^^^^^^^^^^^^^^^^^^^^^^^^^^^^^^^^^^^^^^^^^^^^^^^^^^^
.venv311\Lib\site-packages\_pytest\pathlib.py:188: in extract_suffixes
    for entry in iter:
.venv311\Lib\site-packages\_pytest\pathlib.py:176: in find_prefixed
    for x in os.scandir(root):
             ^^^^^^^^^^^^^^^^
E   PermissionError: [WinError 5] アクセスが拒否されました。: 'C:\\Users\\ynobe\\AppData\\Local\\Temp\\pytest-of-ynobe'
_________ ERROR at setup of test_cli_edinet_extract_outputs_rag_text __________
.venv311\Lib\site-packages\_pytest\runner.py:353: in from_call
    result: TResult | None = func()
                             ^^^^^^
.venv311\Lib\site-packages\_pytest\runner.py:245: in <lambda>
    lambda: runtest_hook(item=item, **kwds),
            ^^^^^^^^^^^^^^^^^^^^^^^^^^^^^^^
.venv311\Lib\site-packages\pluggy\_hooks.py:512: in __call__
    return self._hookexec(self.name, self._hookimpls.copy(), kwargs, firstresult)
           ^^^^^^^^^^^^^^^^^^^^^^^^^^^^^^^^^^^^^^^^^^^^^^^^^^^^^^^^^^^^^^^^^^^^^^
.venv311\Lib\site-packages\pluggy\_manager.py:120: in _hookexec
    return self._inner_hookexec(hook_name, methods, kwargs, firstresult)
           ^^^^^^^^^^^^^^^^^^^^^^^^^^^^^^^^^^^^^^^^^^^^^^^^^^^^^^^^^^^^^
.venv311\Lib\site-packages\_pytest\logging.py:843: in pytest_runtest_setup
    yield
.venv311\Lib\site-packages\_pytest\capture.py:895: in pytest_runtest_setup
    return (yield)
            ^^^^^
.venv311\Lib\site-packages\_pytest\runner.py:165: in pytest_runtest_setup
    item.session._setupstate.setup(item)
.venv311\Lib\site-packages\_pytest\runner.py:523: in setup
    col.setup()
.venv311\Lib\site-packages\_pytest\python.py:1723: in setup
    self._request._fillfixtures()
.venv311\Lib\site-packages\_pytest\fixtures.py:707: in _fillfixtures
    item.funcargs[argname] = self.getfixturevalue(argname)
                             ^^^^^^^^^^^^^^^^^^^^^^^^^^^^^
.venv311\Lib\site-packages\_pytest\fixtures.py:539: in getfixturevalue
    fixturedef = self._get_active_fixturedef(argname)
                 ^^^^^^^^^^^^^^^^^^^^^^^^^^^^^^^^^^^^
.venv311\Lib\site-packages\_pytest\fixtures.py:627: in _get_active_fixturedef
    fixturedef.execute(request=subrequest)
.venv311\Lib\site-packages\_pytest\fixtures.py:1110: in execute
    result: FixtureValue = ihook.pytest_fixture_setup(
.venv311\Lib\site-packages\pluggy\_hooks.py:512: in __call__
    return self._hookexec(self.name, self._hookimpls.copy(), kwargs, firstresult)
           ^^^^^^^^^^^^^^^^^^^^^^^^^^^^^^^^^^^^^^^^^^^^^^^^^^^^^^^^^^^^^^^^^^^^^^
.venv311\Lib\site-packages\pluggy\_manager.py:120: in _hookexec
    return self._inner_hookexec(hook_name, methods, kwargs, firstresult)
           ^^^^^^^^^^^^^^^^^^^^^^^^^^^^^^^^^^^^^^^^^^^^^^^^^^^^^^^^^^^^^
.venv311\Lib\site-packages\pluggy\_callers.py:53: in run_old_style_hookwrapper
    return result.get_result()
           ^^^^^^^^^^^^^^^^^^^
.venv311\Lib\site-packages\pluggy\_callers.py:38: in run_old_style_hookwrapper
    res = yield
          ^^^^^
.venv311\Lib\site-packages\_pytest\setuponly.py:36: in pytest_fixture_setup
    return (yield)
            ^^^^^
.venv311\Lib\site-packages\_pytest\fixtures.py:1202: in pytest_fixture_setup
    result = call_fixture_func(fixturefunc, request, kwargs)
             ^^^^^^^^^^^^^^^^^^^^^^^^^^^^^^^^^^^^^^^^^^^^^^^
.venv311\Lib\site-packages\_pytest\fixtures.py:908: in call_fixture_func
    fixture_result = next(generator)
                     ^^^^^^^^^^^^^^^
.venv311\Lib\site-packages\_pytest\tmpdir.py:289: in tmp_path
    path = _mk_tmp(request, tmp_path_factory)
           ^^^^^^^^^^^^^^^^^^^^^^^^^^^^^^^^^^
.venv311\Lib\site-packages\_pytest\tmpdir.py:276: in _mk_tmp
    return factory.mktemp(name, numbered=True)
           ^^^^^^^^^^^^^^^^^^^^^^^^^^^^^^^^^^^
.venv311\Lib\site-packages\_pytest\tmpdir.py:131: in mktemp
    basename = self._ensure_relative_to_basetemp(basename)
               ^^^^^^^^^^^^^^^^^^^^^^^^^^^^^^^^^^^^^^^^^^^
.venv311\Lib\site-packages\_pytest\tmpdir.py:112: in _ensure_relative_to_basetemp
    if (self.getbasetemp() / basename).resolve().parent != self.getbasetemp():
        ^^^^^^^^^^^^^^^^^^
.venv311\Lib\site-packages\_pytest\tmpdir.py:208: in getbasetemp
    basetemp = make_numbered_dir_with_cleanup(
.venv311\Lib\site-packages\_pytest\pathlib.py:407: in make_numbered_dir_with_cleanup
    raise e
.venv311\Lib\site-packages\_pytest\pathlib.py:388: in make_numbered_dir_with_cleanup
    p = make_numbered_dir(root, prefix, mode)
        ^^^^^^^^^^^^^^^^^^^^^^^^^^^^^^^^^^^^^
.venv311\Lib\site-packages\_pytest\pathlib.py:229: in make_numbered_dir
    max_existing = max(map(parse_num, find_suffixes(root, prefix)), default=-1)
                   ^^^^^^^^^^^^^^^^^^^^^^^^^^^^^^^^^^^^^^^^^^^^^^^^^^^^^^^^^^^^
.venv311\Lib\site-packages\_pytest\pathlib.py:188: in extract_suffixes
    for entry in iter:
.venv311\Lib\site-packages\_pytest\pathlib.py:176: in find_prefixed
    for x in os.scandir(root):
             ^^^^^^^^^^^^^^^^
E   PermissionError: [WinError 5] アクセスが拒否されました。: 'C:\\Users\\ynobe\\AppData\\Local\\Temp\\pytest-of-ynobe'
________________ ERROR at setup of test_cli_smoke_outputs_json ________________
.venv311\Lib\site-packages\_pytest\runner.py:353: in from_call
    result: TResult | None = func()
                             ^^^^^^
.venv311\Lib\site-packages\_pytest\runner.py:245: in <lambda>
    lambda: runtest_hook(item=item, **kwds),
            ^^^^^^^^^^^^^^^^^^^^^^^^^^^^^^^
.venv311\Lib\site-packages\pluggy\_hooks.py:512: in __call__
    return self._hookexec(self.name, self._hookimpls.copy(), kwargs, firstresult)
           ^^^^^^^^^^^^^^^^^^^^^^^^^^^^^^^^^^^^^^^^^^^^^^^^^^^^^^^^^^^^^^^^^^^^^^
.venv311\Lib\site-packages\pluggy\_manager.py:120: in _hookexec
    return self._inner_hookexec(hook_name, methods, kwargs, firstresult)
           ^^^^^^^^^^^^^^^^^^^^^^^^^^^^^^^^^^^^^^^^^^^^^^^^^^^^^^^^^^^^^
.venv311\Lib\site-packages\_pytest\logging.py:843: in pytest_runtest_setup
    yield
.venv311\Lib\site-packages\_pytest\capture.py:895: in pytest_runtest_setup
    return (yield)
            ^^^^^
.venv311\Lib\site-packages\_pytest\runner.py:165: in pytest_runtest_setup
    item.session._setupstate.setup(item)
.venv311\Lib\site-packages\_pytest\runner.py:523: in setup
    col.setup()
.venv311\Lib\site-packages\_pytest\python.py:1723: in setup
    self._request._fillfixtures()
.venv311\Lib\site-packages\_pytest\fixtures.py:707: in _fillfixtures
    item.funcargs[argname] = self.getfixturevalue(argname)
                             ^^^^^^^^^^^^^^^^^^^^^^^^^^^^^
.venv311\Lib\site-packages\_pytest\fixtures.py:539: in getfixturevalue
    fixturedef = self._get_active_fixturedef(argname)
                 ^^^^^^^^^^^^^^^^^^^^^^^^^^^^^^^^^^^^
.venv311\Lib\site-packages\_pytest\fixtures.py:627: in _get_active_fixturedef
    fixturedef.execute(request=subrequest)
.venv311\Lib\site-packages\_pytest\fixtures.py:1110: in execute
    result: FixtureValue = ihook.pytest_fixture_setup(
.venv311\Lib\site-packages\pluggy\_hooks.py:512: in __call__
    return self._hookexec(self.name, self._hookimpls.copy(), kwargs, firstresult)
           ^^^^^^^^^^^^^^^^^^^^^^^^^^^^^^^^^^^^^^^^^^^^^^^^^^^^^^^^^^^^^^^^^^^^^^
.venv311\Lib\site-packages\pluggy\_manager.py:120: in _hookexec
    return self._inner_hookexec(hook_name, methods, kwargs, firstresult)
           ^^^^^^^^^^^^^^^^^^^^^^^^^^^^^^^^^^^^^^^^^^^^^^^^^^^^^^^^^^^^^
.venv311\Lib\site-packages\pluggy\_callers.py:53: in run_old_style_hookwrapper
    return result.get_result()
           ^^^^^^^^^^^^^^^^^^^
.venv311\Lib\site-packages\pluggy\_callers.py:38: in run_old_style_hookwrapper
    res = yield
          ^^^^^
.venv311\Lib\site-packages\_pytest\setuponly.py:36: in pytest_fixture_setup
    return (yield)
            ^^^^^
.venv311\Lib\site-packages\_pytest\fixtures.py:1202: in pytest_fixture_setup
    result = call_fixture_func(fixturefunc, request, kwargs)
             ^^^^^^^^^^^^^^^^^^^^^^^^^^^^^^^^^^^^^^^^^^^^^^^
.venv311\Lib\site-packages\_pytest\fixtures.py:908: in call_fixture_func
    fixture_result = next(generator)
                     ^^^^^^^^^^^^^^^
.venv311\Lib\site-packages\_pytest\tmpdir.py:289: in tmp_path
    path = _mk_tmp(request, tmp_path_factory)
           ^^^^^^^^^^^^^^^^^^^^^^^^^^^^^^^^^^
.venv311\Lib\site-packages\_pytest\tmpdir.py:276: in _mk_tmp
    return factory.mktemp(name, numbered=True)
           ^^^^^^^^^^^^^^^^^^^^^^^^^^^^^^^^^^^
.venv311\Lib\site-packages\_pytest\tmpdir.py:131: in mktemp
    basename = self._ensure_relative_to_basetemp(basename)
               ^^^^^^^^^^^^^^^^^^^^^^^^^^^^^^^^^^^^^^^^^^^
.venv311\Lib\site-packages\_pytest\tmpdir.py:112: in _ensure_relative_to_basetemp
    if (self.getbasetemp() / basename).resolve().parent != self.getbasetemp():
        ^^^^^^^^^^^^^^^^^^
.venv311\Lib\site-packages\_pytest\tmpdir.py:208: in getbasetemp
    basetemp = make_numbered_dir_with_cleanup(
.venv311\Lib\site-packages\_pytest\pathlib.py:407: in make_numbered_dir_with_cleanup
    raise e
.venv311\Lib\site-packages\_pytest\pathlib.py:388: in make_numbered_dir_with_cleanup
    p = make_numbered_dir(root, prefix, mode)
        ^^^^^^^^^^^^^^^^^^^^^^^^^^^^^^^^^^^^^
.venv311\Lib\site-packages\_pytest\pathlib.py:229: in make_numbered_dir
    max_existing = max(map(parse_num, find_suffixes(root, prefix)), default=-1)
                   ^^^^^^^^^^^^^^^^^^^^^^^^^^^^^^^^^^^^^^^^^^^^^^^^^^^^^^^^^^^^
.venv311\Lib\site-packages\_pytest\pathlib.py:188: in extract_suffixes
    for entry in iter:
.venv311\Lib\site-packages\_pytest\pathlib.py:176: in find_prefixed
    for x in os.scandir(root):
             ^^^^^^^^^^^^^^^^
E   PermissionError: [WinError 5] アクセスが拒否されました。: 'C:\\Users\\ynobe\\AppData\\Local\\Temp\\pytest-of-ynobe'
__ ERROR at setup of test_cli_gemini_live_requires_explicit_acknowledgement ___
.venv311\Lib\site-packages\_pytest\runner.py:353: in from_call
    result: TResult | None = func()
                             ^^^^^^
.venv311\Lib\site-packages\_pytest\runner.py:245: in <lambda>
    lambda: runtest_hook(item=item, **kwds),
            ^^^^^^^^^^^^^^^^^^^^^^^^^^^^^^^
.venv311\Lib\site-packages\pluggy\_hooks.py:512: in __call__
    return self._hookexec(self.name, self._hookimpls.copy(), kwargs, firstresult)
           ^^^^^^^^^^^^^^^^^^^^^^^^^^^^^^^^^^^^^^^^^^^^^^^^^^^^^^^^^^^^^^^^^^^^^^
.venv311\Lib\site-packages\pluggy\_manager.py:120: in _hookexec
    return self._inner_hookexec(hook_name, methods, kwargs, firstresult)
           ^^^^^^^^^^^^^^^^^^^^^^^^^^^^^^^^^^^^^^^^^^^^^^^^^^^^^^^^^^^^^
.venv311\Lib\site-packages\_pytest\logging.py:843: in pytest_runtest_setup
    yield
.venv311\Lib\site-packages\_pytest\capture.py:895: in pytest_runtest_setup
    return (yield)
            ^^^^^
.venv311\Lib\site-packages\_pytest\runner.py:165: in pytest_runtest_setup
    item.session._setupstate.setup(item)
.venv311\Lib\site-packages\_pytest\runner.py:523: in setup
    col.setup()
.venv311\Lib\site-packages\_pytest\python.py:1723: in setup
    self._request._fillfixtures()
.venv311\Lib\site-packages\_pytest\fixtures.py:707: in _fillfixtures
    item.funcargs[argname] = self.getfixturevalue(argname)
                             ^^^^^^^^^^^^^^^^^^^^^^^^^^^^^
.venv311\Lib\site-packages\_pytest\fixtures.py:539: in getfixturevalue
    fixturedef = self._get_active_fixturedef(argname)
                 ^^^^^^^^^^^^^^^^^^^^^^^^^^^^^^^^^^^^
.venv311\Lib\site-packages\_pytest\fixtures.py:627: in _get_active_fixturedef
    fixturedef.execute(request=subrequest)
.venv311\Lib\site-packages\_pytest\fixtures.py:1110: in execute
    result: FixtureValue = ihook.pytest_fixture_setup(
.venv311\Lib\site-packages\pluggy\_hooks.py:512: in __call__
    return self._hookexec(self.name, self._hookimpls.copy(), kwargs, firstresult)
           ^^^^^^^^^^^^^^^^^^^^^^^^^^^^^^^^^^^^^^^^^^^^^^^^^^^^^^^^^^^^^^^^^^^^^^
.venv311\Lib\site-packages\pluggy\_manager.py:120: in _hookexec
    return self._inner_hookexec(hook_name, methods, kwargs, firstresult)
           ^^^^^^^^^^^^^^^^^^^^^^^^^^^^^^^^^^^^^^^^^^^^^^^^^^^^^^^^^^^^^
.venv311\Lib\site-packages\pluggy\_callers.py:53: in run_old_style_hookwrapper
    return result.get_result()
           ^^^^^^^^^^^^^^^^^^^
.venv311\Lib\site-packages\pluggy\_callers.py:38: in run_old_style_hookwrapper
    res = yield
          ^^^^^
.venv311\Lib\site-packages\_pytest\setuponly.py:36: in pytest_fixture_setup
    return (yield)
            ^^^^^
.venv311\Lib\site-packages\_pytest\fixtures.py:1202: in pytest_fixture_setup
    result = call_fixture_func(fixturefunc, request, kwargs)
             ^^^^^^^^^^^^^^^^^^^^^^^^^^^^^^^^^^^^^^^^^^^^^^^
.venv311\Lib\site-packages\_pytest\fixtures.py:908: in call_fixture_func
    fixture_result = next(generator)
                     ^^^^^^^^^^^^^^^
.venv311\Lib\site-packages\_pytest\tmpdir.py:289: in tmp_path
    path = _mk_tmp(request, tmp_path_factory)
           ^^^^^^^^^^^^^^^^^^^^^^^^^^^^^^^^^^
.venv311\Lib\site-packages\_pytest\tmpdir.py:276: in _mk_tmp
    return factory.mktemp(name, numbered=True)
           ^^^^^^^^^^^^^^^^^^^^^^^^^^^^^^^^^^^
.venv311\Lib\site-packages\_pytest\tmpdir.py:131: in mktemp
    basename = self._ensure_relative_to_basetemp(basename)
               ^^^^^^^^^^^^^^^^^^^^^^^^^^^^^^^^^^^^^^^^^^^
.venv311\Lib\site-packages\_pytest\tmpdir.py:112: in _ensure_relative_to_basetemp
    if (self.getbasetemp() / basename).resolve().parent != self.getbasetemp():
        ^^^^^^^^^^^^^^^^^^
.venv311\Lib\site-packages\_pytest\tmpdir.py:208: in getbasetemp
    basetemp = make_numbered_dir_with_cleanup(
.venv311\Lib\site-packages\_pytest\pathlib.py:407: in make_numbered_dir_with_cleanup
    raise e
.venv311\Lib\site-packages\_pytest\pathlib.py:388: in make_numbered_dir_with_cleanup
    p = make_numbered_dir(root, prefix, mode)
        ^^^^^^^^^^^^^^^^^^^^^^^^^^^^^^^^^^^^^
.venv311\Lib\site-packages\_pytest\pathlib.py:229: in make_numbered_dir
    max_existing = max(map(parse_num, find_suffixes(root, prefix)), default=-1)
                   ^^^^^^^^^^^^^^^^^^^^^^^^^^^^^^^^^^^^^^^^^^^^^^^^^^^^^^^^^^^^
.venv311\Lib\site-packages\_pytest\pathlib.py:188: in extract_suffixes
    for entry in iter:
.venv311\Lib\site-packages\_pytest\pathlib.py:176: in find_prefixed
    for x in os.scandir(root):
             ^^^^^^^^^^^^^^^^
E   PermissionError: [WinError 5] アクセスが拒否されました。: 'C:\\Users\\ynobe\\AppData\\Local\\Temp\\pytest-of-ynobe'
______ ERROR at setup of test_cli_fetch_url_save_text_passes_output_path ______
.venv311\Lib\site-packages\_pytest\runner.py:353: in from_call
    result: TResult | None = func()
                             ^^^^^^
.venv311\Lib\site-packages\_pytest\runner.py:245: in <lambda>
    lambda: runtest_hook(item=item, **kwds),
            ^^^^^^^^^^^^^^^^^^^^^^^^^^^^^^^
.venv311\Lib\site-packages\pluggy\_hooks.py:512: in __call__
    return self._hookexec(self.name, self._hookimpls.copy(), kwargs, firstresult)
           ^^^^^^^^^^^^^^^^^^^^^^^^^^^^^^^^^^^^^^^^^^^^^^^^^^^^^^^^^^^^^^^^^^^^^^
.venv311\Lib\site-packages\pluggy\_manager.py:120: in _hookexec
    return self._inner_hookexec(hook_name, methods, kwargs, firstresult)
           ^^^^^^^^^^^^^^^^^^^^^^^^^^^^^^^^^^^^^^^^^^^^^^^^^^^^^^^^^^^^^
.venv311\Lib\site-packages\_pytest\logging.py:843: in pytest_runtest_setup
    yield
.venv311\Lib\site-packages\_pytest\capture.py:895: in pytest_runtest_setup
    return (yield)
            ^^^^^
.venv311\Lib\site-packages\_pytest\runner.py:165: in pytest_runtest_setup
    item.session._setupstate.setup(item)
.venv311\Lib\site-packages\_pytest\runner.py:523: in setup
    col.setup()
.venv311\Lib\site-packages\_pytest\python.py:1723: in setup
    self._request._fillfixtures()
.venv311\Lib\site-packages\_pytest\fixtures.py:707: in _fillfixtures
    item.funcargs[argname] = self.getfixturevalue(argname)
                             ^^^^^^^^^^^^^^^^^^^^^^^^^^^^^
.venv311\Lib\site-packages\_pytest\fixtures.py:539: in getfixturevalue
    fixturedef = self._get_active_fixturedef(argname)
                 ^^^^^^^^^^^^^^^^^^^^^^^^^^^^^^^^^^^^
.venv311\Lib\site-packages\_pytest\fixtures.py:627: in _get_active_fixturedef
    fixturedef.execute(request=subrequest)
.venv311\Lib\site-packages\_pytest\fixtures.py:1110: in execute
    result: FixtureValue = ihook.pytest_fixture_setup(
.venv311\Lib\site-packages\pluggy\_hooks.py:512: in __call__
    return self._hookexec(self.name, self._hookimpls.copy(), kwargs, firstresult)
           ^^^^^^^^^^^^^^^^^^^^^^^^^^^^^^^^^^^^^^^^^^^^^^^^^^^^^^^^^^^^^^^^^^^^^^
.venv311\Lib\site-packages\pluggy\_manager.py:120: in _hookexec
    return self._inner_hookexec(hook_name, methods, kwargs, firstresult)
           ^^^^^^^^^^^^^^^^^^^^^^^^^^^^^^^^^^^^^^^^^^^^^^^^^^^^^^^^^^^^^
.venv311\Lib\site-packages\pluggy\_callers.py:53: in run_old_style_hookwrapper
    return result.get_result()
           ^^^^^^^^^^^^^^^^^^^
.venv311\Lib\site-packages\pluggy\_callers.py:38: in run_old_style_hookwrapper
    res = yield
          ^^^^^
.venv311\Lib\site-packages\_pytest\setuponly.py:36: in pytest_fixture_setup
    return (yield)
            ^^^^^
.venv311\Lib\site-packages\_pytest\fixtures.py:1202: in pytest_fixture_setup
    result = call_fixture_func(fixturefunc, request, kwargs)
             ^^^^^^^^^^^^^^^^^^^^^^^^^^^^^^^^^^^^^^^^^^^^^^^
.venv311\Lib\site-packages\_pytest\fixtures.py:908: in call_fixture_func
    fixture_result = next(generator)
                     ^^^^^^^^^^^^^^^
.venv311\Lib\site-packages\_pytest\tmpdir.py:289: in tmp_path
    path = _mk_tmp(request, tmp_path_factory)
           ^^^^^^^^^^^^^^^^^^^^^^^^^^^^^^^^^^
.venv311\Lib\site-packages\_pytest\tmpdir.py:276: in _mk_tmp
    return factory.mktemp(name, numbered=True)
           ^^^^^^^^^^^^^^^^^^^^^^^^^^^^^^^^^^^
.venv311\Lib\site-packages\_pytest\tmpdir.py:131: in mktemp
    basename = self._ensure_relative_to_basetemp(basename)
               ^^^^^^^^^^^^^^^^^^^^^^^^^^^^^^^^^^^^^^^^^^^
.venv311\Lib\site-packages\_pytest\tmpdir.py:112: in _ensure_relative_to_basetemp
    if (self.getbasetemp() / basename).resolve().parent != self.getbasetemp():
        ^^^^^^^^^^^^^^^^^^
.venv311\Lib\site-packages\_pytest\tmpdir.py:208: in getbasetemp
    basetemp = make_numbered_dir_with_cleanup(
.venv311\Lib\site-packages\_pytest\pathlib.py:407: in make_numbered_dir_with_cleanup
    raise e
.venv311\Lib\site-packages\_pytest\pathlib.py:388: in make_numbered_dir_with_cleanup
    p = make_numbered_dir(root, prefix, mode)
        ^^^^^^^^^^^^^^^^^^^^^^^^^^^^^^^^^^^^^
.venv311\Lib\site-packages\_pytest\pathlib.py:229: in make_numbered_dir
    max_existing = max(map(parse_num, find_suffixes(root, prefix)), default=-1)
                   ^^^^^^^^^^^^^^^^^^^^^^^^^^^^^^^^^^^^^^^^^^^^^^^^^^^^^^^^^^^^
.venv311\Lib\site-packages\_pytest\pathlib.py:188: in extract_suffixes
    for entry in iter:
.venv311\Lib\site-packages\_pytest\pathlib.py:176: in find_prefixed
    for x in os.scandir(root):
             ^^^^^^^^^^^^^^^^
E   PermissionError: [WinError 5] アクセスが拒否されました。: 'C:\\Users\\ynobe\\AppData\\Local\\Temp\\pytest-of-ynobe'
__ ERROR at setup of test_cli_fetch_url_extract_text_and_metadata_pass_flags __
.venv311\Lib\site-packages\_pytest\runner.py:353: in from_call
    result: TResult | None = func()
                             ^^^^^^
.venv311\Lib\site-packages\_pytest\runner.py:245: in <lambda>
    lambda: runtest_hook(item=item, **kwds),
            ^^^^^^^^^^^^^^^^^^^^^^^^^^^^^^^
.venv311\Lib\site-packages\pluggy\_hooks.py:512: in __call__
    return self._hookexec(self.name, self._hookimpls.copy(), kwargs, firstresult)
           ^^^^^^^^^^^^^^^^^^^^^^^^^^^^^^^^^^^^^^^^^^^^^^^^^^^^^^^^^^^^^^^^^^^^^^
.venv311\Lib\site-packages\pluggy\_manager.py:120: in _hookexec
    return self._inner_hookexec(hook_name, methods, kwargs, firstresult)
           ^^^^^^^^^^^^^^^^^^^^^^^^^^^^^^^^^^^^^^^^^^^^^^^^^^^^^^^^^^^^^
.venv311\Lib\site-packages\_pytest\logging.py:843: in pytest_runtest_setup
    yield
.venv311\Lib\site-packages\_pytest\capture.py:895: in pytest_runtest_setup
    return (yield)
            ^^^^^
.venv311\Lib\site-packages\_pytest\runner.py:165: in pytest_runtest_setup
    item.session._setupstate.setup(item)
.venv311\Lib\site-packages\_pytest\runner.py:523: in setup
    col.setup()
.venv311\Lib\site-packages\_pytest\python.py:1723: in setup
    self._request._fillfixtures()
.venv311\Lib\site-packages\_pytest\fixtures.py:707: in _fillfixtures
    item.funcargs[argname] = self.getfixturevalue(argname)
                             ^^^^^^^^^^^^^^^^^^^^^^^^^^^^^
.venv311\Lib\site-packages\_pytest\fixtures.py:539: in getfixturevalue
    fixturedef = self._get_active_fixturedef(argname)
                 ^^^^^^^^^^^^^^^^^^^^^^^^^^^^^^^^^^^^
.venv311\Lib\site-packages\_pytest\fixtures.py:627: in _get_active_fixturedef
    fixturedef.execute(request=subrequest)
.venv311\Lib\site-packages\_pytest\fixtures.py:1110: in execute
    result: FixtureValue = ihook.pytest_fixture_setup(
.venv311\Lib\site-packages\pluggy\_hooks.py:512: in __call__
    return self._hookexec(self.name, self._hookimpls.copy(), kwargs, firstresult)
           ^^^^^^^^^^^^^^^^^^^^^^^^^^^^^^^^^^^^^^^^^^^^^^^^^^^^^^^^^^^^^^^^^^^^^^
.venv311\Lib\site-packages\pluggy\_manager.py:120: in _hookexec
    return self._inner_hookexec(hook_name, methods, kwargs, firstresult)
           ^^^^^^^^^^^^^^^^^^^^^^^^^^^^^^^^^^^^^^^^^^^^^^^^^^^^^^^^^^^^^
.venv311\Lib\site-packages\pluggy\_callers.py:53: in run_old_style_hookwrapper
    return result.get_result()
           ^^^^^^^^^^^^^^^^^^^
.venv311\Lib\site-packages\pluggy\_callers.py:38: in run_old_style_hookwrapper
    res = yield
          ^^^^^
.venv311\Lib\site-packages\_pytest\setuponly.py:36: in pytest_fixture_setup
    return (yield)
            ^^^^^
.venv311\Lib\site-packages\_pytest\fixtures.py:1202: in pytest_fixture_setup
    result = call_fixture_func(fixturefunc, request, kwargs)
             ^^^^^^^^^^^^^^^^^^^^^^^^^^^^^^^^^^^^^^^^^^^^^^^
.venv311\Lib\site-packages\_pytest\fixtures.py:908: in call_fixture_func
    fixture_result = next(generator)
                     ^^^^^^^^^^^^^^^
.venv311\Lib\site-packages\_pytest\tmpdir.py:289: in tmp_path
    path = _mk_tmp(request, tmp_path_factory)
           ^^^^^^^^^^^^^^^^^^^^^^^^^^^^^^^^^^
.venv311\Lib\site-packages\_pytest\tmpdir.py:276: in _mk_tmp
    return factory.mktemp(name, numbered=True)
           ^^^^^^^^^^^^^^^^^^^^^^^^^^^^^^^^^^^
.venv311\Lib\site-packages\_pytest\tmpdir.py:131: in mktemp
    basename = self._ensure_relative_to_basetemp(basename)
               ^^^^^^^^^^^^^^^^^^^^^^^^^^^^^^^^^^^^^^^^^^^
.venv311\Lib\site-packages\_pytest\tmpdir.py:112: in _ensure_relative_to_basetemp
    if (self.getbasetemp() / basename).resolve().parent != self.getbasetemp():
        ^^^^^^^^^^^^^^^^^^
.venv311\Lib\site-packages\_pytest\tmpdir.py:208: in getbasetemp
    basetemp = make_numbered_dir_with_cleanup(
.venv311\Lib\site-packages\_pytest\pathlib.py:407: in make_numbered_dir_with_cleanup
    raise e
.venv311\Lib\site-packages\_pytest\pathlib.py:388: in make_numbered_dir_with_cleanup
    p = make_numbered_dir(root, prefix, mode)
        ^^^^^^^^^^^^^^^^^^^^^^^^^^^^^^^^^^^^^
.venv311\Lib\site-packages\_pytest\pathlib.py:229: in make_numbered_dir
    max_existing = max(map(parse_num, find_suffixes(root, prefix)), default=-1)
                   ^^^^^^^^^^^^^^^^^^^^^^^^^^^^^^^^^^^^^^^^^^^^^^^^^^^^^^^^^^^^
.venv311\Lib\site-packages\_pytest\pathlib.py:188: in extract_suffixes
    for entry in iter:
.venv311\Lib\site-packages\_pytest\pathlib.py:176: in find_prefixed
    for x in os.scandir(root):
             ^^^^^^^^^^^^^^^^
E   PermissionError: [WinError 5] アクセスが拒否されました。: 'C:\\Users\\ynobe\\AppData\\Local\\Temp\\pytest-of-ynobe'
___________ ERROR at setup of test_cli_fetch_job_runs_yaml_sources ____________
.venv311\Lib\site-packages\_pytest\runner.py:353: in from_call
    result: TResult | None = func()
                             ^^^^^^
.venv311\Lib\site-packages\_pytest\runner.py:245: in <lambda>
    lambda: runtest_hook(item=item, **kwds),
            ^^^^^^^^^^^^^^^^^^^^^^^^^^^^^^^
.venv311\Lib\site-packages\pluggy\_hooks.py:512: in __call__
    return self._hookexec(self.name, self._hookimpls.copy(), kwargs, firstresult)
           ^^^^^^^^^^^^^^^^^^^^^^^^^^^^^^^^^^^^^^^^^^^^^^^^^^^^^^^^^^^^^^^^^^^^^^
.venv311\Lib\site-packages\pluggy\_manager.py:120: in _hookexec
    return self._inner_hookexec(hook_name, methods, kwargs, firstresult)
           ^^^^^^^^^^^^^^^^^^^^^^^^^^^^^^^^^^^^^^^^^^^^^^^^^^^^^^^^^^^^^
.venv311\Lib\site-packages\_pytest\logging.py:843: in pytest_runtest_setup
    yield
.venv311\Lib\site-packages\_pytest\capture.py:895: in pytest_runtest_setup
    return (yield)
            ^^^^^
.venv311\Lib\site-packages\_pytest\runner.py:165: in pytest_runtest_setup
    item.session._setupstate.setup(item)
.venv311\Lib\site-packages\_pytest\runner.py:523: in setup
    col.setup()
.venv311\Lib\site-packages\_pytest\python.py:1723: in setup
    self._request._fillfixtures()
.venv311\Lib\site-packages\_pytest\fixtures.py:707: in _fillfixtures
    item.funcargs[argname] = self.getfixturevalue(argname)
                             ^^^^^^^^^^^^^^^^^^^^^^^^^^^^^
.venv311\Lib\site-packages\_pytest\fixtures.py:539: in getfixturevalue
    fixturedef = self._get_active_fixturedef(argname)
                 ^^^^^^^^^^^^^^^^^^^^^^^^^^^^^^^^^^^^
.venv311\Lib\site-packages\_pytest\fixtures.py:627: in _get_active_fixturedef
    fixturedef.execute(request=subrequest)
.venv311\Lib\site-packages\_pytest\fixtures.py:1110: in execute
    result: FixtureValue = ihook.pytest_fixture_setup(
.venv311\Lib\site-packages\pluggy\_hooks.py:512: in __call__
    return self._hookexec(self.name, self._hookimpls.copy(), kwargs, firstresult)
           ^^^^^^^^^^^^^^^^^^^^^^^^^^^^^^^^^^^^^^^^^^^^^^^^^^^^^^^^^^^^^^^^^^^^^^
.venv311\Lib\site-packages\pluggy\_manager.py:120: in _hookexec
    return self._inner_hookexec(hook_name, methods, kwargs, firstresult)
           ^^^^^^^^^^^^^^^^^^^^^^^^^^^^^^^^^^^^^^^^^^^^^^^^^^^^^^^^^^^^^
.venv311\Lib\site-packages\pluggy\_callers.py:53: in run_old_style_hookwrapper
    return result.get_result()
           ^^^^^^^^^^^^^^^^^^^
.venv311\Lib\site-packages\pluggy\_callers.py:38: in run_old_style_hookwrapper
    res = yield
          ^^^^^
.venv311\Lib\site-packages\_pytest\setuponly.py:36: in pytest_fixture_setup
    return (yield)
            ^^^^^
.venv311\Lib\site-packages\_pytest\fixtures.py:1202: in pytest_fixture_setup
    result = call_fixture_func(fixturefunc, request, kwargs)
             ^^^^^^^^^^^^^^^^^^^^^^^^^^^^^^^^^^^^^^^^^^^^^^^
.venv311\Lib\site-packages\_pytest\fixtures.py:908: in call_fixture_func
    fixture_result = next(generator)
                     ^^^^^^^^^^^^^^^
.venv311\Lib\site-packages\_pytest\tmpdir.py:289: in tmp_path
    path = _mk_tmp(request, tmp_path_factory)
           ^^^^^^^^^^^^^^^^^^^^^^^^^^^^^^^^^^
.venv311\Lib\site-packages\_pytest\tmpdir.py:276: in _mk_tmp
    return factory.mktemp(name, numbered=True)
           ^^^^^^^^^^^^^^^^^^^^^^^^^^^^^^^^^^^
.venv311\Lib\site-packages\_pytest\tmpdir.py:131: in mktemp
    basename = self._ensure_relative_to_basetemp(basename)
               ^^^^^^^^^^^^^^^^^^^^^^^^^^^^^^^^^^^^^^^^^^^
.venv311\Lib\site-packages\_pytest\tmpdir.py:112: in _ensure_relative_to_basetemp
    if (self.getbasetemp() / basename).resolve().parent != self.getbasetemp():
        ^^^^^^^^^^^^^^^^^^
.venv311\Lib\site-packages\_pytest\tmpdir.py:208: in getbasetemp
    basetemp = make_numbered_dir_with_cleanup(
.venv311\Lib\site-packages\_pytest\pathlib.py:407: in make_numbered_dir_with_cleanup
    raise e
.venv311\Lib\site-packages\_pytest\pathlib.py:388: in make_numbered_dir_with_cleanup
    p = make_numbered_dir(root, prefix, mode)
        ^^^^^^^^^^^^^^^^^^^^^^^^^^^^^^^^^^^^^
.venv311\Lib\site-packages\_pytest\pathlib.py:229: in make_numbered_dir
    max_existing = max(map(parse_num, find_suffixes(root, prefix)), default=-1)
                   ^^^^^^^^^^^^^^^^^^^^^^^^^^^^^^^^^^^^^^^^^^^^^^^^^^^^^^^^^^^^
.venv311\Lib\site-packages\_pytest\pathlib.py:188: in extract_suffixes
    for entry in iter:
.venv311\Lib\site-packages\_pytest\pathlib.py:176: in find_prefixed
    for x in os.scandir(root):
             ^^^^^^^^^^^^^^^^
E   PermissionError: [WinError 5] アクセスが拒否されました。: 'C:\\Users\\ynobe\\AppData\\Local\\Temp\\pytest-of-ynobe'
_________ ERROR at setup of test_cli_fetch_job_dry_run_does_not_save __________
.venv311\Lib\site-packages\_pytest\runner.py:353: in from_call
    result: TResult | None = func()
                             ^^^^^^
.venv311\Lib\site-packages\_pytest\runner.py:245: in <lambda>
    lambda: runtest_hook(item=item, **kwds),
            ^^^^^^^^^^^^^^^^^^^^^^^^^^^^^^^
.venv311\Lib\site-packages\pluggy\_hooks.py:512: in __call__
    return self._hookexec(self.name, self._hookimpls.copy(), kwargs, firstresult)
           ^^^^^^^^^^^^^^^^^^^^^^^^^^^^^^^^^^^^^^^^^^^^^^^^^^^^^^^^^^^^^^^^^^^^^^
.venv311\Lib\site-packages\pluggy\_manager.py:120: in _hookexec
    return self._inner_hookexec(hook_name, methods, kwargs, firstresult)
           ^^^^^^^^^^^^^^^^^^^^^^^^^^^^^^^^^^^^^^^^^^^^^^^^^^^^^^^^^^^^^
.venv311\Lib\site-packages\_pytest\logging.py:843: in pytest_runtest_setup
    yield
.venv311\Lib\site-packages\_pytest\capture.py:895: in pytest_runtest_setup
    return (yield)
            ^^^^^
.venv311\Lib\site-packages\_pytest\runner.py:165: in pytest_runtest_setup
    item.session._setupstate.setup(item)
.venv311\Lib\site-packages\_pytest\runner.py:523: in setup
    col.setup()
.venv311\Lib\site-packages\_pytest\python.py:1723: in setup
    self._request._fillfixtures()
.venv311\Lib\site-packages\_pytest\fixtures.py:707: in _fillfixtures
    item.funcargs[argname] = self.getfixturevalue(argname)
                             ^^^^^^^^^^^^^^^^^^^^^^^^^^^^^
.venv311\Lib\site-packages\_pytest\fixtures.py:539: in getfixturevalue
    fixturedef = self._get_active_fixturedef(argname)
                 ^^^^^^^^^^^^^^^^^^^^^^^^^^^^^^^^^^^^
.venv311\Lib\site-packages\_pytest\fixtures.py:627: in _get_active_fixturedef
    fixturedef.execute(request=subrequest)
.venv311\Lib\site-packages\_pytest\fixtures.py:1110: in execute
    result: FixtureValue = ihook.pytest_fixture_setup(
.venv311\Lib\site-packages\pluggy\_hooks.py:512: in __call__
    return self._hookexec(self.name, self._hookimpls.copy(), kwargs, firstresult)
           ^^^^^^^^^^^^^^^^^^^^^^^^^^^^^^^^^^^^^^^^^^^^^^^^^^^^^^^^^^^^^^^^^^^^^^
.venv311\Lib\site-packages\pluggy\_manager.py:120: in _hookexec
    return self._inner_hookexec(hook_name, methods, kwargs, firstresult)
           ^^^^^^^^^^^^^^^^^^^^^^^^^^^^^^^^^^^^^^^^^^^^^^^^^^^^^^^^^^^^^
.venv311\Lib\site-packages\pluggy\_callers.py:53: in run_old_style_hookwrapper
    return result.get_result()
           ^^^^^^^^^^^^^^^^^^^
.venv311\Lib\site-packages\pluggy\_callers.py:38: in run_old_style_hookwrapper
    res = yield
          ^^^^^
.venv311\Lib\site-packages\_pytest\setuponly.py:36: in pytest_fixture_setup
    return (yield)
            ^^^^^
.venv311\Lib\site-packages\_pytest\fixtures.py:1202: in pytest_fixture_setup
    result = call_fixture_func(fixturefunc, request, kwargs)
             ^^^^^^^^^^^^^^^^^^^^^^^^^^^^^^^^^^^^^^^^^^^^^^^
.venv311\Lib\site-packages\_pytest\fixtures.py:908: in call_fixture_func
    fixture_result = next(generator)
                     ^^^^^^^^^^^^^^^
.venv311\Lib\site-packages\_pytest\tmpdir.py:289: in tmp_path
    path = _mk_tmp(request, tmp_path_factory)
           ^^^^^^^^^^^^^^^^^^^^^^^^^^^^^^^^^^
.venv311\Lib\site-packages\_pytest\tmpdir.py:276: in _mk_tmp
    return factory.mktemp(name, numbered=True)
           ^^^^^^^^^^^^^^^^^^^^^^^^^^^^^^^^^^^
.venv311\Lib\site-packages\_pytest\tmpdir.py:131: in mktemp
    basename = self._ensure_relative_to_basetemp(basename)
               ^^^^^^^^^^^^^^^^^^^^^^^^^^^^^^^^^^^^^^^^^^^
.venv311\Lib\site-packages\_pytest\tmpdir.py:112: in _ensure_relative_to_basetemp
    if (self.getbasetemp() / basename).resolve().parent != self.getbasetemp():
        ^^^^^^^^^^^^^^^^^^
.venv311\Lib\site-packages\_pytest\tmpdir.py:208: in getbasetemp
    basetemp = make_numbered_dir_with_cleanup(
.venv311\Lib\site-packages\_pytest\pathlib.py:407: in make_numbered_dir_with_cleanup
    raise e
.venv311\Lib\site-packages\_pytest\pathlib.py:388: in make_numbered_dir_with_cleanup
    p = make_numbered_dir(root, prefix, mode)
        ^^^^^^^^^^^^^^^^^^^^^^^^^^^^^^^^^^^^^
.venv311\Lib\site-packages\_pytest\pathlib.py:229: in make_numbered_dir
    max_existing = max(map(parse_num, find_suffixes(root, prefix)), default=-1)
                   ^^^^^^^^^^^^^^^^^^^^^^^^^^^^^^^^^^^^^^^^^^^^^^^^^^^^^^^^^^^^
.venv311\Lib\site-packages\_pytest\pathlib.py:188: in extract_suffixes
    for entry in iter:
.venv311\Lib\site-packages\_pytest\pathlib.py:176: in find_prefixed
    for x in os.scandir(root):
             ^^^^^^^^^^^^^^^^
E   PermissionError: [WinError 5] アクセスが拒否されました。: 'C:\\Users\\ynobe\\AppData\\Local\\Temp\\pytest-of-ynobe'
___________ ERROR at setup of test_cli_rag_index_search_and_context ___________
.venv311\Lib\site-packages\_pytest\runner.py:353: in from_call
    result: TResult | None = func()
                             ^^^^^^
.venv311\Lib\site-packages\_pytest\runner.py:245: in <lambda>
    lambda: runtest_hook(item=item, **kwds),
            ^^^^^^^^^^^^^^^^^^^^^^^^^^^^^^^
.venv311\Lib\site-packages\pluggy\_hooks.py:512: in __call__
    return self._hookexec(self.name, self._hookimpls.copy(), kwargs, firstresult)
           ^^^^^^^^^^^^^^^^^^^^^^^^^^^^^^^^^^^^^^^^^^^^^^^^^^^^^^^^^^^^^^^^^^^^^^
.venv311\Lib\site-packages\pluggy\_manager.py:120: in _hookexec
    return self._inner_hookexec(hook_name, methods, kwargs, firstresult)
           ^^^^^^^^^^^^^^^^^^^^^^^^^^^^^^^^^^^^^^^^^^^^^^^^^^^^^^^^^^^^^
.venv311\Lib\site-packages\_pytest\logging.py:843: in pytest_runtest_setup
    yield
.venv311\Lib\site-packages\_pytest\capture.py:895: in pytest_runtest_setup
    return (yield)
            ^^^^^
.venv311\Lib\site-packages\_pytest\runner.py:165: in pytest_runtest_setup
    item.session._setupstate.setup(item)
.venv311\Lib\site-packages\_pytest\runner.py:523: in setup
    col.setup()
.venv311\Lib\site-packages\_pytest\python.py:1723: in setup
    self._request._fillfixtures()
.venv311\Lib\site-packages\_pytest\fixtures.py:707: in _fillfixtures
    item.funcargs[argname] = self.getfixturevalue(argname)
                             ^^^^^^^^^^^^^^^^^^^^^^^^^^^^^
.venv311\Lib\site-packages\_pytest\fixtures.py:539: in getfixturevalue
    fixturedef = self._get_active_fixturedef(argname)
                 ^^^^^^^^^^^^^^^^^^^^^^^^^^^^^^^^^^^^
.venv311\Lib\site-packages\_pytest\fixtures.py:627: in _get_active_fixturedef
    fixturedef.execute(request=subrequest)
.venv311\Lib\site-packages\_pytest\fixtures.py:1110: in execute
    result: FixtureValue = ihook.pytest_fixture_setup(
.venv311\Lib\site-packages\pluggy\_hooks.py:512: in __call__
    return self._hookexec(self.name, self._hookimpls.copy(), kwargs, firstresult)
           ^^^^^^^^^^^^^^^^^^^^^^^^^^^^^^^^^^^^^^^^^^^^^^^^^^^^^^^^^^^^^^^^^^^^^^
.venv311\Lib\site-packages\pluggy\_manager.py:120: in _hookexec
    return self._inner_hookexec(hook_name, methods, kwargs, firstresult)
           ^^^^^^^^^^^^^^^^^^^^^^^^^^^^^^^^^^^^^^^^^^^^^^^^^^^^^^^^^^^^^
.venv311\Lib\site-packages\pluggy\_callers.py:53: in run_old_style_hookwrapper
    return result.get_result()
           ^^^^^^^^^^^^^^^^^^^
.venv311\Lib\site-packages\pluggy\_callers.py:38: in run_old_style_hookwrapper
    res = yield
          ^^^^^
.venv311\Lib\site-packages\_pytest\setuponly.py:36: in pytest_fixture_setup
    return (yield)
            ^^^^^
.venv311\Lib\site-packages\_pytest\fixtures.py:1202: in pytest_fixture_setup
    result = call_fixture_func(fixturefunc, request, kwargs)
             ^^^^^^^^^^^^^^^^^^^^^^^^^^^^^^^^^^^^^^^^^^^^^^^
.venv311\Lib\site-packages\_pytest\fixtures.py:908: in call_fixture_func
    fixture_result = next(generator)
                     ^^^^^^^^^^^^^^^
.venv311\Lib\site-packages\_pytest\tmpdir.py:289: in tmp_path
    path = _mk_tmp(request, tmp_path_factory)
           ^^^^^^^^^^^^^^^^^^^^^^^^^^^^^^^^^^
.venv311\Lib\site-packages\_pytest\tmpdir.py:276: in _mk_tmp
    return factory.mktemp(name, numbered=True)
           ^^^^^^^^^^^^^^^^^^^^^^^^^^^^^^^^^^^
.venv311\Lib\site-packages\_pytest\tmpdir.py:131: in mktemp
    basename = self._ensure_relative_to_basetemp(basename)
               ^^^^^^^^^^^^^^^^^^^^^^^^^^^^^^^^^^^^^^^^^^^
.venv311\Lib\site-packages\_pytest\tmpdir.py:112: in _ensure_relative_to_basetemp
    if (self.getbasetemp() / basename).resolve().parent != self.getbasetemp():
        ^^^^^^^^^^^^^^^^^^
.venv311\Lib\site-packages\_pytest\tmpdir.py:208: in getbasetemp
    basetemp = make_numbered_dir_with_cleanup(
.venv311\Lib\site-packages\_pytest\pathlib.py:407: in make_numbered_dir_with_cleanup
    raise e
.venv311\Lib\site-packages\_pytest\pathlib.py:388: in make_numbered_dir_with_cleanup
    p = make_numbered_dir(root, prefix, mode)
        ^^^^^^^^^^^^^^^^^^^^^^^^^^^^^^^^^^^^^
.venv311\Lib\site-packages\_pytest\pathlib.py:229: in make_numbered_dir
    max_existing = max(map(parse_num, find_suffixes(root, prefix)), default=-1)
                   ^^^^^^^^^^^^^^^^^^^^^^^^^^^^^^^^^^^^^^^^^^^^^^^^^^^^^^^^^^^^
.venv311\Lib\site-packages\_pytest\pathlib.py:188: in extract_suffixes
    for entry in iter:
.venv311\Lib\site-packages\_pytest\pathlib.py:176: in find_prefixed
    for x in os.scandir(root):
             ^^^^^^^^^^^^^^^^
E   PermissionError: [WinError 5] アクセスが拒否されました。: 'C:\\Users\\ynobe\\AppData\\Local\\Temp\\pytest-of-ynobe'
______ ERROR at setup of test_cli_rag_index_dir_indexes_supported_files _______
.venv311\Lib\site-packages\_pytest\runner.py:353: in from_call
    result: TResult | None = func()
                             ^^^^^^
.venv311\Lib\site-packages\_pytest\runner.py:245: in <lambda>
    lambda: runtest_hook(item=item, **kwds),
            ^^^^^^^^^^^^^^^^^^^^^^^^^^^^^^^
.venv311\Lib\site-packages\pluggy\_hooks.py:512: in __call__
    return self._hookexec(self.name, self._hookimpls.copy(), kwargs, firstresult)
           ^^^^^^^^^^^^^^^^^^^^^^^^^^^^^^^^^^^^^^^^^^^^^^^^^^^^^^^^^^^^^^^^^^^^^^
.venv311\Lib\site-packages\pluggy\_manager.py:120: in _hookexec
    return self._inner_hookexec(hook_name, methods, kwargs, firstresult)
           ^^^^^^^^^^^^^^^^^^^^^^^^^^^^^^^^^^^^^^^^^^^^^^^^^^^^^^^^^^^^^
.venv311\Lib\site-packages\_pytest\logging.py:843: in pytest_runtest_setup
    yield
.venv311\Lib\site-packages\_pytest\capture.py:895: in pytest_runtest_setup
    return (yield)
            ^^^^^
.venv311\Lib\site-packages\_pytest\runner.py:165: in pytest_runtest_setup
    item.session._setupstate.setup(item)
.venv311\Lib\site-packages\_pytest\runner.py:523: in setup
    col.setup()
.venv311\Lib\site-packages\_pytest\python.py:1723: in setup
    self._request._fillfixtures()
.venv311\Lib\site-packages\_pytest\fixtures.py:707: in _fillfixtures
    item.funcargs[argname] = self.getfixturevalue(argname)
                             ^^^^^^^^^^^^^^^^^^^^^^^^^^^^^
.venv311\Lib\site-packages\_pytest\fixtures.py:539: in getfixturevalue
    fixturedef = self._get_active_fixturedef(argname)
                 ^^^^^^^^^^^^^^^^^^^^^^^^^^^^^^^^^^^^
.venv311\Lib\site-packages\_pytest\fixtures.py:627: in _get_active_fixturedef
    fixturedef.execute(request=subrequest)
.venv311\Lib\site-packages\_pytest\fixtures.py:1110: in execute
    result: FixtureValue = ihook.pytest_fixture_setup(
.venv311\Lib\site-packages\pluggy\_hooks.py:512: in __call__
    return self._hookexec(self.name, self._hookimpls.copy(), kwargs, firstresult)
           ^^^^^^^^^^^^^^^^^^^^^^^^^^^^^^^^^^^^^^^^^^^^^^^^^^^^^^^^^^^^^^^^^^^^^^
.venv311\Lib\site-packages\pluggy\_manager.py:120: in _hookexec
    return self._inner_hookexec(hook_name, methods, kwargs, firstresult)
           ^^^^^^^^^^^^^^^^^^^^^^^^^^^^^^^^^^^^^^^^^^^^^^^^^^^^^^^^^^^^^
.venv311\Lib\site-packages\pluggy\_callers.py:53: in run_old_style_hookwrapper
    return result.get_result()
           ^^^^^^^^^^^^^^^^^^^
.venv311\Lib\site-packages\pluggy\_callers.py:38: in run_old_style_hookwrapper
    res = yield
          ^^^^^
.venv311\Lib\site-packages\_pytest\setuponly.py:36: in pytest_fixture_setup
    return (yield)
            ^^^^^
.venv311\Lib\site-packages\_pytest\fixtures.py:1202: in pytest_fixture_setup
    result = call_fixture_func(fixturefunc, request, kwargs)
             ^^^^^^^^^^^^^^^^^^^^^^^^^^^^^^^^^^^^^^^^^^^^^^^
.venv311\Lib\site-packages\_pytest\fixtures.py:908: in call_fixture_func
    fixture_result = next(generator)
                     ^^^^^^^^^^^^^^^
.venv311\Lib\site-packages\_pytest\tmpdir.py:289: in tmp_path
    path = _mk_tmp(request, tmp_path_factory)
           ^^^^^^^^^^^^^^^^^^^^^^^^^^^^^^^^^^
.venv311\Lib\site-packages\_pytest\tmpdir.py:276: in _mk_tmp
    return factory.mktemp(name, numbered=True)
           ^^^^^^^^^^^^^^^^^^^^^^^^^^^^^^^^^^^
.venv311\Lib\site-packages\_pytest\tmpdir.py:131: in mktemp
    basename = self._ensure_relative_to_basetemp(basename)
               ^^^^^^^^^^^^^^^^^^^^^^^^^^^^^^^^^^^^^^^^^^^
.venv311\Lib\site-packages\_pytest\tmpdir.py:112: in _ensure_relative_to_basetemp
    if (self.getbasetemp() / basename).resolve().parent != self.getbasetemp():
        ^^^^^^^^^^^^^^^^^^
.venv311\Lib\site-packages\_pytest\tmpdir.py:208: in getbasetemp
    basetemp = make_numbered_dir_with_cleanup(
.venv311\Lib\site-packages\_pytest\pathlib.py:407: in make_numbered_dir_with_cleanup
    raise e
.venv311\Lib\site-packages\_pytest\pathlib.py:388: in make_numbered_dir_with_cleanup
    p = make_numbered_dir(root, prefix, mode)
        ^^^^^^^^^^^^^^^^^^^^^^^^^^^^^^^^^^^^^
.venv311\Lib\site-packages\_pytest\pathlib.py:229: in make_numbered_dir
    max_existing = max(map(parse_num, find_suffixes(root, prefix)), default=-1)
                   ^^^^^^^^^^^^^^^^^^^^^^^^^^^^^^^^^^^^^^^^^^^^^^^^^^^^^^^^^^^^
.venv311\Lib\site-packages\_pytest\pathlib.py:188: in extract_suffixes
    for entry in iter:
.venv311\Lib\site-packages\_pytest\pathlib.py:176: in find_prefixed
    for x in os.scandir(root):
             ^^^^^^^^^^^^^^^^
E   PermissionError: [WinError 5] アクセスが拒否されました。: 'C:\\Users\\ynobe\\AppData\\Local\\Temp\\pytest-of-ynobe'
_______ ERROR at setup of test_cli_scoring_rank_outputs_guarded_report ________
.venv311\Lib\site-packages\_pytest\runner.py:353: in from_call
    result: TResult | None = func()
                             ^^^^^^
.venv311\Lib\site-packages\_pytest\runner.py:245: in <lambda>
    lambda: runtest_hook(item=item, **kwds),
            ^^^^^^^^^^^^^^^^^^^^^^^^^^^^^^^
.venv311\Lib\site-packages\pluggy\_hooks.py:512: in __call__
    return self._hookexec(self.name, self._hookimpls.copy(), kwargs, firstresult)
           ^^^^^^^^^^^^^^^^^^^^^^^^^^^^^^^^^^^^^^^^^^^^^^^^^^^^^^^^^^^^^^^^^^^^^^
.venv311\Lib\site-packages\pluggy\_manager.py:120: in _hookexec
    return self._inner_hookexec(hook_name, methods, kwargs, firstresult)
           ^^^^^^^^^^^^^^^^^^^^^^^^^^^^^^^^^^^^^^^^^^^^^^^^^^^^^^^^^^^^^
.venv311\Lib\site-packages\_pytest\logging.py:843: in pytest_runtest_setup
    yield
.venv311\Lib\site-packages\_pytest\capture.py:895: in pytest_runtest_setup
    return (yield)
            ^^^^^
.venv311\Lib\site-packages\_pytest\runner.py:165: in pytest_runtest_setup
    item.session._setupstate.setup(item)
.venv311\Lib\site-packages\_pytest\runner.py:523: in setup
    col.setup()
.venv311\Lib\site-packages\_pytest\python.py:1723: in setup
    self._request._fillfixtures()
.venv311\Lib\site-packages\_pytest\fixtures.py:707: in _fillfixtures
    item.funcargs[argname] = self.getfixturevalue(argname)
                             ^^^^^^^^^^^^^^^^^^^^^^^^^^^^^
.venv311\Lib\site-packages\_pytest\fixtures.py:539: in getfixturevalue
    fixturedef = self._get_active_fixturedef(argname)
                 ^^^^^^^^^^^^^^^^^^^^^^^^^^^^^^^^^^^^
.venv311\Lib\site-packages\_pytest\fixtures.py:627: in _get_active_fixturedef
    fixturedef.execute(request=subrequest)
.venv311\Lib\site-packages\_pytest\fixtures.py:1110: in execute
    result: FixtureValue = ihook.pytest_fixture_setup(
.venv311\Lib\site-packages\pluggy\_hooks.py:512: in __call__
    return self._hookexec(self.name, self._hookimpls.copy(), kwargs, firstresult)
           ^^^^^^^^^^^^^^^^^^^^^^^^^^^^^^^^^^^^^^^^^^^^^^^^^^^^^^^^^^^^^^^^^^^^^^
.venv311\Lib\site-packages\pluggy\_manager.py:120: in _hookexec
    return self._inner_hookexec(hook_name, methods, kwargs, firstresult)
           ^^^^^^^^^^^^^^^^^^^^^^^^^^^^^^^^^^^^^^^^^^^^^^^^^^^^^^^^^^^^^
.venv311\Lib\site-packages\pluggy\_callers.py:53: in run_old_style_hookwrapper
    return result.get_result()
           ^^^^^^^^^^^^^^^^^^^
.venv311\Lib\site-packages\pluggy\_callers.py:38: in run_old_style_hookwrapper
    res = yield
          ^^^^^
.venv311\Lib\site-packages\_pytest\setuponly.py:36: in pytest_fixture_setup
    return (yield)
            ^^^^^
.venv311\Lib\site-packages\_pytest\fixtures.py:1202: in pytest_fixture_setup
    result = call_fixture_func(fixturefunc, request, kwargs)
             ^^^^^^^^^^^^^^^^^^^^^^^^^^^^^^^^^^^^^^^^^^^^^^^
.venv311\Lib\site-packages\_pytest\fixtures.py:908: in call_fixture_func
    fixture_result = next(generator)
                     ^^^^^^^^^^^^^^^
.venv311\Lib\site-packages\_pytest\tmpdir.py:289: in tmp_path
    path = _mk_tmp(request, tmp_path_factory)
           ^^^^^^^^^^^^^^^^^^^^^^^^^^^^^^^^^^
.venv311\Lib\site-packages\_pytest\tmpdir.py:276: in _mk_tmp
    return factory.mktemp(name, numbered=True)
           ^^^^^^^^^^^^^^^^^^^^^^^^^^^^^^^^^^^
.venv311\Lib\site-packages\_pytest\tmpdir.py:131: in mktemp
    basename = self._ensure_relative_to_basetemp(basename)
               ^^^^^^^^^^^^^^^^^^^^^^^^^^^^^^^^^^^^^^^^^^^
.venv311\Lib\site-packages\_pytest\tmpdir.py:112: in _ensure_relative_to_basetemp
    if (self.getbasetemp() / basename).resolve().parent != self.getbasetemp():
        ^^^^^^^^^^^^^^^^^^
.venv311\Lib\site-packages\_pytest\tmpdir.py:208: in getbasetemp
    basetemp = make_numbered_dir_with_cleanup(
.venv311\Lib\site-packages\_pytest\pathlib.py:407: in make_numbered_dir_with_cleanup
    raise e
.venv311\Lib\site-packages\_pytest\pathlib.py:388: in make_numbered_dir_with_cleanup
    p = make_numbered_dir(root, prefix, mode)
        ^^^^^^^^^^^^^^^^^^^^^^^^^^^^^^^^^^^^^
.venv311\Lib\site-packages\_pytest\pathlib.py:229: in make_numbered_dir
    max_existing = max(map(parse_num, find_suffixes(root, prefix)), default=-1)
                   ^^^^^^^^^^^^^^^^^^^^^^^^^^^^^^^^^^^^^^^^^^^^^^^^^^^^^^^^^^^^
.venv311\Lib\site-packages\_pytest\pathlib.py:188: in extract_suffixes
    for entry in iter:
.venv311\Lib\site-packages\_pytest\pathlib.py:176: in find_prefixed
    for x in os.scandir(root):
             ^^^^^^^^^^^^^^^^
E   PermissionError: [WinError 5] アクセスが拒否されました。: 'C:\\Users\\ynobe\\AppData\\Local\\Temp\\pytest-of-ynobe'
_________ ERROR at setup of test_cli_scoring_rank_writes_output_file __________
.venv311\Lib\site-packages\_pytest\runner.py:353: in from_call
    result: TResult | None = func()
                             ^^^^^^
.venv311\Lib\site-packages\_pytest\runner.py:245: in <lambda>
    lambda: runtest_hook(item=item, **kwds),
            ^^^^^^^^^^^^^^^^^^^^^^^^^^^^^^^
.venv311\Lib\site-packages\pluggy\_hooks.py:512: in __call__
    return self._hookexec(self.name, self._hookimpls.copy(), kwargs, firstresult)
           ^^^^^^^^^^^^^^^^^^^^^^^^^^^^^^^^^^^^^^^^^^^^^^^^^^^^^^^^^^^^^^^^^^^^^^
.venv311\Lib\site-packages\pluggy\_manager.py:120: in _hookexec
    return self._inner_hookexec(hook_name, methods, kwargs, firstresult)
           ^^^^^^^^^^^^^^^^^^^^^^^^^^^^^^^^^^^^^^^^^^^^^^^^^^^^^^^^^^^^^
.venv311\Lib\site-packages\_pytest\logging.py:843: in pytest_runtest_setup
    yield
.venv311\Lib\site-packages\_pytest\capture.py:895: in pytest_runtest_setup
    return (yield)
            ^^^^^
.venv311\Lib\site-packages\_pytest\runner.py:165: in pytest_runtest_setup
    item.session._setupstate.setup(item)
.venv311\Lib\site-packages\_pytest\runner.py:523: in setup
    col.setup()
.venv311\Lib\site-packages\_pytest\python.py:1723: in setup
    self._request._fillfixtures()
.venv311\Lib\site-packages\_pytest\fixtures.py:707: in _fillfixtures
    item.funcargs[argname] = self.getfixturevalue(argname)
                             ^^^^^^^^^^^^^^^^^^^^^^^^^^^^^
.venv311\Lib\site-packages\_pytest\fixtures.py:539: in getfixturevalue
    fixturedef = self._get_active_fixturedef(argname)
                 ^^^^^^^^^^^^^^^^^^^^^^^^^^^^^^^^^^^^
.venv311\Lib\site-packages\_pytest\fixtures.py:627: in _get_active_fixturedef
    fixturedef.execute(request=subrequest)
.venv311\Lib\site-packages\_pytest\fixtures.py:1110: in execute
    result: FixtureValue = ihook.pytest_fixture_setup(
.venv311\Lib\site-packages\pluggy\_hooks.py:512: in __call__
    return self._hookexec(self.name, self._hookimpls.copy(), kwargs, firstresult)
           ^^^^^^^^^^^^^^^^^^^^^^^^^^^^^^^^^^^^^^^^^^^^^^^^^^^^^^^^^^^^^^^^^^^^^^
.venv311\Lib\site-packages\pluggy\_manager.py:120: in _hookexec
    return self._inner_hookexec(hook_name, methods, kwargs, firstresult)
           ^^^^^^^^^^^^^^^^^^^^^^^^^^^^^^^^^^^^^^^^^^^^^^^^^^^^^^^^^^^^^
.venv311\Lib\site-packages\pluggy\_callers.py:53: in run_old_style_hookwrapper
    return result.get_result()
           ^^^^^^^^^^^^^^^^^^^
.venv311\Lib\site-packages\pluggy\_callers.py:38: in run_old_style_hookwrapper
    res = yield
          ^^^^^
.venv311\Lib\site-packages\_pytest\setuponly.py:36: in pytest_fixture_setup
    return (yield)
            ^^^^^
.venv311\Lib\site-packages\_pytest\fixtures.py:1202: in pytest_fixture_setup
    result = call_fixture_func(fixturefunc, request, kwargs)
             ^^^^^^^^^^^^^^^^^^^^^^^^^^^^^^^^^^^^^^^^^^^^^^^
.venv311\Lib\site-packages\_pytest\fixtures.py:908: in call_fixture_func
    fixture_result = next(generator)
                     ^^^^^^^^^^^^^^^
.venv311\Lib\site-packages\_pytest\tmpdir.py:289: in tmp_path
    path = _mk_tmp(request, tmp_path_factory)
           ^^^^^^^^^^^^^^^^^^^^^^^^^^^^^^^^^^
.venv311\Lib\site-packages\_pytest\tmpdir.py:276: in _mk_tmp
    return factory.mktemp(name, numbered=True)
           ^^^^^^^^^^^^^^^^^^^^^^^^^^^^^^^^^^^
.venv311\Lib\site-packages\_pytest\tmpdir.py:131: in mktemp
    basename = self._ensure_relative_to_basetemp(basename)
               ^^^^^^^^^^^^^^^^^^^^^^^^^^^^^^^^^^^^^^^^^^^
.venv311\Lib\site-packages\_pytest\tmpdir.py:112: in _ensure_relative_to_basetemp
    if (self.getbasetemp() / basename).resolve().parent != self.getbasetemp():
        ^^^^^^^^^^^^^^^^^^
.venv311\Lib\site-packages\_pytest\tmpdir.py:208: in getbasetemp
    basetemp = make_numbered_dir_with_cleanup(
.venv311\Lib\site-packages\_pytest\pathlib.py:407: in make_numbered_dir_with_cleanup
    raise e
.venv311\Lib\site-packages\_pytest\pathlib.py:388: in make_numbered_dir_with_cleanup
    p = make_numbered_dir(root, prefix, mode)
        ^^^^^^^^^^^^^^^^^^^^^^^^^^^^^^^^^^^^^
.venv311\Lib\site-packages\_pytest\pathlib.py:229: in make_numbered_dir
    max_existing = max(map(parse_num, find_suffixes(root, prefix)), default=-1)
                   ^^^^^^^^^^^^^^^^^^^^^^^^^^^^^^^^^^^^^^^^^^^^^^^^^^^^^^^^^^^^
.venv311\Lib\site-packages\_pytest\pathlib.py:188: in extract_suffixes
    for entry in iter:
.venv311\Lib\site-packages\_pytest\pathlib.py:176: in find_prefixed
    for x in os.scandir(root):
             ^^^^^^^^^^^^^^^^
E   PermissionError: [WinError 5] アクセスが拒否されました。: 'C:\\Users\\ynobe\\AppData\\Local\\Temp\\pytest-of-ynobe'
___ ERROR at setup of test_cli_scoring_rank_refuses_overwrite_without_flag ____
.venv311\Lib\site-packages\_pytest\runner.py:353: in from_call
    result: TResult | None = func()
                             ^^^^^^
.venv311\Lib\site-packages\_pytest\runner.py:245: in <lambda>
    lambda: runtest_hook(item=item, **kwds),
            ^^^^^^^^^^^^^^^^^^^^^^^^^^^^^^^
.venv311\Lib\site-packages\pluggy\_hooks.py:512: in __call__
    return self._hookexec(self.name, self._hookimpls.copy(), kwargs, firstresult)
           ^^^^^^^^^^^^^^^^^^^^^^^^^^^^^^^^^^^^^^^^^^^^^^^^^^^^^^^^^^^^^^^^^^^^^^
.venv311\Lib\site-packages\pluggy\_manager.py:120: in _hookexec
    return self._inner_hookexec(hook_name, methods, kwargs, firstresult)
           ^^^^^^^^^^^^^^^^^^^^^^^^^^^^^^^^^^^^^^^^^^^^^^^^^^^^^^^^^^^^^
.venv311\Lib\site-packages\_pytest\logging.py:843: in pytest_runtest_setup
    yield
.venv311\Lib\site-packages\_pytest\capture.py:895: in pytest_runtest_setup
    return (yield)
            ^^^^^
.venv311\Lib\site-packages\_pytest\runner.py:165: in pytest_runtest_setup
    item.session._setupstate.setup(item)
.venv311\Lib\site-packages\_pytest\runner.py:523: in setup
    col.setup()
.venv311\Lib\site-packages\_pytest\python.py:1723: in setup
    self._request._fillfixtures()
.venv311\Lib\site-packages\_pytest\fixtures.py:707: in _fillfixtures
    item.funcargs[argname] = self.getfixturevalue(argname)
                             ^^^^^^^^^^^^^^^^^^^^^^^^^^^^^
.venv311\Lib\site-packages\_pytest\fixtures.py:539: in getfixturevalue
    fixturedef = self._get_active_fixturedef(argname)
                 ^^^^^^^^^^^^^^^^^^^^^^^^^^^^^^^^^^^^
.venv311\Lib\site-packages\_pytest\fixtures.py:627: in _get_active_fixturedef
    fixturedef.execute(request=subrequest)
.venv311\Lib\site-packages\_pytest\fixtures.py:1110: in execute
    result: FixtureValue = ihook.pytest_fixture_setup(
.venv311\Lib\site-packages\pluggy\_hooks.py:512: in __call__
    return self._hookexec(self.name, self._hookimpls.copy(), kwargs, firstresult)
           ^^^^^^^^^^^^^^^^^^^^^^^^^^^^^^^^^^^^^^^^^^^^^^^^^^^^^^^^^^^^^^^^^^^^^^
.venv311\Lib\site-packages\pluggy\_manager.py:120: in _hookexec
    return self._inner_hookexec(hook_name, methods, kwargs, firstresult)
           ^^^^^^^^^^^^^^^^^^^^^^^^^^^^^^^^^^^^^^^^^^^^^^^^^^^^^^^^^^^^^
.venv311\Lib\site-packages\pluggy\_callers.py:53: in run_old_style_hookwrapper
    return result.get_result()
           ^^^^^^^^^^^^^^^^^^^
.venv311\Lib\site-packages\pluggy\_callers.py:38: in run_old_style_hookwrapper
    res = yield
          ^^^^^
.venv311\Lib\site-packages\_pytest\setuponly.py:36: in pytest_fixture_setup
    return (yield)
            ^^^^^
.venv311\Lib\site-packages\_pytest\fixtures.py:1202: in pytest_fixture_setup
    result = call_fixture_func(fixturefunc, request, kwargs)
             ^^^^^^^^^^^^^^^^^^^^^^^^^^^^^^^^^^^^^^^^^^^^^^^
.venv311\Lib\site-packages\_pytest\fixtures.py:908: in call_fixture_func
    fixture_result = next(generator)
                     ^^^^^^^^^^^^^^^
.venv311\Lib\site-packages\_pytest\tmpdir.py:289: in tmp_path
    path = _mk_tmp(request, tmp_path_factory)
           ^^^^^^^^^^^^^^^^^^^^^^^^^^^^^^^^^^
.venv311\Lib\site-packages\_pytest\tmpdir.py:276: in _mk_tmp
    return factory.mktemp(name, numbered=True)
           ^^^^^^^^^^^^^^^^^^^^^^^^^^^^^^^^^^^
.venv311\Lib\site-packages\_pytest\tmpdir.py:131: in mktemp
    basename = self._ensure_relative_to_basetemp(basename)
               ^^^^^^^^^^^^^^^^^^^^^^^^^^^^^^^^^^^^^^^^^^^
.venv311\Lib\site-packages\_pytest\tmpdir.py:112: in _ensure_relative_to_basetemp
    if (self.getbasetemp() / basename).resolve().parent != self.getbasetemp():
        ^^^^^^^^^^^^^^^^^^
.venv311\Lib\site-packages\_pytest\tmpdir.py:208: in getbasetemp
    basetemp = make_numbered_dir_with_cleanup(
.venv311\Lib\site-packages\_pytest\pathlib.py:407: in make_numbered_dir_with_cleanup
    raise e
.venv311\Lib\site-packages\_pytest\pathlib.py:388: in make_numbered_dir_with_cleanup
    p = make_numbered_dir(root, prefix, mode)
        ^^^^^^^^^^^^^^^^^^^^^^^^^^^^^^^^^^^^^
.venv311\Lib\site-packages\_pytest\pathlib.py:229: in make_numbered_dir
    max_existing = max(map(parse_num, find_suffixes(root, prefix)), default=-1)
                   ^^^^^^^^^^^^^^^^^^^^^^^^^^^^^^^^^^^^^^^^^^^^^^^^^^^^^^^^^^^^
.venv311\Lib\site-packages\_pytest\pathlib.py:188: in extract_suffixes
    for entry in iter:
.venv311\Lib\site-packages\_pytest\pathlib.py:176: in find_prefixed
    for x in os.scandir(root):
             ^^^^^^^^^^^^^^^^
E   PermissionError: [WinError 5] アクセスが拒否されました。: 'C:\\Users\\ynobe\\AppData\\Local\\Temp\\pytest-of-ynobe'
____________ ERROR at setup of test_cli_scoring_rank_table_format _____________
.venv311\Lib\site-packages\_pytest\runner.py:353: in from_call
    result: TResult | None = func()
                             ^^^^^^
.venv311\Lib\site-packages\_pytest\runner.py:245: in <lambda>
    lambda: runtest_hook(item=item, **kwds),
            ^^^^^^^^^^^^^^^^^^^^^^^^^^^^^^^
.venv311\Lib\site-packages\pluggy\_hooks.py:512: in __call__
    return self._hookexec(self.name, self._hookimpls.copy(), kwargs, firstresult)
           ^^^^^^^^^^^^^^^^^^^^^^^^^^^^^^^^^^^^^^^^^^^^^^^^^^^^^^^^^^^^^^^^^^^^^^
.venv311\Lib\site-packages\pluggy\_manager.py:120: in _hookexec
    return self._inner_hookexec(hook_name, methods, kwargs, firstresult)
           ^^^^^^^^^^^^^^^^^^^^^^^^^^^^^^^^^^^^^^^^^^^^^^^^^^^^^^^^^^^^^
.venv311\Lib\site-packages\_pytest\logging.py:843: in pytest_runtest_setup
    yield
.venv311\Lib\site-packages\_pytest\capture.py:895: in pytest_runtest_setup
    return (yield)
            ^^^^^
.venv311\Lib\site-packages\_pytest\runner.py:165: in pytest_runtest_setup
    item.session._setupstate.setup(item)
.venv311\Lib\site-packages\_pytest\runner.py:523: in setup
    col.setup()
.venv311\Lib\site-packages\_pytest\python.py:1723: in setup
    self._request._fillfixtures()
.venv311\Lib\site-packages\_pytest\fixtures.py:707: in _fillfixtures
    item.funcargs[argname] = self.getfixturevalue(argname)
                             ^^^^^^^^^^^^^^^^^^^^^^^^^^^^^
.venv311\Lib\site-packages\_pytest\fixtures.py:539: in getfixturevalue
    fixturedef = self._get_active_fixturedef(argname)
                 ^^^^^^^^^^^^^^^^^^^^^^^^^^^^^^^^^^^^
.venv311\Lib\site-packages\_pytest\fixtures.py:627: in _get_active_fixturedef
    fixturedef.execute(request=subrequest)
.venv311\Lib\site-packages\_pytest\fixtures.py:1110: in execute
    result: FixtureValue = ihook.pytest_fixture_setup(
.venv311\Lib\site-packages\pluggy\_hooks.py:512: in __call__
    return self._hookexec(self.name, self._hookimpls.copy(), kwargs, firstresult)
           ^^^^^^^^^^^^^^^^^^^^^^^^^^^^^^^^^^^^^^^^^^^^^^^^^^^^^^^^^^^^^^^^^^^^^^
.venv311\Lib\site-packages\pluggy\_manager.py:120: in _hookexec
    return self._inner_hookexec(hook_name, methods, kwargs, firstresult)
           ^^^^^^^^^^^^^^^^^^^^^^^^^^^^^^^^^^^^^^^^^^^^^^^^^^^^^^^^^^^^^
.venv311\Lib\site-packages\pluggy\_callers.py:53: in run_old_style_hookwrapper
    return result.get_result()
           ^^^^^^^^^^^^^^^^^^^
.venv311\Lib\site-packages\pluggy\_callers.py:38: in run_old_style_hookwrapper
    res = yield
          ^^^^^
.venv311\Lib\site-packages\_pytest\setuponly.py:36: in pytest_fixture_setup
    return (yield)
            ^^^^^
.venv311\Lib\site-packages\_pytest\fixtures.py:1202: in pytest_fixture_setup
    result = call_fixture_func(fixturefunc, request, kwargs)
             ^^^^^^^^^^^^^^^^^^^^^^^^^^^^^^^^^^^^^^^^^^^^^^^
.venv311\Lib\site-packages\_pytest\fixtures.py:908: in call_fixture_func
    fixture_result = next(generator)
                     ^^^^^^^^^^^^^^^
.venv311\Lib\site-packages\_pytest\tmpdir.py:289: in tmp_path
    path = _mk_tmp(request, tmp_path_factory)
           ^^^^^^^^^^^^^^^^^^^^^^^^^^^^^^^^^^
.venv311\Lib\site-packages\_pytest\tmpdir.py:276: in _mk_tmp
    return factory.mktemp(name, numbered=True)
           ^^^^^^^^^^^^^^^^^^^^^^^^^^^^^^^^^^^
.venv311\Lib\site-packages\_pytest\tmpdir.py:131: in mktemp
    basename = self._ensure_relative_to_basetemp(basename)
               ^^^^^^^^^^^^^^^^^^^^^^^^^^^^^^^^^^^^^^^^^^^
.venv311\Lib\site-packages\_pytest\tmpdir.py:112: in _ensure_relative_to_basetemp
    if (self.getbasetemp() / basename).resolve().parent != self.getbasetemp():
        ^^^^^^^^^^^^^^^^^^
.venv311\Lib\site-packages\_pytest\tmpdir.py:208: in getbasetemp
    basetemp = make_numbered_dir_with_cleanup(
.venv311\Lib\site-packages\_pytest\pathlib.py:407: in make_numbered_dir_with_cleanup
    raise e
.venv311\Lib\site-packages\_pytest\pathlib.py:388: in make_numbered_dir_with_cleanup
    p = make_numbered_dir(root, prefix, mode)
        ^^^^^^^^^^^^^^^^^^^^^^^^^^^^^^^^^^^^^
.venv311\Lib\site-packages\_pytest\pathlib.py:229: in make_numbered_dir
    max_existing = max(map(parse_num, find_suffixes(root, prefix)), default=-1)
                   ^^^^^^^^^^^^^^^^^^^^^^^^^^^^^^^^^^^^^^^^^^^^^^^^^^^^^^^^^^^^
.venv311\Lib\site-packages\_pytest\pathlib.py:188: in extract_suffixes
    for entry in iter:
.venv311\Lib\site-packages\_pytest\pathlib.py:176: in find_prefixed
    for x in os.scandir(root):
             ^^^^^^^^^^^^^^^^
E   PermissionError: [WinError 5] アクセスが拒否されました。: 'C:\\Users\\ynobe\\AppData\\Local\\Temp\\pytest-of-ynobe'
_______ ERROR at setup of test_cli_scoring_validate_outputs_valid_json ________
.venv311\Lib\site-packages\_pytest\runner.py:353: in from_call
    result: TResult | None = func()
                             ^^^^^^
.venv311\Lib\site-packages\_pytest\runner.py:245: in <lambda>
    lambda: runtest_hook(item=item, **kwds),
            ^^^^^^^^^^^^^^^^^^^^^^^^^^^^^^^
.venv311\Lib\site-packages\pluggy\_hooks.py:512: in __call__
    return self._hookexec(self.name, self._hookimpls.copy(), kwargs, firstresult)
           ^^^^^^^^^^^^^^^^^^^^^^^^^^^^^^^^^^^^^^^^^^^^^^^^^^^^^^^^^^^^^^^^^^^^^^
.venv311\Lib\site-packages\pluggy\_manager.py:120: in _hookexec
    return self._inner_hookexec(hook_name, methods, kwargs, firstresult)
           ^^^^^^^^^^^^^^^^^^^^^^^^^^^^^^^^^^^^^^^^^^^^^^^^^^^^^^^^^^^^^
.venv311\Lib\site-packages\_pytest\logging.py:843: in pytest_runtest_setup
    yield
.venv311\Lib\site-packages\_pytest\capture.py:895: in pytest_runtest_setup
    return (yield)
            ^^^^^
.venv311\Lib\site-packages\_pytest\runner.py:165: in pytest_runtest_setup
    item.session._setupstate.setup(item)
.venv311\Lib\site-packages\_pytest\runner.py:523: in setup
    col.setup()
.venv311\Lib\site-packages\_pytest\python.py:1723: in setup
    self._request._fillfixtures()
.venv311\Lib\site-packages\_pytest\fixtures.py:707: in _fillfixtures
    item.funcargs[argname] = self.getfixturevalue(argname)
                             ^^^^^^^^^^^^^^^^^^^^^^^^^^^^^
.venv311\Lib\site-packages\_pytest\fixtures.py:539: in getfixturevalue
    fixturedef = self._get_active_fixturedef(argname)
                 ^^^^^^^^^^^^^^^^^^^^^^^^^^^^^^^^^^^^
.venv311\Lib\site-packages\_pytest\fixtures.py:627: in _get_active_fixturedef
    fixturedef.execute(request=subrequest)
.venv311\Lib\site-packages\_pytest\fixtures.py:1110: in execute
    result: FixtureValue = ihook.pytest_fixture_setup(
.venv311\Lib\site-packages\pluggy\_hooks.py:512: in __call__
    return self._hookexec(self.name, self._hookimpls.copy(), kwargs, firstresult)
           ^^^^^^^^^^^^^^^^^^^^^^^^^^^^^^^^^^^^^^^^^^^^^^^^^^^^^^^^^^^^^^^^^^^^^^
.venv311\Lib\site-packages\pluggy\_manager.py:120: in _hookexec
    return self._inner_hookexec(hook_name, methods, kwargs, firstresult)
           ^^^^^^^^^^^^^^^^^^^^^^^^^^^^^^^^^^^^^^^^^^^^^^^^^^^^^^^^^^^^^
.venv311\Lib\site-packages\pluggy\_callers.py:53: in run_old_style_hookwrapper
    return result.get_result()
           ^^^^^^^^^^^^^^^^^^^
.venv311\Lib\site-packages\pluggy\_callers.py:38: in run_old_style_hookwrapper
    res = yield
          ^^^^^
.venv311\Lib\site-packages\_pytest\setuponly.py:36: in pytest_fixture_setup
    return (yield)
            ^^^^^
.venv311\Lib\site-packages\_pytest\fixtures.py:1202: in pytest_fixture_setup
    result = call_fixture_func(fixturefunc, request, kwargs)
             ^^^^^^^^^^^^^^^^^^^^^^^^^^^^^^^^^^^^^^^^^^^^^^^
.venv311\Lib\site-packages\_pytest\fixtures.py:908: in call_fixture_func
    fixture_result = next(generator)
                     ^^^^^^^^^^^^^^^
.venv311\Lib\site-packages\_pytest\tmpdir.py:289: in tmp_path
    path = _mk_tmp(request, tmp_path_factory)
           ^^^^^^^^^^^^^^^^^^^^^^^^^^^^^^^^^^
.venv311\Lib\site-packages\_pytest\tmpdir.py:276: in _mk_tmp
    return factory.mktemp(name, numbered=True)
           ^^^^^^^^^^^^^^^^^^^^^^^^^^^^^^^^^^^
.venv311\Lib\site-packages\_pytest\tmpdir.py:131: in mktemp
    basename = self._ensure_relative_to_basetemp(basename)
               ^^^^^^^^^^^^^^^^^^^^^^^^^^^^^^^^^^^^^^^^^^^
.venv311\Lib\site-packages\_pytest\tmpdir.py:112: in _ensure_relative_to_basetemp
    if (self.getbasetemp() / basename).resolve().parent != self.getbasetemp():
        ^^^^^^^^^^^^^^^^^^
.venv311\Lib\site-packages\_pytest\tmpdir.py:208: in getbasetemp
    basetemp = make_numbered_dir_with_cleanup(
.venv311\Lib\site-packages\_pytest\pathlib.py:407: in make_numbered_dir_with_cleanup
    raise e
.venv311\Lib\site-packages\_pytest\pathlib.py:388: in make_numbered_dir_with_cleanup
    p = make_numbered_dir(root, prefix, mode)
        ^^^^^^^^^^^^^^^^^^^^^^^^^^^^^^^^^^^^^
.venv311\Lib\site-packages\_pytest\pathlib.py:229: in make_numbered_dir
    max_existing = max(map(parse_num, find_suffixes(root, prefix)), default=-1)
                   ^^^^^^^^^^^^^^^^^^^^^^^^^^^^^^^^^^^^^^^^^^^^^^^^^^^^^^^^^^^^
.venv311\Lib\site-packages\_pytest\pathlib.py:188: in extract_suffixes
    for entry in iter:
.venv311\Lib\site-packages\_pytest\pathlib.py:176: in find_prefixed
    for x in os.scandir(root):
             ^^^^^^^^^^^^^^^^
E   PermissionError: [WinError 5] アクセスが拒否されました。: 'C:\\Users\\ynobe\\AppData\\Local\\Temp\\pytest-of-ynobe'
_ ERROR at setup of test_cli_scoring_validate_outputs_errors_for_invalid_csv __
.venv311\Lib\site-packages\_pytest\runner.py:353: in from_call
    result: TResult | None = func()
                             ^^^^^^
.venv311\Lib\site-packages\_pytest\runner.py:245: in <lambda>
    lambda: runtest_hook(item=item, **kwds),
            ^^^^^^^^^^^^^^^^^^^^^^^^^^^^^^^
.venv311\Lib\site-packages\pluggy\_hooks.py:512: in __call__
    return self._hookexec(self.name, self._hookimpls.copy(), kwargs, firstresult)
           ^^^^^^^^^^^^^^^^^^^^^^^^^^^^^^^^^^^^^^^^^^^^^^^^^^^^^^^^^^^^^^^^^^^^^^
.venv311\Lib\site-packages\pluggy\_manager.py:120: in _hookexec
    return self._inner_hookexec(hook_name, methods, kwargs, firstresult)
           ^^^^^^^^^^^^^^^^^^^^^^^^^^^^^^^^^^^^^^^^^^^^^^^^^^^^^^^^^^^^^
.venv311\Lib\site-packages\_pytest\logging.py:843: in pytest_runtest_setup
    yield
.venv311\Lib\site-packages\_pytest\capture.py:895: in pytest_runtest_setup
    return (yield)
            ^^^^^
.venv311\Lib\site-packages\_pytest\runner.py:165: in pytest_runtest_setup
    item.session._setupstate.setup(item)
.venv311\Lib\site-packages\_pytest\runner.py:523: in setup
    col.setup()
.venv311\Lib\site-packages\_pytest\python.py:1723: in setup
    self._request._fillfixtures()
.venv311\Lib\site-packages\_pytest\fixtures.py:707: in _fillfixtures
    item.funcargs[argname] = self.getfixturevalue(argname)
                             ^^^^^^^^^^^^^^^^^^^^^^^^^^^^^
.venv311\Lib\site-packages\_pytest\fixtures.py:539: in getfixturevalue
    fixturedef = self._get_active_fixturedef(argname)
                 ^^^^^^^^^^^^^^^^^^^^^^^^^^^^^^^^^^^^
.venv311\Lib\site-packages\_pytest\fixtures.py:627: in _get_active_fixturedef
    fixturedef.execute(request=subrequest)
.venv311\Lib\site-packages\_pytest\fixtures.py:1110: in execute
    result: FixtureValue = ihook.pytest_fixture_setup(
.venv311\Lib\site-packages\pluggy\_hooks.py:512: in __call__
    return self._hookexec(self.name, self._hookimpls.copy(), kwargs, firstresult)
           ^^^^^^^^^^^^^^^^^^^^^^^^^^^^^^^^^^^^^^^^^^^^^^^^^^^^^^^^^^^^^^^^^^^^^^
.venv311\Lib\site-packages\pluggy\_manager.py:120: in _hookexec
    return self._inner_hookexec(hook_name, methods, kwargs, firstresult)
           ^^^^^^^^^^^^^^^^^^^^^^^^^^^^^^^^^^^^^^^^^^^^^^^^^^^^^^^^^^^^^
.venv311\Lib\site-packages\pluggy\_callers.py:53: in run_old_style_hookwrapper
    return result.get_result()
           ^^^^^^^^^^^^^^^^^^^
.venv311\Lib\site-packages\pluggy\_callers.py:38: in run_old_style_hookwrapper
    res = yield
          ^^^^^
.venv311\Lib\site-packages\_pytest\setuponly.py:36: in pytest_fixture_setup
    return (yield)
            ^^^^^
.venv311\Lib\site-packages\_pytest\fixtures.py:1202: in pytest_fixture_setup
    result = call_fixture_func(fixturefunc, request, kwargs)
             ^^^^^^^^^^^^^^^^^^^^^^^^^^^^^^^^^^^^^^^^^^^^^^^
.venv311\Lib\site-packages\_pytest\fixtures.py:908: in call_fixture_func
    fixture_result = next(generator)
                     ^^^^^^^^^^^^^^^
.venv311\Lib\site-packages\_pytest\tmpdir.py:289: in tmp_path
    path = _mk_tmp(request, tmp_path_factory)
           ^^^^^^^^^^^^^^^^^^^^^^^^^^^^^^^^^^
.venv311\Lib\site-packages\_pytest\tmpdir.py:276: in _mk_tmp
    return factory.mktemp(name, numbered=True)
           ^^^^^^^^^^^^^^^^^^^^^^^^^^^^^^^^^^^
.venv311\Lib\site-packages\_pytest\tmpdir.py:131: in mktemp
    basename = self._ensure_relative_to_basetemp(basename)
               ^^^^^^^^^^^^^^^^^^^^^^^^^^^^^^^^^^^^^^^^^^^
.venv311\Lib\site-packages\_pytest\tmpdir.py:112: in _ensure_relative_to_basetemp
    if (self.getbasetemp() / basename).resolve().parent != self.getbasetemp():
        ^^^^^^^^^^^^^^^^^^
.venv311\Lib\site-packages\_pytest\tmpdir.py:208: in getbasetemp
    basetemp = make_numbered_dir_with_cleanup(
.venv311\Lib\site-packages\_pytest\pathlib.py:407: in make_numbered_dir_with_cleanup
    raise e
.venv311\Lib\site-packages\_pytest\pathlib.py:388: in make_numbered_dir_with_cleanup
    p = make_numbered_dir(root, prefix, mode)
        ^^^^^^^^^^^^^^^^^^^^^^^^^^^^^^^^^^^^^
.venv311\Lib\site-packages\_pytest\pathlib.py:229: in make_numbered_dir
    max_existing = max(map(parse_num, find_suffixes(root, prefix)), default=-1)
                   ^^^^^^^^^^^^^^^^^^^^^^^^^^^^^^^^^^^^^^^^^^^^^^^^^^^^^^^^^^^^
.venv311\Lib\site-packages\_pytest\pathlib.py:188: in extract_suffixes
    for entry in iter:
.venv311\Lib\site-packages\_pytest\pathlib.py:176: in find_prefixed
    for x in os.scandir(root):
             ^^^^^^^^^^^^^^^^
E   PermissionError: [WinError 5] アクセスが拒否されました。: 'C:\\Users\\ynobe\\AppData\\Local\\Temp\\pytest-of-ynobe'
________ ERROR at setup of test_cli_rag_search_table_outputs_metadata _________
.venv311\Lib\site-packages\_pytest\runner.py:353: in from_call
    result: TResult | None = func()
                             ^^^^^^
.venv311\Lib\site-packages\_pytest\runner.py:245: in <lambda>
    lambda: runtest_hook(item=item, **kwds),
            ^^^^^^^^^^^^^^^^^^^^^^^^^^^^^^^
.venv311\Lib\site-packages\pluggy\_hooks.py:512: in __call__
    return self._hookexec(self.name, self._hookimpls.copy(), kwargs, firstresult)
           ^^^^^^^^^^^^^^^^^^^^^^^^^^^^^^^^^^^^^^^^^^^^^^^^^^^^^^^^^^^^^^^^^^^^^^
.venv311\Lib\site-packages\pluggy\_manager.py:120: in _hookexec
    return self._inner_hookexec(hook_name, methods, kwargs, firstresult)
           ^^^^^^^^^^^^^^^^^^^^^^^^^^^^^^^^^^^^^^^^^^^^^^^^^^^^^^^^^^^^^
.venv311\Lib\site-packages\_pytest\logging.py:843: in pytest_runtest_setup
    yield
.venv311\Lib\site-packages\_pytest\capture.py:895: in pytest_runtest_setup
    return (yield)
            ^^^^^
.venv311\Lib\site-packages\_pytest\runner.py:165: in pytest_runtest_setup
    item.session._setupstate.setup(item)
.venv311\Lib\site-packages\_pytest\runner.py:523: in setup
    col.setup()
.venv311\Lib\site-packages\_pytest\python.py:1723: in setup
    self._request._fillfixtures()
.venv311\Lib\site-packages\_pytest\fixtures.py:707: in _fillfixtures
    item.funcargs[argname] = self.getfixturevalue(argname)
                             ^^^^^^^^^^^^^^^^^^^^^^^^^^^^^
.venv311\Lib\site-packages\_pytest\fixtures.py:539: in getfixturevalue
    fixturedef = self._get_active_fixturedef(argname)
                 ^^^^^^^^^^^^^^^^^^^^^^^^^^^^^^^^^^^^
.venv311\Lib\site-packages\_pytest\fixtures.py:627: in _get_active_fixturedef
    fixturedef.execute(request=subrequest)
.venv311\Lib\site-packages\_pytest\fixtures.py:1110: in execute
    result: FixtureValue = ihook.pytest_fixture_setup(
.venv311\Lib\site-packages\pluggy\_hooks.py:512: in __call__
    return self._hookexec(self.name, self._hookimpls.copy(), kwargs, firstresult)
           ^^^^^^^^^^^^^^^^^^^^^^^^^^^^^^^^^^^^^^^^^^^^^^^^^^^^^^^^^^^^^^^^^^^^^^
.venv311\Lib\site-packages\pluggy\_manager.py:120: in _hookexec
    return self._inner_hookexec(hook_name, methods, kwargs, firstresult)
           ^^^^^^^^^^^^^^^^^^^^^^^^^^^^^^^^^^^^^^^^^^^^^^^^^^^^^^^^^^^^^
.venv311\Lib\site-packages\pluggy\_callers.py:53: in run_old_style_hookwrapper
    return result.get_result()
           ^^^^^^^^^^^^^^^^^^^
.venv311\Lib\site-packages\pluggy\_callers.py:38: in run_old_style_hookwrapper
    res = yield
          ^^^^^
.venv311\Lib\site-packages\_pytest\setuponly.py:36: in pytest_fixture_setup
    return (yield)
            ^^^^^
.venv311\Lib\site-packages\_pytest\fixtures.py:1202: in pytest_fixture_setup
    result = call_fixture_func(fixturefunc, request, kwargs)
             ^^^^^^^^^^^^^^^^^^^^^^^^^^^^^^^^^^^^^^^^^^^^^^^
.venv311\Lib\site-packages\_pytest\fixtures.py:908: in call_fixture_func
    fixture_result = next(generator)
                     ^^^^^^^^^^^^^^^
.venv311\Lib\site-packages\_pytest\tmpdir.py:289: in tmp_path
    path = _mk_tmp(request, tmp_path_factory)
           ^^^^^^^^^^^^^^^^^^^^^^^^^^^^^^^^^^
.venv311\Lib\site-packages\_pytest\tmpdir.py:276: in _mk_tmp
    return factory.mktemp(name, numbered=True)
           ^^^^^^^^^^^^^^^^^^^^^^^^^^^^^^^^^^^
.venv311\Lib\site-packages\_pytest\tmpdir.py:131: in mktemp
    basename = self._ensure_relative_to_basetemp(basename)
               ^^^^^^^^^^^^^^^^^^^^^^^^^^^^^^^^^^^^^^^^^^^
.venv311\Lib\site-packages\_pytest\tmpdir.py:112: in _ensure_relative_to_basetemp
    if (self.getbasetemp() / basename).resolve().parent != self.getbasetemp():
        ^^^^^^^^^^^^^^^^^^
.venv311\Lib\site-packages\_pytest\tmpdir.py:208: in getbasetemp
    basetemp = make_numbered_dir_with_cleanup(
.venv311\Lib\site-packages\_pytest\pathlib.py:407: in make_numbered_dir_with_cleanup
    raise e
.venv311\Lib\site-packages\_pytest\pathlib.py:388: in make_numbered_dir_with_cleanup
    p = make_numbered_dir(root, prefix, mode)
        ^^^^^^^^^^^^^^^^^^^^^^^^^^^^^^^^^^^^^
.venv311\Lib\site-packages\_pytest\pathlib.py:229: in make_numbered_dir
    max_existing = max(map(parse_num, find_suffixes(root, prefix)), default=-1)
                   ^^^^^^^^^^^^^^^^^^^^^^^^^^^^^^^^^^^^^^^^^^^^^^^^^^^^^^^^^^^^
.venv311\Lib\site-packages\_pytest\pathlib.py:188: in extract_suffixes
    for entry in iter:
.venv311\Lib\site-packages\_pytest\pathlib.py:176: in find_prefixed
    for x in os.scandir(root):
             ^^^^^^^^^^^^^^^^
E   PermissionError: [WinError 5] アクセスが拒否されました。: 'C:\\Users\\ynobe\\AppData\\Local\\Temp\\pytest-of-ynobe'
____ ERROR at setup of test_cli_rag_search_table_columns_customizes_output ____
.venv311\Lib\site-packages\_pytest\runner.py:353: in from_call
    result: TResult | None = func()
                             ^^^^^^
.venv311\Lib\site-packages\_pytest\runner.py:245: in <lambda>
    lambda: runtest_hook(item=item, **kwds),
            ^^^^^^^^^^^^^^^^^^^^^^^^^^^^^^^
.venv311\Lib\site-packages\pluggy\_hooks.py:512: in __call__
    return self._hookexec(self.name, self._hookimpls.copy(), kwargs, firstresult)
           ^^^^^^^^^^^^^^^^^^^^^^^^^^^^^^^^^^^^^^^^^^^^^^^^^^^^^^^^^^^^^^^^^^^^^^
.venv311\Lib\site-packages\pluggy\_manager.py:120: in _hookexec
    return self._inner_hookexec(hook_name, methods, kwargs, firstresult)
           ^^^^^^^^^^^^^^^^^^^^^^^^^^^^^^^^^^^^^^^^^^^^^^^^^^^^^^^^^^^^^
.venv311\Lib\site-packages\_pytest\logging.py:843: in pytest_runtest_setup
    yield
.venv311\Lib\site-packages\_pytest\capture.py:895: in pytest_runtest_setup
    return (yield)
            ^^^^^
.venv311\Lib\site-packages\_pytest\runner.py:165: in pytest_runtest_setup
    item.session._setupstate.setup(item)
.venv311\Lib\site-packages\_pytest\runner.py:523: in setup
    col.setup()
.venv311\Lib\site-packages\_pytest\python.py:1723: in setup
    self._request._fillfixtures()
.venv311\Lib\site-packages\_pytest\fixtures.py:707: in _fillfixtures
    item.funcargs[argname] = self.getfixturevalue(argname)
                             ^^^^^^^^^^^^^^^^^^^^^^^^^^^^^
.venv311\Lib\site-packages\_pytest\fixtures.py:539: in getfixturevalue
    fixturedef = self._get_active_fixturedef(argname)
                 ^^^^^^^^^^^^^^^^^^^^^^^^^^^^^^^^^^^^
.venv311\Lib\site-packages\_pytest\fixtures.py:627: in _get_active_fixturedef
    fixturedef.execute(request=subrequest)
.venv311\Lib\site-packages\_pytest\fixtures.py:1110: in execute
    result: FixtureValue = ihook.pytest_fixture_setup(
.venv311\Lib\site-packages\pluggy\_hooks.py:512: in __call__
    return self._hookexec(self.name, self._hookimpls.copy(), kwargs, firstresult)
           ^^^^^^^^^^^^^^^^^^^^^^^^^^^^^^^^^^^^^^^^^^^^^^^^^^^^^^^^^^^^^^^^^^^^^^
.venv311\Lib\site-packages\pluggy\_manager.py:120: in _hookexec
    return self._inner_hookexec(hook_name, methods, kwargs, firstresult)
           ^^^^^^^^^^^^^^^^^^^^^^^^^^^^^^^^^^^^^^^^^^^^^^^^^^^^^^^^^^^^^
.venv311\Lib\site-packages\pluggy\_callers.py:53: in run_old_style_hookwrapper
    return result.get_result()
           ^^^^^^^^^^^^^^^^^^^
.venv311\Lib\site-packages\pluggy\_callers.py:38: in run_old_style_hookwrapper
    res = yield
          ^^^^^
.venv311\Lib\site-packages\_pytest\setuponly.py:36: in pytest_fixture_setup
    return (yield)
            ^^^^^
.venv311\Lib\site-packages\_pytest\fixtures.py:1202: in pytest_fixture_setup
    result = call_fixture_func(fixturefunc, request, kwargs)
             ^^^^^^^^^^^^^^^^^^^^^^^^^^^^^^^^^^^^^^^^^^^^^^^
.venv311\Lib\site-packages\_pytest\fixtures.py:908: in call_fixture_func
    fixture_result = next(generator)
                     ^^^^^^^^^^^^^^^
.venv311\Lib\site-packages\_pytest\tmpdir.py:289: in tmp_path
    path = _mk_tmp(request, tmp_path_factory)
           ^^^^^^^^^^^^^^^^^^^^^^^^^^^^^^^^^^
.venv311\Lib\site-packages\_pytest\tmpdir.py:276: in _mk_tmp
    return factory.mktemp(name, numbered=True)
           ^^^^^^^^^^^^^^^^^^^^^^^^^^^^^^^^^^^
.venv311\Lib\site-packages\_pytest\tmpdir.py:131: in mktemp
    basename = self._ensure_relative_to_basetemp(basename)
               ^^^^^^^^^^^^^^^^^^^^^^^^^^^^^^^^^^^^^^^^^^^
.venv311\Lib\site-packages\_pytest\tmpdir.py:112: in _ensure_relative_to_basetemp
    if (self.getbasetemp() / basename).resolve().parent != self.getbasetemp():
        ^^^^^^^^^^^^^^^^^^
.venv311\Lib\site-packages\_pytest\tmpdir.py:208: in getbasetemp
    basetemp = make_numbered_dir_with_cleanup(
.venv311\Lib\site-packages\_pytest\pathlib.py:407: in make_numbered_dir_with_cleanup
    raise e
.venv311\Lib\site-packages\_pytest\pathlib.py:388: in make_numbered_dir_with_cleanup
    p = make_numbered_dir(root, prefix, mode)
        ^^^^^^^^^^^^^^^^^^^^^^^^^^^^^^^^^^^^^
.venv311\Lib\site-packages\_pytest\pathlib.py:229: in make_numbered_dir
    max_existing = max(map(parse_num, find_suffixes(root, prefix)), default=-1)
                   ^^^^^^^^^^^^^^^^^^^^^^^^^^^^^^^^^^^^^^^^^^^^^^^^^^^^^^^^^^^^
.venv311\Lib\site-packages\_pytest\pathlib.py:188: in extract_suffixes
    for entry in iter:
.venv311\Lib\site-packages\_pytest\pathlib.py:176: in find_prefixed
    for x in os.scandir(root):
             ^^^^^^^^^^^^^^^^
E   PermissionError: [WinError 5] アクセスが拒否されました。: 'C:\\Users\\ynobe\\AppData\\Local\\Temp\\pytest-of-ynobe'
_ ERROR at setup of test_cli_rag_search_job_uses_query_hint_and_name_fallback _
.venv311\Lib\site-packages\_pytest\runner.py:353: in from_call
    result: TResult | None = func()
                             ^^^^^^
.venv311\Lib\site-packages\_pytest\runner.py:245: in <lambda>
    lambda: runtest_hook(item=item, **kwds),
            ^^^^^^^^^^^^^^^^^^^^^^^^^^^^^^^
.venv311\Lib\site-packages\pluggy\_hooks.py:512: in __call__
    return self._hookexec(self.name, self._hookimpls.copy(), kwargs, firstresult)
           ^^^^^^^^^^^^^^^^^^^^^^^^^^^^^^^^^^^^^^^^^^^^^^^^^^^^^^^^^^^^^^^^^^^^^^
.venv311\Lib\site-packages\pluggy\_manager.py:120: in _hookexec
    return self._inner_hookexec(hook_name, methods, kwargs, firstresult)
           ^^^^^^^^^^^^^^^^^^^^^^^^^^^^^^^^^^^^^^^^^^^^^^^^^^^^^^^^^^^^^
.venv311\Lib\site-packages\_pytest\logging.py:843: in pytest_runtest_setup
    yield
.venv311\Lib\site-packages\_pytest\capture.py:895: in pytest_runtest_setup
    return (yield)
            ^^^^^
.venv311\Lib\site-packages\_pytest\runner.py:165: in pytest_runtest_setup
    item.session._setupstate.setup(item)
.venv311\Lib\site-packages\_pytest\runner.py:523: in setup
    col.setup()
.venv311\Lib\site-packages\_pytest\python.py:1723: in setup
    self._request._fillfixtures()
.venv311\Lib\site-packages\_pytest\fixtures.py:707: in _fillfixtures
    item.funcargs[argname] = self.getfixturevalue(argname)
                             ^^^^^^^^^^^^^^^^^^^^^^^^^^^^^
.venv311\Lib\site-packages\_pytest\fixtures.py:539: in getfixturevalue
    fixturedef = self._get_active_fixturedef(argname)
                 ^^^^^^^^^^^^^^^^^^^^^^^^^^^^^^^^^^^^
.venv311\Lib\site-packages\_pytest\fixtures.py:627: in _get_active_fixturedef
    fixturedef.execute(request=subrequest)
.venv311\Lib\site-packages\_pytest\fixtures.py:1110: in execute
    result: FixtureValue = ihook.pytest_fixture_setup(
.venv311\Lib\site-packages\pluggy\_hooks.py:512: in __call__
    return self._hookexec(self.name, self._hookimpls.copy(), kwargs, firstresult)
           ^^^^^^^^^^^^^^^^^^^^^^^^^^^^^^^^^^^^^^^^^^^^^^^^^^^^^^^^^^^^^^^^^^^^^^
.venv311\Lib\site-packages\pluggy\_manager.py:120: in _hookexec
    return self._inner_hookexec(hook_name, methods, kwargs, firstresult)
           ^^^^^^^^^^^^^^^^^^^^^^^^^^^^^^^^^^^^^^^^^^^^^^^^^^^^^^^^^^^^^
.venv311\Lib\site-packages\pluggy\_callers.py:53: in run_old_style_hookwrapper
    return result.get_result()
           ^^^^^^^^^^^^^^^^^^^
.venv311\Lib\site-packages\pluggy\_callers.py:38: in run_old_style_hookwrapper
    res = yield
          ^^^^^
.venv311\Lib\site-packages\_pytest\setuponly.py:36: in pytest_fixture_setup
    return (yield)
            ^^^^^
.venv311\Lib\site-packages\_pytest\fixtures.py:1202: in pytest_fixture_setup
    result = call_fixture_func(fixturefunc, request, kwargs)
             ^^^^^^^^^^^^^^^^^^^^^^^^^^^^^^^^^^^^^^^^^^^^^^^
.venv311\Lib\site-packages\_pytest\fixtures.py:908: in call_fixture_func
    fixture_result = next(generator)
                     ^^^^^^^^^^^^^^^
.venv311\Lib\site-packages\_pytest\tmpdir.py:289: in tmp_path
    path = _mk_tmp(request, tmp_path_factory)
           ^^^^^^^^^^^^^^^^^^^^^^^^^^^^^^^^^^
.venv311\Lib\site-packages\_pytest\tmpdir.py:276: in _mk_tmp
    return factory.mktemp(name, numbered=True)
           ^^^^^^^^^^^^^^^^^^^^^^^^^^^^^^^^^^^
.venv311\Lib\site-packages\_pytest\tmpdir.py:131: in mktemp
    basename = self._ensure_relative_to_basetemp(basename)
               ^^^^^^^^^^^^^^^^^^^^^^^^^^^^^^^^^^^^^^^^^^^
.venv311\Lib\site-packages\_pytest\tmpdir.py:112: in _ensure_relative_to_basetemp
    if (self.getbasetemp() / basename).resolve().parent != self.getbasetemp():
        ^^^^^^^^^^^^^^^^^^
.venv311\Lib\site-packages\_pytest\tmpdir.py:208: in getbasetemp
    basetemp = make_numbered_dir_with_cleanup(
.venv311\Lib\site-packages\_pytest\pathlib.py:407: in make_numbered_dir_with_cleanup
    raise e
.venv311\Lib\site-packages\_pytest\pathlib.py:388: in make_numbered_dir_with_cleanup
    p = make_numbered_dir(root, prefix, mode)
        ^^^^^^^^^^^^^^^^^^^^^^^^^^^^^^^^^^^^^
.venv311\Lib\site-packages\_pytest\pathlib.py:229: in make_numbered_dir
    max_existing = max(map(parse_num, find_suffixes(root, prefix)), default=-1)
                   ^^^^^^^^^^^^^^^^^^^^^^^^^^^^^^^^^^^^^^^^^^^^^^^^^^^^^^^^^^^^
.venv311\Lib\site-packages\_pytest\pathlib.py:188: in extract_suffixes
    for entry in iter:
.venv311\Lib\site-packages\_pytest\pathlib.py:176: in find_prefixed
    for x in os.scandir(root):
             ^^^^^^^^^^^^^^^^
E   PermissionError: [WinError 5] アクセスが拒否されました。: 'C:\\Users\\ynobe\\AppData\\Local\\Temp\\pytest-of-ynobe'
_ ERROR at setup of test_cli_rag_search_job_table_reuses_search_table_formatter _
.venv311\Lib\site-packages\_pytest\runner.py:353: in from_call
    result: TResult | None = func()
                             ^^^^^^
.venv311\Lib\site-packages\_pytest\runner.py:245: in <lambda>
    lambda: runtest_hook(item=item, **kwds),
            ^^^^^^^^^^^^^^^^^^^^^^^^^^^^^^^
.venv311\Lib\site-packages\pluggy\_hooks.py:512: in __call__
    return self._hookexec(self.name, self._hookimpls.copy(), kwargs, firstresult)
           ^^^^^^^^^^^^^^^^^^^^^^^^^^^^^^^^^^^^^^^^^^^^^^^^^^^^^^^^^^^^^^^^^^^^^^
.venv311\Lib\site-packages\pluggy\_manager.py:120: in _hookexec
    return self._inner_hookexec(hook_name, methods, kwargs, firstresult)
           ^^^^^^^^^^^^^^^^^^^^^^^^^^^^^^^^^^^^^^^^^^^^^^^^^^^^^^^^^^^^^
.venv311\Lib\site-packages\_pytest\logging.py:843: in pytest_runtest_setup
    yield
.venv311\Lib\site-packages\_pytest\capture.py:895: in pytest_runtest_setup
    return (yield)
            ^^^^^
.venv311\Lib\site-packages\_pytest\runner.py:165: in pytest_runtest_setup
    item.session._setupstate.setup(item)
.venv311\Lib\site-packages\_pytest\runner.py:523: in setup
    col.setup()
.venv311\Lib\site-packages\_pytest\python.py:1723: in setup
    self._request._fillfixtures()
.venv311\Lib\site-packages\_pytest\fixtures.py:707: in _fillfixtures
    item.funcargs[argname] = self.getfixturevalue(argname)
                             ^^^^^^^^^^^^^^^^^^^^^^^^^^^^^
.venv311\Lib\site-packages\_pytest\fixtures.py:539: in getfixturevalue
    fixturedef = self._get_active_fixturedef(argname)
                 ^^^^^^^^^^^^^^^^^^^^^^^^^^^^^^^^^^^^
.venv311\Lib\site-packages\_pytest\fixtures.py:627: in _get_active_fixturedef
    fixturedef.execute(request=subrequest)
.venv311\Lib\site-packages\_pytest\fixtures.py:1110: in execute
    result: FixtureValue = ihook.pytest_fixture_setup(
.venv311\Lib\site-packages\pluggy\_hooks.py:512: in __call__
    return self._hookexec(self.name, self._hookimpls.copy(), kwargs, firstresult)
           ^^^^^^^^^^^^^^^^^^^^^^^^^^^^^^^^^^^^^^^^^^^^^^^^^^^^^^^^^^^^^^^^^^^^^^
.venv311\Lib\site-packages\pluggy\_manager.py:120: in _hookexec
    return self._inner_hookexec(hook_name, methods, kwargs, firstresult)
           ^^^^^^^^^^^^^^^^^^^^^^^^^^^^^^^^^^^^^^^^^^^^^^^^^^^^^^^^^^^^^
.venv311\Lib\site-packages\pluggy\_callers.py:53: in run_old_style_hookwrapper
    return result.get_result()
           ^^^^^^^^^^^^^^^^^^^
.venv311\Lib\site-packages\pluggy\_callers.py:38: in run_old_style_hookwrapper
    res = yield
          ^^^^^
.venv311\Lib\site-packages\_pytest\setuponly.py:36: in pytest_fixture_setup
    return (yield)
            ^^^^^
.venv311\Lib\site-packages\_pytest\fixtures.py:1202: in pytest_fixture_setup
    result = call_fixture_func(fixturefunc, request, kwargs)
             ^^^^^^^^^^^^^^^^^^^^^^^^^^^^^^^^^^^^^^^^^^^^^^^
.venv311\Lib\site-packages\_pytest\fixtures.py:908: in call_fixture_func
    fixture_result = next(generator)
                     ^^^^^^^^^^^^^^^
.venv311\Lib\site-packages\_pytest\tmpdir.py:289: in tmp_path
    path = _mk_tmp(request, tmp_path_factory)
           ^^^^^^^^^^^^^^^^^^^^^^^^^^^^^^^^^^
.venv311\Lib\site-packages\_pytest\tmpdir.py:276: in _mk_tmp
    return factory.mktemp(name, numbered=True)
           ^^^^^^^^^^^^^^^^^^^^^^^^^^^^^^^^^^^
.venv311\Lib\site-packages\_pytest\tmpdir.py:131: in mktemp
    basename = self._ensure_relative_to_basetemp(basename)
               ^^^^^^^^^^^^^^^^^^^^^^^^^^^^^^^^^^^^^^^^^^^
.venv311\Lib\site-packages\_pytest\tmpdir.py:112: in _ensure_relative_to_basetemp
    if (self.getbasetemp() / basename).resolve().parent != self.getbasetemp():
        ^^^^^^^^^^^^^^^^^^
.venv311\Lib\site-packages\_pytest\tmpdir.py:208: in getbasetemp
    basetemp = make_numbered_dir_with_cleanup(
.venv311\Lib\site-packages\_pytest\pathlib.py:407: in make_numbered_dir_with_cleanup
    raise e
.venv311\Lib\site-packages\_pytest\pathlib.py:388: in make_numbered_dir_with_cleanup
    p = make_numbered_dir(root, prefix, mode)
        ^^^^^^^^^^^^^^^^^^^^^^^^^^^^^^^^^^^^^
.venv311\Lib\site-packages\_pytest\pathlib.py:229: in make_numbered_dir
    max_existing = max(map(parse_num, find_suffixes(root, prefix)), default=-1)
                   ^^^^^^^^^^^^^^^^^^^^^^^^^^^^^^^^^^^^^^^^^^^^^^^^^^^^^^^^^^^^
.venv311\Lib\site-packages\_pytest\pathlib.py:188: in extract_suffixes
    for entry in iter:
.venv311\Lib\site-packages\_pytest\pathlib.py:176: in find_prefixed
    for x in os.scandir(root):
             ^^^^^^^^^^^^^^^^
E   PermissionError: [WinError 5] アクセスが拒否されました。: 'C:\\Users\\ynobe\\AppData\\Local\\Temp\\pytest-of-ynobe'
_ ERROR at setup of test_cli_rag_search_job_save_report_writes_markdown_table _
.venv311\Lib\site-packages\_pytest\runner.py:353: in from_call
    result: TResult | None = func()
                             ^^^^^^
.venv311\Lib\site-packages\_pytest\runner.py:245: in <lambda>
    lambda: runtest_hook(item=item, **kwds),
            ^^^^^^^^^^^^^^^^^^^^^^^^^^^^^^^
.venv311\Lib\site-packages\pluggy\_hooks.py:512: in __call__
    return self._hookexec(self.name, self._hookimpls.copy(), kwargs, firstresult)
           ^^^^^^^^^^^^^^^^^^^^^^^^^^^^^^^^^^^^^^^^^^^^^^^^^^^^^^^^^^^^^^^^^^^^^^
.venv311\Lib\site-packages\pluggy\_manager.py:120: in _hookexec
    return self._inner_hookexec(hook_name, methods, kwargs, firstresult)
           ^^^^^^^^^^^^^^^^^^^^^^^^^^^^^^^^^^^^^^^^^^^^^^^^^^^^^^^^^^^^^
.venv311\Lib\site-packages\_pytest\logging.py:843: in pytest_runtest_setup
    yield
.venv311\Lib\site-packages\_pytest\capture.py:895: in pytest_runtest_setup
    return (yield)
            ^^^^^
.venv311\Lib\site-packages\_pytest\runner.py:165: in pytest_runtest_setup
    item.session._setupstate.setup(item)
.venv311\Lib\site-packages\_pytest\runner.py:523: in setup
    col.setup()
.venv311\Lib\site-packages\_pytest\python.py:1723: in setup
    self._request._fillfixtures()
.venv311\Lib\site-packages\_pytest\fixtures.py:707: in _fillfixtures
    item.funcargs[argname] = self.getfixturevalue(argname)
                             ^^^^^^^^^^^^^^^^^^^^^^^^^^^^^
.venv311\Lib\site-packages\_pytest\fixtures.py:539: in getfixturevalue
    fixturedef = self._get_active_fixturedef(argname)
                 ^^^^^^^^^^^^^^^^^^^^^^^^^^^^^^^^^^^^
.venv311\Lib\site-packages\_pytest\fixtures.py:627: in _get_active_fixturedef
    fixturedef.execute(request=subrequest)
.venv311\Lib\site-packages\_pytest\fixtures.py:1110: in execute
    result: FixtureValue = ihook.pytest_fixture_setup(
.venv311\Lib\site-packages\pluggy\_hooks.py:512: in __call__
    return self._hookexec(self.name, self._hookimpls.copy(), kwargs, firstresult)
           ^^^^^^^^^^^^^^^^^^^^^^^^^^^^^^^^^^^^^^^^^^^^^^^^^^^^^^^^^^^^^^^^^^^^^^
.venv311\Lib\site-packages\pluggy\_manager.py:120: in _hookexec
    return self._inner_hookexec(hook_name, methods, kwargs, firstresult)
           ^^^^^^^^^^^^^^^^^^^^^^^^^^^^^^^^^^^^^^^^^^^^^^^^^^^^^^^^^^^^^
.venv311\Lib\site-packages\pluggy\_callers.py:53: in run_old_style_hookwrapper
    return result.get_result()
           ^^^^^^^^^^^^^^^^^^^
.venv311\Lib\site-packages\pluggy\_callers.py:38: in run_old_style_hookwrapper
    res = yield
          ^^^^^
.venv311\Lib\site-packages\_pytest\setuponly.py:36: in pytest_fixture_setup
    return (yield)
            ^^^^^
.venv311\Lib\site-packages\_pytest\fixtures.py:1202: in pytest_fixture_setup
    result = call_fixture_func(fixturefunc, request, kwargs)
             ^^^^^^^^^^^^^^^^^^^^^^^^^^^^^^^^^^^^^^^^^^^^^^^
.venv311\Lib\site-packages\_pytest\fixtures.py:908: in call_fixture_func
    fixture_result = next(generator)
                     ^^^^^^^^^^^^^^^
.venv311\Lib\site-packages\_pytest\tmpdir.py:289: in tmp_path
    path = _mk_tmp(request, tmp_path_factory)
           ^^^^^^^^^^^^^^^^^^^^^^^^^^^^^^^^^^
.venv311\Lib\site-packages\_pytest\tmpdir.py:276: in _mk_tmp
    return factory.mktemp(name, numbered=True)
           ^^^^^^^^^^^^^^^^^^^^^^^^^^^^^^^^^^^
.venv311\Lib\site-packages\_pytest\tmpdir.py:131: in mktemp
    basename = self._ensure_relative_to_basetemp(basename)
               ^^^^^^^^^^^^^^^^^^^^^^^^^^^^^^^^^^^^^^^^^^^
.venv311\Lib\site-packages\_pytest\tmpdir.py:112: in _ensure_relative_to_basetemp
    if (self.getbasetemp() / basename).resolve().parent != self.getbasetemp():
        ^^^^^^^^^^^^^^^^^^
.venv311\Lib\site-packages\_pytest\tmpdir.py:208: in getbasetemp
    basetemp = make_numbered_dir_with_cleanup(
.venv311\Lib\site-packages\_pytest\pathlib.py:407: in make_numbered_dir_with_cleanup
    raise e
.venv311\Lib\site-packages\_pytest\pathlib.py:388: in make_numbered_dir_with_cleanup
    p = make_numbered_dir(root, prefix, mode)
        ^^^^^^^^^^^^^^^^^^^^^^^^^^^^^^^^^^^^^
.venv311\Lib\site-packages\_pytest\pathlib.py:229: in make_numbered_dir
    max_existing = max(map(parse_num, find_suffixes(root, prefix)), default=-1)
                   ^^^^^^^^^^^^^^^^^^^^^^^^^^^^^^^^^^^^^^^^^^^^^^^^^^^^^^^^^^^^
.venv311\Lib\site-packages\_pytest\pathlib.py:188: in extract_suffixes
    for entry in iter:
.venv311\Lib\site-packages\_pytest\pathlib.py:176: in find_prefixed
    for x in os.scandir(root):
             ^^^^^^^^^^^^^^^^
E   PermissionError: [WinError 5] アクセスが拒否されました。: 'C:\\Users\\ynobe\\AppData\\Local\\Temp\\pytest-of-ynobe'
______ ERROR at setup of test_cli_rag_search_job_save_report_writes_json ______
.venv311\Lib\site-packages\_pytest\runner.py:353: in from_call
    result: TResult | None = func()
                             ^^^^^^
.venv311\Lib\site-packages\_pytest\runner.py:245: in <lambda>
    lambda: runtest_hook(item=item, **kwds),
            ^^^^^^^^^^^^^^^^^^^^^^^^^^^^^^^
.venv311\Lib\site-packages\pluggy\_hooks.py:512: in __call__
    return self._hookexec(self.name, self._hookimpls.copy(), kwargs, firstresult)
           ^^^^^^^^^^^^^^^^^^^^^^^^^^^^^^^^^^^^^^^^^^^^^^^^^^^^^^^^^^^^^^^^^^^^^^
.venv311\Lib\site-packages\pluggy\_manager.py:120: in _hookexec
    return self._inner_hookexec(hook_name, methods, kwargs, firstresult)
           ^^^^^^^^^^^^^^^^^^^^^^^^^^^^^^^^^^^^^^^^^^^^^^^^^^^^^^^^^^^^^
.venv311\Lib\site-packages\_pytest\logging.py:843: in pytest_runtest_setup
    yield
.venv311\Lib\site-packages\_pytest\capture.py:895: in pytest_runtest_setup
    return (yield)
            ^^^^^
.venv311\Lib\site-packages\_pytest\runner.py:165: in pytest_runtest_setup
    item.session._setupstate.setup(item)
.venv311\Lib\site-packages\_pytest\runner.py:523: in setup
    col.setup()
.venv311\Lib\site-packages\_pytest\python.py:1723: in setup
    self._request._fillfixtures()
.venv311\Lib\site-packages\_pytest\fixtures.py:707: in _fillfixtures
    item.funcargs[argname] = self.getfixturevalue(argname)
                             ^^^^^^^^^^^^^^^^^^^^^^^^^^^^^
.venv311\Lib\site-packages\_pytest\fixtures.py:539: in getfixturevalue
    fixturedef = self._get_active_fixturedef(argname)
                 ^^^^^^^^^^^^^^^^^^^^^^^^^^^^^^^^^^^^
.venv311\Lib\site-packages\_pytest\fixtures.py:627: in _get_active_fixturedef
    fixturedef.execute(request=subrequest)
.venv311\Lib\site-packages\_pytest\fixtures.py:1110: in execute
    result: FixtureValue = ihook.pytest_fixture_setup(
.venv311\Lib\site-packages\pluggy\_hooks.py:512: in __call__
    return self._hookexec(self.name, self._hookimpls.copy(), kwargs, firstresult)
           ^^^^^^^^^^^^^^^^^^^^^^^^^^^^^^^^^^^^^^^^^^^^^^^^^^^^^^^^^^^^^^^^^^^^^^
.venv311\Lib\site-packages\pluggy\_manager.py:120: in _hookexec
    return self._inner_hookexec(hook_name, methods, kwargs, firstresult)
           ^^^^^^^^^^^^^^^^^^^^^^^^^^^^^^^^^^^^^^^^^^^^^^^^^^^^^^^^^^^^^
.venv311\Lib\site-packages\pluggy\_callers.py:53: in run_old_style_hookwrapper
    return result.get_result()
           ^^^^^^^^^^^^^^^^^^^
.venv311\Lib\site-packages\pluggy\_callers.py:38: in run_old_style_hookwrapper
    res = yield
          ^^^^^
.venv311\Lib\site-packages\_pytest\setuponly.py:36: in pytest_fixture_setup
    return (yield)
            ^^^^^
.venv311\Lib\site-packages\_pytest\fixtures.py:1202: in pytest_fixture_setup
    result = call_fixture_func(fixturefunc, request, kwargs)
             ^^^^^^^^^^^^^^^^^^^^^^^^^^^^^^^^^^^^^^^^^^^^^^^
.venv311\Lib\site-packages\_pytest\fixtures.py:908: in call_fixture_func
    fixture_result = next(generator)
                     ^^^^^^^^^^^^^^^
.venv311\Lib\site-packages\_pytest\tmpdir.py:289: in tmp_path
    path = _mk_tmp(request, tmp_path_factory)
           ^^^^^^^^^^^^^^^^^^^^^^^^^^^^^^^^^^
.venv311\Lib\site-packages\_pytest\tmpdir.py:276: in _mk_tmp
    return factory.mktemp(name, numbered=True)
           ^^^^^^^^^^^^^^^^^^^^^^^^^^^^^^^^^^^
.venv311\Lib\site-packages\_pytest\tmpdir.py:131: in mktemp
    basename = self._ensure_relative_to_basetemp(basename)
               ^^^^^^^^^^^^^^^^^^^^^^^^^^^^^^^^^^^^^^^^^^^
.venv311\Lib\site-packages\_pytest\tmpdir.py:112: in _ensure_relative_to_basetemp
    if (self.getbasetemp() / basename).resolve().parent != self.getbasetemp():
        ^^^^^^^^^^^^^^^^^^
.venv311\Lib\site-packages\_pytest\tmpdir.py:208: in getbasetemp
    basetemp = make_numbered_dir_with_cleanup(
.venv311\Lib\site-packages\_pytest\pathlib.py:407: in make_numbered_dir_with_cleanup
    raise e
.venv311\Lib\site-packages\_pytest\pathlib.py:388: in make_numbered_dir_with_cleanup
    p = make_numbered_dir(root, prefix, mode)
        ^^^^^^^^^^^^^^^^^^^^^^^^^^^^^^^^^^^^^
.venv311\Lib\site-packages\_pytest\pathlib.py:229: in make_numbered_dir
    max_existing = max(map(parse_num, find_suffixes(root, prefix)), default=-1)
                   ^^^^^^^^^^^^^^^^^^^^^^^^^^^^^^^^^^^^^^^^^^^^^^^^^^^^^^^^^^^^
.venv311\Lib\site-packages\_pytest\pathlib.py:188: in extract_suffixes
    for entry in iter:
.venv311\Lib\site-packages\_pytest\pathlib.py:176: in find_prefixed
    for x in os.scandir(root):
             ^^^^^^^^^^^^^^^^
E   PermissionError: [WinError 5] アクセスが拒否されました。: 'C:\\Users\\ynobe\\AppData\\Local\\Temp\\pytest-of-ynobe'
_ ERROR at setup of test_cli_rag_search_job_scope_job_source_filters_results __
.venv311\Lib\site-packages\_pytest\runner.py:353: in from_call
    result: TResult | None = func()
                             ^^^^^^
.venv311\Lib\site-packages\_pytest\runner.py:245: in <lambda>
    lambda: runtest_hook(item=item, **kwds),
            ^^^^^^^^^^^^^^^^^^^^^^^^^^^^^^^
.venv311\Lib\site-packages\pluggy\_hooks.py:512: in __call__
    return self._hookexec(self.name, self._hookimpls.copy(), kwargs, firstresult)
           ^^^^^^^^^^^^^^^^^^^^^^^^^^^^^^^^^^^^^^^^^^^^^^^^^^^^^^^^^^^^^^^^^^^^^^
.venv311\Lib\site-packages\pluggy\_manager.py:120: in _hookexec
    return self._inner_hookexec(hook_name, methods, kwargs, firstresult)
           ^^^^^^^^^^^^^^^^^^^^^^^^^^^^^^^^^^^^^^^^^^^^^^^^^^^^^^^^^^^^^
.venv311\Lib\site-packages\_pytest\logging.py:843: in pytest_runtest_setup
    yield
.venv311\Lib\site-packages\_pytest\capture.py:895: in pytest_runtest_setup
    return (yield)
            ^^^^^
.venv311\Lib\site-packages\_pytest\runner.py:165: in pytest_runtest_setup
    item.session._setupstate.setup(item)
.venv311\Lib\site-packages\_pytest\runner.py:523: in setup
    col.setup()
.venv311\Lib\site-packages\_pytest\python.py:1723: in setup
    self._request._fillfixtures()
.venv311\Lib\site-packages\_pytest\fixtures.py:707: in _fillfixtures
    item.funcargs[argname] = self.getfixturevalue(argname)
                             ^^^^^^^^^^^^^^^^^^^^^^^^^^^^^
.venv311\Lib\site-packages\_pytest\fixtures.py:539: in getfixturevalue
    fixturedef = self._get_active_fixturedef(argname)
                 ^^^^^^^^^^^^^^^^^^^^^^^^^^^^^^^^^^^^
.venv311\Lib\site-packages\_pytest\fixtures.py:627: in _get_active_fixturedef
    fixturedef.execute(request=subrequest)
.venv311\Lib\site-packages\_pytest\fixtures.py:1110: in execute
    result: FixtureValue = ihook.pytest_fixture_setup(
.venv311\Lib\site-packages\pluggy\_hooks.py:512: in __call__
    return self._hookexec(self.name, self._hookimpls.copy(), kwargs, firstresult)
           ^^^^^^^^^^^^^^^^^^^^^^^^^^^^^^^^^^^^^^^^^^^^^^^^^^^^^^^^^^^^^^^^^^^^^^
.venv311\Lib\site-packages\pluggy\_manager.py:120: in _hookexec
    return self._inner_hookexec(hook_name, methods, kwargs, firstresult)
           ^^^^^^^^^^^^^^^^^^^^^^^^^^^^^^^^^^^^^^^^^^^^^^^^^^^^^^^^^^^^^
.venv311\Lib\site-packages\pluggy\_callers.py:53: in run_old_style_hookwrapper
    return result.get_result()
           ^^^^^^^^^^^^^^^^^^^
.venv311\Lib\site-packages\pluggy\_callers.py:38: in run_old_style_hookwrapper
    res = yield
          ^^^^^
.venv311\Lib\site-packages\_pytest\setuponly.py:36: in pytest_fixture_setup
    return (yield)
            ^^^^^
.venv311\Lib\site-packages\_pytest\fixtures.py:1202: in pytest_fixture_setup
    result = call_fixture_func(fixturefunc, request, kwargs)
             ^^^^^^^^^^^^^^^^^^^^^^^^^^^^^^^^^^^^^^^^^^^^^^^
.venv311\Lib\site-packages\_pytest\fixtures.py:908: in call_fixture_func
    fixture_result = next(generator)
                     ^^^^^^^^^^^^^^^
.venv311\Lib\site-packages\_pytest\tmpdir.py:289: in tmp_path
    path = _mk_tmp(request, tmp_path_factory)
           ^^^^^^^^^^^^^^^^^^^^^^^^^^^^^^^^^^
.venv311\Lib\site-packages\_pytest\tmpdir.py:276: in _mk_tmp
    return factory.mktemp(name, numbered=True)
           ^^^^^^^^^^^^^^^^^^^^^^^^^^^^^^^^^^^
.venv311\Lib\site-packages\_pytest\tmpdir.py:131: in mktemp
    basename = self._ensure_relative_to_basetemp(basename)
               ^^^^^^^^^^^^^^^^^^^^^^^^^^^^^^^^^^^^^^^^^^^
.venv311\Lib\site-packages\_pytest\tmpdir.py:112: in _ensure_relative_to_basetemp
    if (self.getbasetemp() / basename).resolve().parent != self.getbasetemp():
        ^^^^^^^^^^^^^^^^^^
.venv311\Lib\site-packages\_pytest\tmpdir.py:208: in getbasetemp
    basetemp = make_numbered_dir_with_cleanup(
.venv311\Lib\site-packages\_pytest\pathlib.py:407: in make_numbered_dir_with_cleanup
    raise e
.venv311\Lib\site-packages\_pytest\pathlib.py:388: in make_numbered_dir_with_cleanup
    p = make_numbered_dir(root, prefix, mode)
        ^^^^^^^^^^^^^^^^^^^^^^^^^^^^^^^^^^^^^
.venv311\Lib\site-packages\_pytest\pathlib.py:229: in make_numbered_dir
    max_existing = max(map(parse_num, find_suffixes(root, prefix)), default=-1)
                   ^^^^^^^^^^^^^^^^^^^^^^^^^^^^^^^^^^^^^^^^^^^^^^^^^^^^^^^^^^^^
.venv311\Lib\site-packages\_pytest\pathlib.py:188: in extract_suffixes
    for entry in iter:
.venv311\Lib\site-packages\_pytest\pathlib.py:176: in find_prefixed
    for x in os.scandir(root):
             ^^^^^^^^^^^^^^^^
E   PermissionError: [WinError 5] アクセスが拒否されました。: 'C:\\Users\\ynobe\\AppData\\Local\\Temp\\pytest-of-ynobe'
_ ERROR at setup of test_cli_rag_search_job_scope_job_source_filters_saved_table _
.venv311\Lib\site-packages\_pytest\runner.py:353: in from_call
    result: TResult | None = func()
                             ^^^^^^
.venv311\Lib\site-packages\_pytest\runner.py:245: in <lambda>
    lambda: runtest_hook(item=item, **kwds),
            ^^^^^^^^^^^^^^^^^^^^^^^^^^^^^^^
.venv311\Lib\site-packages\pluggy\_hooks.py:512: in __call__
    return self._hookexec(self.name, self._hookimpls.copy(), kwargs, firstresult)
           ^^^^^^^^^^^^^^^^^^^^^^^^^^^^^^^^^^^^^^^^^^^^^^^^^^^^^^^^^^^^^^^^^^^^^^
.venv311\Lib\site-packages\pluggy\_manager.py:120: in _hookexec
    return self._inner_hookexec(hook_name, methods, kwargs, firstresult)
           ^^^^^^^^^^^^^^^^^^^^^^^^^^^^^^^^^^^^^^^^^^^^^^^^^^^^^^^^^^^^^
.venv311\Lib\site-packages\_pytest\logging.py:843: in pytest_runtest_setup
    yield
.venv311\Lib\site-packages\_pytest\capture.py:895: in pytest_runtest_setup
    return (yield)
            ^^^^^
.venv311\Lib\site-packages\_pytest\runner.py:165: in pytest_runtest_setup
    item.session._setupstate.setup(item)
.venv311\Lib\site-packages\_pytest\runner.py:523: in setup
    col.setup()
.venv311\Lib\site-packages\_pytest\python.py:1723: in setup
    self._request._fillfixtures()
.venv311\Lib\site-packages\_pytest\fixtures.py:707: in _fillfixtures
    item.funcargs[argname] = self.getfixturevalue(argname)
                             ^^^^^^^^^^^^^^^^^^^^^^^^^^^^^
.venv311\Lib\site-packages\_pytest\fixtures.py:539: in getfixturevalue
    fixturedef = self._get_active_fixturedef(argname)
                 ^^^^^^^^^^^^^^^^^^^^^^^^^^^^^^^^^^^^
.venv311\Lib\site-packages\_pytest\fixtures.py:627: in _get_active_fixturedef
    fixturedef.execute(request=subrequest)
.venv311\Lib\site-packages\_pytest\fixtures.py:1110: in execute
    result: FixtureValue = ihook.pytest_fixture_setup(
.venv311\Lib\site-packages\pluggy\_hooks.py:512: in __call__
    return self._hookexec(self.name, self._hookimpls.copy(), kwargs, firstresult)
           ^^^^^^^^^^^^^^^^^^^^^^^^^^^^^^^^^^^^^^^^^^^^^^^^^^^^^^^^^^^^^^^^^^^^^^
.venv311\Lib\site-packages\pluggy\_manager.py:120: in _hookexec
    return self._inner_hookexec(hook_name, methods, kwargs, firstresult)
           ^^^^^^^^^^^^^^^^^^^^^^^^^^^^^^^^^^^^^^^^^^^^^^^^^^^^^^^^^^^^^
.venv311\Lib\site-packages\pluggy\_callers.py:53: in run_old_style_hookwrapper
    return result.get_result()
           ^^^^^^^^^^^^^^^^^^^
.venv311\Lib\site-packages\pluggy\_callers.py:38: in run_old_style_hookwrapper
    res = yield
          ^^^^^
.venv311\Lib\site-packages\_pytest\setuponly.py:36: in pytest_fixture_setup
    return (yield)
            ^^^^^
.venv311\Lib\site-packages\_pytest\fixtures.py:1202: in pytest_fixture_setup
    result = call_fixture_func(fixturefunc, request, kwargs)
             ^^^^^^^^^^^^^^^^^^^^^^^^^^^^^^^^^^^^^^^^^^^^^^^
.venv311\Lib\site-packages\_pytest\fixtures.py:908: in call_fixture_func
    fixture_result = next(generator)
                     ^^^^^^^^^^^^^^^
.venv311\Lib\site-packages\_pytest\tmpdir.py:289: in tmp_path
    path = _mk_tmp(request, tmp_path_factory)
           ^^^^^^^^^^^^^^^^^^^^^^^^^^^^^^^^^^
.venv311\Lib\site-packages\_pytest\tmpdir.py:276: in _mk_tmp
    return factory.mktemp(name, numbered=True)
           ^^^^^^^^^^^^^^^^^^^^^^^^^^^^^^^^^^^
.venv311\Lib\site-packages\_pytest\tmpdir.py:131: in mktemp
    basename = self._ensure_relative_to_basetemp(basename)
               ^^^^^^^^^^^^^^^^^^^^^^^^^^^^^^^^^^^^^^^^^^^
.venv311\Lib\site-packages\_pytest\tmpdir.py:112: in _ensure_relative_to_basetemp
    if (self.getbasetemp() / basename).resolve().parent != self.getbasetemp():
        ^^^^^^^^^^^^^^^^^^
.venv311\Lib\site-packages\_pytest\tmpdir.py:208: in getbasetemp
    basetemp = make_numbered_dir_with_cleanup(
.venv311\Lib\site-packages\_pytest\pathlib.py:407: in make_numbered_dir_with_cleanup
    raise e
.venv311\Lib\site-packages\_pytest\pathlib.py:388: in make_numbered_dir_with_cleanup
    p = make_numbered_dir(root, prefix, mode)
        ^^^^^^^^^^^^^^^^^^^^^^^^^^^^^^^^^^^^^
.venv311\Lib\site-packages\_pytest\pathlib.py:229: in make_numbered_dir
    max_existing = max(map(parse_num, find_suffixes(root, prefix)), default=-1)
                   ^^^^^^^^^^^^^^^^^^^^^^^^^^^^^^^^^^^^^^^^^^^^^^^^^^^^^^^^^^^^
.venv311\Lib\site-packages\_pytest\pathlib.py:188: in extract_suffixes
    for entry in iter:
.venv311\Lib\site-packages\_pytest\pathlib.py:176: in find_prefixed
    for x in os.scandir(root):
             ^^^^^^^^^^^^^^^^
E   PermissionError: [WinError 5] アクセスが拒否されました。: 'C:\\Users\\ynobe\\AppData\\Local\\Temp\\pytest-of-ynobe'
_ ERROR at setup of test_run_orchestrate_answer_source_filter_limits_results __
.venv311\Lib\site-packages\_pytest\runner.py:353: in from_call
    result: TResult | None = func()
                             ^^^^^^
.venv311\Lib\site-packages\_pytest\runner.py:245: in <lambda>
    lambda: runtest_hook(item=item, **kwds),
            ^^^^^^^^^^^^^^^^^^^^^^^^^^^^^^^
.venv311\Lib\site-packages\pluggy\_hooks.py:512: in __call__
    return self._hookexec(self.name, self._hookimpls.copy(), kwargs, firstresult)
           ^^^^^^^^^^^^^^^^^^^^^^^^^^^^^^^^^^^^^^^^^^^^^^^^^^^^^^^^^^^^^^^^^^^^^^
.venv311\Lib\site-packages\pluggy\_manager.py:120: in _hookexec
    return self._inner_hookexec(hook_name, methods, kwargs, firstresult)
           ^^^^^^^^^^^^^^^^^^^^^^^^^^^^^^^^^^^^^^^^^^^^^^^^^^^^^^^^^^^^^
.venv311\Lib\site-packages\_pytest\logging.py:843: in pytest_runtest_setup
    yield
.venv311\Lib\site-packages\_pytest\capture.py:895: in pytest_runtest_setup
    return (yield)
            ^^^^^
.venv311\Lib\site-packages\_pytest\runner.py:165: in pytest_runtest_setup
    item.session._setupstate.setup(item)
.venv311\Lib\site-packages\_pytest\runner.py:523: in setup
    col.setup()
.venv311\Lib\site-packages\_pytest\python.py:1723: in setup
    self._request._fillfixtures()
.venv311\Lib\site-packages\_pytest\fixtures.py:707: in _fillfixtures
    item.funcargs[argname] = self.getfixturevalue(argname)
                             ^^^^^^^^^^^^^^^^^^^^^^^^^^^^^
.venv311\Lib\site-packages\_pytest\fixtures.py:539: in getfixturevalue
    fixturedef = self._get_active_fixturedef(argname)
                 ^^^^^^^^^^^^^^^^^^^^^^^^^^^^^^^^^^^^
.venv311\Lib\site-packages\_pytest\fixtures.py:627: in _get_active_fixturedef
    fixturedef.execute(request=subrequest)
.venv311\Lib\site-packages\_pytest\fixtures.py:1110: in execute
    result: FixtureValue = ihook.pytest_fixture_setup(
.venv311\Lib\site-packages\pluggy\_hooks.py:512: in __call__
    return self._hookexec(self.name, self._hookimpls.copy(), kwargs, firstresult)
           ^^^^^^^^^^^^^^^^^^^^^^^^^^^^^^^^^^^^^^^^^^^^^^^^^^^^^^^^^^^^^^^^^^^^^^
.venv311\Lib\site-packages\pluggy\_manager.py:120: in _hookexec
    return self._inner_hookexec(hook_name, methods, kwargs, firstresult)
           ^^^^^^^^^^^^^^^^^^^^^^^^^^^^^^^^^^^^^^^^^^^^^^^^^^^^^^^^^^^^^
.venv311\Lib\site-packages\pluggy\_callers.py:53: in run_old_style_hookwrapper
    return result.get_result()
           ^^^^^^^^^^^^^^^^^^^
.venv311\Lib\site-packages\pluggy\_callers.py:38: in run_old_style_hookwrapper
    res = yield
          ^^^^^
.venv311\Lib\site-packages\_pytest\setuponly.py:36: in pytest_fixture_setup
    return (yield)
            ^^^^^
.venv311\Lib\site-packages\_pytest\fixtures.py:1202: in pytest_fixture_setup
    result = call_fixture_func(fixturefunc, request, kwargs)
             ^^^^^^^^^^^^^^^^^^^^^^^^^^^^^^^^^^^^^^^^^^^^^^^
.venv311\Lib\site-packages\_pytest\fixtures.py:908: in call_fixture_func
    fixture_result = next(generator)
                     ^^^^^^^^^^^^^^^
.venv311\Lib\site-packages\_pytest\tmpdir.py:289: in tmp_path
    path = _mk_tmp(request, tmp_path_factory)
           ^^^^^^^^^^^^^^^^^^^^^^^^^^^^^^^^^^
.venv311\Lib\site-packages\_pytest\tmpdir.py:276: in _mk_tmp
    return factory.mktemp(name, numbered=True)
           ^^^^^^^^^^^^^^^^^^^^^^^^^^^^^^^^^^^
.venv311\Lib\site-packages\_pytest\tmpdir.py:131: in mktemp
    basename = self._ensure_relative_to_basetemp(basename)
               ^^^^^^^^^^^^^^^^^^^^^^^^^^^^^^^^^^^^^^^^^^^
.venv311\Lib\site-packages\_pytest\tmpdir.py:112: in _ensure_relative_to_basetemp
    if (self.getbasetemp() / basename).resolve().parent != self.getbasetemp():
        ^^^^^^^^^^^^^^^^^^
.venv311\Lib\site-packages\_pytest\tmpdir.py:208: in getbasetemp
    basetemp = make_numbered_dir_with_cleanup(
.venv311\Lib\site-packages\_pytest\pathlib.py:407: in make_numbered_dir_with_cleanup
    raise e
.venv311\Lib\site-packages\_pytest\pathlib.py:388: in make_numbered_dir_with_cleanup
    p = make_numbered_dir(root, prefix, mode)
        ^^^^^^^^^^^^^^^^^^^^^^^^^^^^^^^^^^^^^
.venv311\Lib\site-packages\_pytest\pathlib.py:229: in make_numbered_dir
    max_existing = max(map(parse_num, find_suffixes(root, prefix)), default=-1)
                   ^^^^^^^^^^^^^^^^^^^^^^^^^^^^^^^^^^^^^^^^^^^^^^^^^^^^^^^^^^^^
.venv311\Lib\site-packages\_pytest\pathlib.py:188: in extract_suffixes
    for entry in iter:
.venv311\Lib\site-packages\_pytest\pathlib.py:176: in find_prefixed
    for x in os.scandir(root):
             ^^^^^^^^^^^^^^^^
E   PermissionError: [WinError 5] アクセスが拒否されました。: 'C:\\Users\\ynobe\\AppData\\Local\\Temp\\pytest-of-ynobe'
______ ERROR at setup of test_cli_rag_stats_reports_sources_and_keywords ______
.venv311\Lib\site-packages\_pytest\runner.py:353: in from_call
    result: TResult | None = func()
                             ^^^^^^
.venv311\Lib\site-packages\_pytest\runner.py:245: in <lambda>
    lambda: runtest_hook(item=item, **kwds),
            ^^^^^^^^^^^^^^^^^^^^^^^^^^^^^^^
.venv311\Lib\site-packages\pluggy\_hooks.py:512: in __call__
    return self._hookexec(self.name, self._hookimpls.copy(), kwargs, firstresult)
           ^^^^^^^^^^^^^^^^^^^^^^^^^^^^^^^^^^^^^^^^^^^^^^^^^^^^^^^^^^^^^^^^^^^^^^
.venv311\Lib\site-packages\pluggy\_manager.py:120: in _hookexec
    return self._inner_hookexec(hook_name, methods, kwargs, firstresult)
           ^^^^^^^^^^^^^^^^^^^^^^^^^^^^^^^^^^^^^^^^^^^^^^^^^^^^^^^^^^^^^
.venv311\Lib\site-packages\_pytest\logging.py:843: in pytest_runtest_setup
    yield
.venv311\Lib\site-packages\_pytest\capture.py:895: in pytest_runtest_setup
    return (yield)
            ^^^^^
.venv311\Lib\site-packages\_pytest\runner.py:165: in pytest_runtest_setup
    item.session._setupstate.setup(item)
.venv311\Lib\site-packages\_pytest\runner.py:523: in setup
    col.setup()
.venv311\Lib\site-packages\_pytest\python.py:1723: in setup
    self._request._fillfixtures()
.venv311\Lib\site-packages\_pytest\fixtures.py:707: in _fillfixtures
    item.funcargs[argname] = self.getfixturevalue(argname)
                             ^^^^^^^^^^^^^^^^^^^^^^^^^^^^^
.venv311\Lib\site-packages\_pytest\fixtures.py:539: in getfixturevalue
    fixturedef = self._get_active_fixturedef(argname)
                 ^^^^^^^^^^^^^^^^^^^^^^^^^^^^^^^^^^^^
.venv311\Lib\site-packages\_pytest\fixtures.py:627: in _get_active_fixturedef
    fixturedef.execute(request=subrequest)
.venv311\Lib\site-packages\_pytest\fixtures.py:1110: in execute
    result: FixtureValue = ihook.pytest_fixture_setup(
.venv311\Lib\site-packages\pluggy\_hooks.py:512: in __call__
    return self._hookexec(self.name, self._hookimpls.copy(), kwargs, firstresult)
           ^^^^^^^^^^^^^^^^^^^^^^^^^^^^^^^^^^^^^^^^^^^^^^^^^^^^^^^^^^^^^^^^^^^^^^
.venv311\Lib\site-packages\pluggy\_manager.py:120: in _hookexec
    return self._inner_hookexec(hook_name, methods, kwargs, firstresult)
           ^^^^^^^^^^^^^^^^^^^^^^^^^^^^^^^^^^^^^^^^^^^^^^^^^^^^^^^^^^^^^
.venv311\Lib\site-packages\pluggy\_callers.py:53: in run_old_style_hookwrapper
    return result.get_result()
           ^^^^^^^^^^^^^^^^^^^
.venv311\Lib\site-packages\pluggy\_callers.py:38: in run_old_style_hookwrapper
    res = yield
          ^^^^^
.venv311\Lib\site-packages\_pytest\setuponly.py:36: in pytest_fixture_setup
    return (yield)
            ^^^^^
.venv311\Lib\site-packages\_pytest\fixtures.py:1202: in pytest_fixture_setup
    result = call_fixture_func(fixturefunc, request, kwargs)
             ^^^^^^^^^^^^^^^^^^^^^^^^^^^^^^^^^^^^^^^^^^^^^^^
.venv311\Lib\site-packages\_pytest\fixtures.py:908: in call_fixture_func
    fixture_result = next(generator)
                     ^^^^^^^^^^^^^^^
.venv311\Lib\site-packages\_pytest\tmpdir.py:289: in tmp_path
    path = _mk_tmp(request, tmp_path_factory)
           ^^^^^^^^^^^^^^^^^^^^^^^^^^^^^^^^^^
.venv311\Lib\site-packages\_pytest\tmpdir.py:276: in _mk_tmp
    return factory.mktemp(name, numbered=True)
           ^^^^^^^^^^^^^^^^^^^^^^^^^^^^^^^^^^^
.venv311\Lib\site-packages\_pytest\tmpdir.py:131: in mktemp
    basename = self._ensure_relative_to_basetemp(basename)
               ^^^^^^^^^^^^^^^^^^^^^^^^^^^^^^^^^^^^^^^^^^^
.venv311\Lib\site-packages\_pytest\tmpdir.py:112: in _ensure_relative_to_basetemp
    if (self.getbasetemp() / basename).resolve().parent != self.getbasetemp():
        ^^^^^^^^^^^^^^^^^^
.venv311\Lib\site-packages\_pytest\tmpdir.py:208: in getbasetemp
    basetemp = make_numbered_dir_with_cleanup(
.venv311\Lib\site-packages\_pytest\pathlib.py:407: in make_numbered_dir_with_cleanup
    raise e
.venv311\Lib\site-packages\_pytest\pathlib.py:388: in make_numbered_dir_with_cleanup
    p = make_numbered_dir(root, prefix, mode)
        ^^^^^^^^^^^^^^^^^^^^^^^^^^^^^^^^^^^^^
.venv311\Lib\site-packages\_pytest\pathlib.py:229: in make_numbered_dir
    max_existing = max(map(parse_num, find_suffixes(root, prefix)), default=-1)
                   ^^^^^^^^^^^^^^^^^^^^^^^^^^^^^^^^^^^^^^^^^^^^^^^^^^^^^^^^^^^^
.venv311\Lib\site-packages\_pytest\pathlib.py:188: in extract_suffixes
    for entry in iter:
.venv311\Lib\site-packages\_pytest\pathlib.py:176: in find_prefixed
    for x in os.scandir(root):
             ^^^^^^^^^^^^^^^^
E   PermissionError: [WinError 5] アクセスが拒否されました。: 'C:\\Users\\ynobe\\AppData\\Local\\Temp\\pytest-of-ynobe'
_ ERROR at setup of test_source_registry_build_fetch_job_filters_blocked_sources _
.venv311\Lib\site-packages\_pytest\runner.py:353: in from_call
    result: TResult | None = func()
                             ^^^^^^
.venv311\Lib\site-packages\_pytest\runner.py:245: in <lambda>
    lambda: runtest_hook(item=item, **kwds),
            ^^^^^^^^^^^^^^^^^^^^^^^^^^^^^^^
.venv311\Lib\site-packages\pluggy\_hooks.py:512: in __call__
    return self._hookexec(self.name, self._hookimpls.copy(), kwargs, firstresult)
           ^^^^^^^^^^^^^^^^^^^^^^^^^^^^^^^^^^^^^^^^^^^^^^^^^^^^^^^^^^^^^^^^^^^^^^
.venv311\Lib\site-packages\pluggy\_manager.py:120: in _hookexec
    return self._inner_hookexec(hook_name, methods, kwargs, firstresult)
           ^^^^^^^^^^^^^^^^^^^^^^^^^^^^^^^^^^^^^^^^^^^^^^^^^^^^^^^^^^^^^
.venv311\Lib\site-packages\_pytest\logging.py:843: in pytest_runtest_setup
    yield
.venv311\Lib\site-packages\_pytest\capture.py:895: in pytest_runtest_setup
    return (yield)
            ^^^^^
.venv311\Lib\site-packages\_pytest\runner.py:165: in pytest_runtest_setup
    item.session._setupstate.setup(item)
.venv311\Lib\site-packages\_pytest\runner.py:523: in setup
    col.setup()
.venv311\Lib\site-packages\_pytest\python.py:1723: in setup
    self._request._fillfixtures()
.venv311\Lib\site-packages\_pytest\fixtures.py:707: in _fillfixtures
    item.funcargs[argname] = self.getfixturevalue(argname)
                             ^^^^^^^^^^^^^^^^^^^^^^^^^^^^^
.venv311\Lib\site-packages\_pytest\fixtures.py:539: in getfixturevalue
    fixturedef = self._get_active_fixturedef(argname)
                 ^^^^^^^^^^^^^^^^^^^^^^^^^^^^^^^^^^^^
.venv311\Lib\site-packages\_pytest\fixtures.py:627: in _get_active_fixturedef
    fixturedef.execute(request=subrequest)
.venv311\Lib\site-packages\_pytest\fixtures.py:1110: in execute
    result: FixtureValue = ihook.pytest_fixture_setup(
.venv311\Lib\site-packages\pluggy\_hooks.py:512: in __call__
    return self._hookexec(self.name, self._hookimpls.copy(), kwargs, firstresult)
           ^^^^^^^^^^^^^^^^^^^^^^^^^^^^^^^^^^^^^^^^^^^^^^^^^^^^^^^^^^^^^^^^^^^^^^
.venv311\Lib\site-packages\pluggy\_manager.py:120: in _hookexec
    return self._inner_hookexec(hook_name, methods, kwargs, firstresult)
           ^^^^^^^^^^^^^^^^^^^^^^^^^^^^^^^^^^^^^^^^^^^^^^^^^^^^^^^^^^^^^
.venv311\Lib\site-packages\pluggy\_callers.py:53: in run_old_style_hookwrapper
    return result.get_result()
           ^^^^^^^^^^^^^^^^^^^
.venv311\Lib\site-packages\pluggy\_callers.py:38: in run_old_style_hookwrapper
    res = yield
          ^^^^^
.venv311\Lib\site-packages\_pytest\setuponly.py:36: in pytest_fixture_setup
    return (yield)
            ^^^^^
.venv311\Lib\site-packages\_pytest\fixtures.py:1202: in pytest_fixture_setup
    result = call_fixture_func(fixturefunc, request, kwargs)
             ^^^^^^^^^^^^^^^^^^^^^^^^^^^^^^^^^^^^^^^^^^^^^^^
.venv311\Lib\site-packages\_pytest\fixtures.py:908: in call_fixture_func
    fixture_result = next(generator)
                     ^^^^^^^^^^^^^^^
.venv311\Lib\site-packages\_pytest\tmpdir.py:289: in tmp_path
    path = _mk_tmp(request, tmp_path_factory)
           ^^^^^^^^^^^^^^^^^^^^^^^^^^^^^^^^^^
.venv311\Lib\site-packages\_pytest\tmpdir.py:276: in _mk_tmp
    return factory.mktemp(name, numbered=True)
           ^^^^^^^^^^^^^^^^^^^^^^^^^^^^^^^^^^^
.venv311\Lib\site-packages\_pytest\tmpdir.py:131: in mktemp
    basename = self._ensure_relative_to_basetemp(basename)
               ^^^^^^^^^^^^^^^^^^^^^^^^^^^^^^^^^^^^^^^^^^^
.venv311\Lib\site-packages\_pytest\tmpdir.py:112: in _ensure_relative_to_basetemp
    if (self.getbasetemp() / basename).resolve().parent != self.getbasetemp():
        ^^^^^^^^^^^^^^^^^^
.venv311\Lib\site-packages\_pytest\tmpdir.py:208: in getbasetemp
    basetemp = make_numbered_dir_with_cleanup(
.venv311\Lib\site-packages\_pytest\pathlib.py:407: in make_numbered_dir_with_cleanup
    raise e
.venv311\Lib\site-packages\_pytest\pathlib.py:388: in make_numbered_dir_with_cleanup
    p = make_numbered_dir(root, prefix, mode)
        ^^^^^^^^^^^^^^^^^^^^^^^^^^^^^^^^^^^^^
.venv311\Lib\site-packages\_pytest\pathlib.py:229: in make_numbered_dir
    max_existing = max(map(parse_num, find_suffixes(root, prefix)), default=-1)
                   ^^^^^^^^^^^^^^^^^^^^^^^^^^^^^^^^^^^^^^^^^^^^^^^^^^^^^^^^^^^^
.venv311\Lib\site-packages\_pytest\pathlib.py:188: in extract_suffixes
    for entry in iter:
.venv311\Lib\site-packages\_pytest\pathlib.py:176: in find_prefixed
    for x in os.scandir(root):
             ^^^^^^^^^^^^^^^^
E   PermissionError: [WinError 5] アクセスが拒否されました。: 'C:\\Users\\ynobe\\AppData\\Local\\Temp\\pytest-of-ynobe'
_________ ERROR at setup of test_load_yaml_supports_list_of_mappings __________
.venv311\Lib\site-packages\_pytest\runner.py:353: in from_call
    result: TResult | None = func()
                             ^^^^^^
.venv311\Lib\site-packages\_pytest\runner.py:245: in <lambda>
    lambda: runtest_hook(item=item, **kwds),
            ^^^^^^^^^^^^^^^^^^^^^^^^^^^^^^^
.venv311\Lib\site-packages\pluggy\_hooks.py:512: in __call__
    return self._hookexec(self.name, self._hookimpls.copy(), kwargs, firstresult)
           ^^^^^^^^^^^^^^^^^^^^^^^^^^^^^^^^^^^^^^^^^^^^^^^^^^^^^^^^^^^^^^^^^^^^^^
.venv311\Lib\site-packages\pluggy\_manager.py:120: in _hookexec
    return self._inner_hookexec(hook_name, methods, kwargs, firstresult)
           ^^^^^^^^^^^^^^^^^^^^^^^^^^^^^^^^^^^^^^^^^^^^^^^^^^^^^^^^^^^^^
.venv311\Lib\site-packages\_pytest\logging.py:843: in pytest_runtest_setup
    yield
.venv311\Lib\site-packages\_pytest\capture.py:895: in pytest_runtest_setup
    return (yield)
            ^^^^^
.venv311\Lib\site-packages\_pytest\runner.py:165: in pytest_runtest_setup
    item.session._setupstate.setup(item)
.venv311\Lib\site-packages\_pytest\runner.py:523: in setup
    col.setup()
.venv311\Lib\site-packages\_pytest\python.py:1723: in setup
    self._request._fillfixtures()
.venv311\Lib\site-packages\_pytest\fixtures.py:707: in _fillfixtures
    item.funcargs[argname] = self.getfixturevalue(argname)
                             ^^^^^^^^^^^^^^^^^^^^^^^^^^^^^
.venv311\Lib\site-packages\_pytest\fixtures.py:539: in getfixturevalue
    fixturedef = self._get_active_fixturedef(argname)
                 ^^^^^^^^^^^^^^^^^^^^^^^^^^^^^^^^^^^^
.venv311\Lib\site-packages\_pytest\fixtures.py:627: in _get_active_fixturedef
    fixturedef.execute(request=subrequest)
.venv311\Lib\site-packages\_pytest\fixtures.py:1110: in execute
    result: FixtureValue = ihook.pytest_fixture_setup(
.venv311\Lib\site-packages\pluggy\_hooks.py:512: in __call__
    return self._hookexec(self.name, self._hookimpls.copy(), kwargs, firstresult)
           ^^^^^^^^^^^^^^^^^^^^^^^^^^^^^^^^^^^^^^^^^^^^^^^^^^^^^^^^^^^^^^^^^^^^^^
.venv311\Lib\site-packages\pluggy\_manager.py:120: in _hookexec
    return self._inner_hookexec(hook_name, methods, kwargs, firstresult)
           ^^^^^^^^^^^^^^^^^^^^^^^^^^^^^^^^^^^^^^^^^^^^^^^^^^^^^^^^^^^^^
.venv311\Lib\site-packages\pluggy\_callers.py:53: in run_old_style_hookwrapper
    return result.get_result()
           ^^^^^^^^^^^^^^^^^^^
.venv311\Lib\site-packages\pluggy\_callers.py:38: in run_old_style_hookwrapper
    res = yield
          ^^^^^
.venv311\Lib\site-packages\_pytest\setuponly.py:36: in pytest_fixture_setup
    return (yield)
            ^^^^^
.venv311\Lib\site-packages\_pytest\fixtures.py:1202: in pytest_fixture_setup
    result = call_fixture_func(fixturefunc, request, kwargs)
             ^^^^^^^^^^^^^^^^^^^^^^^^^^^^^^^^^^^^^^^^^^^^^^^
.venv311\Lib\site-packages\_pytest\fixtures.py:908: in call_fixture_func
    fixture_result = next(generator)
                     ^^^^^^^^^^^^^^^
.venv311\Lib\site-packages\_pytest\tmpdir.py:289: in tmp_path
    path = _mk_tmp(request, tmp_path_factory)
           ^^^^^^^^^^^^^^^^^^^^^^^^^^^^^^^^^^
.venv311\Lib\site-packages\_pytest\tmpdir.py:276: in _mk_tmp
    return factory.mktemp(name, numbered=True)
           ^^^^^^^^^^^^^^^^^^^^^^^^^^^^^^^^^^^
.venv311\Lib\site-packages\_pytest\tmpdir.py:131: in mktemp
    basename = self._ensure_relative_to_basetemp(basename)
               ^^^^^^^^^^^^^^^^^^^^^^^^^^^^^^^^^^^^^^^^^^^
.venv311\Lib\site-packages\_pytest\tmpdir.py:112: in _ensure_relative_to_basetemp
    if (self.getbasetemp() / basename).resolve().parent != self.getbasetemp():
        ^^^^^^^^^^^^^^^^^^
.venv311\Lib\site-packages\_pytest\tmpdir.py:208: in getbasetemp
    basetemp = make_numbered_dir_with_cleanup(
.venv311\Lib\site-packages\_pytest\pathlib.py:407: in make_numbered_dir_with_cleanup
    raise e
.venv311\Lib\site-packages\_pytest\pathlib.py:388: in make_numbered_dir_with_cleanup
    p = make_numbered_dir(root, prefix, mode)
        ^^^^^^^^^^^^^^^^^^^^^^^^^^^^^^^^^^^^^
.venv311\Lib\site-packages\_pytest\pathlib.py:229: in make_numbered_dir
    max_existing = max(map(parse_num, find_suffixes(root, prefix)), default=-1)
                   ^^^^^^^^^^^^^^^^^^^^^^^^^^^^^^^^^^^^^^^^^^^^^^^^^^^^^^^^^^^^
.venv311\Lib\site-packages\_pytest\pathlib.py:188: in extract_suffixes
    for entry in iter:
.venv311\Lib\site-packages\_pytest\pathlib.py:176: in find_prefixed
    for x in os.scandir(root):
             ^^^^^^^^^^^^^^^^
E   PermissionError: [WinError 5] アクセスが拒否されました。: 'C:\\Users\\ynobe\\AppData\\Local\\Temp\\pytest-of-ynobe'
_ ERROR at setup of test_build_crawl_targets_selects_only_allowed_issuer_crawl _
.venv311\Lib\site-packages\_pytest\runner.py:353: in from_call
    result: TResult | None = func()
                             ^^^^^^
.venv311\Lib\site-packages\_pytest\runner.py:245: in <lambda>
    lambda: runtest_hook(item=item, **kwds),
            ^^^^^^^^^^^^^^^^^^^^^^^^^^^^^^^
.venv311\Lib\site-packages\pluggy\_hooks.py:512: in __call__
    return self._hookexec(self.name, self._hookimpls.copy(), kwargs, firstresult)
           ^^^^^^^^^^^^^^^^^^^^^^^^^^^^^^^^^^^^^^^^^^^^^^^^^^^^^^^^^^^^^^^^^^^^^^
.venv311\Lib\site-packages\pluggy\_manager.py:120: in _hookexec
    return self._inner_hookexec(hook_name, methods, kwargs, firstresult)
           ^^^^^^^^^^^^^^^^^^^^^^^^^^^^^^^^^^^^^^^^^^^^^^^^^^^^^^^^^^^^^
.venv311\Lib\site-packages\_pytest\logging.py:843: in pytest_runtest_setup
    yield
.venv311\Lib\site-packages\_pytest\capture.py:895: in pytest_runtest_setup
    return (yield)
            ^^^^^
.venv311\Lib\site-packages\_pytest\runner.py:165: in pytest_runtest_setup
    item.session._setupstate.setup(item)
.venv311\Lib\site-packages\_pytest\runner.py:523: in setup
    col.setup()
.venv311\Lib\site-packages\_pytest\python.py:1723: in setup
    self._request._fillfixtures()
.venv311\Lib\site-packages\_pytest\fixtures.py:707: in _fillfixtures
    item.funcargs[argname] = self.getfixturevalue(argname)
                             ^^^^^^^^^^^^^^^^^^^^^^^^^^^^^
.venv311\Lib\site-packages\_pytest\fixtures.py:539: in getfixturevalue
    fixturedef = self._get_active_fixturedef(argname)
                 ^^^^^^^^^^^^^^^^^^^^^^^^^^^^^^^^^^^^
.venv311\Lib\site-packages\_pytest\fixtures.py:627: in _get_active_fixturedef
    fixturedef.execute(request=subrequest)
.venv311\Lib\site-packages\_pytest\fixtures.py:1110: in execute
    result: FixtureValue = ihook.pytest_fixture_setup(
.venv311\Lib\site-packages\pluggy\_hooks.py:512: in __call__
    return self._hookexec(self.name, self._hookimpls.copy(), kwargs, firstresult)
           ^^^^^^^^^^^^^^^^^^^^^^^^^^^^^^^^^^^^^^^^^^^^^^^^^^^^^^^^^^^^^^^^^^^^^^
.venv311\Lib\site-packages\pluggy\_manager.py:120: in _hookexec
    return self._inner_hookexec(hook_name, methods, kwargs, firstresult)
           ^^^^^^^^^^^^^^^^^^^^^^^^^^^^^^^^^^^^^^^^^^^^^^^^^^^^^^^^^^^^^
.venv311\Lib\site-packages\pluggy\_callers.py:53: in run_old_style_hookwrapper
    return result.get_result()
           ^^^^^^^^^^^^^^^^^^^
.venv311\Lib\site-packages\pluggy\_callers.py:38: in run_old_style_hookwrapper
    res = yield
          ^^^^^
.venv311\Lib\site-packages\_pytest\setuponly.py:36: in pytest_fixture_setup
    return (yield)
            ^^^^^
.venv311\Lib\site-packages\_pytest\fixtures.py:1202: in pytest_fixture_setup
    result = call_fixture_func(fixturefunc, request, kwargs)
             ^^^^^^^^^^^^^^^^^^^^^^^^^^^^^^^^^^^^^^^^^^^^^^^
.venv311\Lib\site-packages\_pytest\fixtures.py:908: in call_fixture_func
    fixture_result = next(generator)
                     ^^^^^^^^^^^^^^^
.venv311\Lib\site-packages\_pytest\tmpdir.py:289: in tmp_path
    path = _mk_tmp(request, tmp_path_factory)
           ^^^^^^^^^^^^^^^^^^^^^^^^^^^^^^^^^^
.venv311\Lib\site-packages\_pytest\tmpdir.py:276: in _mk_tmp
    return factory.mktemp(name, numbered=True)
           ^^^^^^^^^^^^^^^^^^^^^^^^^^^^^^^^^^^
.venv311\Lib\site-packages\_pytest\tmpdir.py:131: in mktemp
    basename = self._ensure_relative_to_basetemp(basename)
               ^^^^^^^^^^^^^^^^^^^^^^^^^^^^^^^^^^^^^^^^^^^
.venv311\Lib\site-packages\_pytest\tmpdir.py:112: in _ensure_relative_to_basetemp
    if (self.getbasetemp() / basename).resolve().parent != self.getbasetemp():
        ^^^^^^^^^^^^^^^^^^
.venv311\Lib\site-packages\_pytest\tmpdir.py:208: in getbasetemp
    basetemp = make_numbered_dir_with_cleanup(
.venv311\Lib\site-packages\_pytest\pathlib.py:407: in make_numbered_dir_with_cleanup
    raise e
.venv311\Lib\site-packages\_pytest\pathlib.py:388: in make_numbered_dir_with_cleanup
    p = make_numbered_dir(root, prefix, mode)
        ^^^^^^^^^^^^^^^^^^^^^^^^^^^^^^^^^^^^^
.venv311\Lib\site-packages\_pytest\pathlib.py:229: in make_numbered_dir
    max_existing = max(map(parse_num, find_suffixes(root, prefix)), default=-1)
                   ^^^^^^^^^^^^^^^^^^^^^^^^^^^^^^^^^^^^^^^^^^^^^^^^^^^^^^^^^^^^
.venv311\Lib\site-packages\_pytest\pathlib.py:188: in extract_suffixes
    for entry in iter:
.venv311\Lib\site-packages\_pytest\pathlib.py:176: in find_prefixed
    for x in os.scandir(root):
             ^^^^^^^^^^^^^^^^
E   PermissionError: [WinError 5] アクセスが拒否されました。: 'C:\\Users\\ynobe\\AppData\\Local\\Temp\\pytest-of-ynobe'
__________ ERROR at setup of test_row_roundtrip_and_csv_is_loadable ___________
.venv311\Lib\site-packages\_pytest\runner.py:353: in from_call
    result: TResult | None = func()
                             ^^^^^^
.venv311\Lib\site-packages\_pytest\runner.py:245: in <lambda>
    lambda: runtest_hook(item=item, **kwds),
            ^^^^^^^^^^^^^^^^^^^^^^^^^^^^^^^
.venv311\Lib\site-packages\pluggy\_hooks.py:512: in __call__
    return self._hookexec(self.name, self._hookimpls.copy(), kwargs, firstresult)
           ^^^^^^^^^^^^^^^^^^^^^^^^^^^^^^^^^^^^^^^^^^^^^^^^^^^^^^^^^^^^^^^^^^^^^^
.venv311\Lib\site-packages\pluggy\_manager.py:120: in _hookexec
    return self._inner_hookexec(hook_name, methods, kwargs, firstresult)
           ^^^^^^^^^^^^^^^^^^^^^^^^^^^^^^^^^^^^^^^^^^^^^^^^^^^^^^^^^^^^^
.venv311\Lib\site-packages\_pytest\logging.py:843: in pytest_runtest_setup
    yield
.venv311\Lib\site-packages\_pytest\capture.py:895: in pytest_runtest_setup
    return (yield)
            ^^^^^
.venv311\Lib\site-packages\_pytest\runner.py:165: in pytest_runtest_setup
    item.session._setupstate.setup(item)
.venv311\Lib\site-packages\_pytest\runner.py:523: in setup
    col.setup()
.venv311\Lib\site-packages\_pytest\python.py:1723: in setup
    self._request._fillfixtures()
.venv311\Lib\site-packages\_pytest\fixtures.py:707: in _fillfixtures
    item.funcargs[argname] = self.getfixturevalue(argname)
                             ^^^^^^^^^^^^^^^^^^^^^^^^^^^^^
.venv311\Lib\site-packages\_pytest\fixtures.py:539: in getfixturevalue
    fixturedef = self._get_active_fixturedef(argname)
                 ^^^^^^^^^^^^^^^^^^^^^^^^^^^^^^^^^^^^
.venv311\Lib\site-packages\_pytest\fixtures.py:627: in _get_active_fixturedef
    fixturedef.execute(request=subrequest)
.venv311\Lib\site-packages\_pytest\fixtures.py:1110: in execute
    result: FixtureValue = ihook.pytest_fixture_setup(
.venv311\Lib\site-packages\pluggy\_hooks.py:512: in __call__
    return self._hookexec(self.name, self._hookimpls.copy(), kwargs, firstresult)
           ^^^^^^^^^^^^^^^^^^^^^^^^^^^^^^^^^^^^^^^^^^^^^^^^^^^^^^^^^^^^^^^^^^^^^^
.venv311\Lib\site-packages\pluggy\_manager.py:120: in _hookexec
    return self._inner_hookexec(hook_name, methods, kwargs, firstresult)
           ^^^^^^^^^^^^^^^^^^^^^^^^^^^^^^^^^^^^^^^^^^^^^^^^^^^^^^^^^^^^^
.venv311\Lib\site-packages\pluggy\_callers.py:53: in run_old_style_hookwrapper
    return result.get_result()
           ^^^^^^^^^^^^^^^^^^^
.venv311\Lib\site-packages\pluggy\_callers.py:38: in run_old_style_hookwrapper
    res = yield
          ^^^^^
.venv311\Lib\site-packages\_pytest\setuponly.py:36: in pytest_fixture_setup
    return (yield)
            ^^^^^
.venv311\Lib\site-packages\_pytest\fixtures.py:1202: in pytest_fixture_setup
    result = call_fixture_func(fixturefunc, request, kwargs)
             ^^^^^^^^^^^^^^^^^^^^^^^^^^^^^^^^^^^^^^^^^^^^^^^
.venv311\Lib\site-packages\_pytest\fixtures.py:908: in call_fixture_func
    fixture_result = next(generator)
                     ^^^^^^^^^^^^^^^
.venv311\Lib\site-packages\_pytest\tmpdir.py:289: in tmp_path
    path = _mk_tmp(request, tmp_path_factory)
           ^^^^^^^^^^^^^^^^^^^^^^^^^^^^^^^^^^
.venv311\Lib\site-packages\_pytest\tmpdir.py:276: in _mk_tmp
    return factory.mktemp(name, numbered=True)
           ^^^^^^^^^^^^^^^^^^^^^^^^^^^^^^^^^^^
.venv311\Lib\site-packages\_pytest\tmpdir.py:131: in mktemp
    basename = self._ensure_relative_to_basetemp(basename)
               ^^^^^^^^^^^^^^^^^^^^^^^^^^^^^^^^^^^^^^^^^^^
.venv311\Lib\site-packages\_pytest\tmpdir.py:112: in _ensure_relative_to_basetemp
    if (self.getbasetemp() / basename).resolve().parent != self.getbasetemp():
        ^^^^^^^^^^^^^^^^^^
.venv311\Lib\site-packages\_pytest\tmpdir.py:208: in getbasetemp
    basetemp = make_numbered_dir_with_cleanup(
.venv311\Lib\site-packages\_pytest\pathlib.py:407: in make_numbered_dir_with_cleanup
    raise e
.venv311\Lib\site-packages\_pytest\pathlib.py:388: in make_numbered_dir_with_cleanup
    p = make_numbered_dir(root, prefix, mode)
        ^^^^^^^^^^^^^^^^^^^^^^^^^^^^^^^^^^^^^
.venv311\Lib\site-packages\_pytest\pathlib.py:229: in make_numbered_dir
    max_existing = max(map(parse_num, find_suffixes(root, prefix)), default=-1)
                   ^^^^^^^^^^^^^^^^^^^^^^^^^^^^^^^^^^^^^^^^^^^^^^^^^^^^^^^^^^^^
.venv311\Lib\site-packages\_pytest\pathlib.py:188: in extract_suffixes
    for entry in iter:
.venv311\Lib\site-packages\_pytest\pathlib.py:176: in find_prefixed
    for x in os.scandir(root):
             ^^^^^^^^^^^^^^^^
E   PermissionError: [WinError 5] アクセスが拒否されました。: 'C:\\Users\\ynobe\\AppData\\Local\\Temp\\pytest-of-ynobe'
_____ ERROR at setup of test_run_edinet_ingest_backfill_years_scans_range _____
.venv311\Lib\site-packages\_pytest\runner.py:353: in from_call
    result: TResult | None = func()
                             ^^^^^^
.venv311\Lib\site-packages\_pytest\runner.py:245: in <lambda>
    lambda: runtest_hook(item=item, **kwds),
            ^^^^^^^^^^^^^^^^^^^^^^^^^^^^^^^
.venv311\Lib\site-packages\pluggy\_hooks.py:512: in __call__
    return self._hookexec(self.name, self._hookimpls.copy(), kwargs, firstresult)
           ^^^^^^^^^^^^^^^^^^^^^^^^^^^^^^^^^^^^^^^^^^^^^^^^^^^^^^^^^^^^^^^^^^^^^^
.venv311\Lib\site-packages\pluggy\_manager.py:120: in _hookexec
    return self._inner_hookexec(hook_name, methods, kwargs, firstresult)
           ^^^^^^^^^^^^^^^^^^^^^^^^^^^^^^^^^^^^^^^^^^^^^^^^^^^^^^^^^^^^^
.venv311\Lib\site-packages\_pytest\logging.py:843: in pytest_runtest_setup
    yield
.venv311\Lib\site-packages\_pytest\capture.py:895: in pytest_runtest_setup
    return (yield)
            ^^^^^
.venv311\Lib\site-packages\_pytest\runner.py:165: in pytest_runtest_setup
    item.session._setupstate.setup(item)
.venv311\Lib\site-packages\_pytest\runner.py:523: in setup
    col.setup()
.venv311\Lib\site-packages\_pytest\python.py:1723: in setup
    self._request._fillfixtures()
.venv311\Lib\site-packages\_pytest\fixtures.py:707: in _fillfixtures
    item.funcargs[argname] = self.getfixturevalue(argname)
                             ^^^^^^^^^^^^^^^^^^^^^^^^^^^^^
.venv311\Lib\site-packages\_pytest\fixtures.py:539: in getfixturevalue
    fixturedef = self._get_active_fixturedef(argname)
                 ^^^^^^^^^^^^^^^^^^^^^^^^^^^^^^^^^^^^
.venv311\Lib\site-packages\_pytest\fixtures.py:627: in _get_active_fixturedef
    fixturedef.execute(request=subrequest)
.venv311\Lib\site-packages\_pytest\fixtures.py:1110: in execute
    result: FixtureValue = ihook.pytest_fixture_setup(
.venv311\Lib\site-packages\pluggy\_hooks.py:512: in __call__
    return self._hookexec(self.name, self._hookimpls.copy(), kwargs, firstresult)
           ^^^^^^^^^^^^^^^^^^^^^^^^^^^^^^^^^^^^^^^^^^^^^^^^^^^^^^^^^^^^^^^^^^^^^^
.venv311\Lib\site-packages\pluggy\_manager.py:120: in _hookexec
    return self._inner_hookexec(hook_name, methods, kwargs, firstresult)
           ^^^^^^^^^^^^^^^^^^^^^^^^^^^^^^^^^^^^^^^^^^^^^^^^^^^^^^^^^^^^^
.venv311\Lib\site-packages\pluggy\_callers.py:53: in run_old_style_hookwrapper
    return result.get_result()
           ^^^^^^^^^^^^^^^^^^^
.venv311\Lib\site-packages\pluggy\_callers.py:38: in run_old_style_hookwrapper
    res = yield
          ^^^^^
.venv311\Lib\site-packages\_pytest\setuponly.py:36: in pytest_fixture_setup
    return (yield)
            ^^^^^
.venv311\Lib\site-packages\_pytest\fixtures.py:1202: in pytest_fixture_setup
    result = call_fixture_func(fixturefunc, request, kwargs)
             ^^^^^^^^^^^^^^^^^^^^^^^^^^^^^^^^^^^^^^^^^^^^^^^
.venv311\Lib\site-packages\_pytest\fixtures.py:908: in call_fixture_func
    fixture_result = next(generator)
                     ^^^^^^^^^^^^^^^
.venv311\Lib\site-packages\_pytest\tmpdir.py:289: in tmp_path
    path = _mk_tmp(request, tmp_path_factory)
           ^^^^^^^^^^^^^^^^^^^^^^^^^^^^^^^^^^
.venv311\Lib\site-packages\_pytest\tmpdir.py:276: in _mk_tmp
    return factory.mktemp(name, numbered=True)
           ^^^^^^^^^^^^^^^^^^^^^^^^^^^^^^^^^^^
.venv311\Lib\site-packages\_pytest\tmpdir.py:131: in mktemp
    basename = self._ensure_relative_to_basetemp(basename)
               ^^^^^^^^^^^^^^^^^^^^^^^^^^^^^^^^^^^^^^^^^^^
.venv311\Lib\site-packages\_pytest\tmpdir.py:112: in _ensure_relative_to_basetemp
    if (self.getbasetemp() / basename).resolve().parent != self.getbasetemp():
        ^^^^^^^^^^^^^^^^^^
.venv311\Lib\site-packages\_pytest\tmpdir.py:208: in getbasetemp
    basetemp = make_numbered_dir_with_cleanup(
.venv311\Lib\site-packages\_pytest\pathlib.py:407: in make_numbered_dir_with_cleanup
    raise e
.venv311\Lib\site-packages\_pytest\pathlib.py:388: in make_numbered_dir_with_cleanup
    p = make_numbered_dir(root, prefix, mode)
        ^^^^^^^^^^^^^^^^^^^^^^^^^^^^^^^^^^^^^
.venv311\Lib\site-packages\_pytest\pathlib.py:229: in make_numbered_dir
    max_existing = max(map(parse_num, find_suffixes(root, prefix)), default=-1)
                   ^^^^^^^^^^^^^^^^^^^^^^^^^^^^^^^^^^^^^^^^^^^^^^^^^^^^^^^^^^^^
.venv311\Lib\site-packages\_pytest\pathlib.py:188: in extract_suffixes
    for entry in iter:
.venv311\Lib\site-packages\_pytest\pathlib.py:176: in find_prefixed
    for x in os.scandir(root):
             ^^^^^^^^^^^^^^^^
E   PermissionError: [WinError 5] アクセスが拒否されました。: 'C:\\Users\\ynobe\\AppData\\Local\\Temp\\pytest-of-ynobe'
___ ERROR at setup of test_ingest_targets_downloads_latest_and_writes_text ____
.venv311\Lib\site-packages\_pytest\runner.py:353: in from_call
    result: TResult | None = func()
                             ^^^^^^
.venv311\Lib\site-packages\_pytest\runner.py:245: in <lambda>
    lambda: runtest_hook(item=item, **kwds),
            ^^^^^^^^^^^^^^^^^^^^^^^^^^^^^^^
.venv311\Lib\site-packages\pluggy\_hooks.py:512: in __call__
    return self._hookexec(self.name, self._hookimpls.copy(), kwargs, firstresult)
           ^^^^^^^^^^^^^^^^^^^^^^^^^^^^^^^^^^^^^^^^^^^^^^^^^^^^^^^^^^^^^^^^^^^^^^
.venv311\Lib\site-packages\pluggy\_manager.py:120: in _hookexec
    return self._inner_hookexec(hook_name, methods, kwargs, firstresult)
           ^^^^^^^^^^^^^^^^^^^^^^^^^^^^^^^^^^^^^^^^^^^^^^^^^^^^^^^^^^^^^
.venv311\Lib\site-packages\_pytest\logging.py:843: in pytest_runtest_setup
    yield
.venv311\Lib\site-packages\_pytest\capture.py:895: in pytest_runtest_setup
    return (yield)
            ^^^^^
.venv311\Lib\site-packages\_pytest\runner.py:165: in pytest_runtest_setup
    item.session._setupstate.setup(item)
.venv311\Lib\site-packages\_pytest\runner.py:523: in setup
    col.setup()
.venv311\Lib\site-packages\_pytest\python.py:1723: in setup
    self._request._fillfixtures()
.venv311\Lib\site-packages\_pytest\fixtures.py:707: in _fillfixtures
    item.funcargs[argname] = self.getfixturevalue(argname)
                             ^^^^^^^^^^^^^^^^^^^^^^^^^^^^^
.venv311\Lib\site-packages\_pytest\fixtures.py:539: in getfixturevalue
    fixturedef = self._get_active_fixturedef(argname)
                 ^^^^^^^^^^^^^^^^^^^^^^^^^^^^^^^^^^^^
.venv311\Lib\site-packages\_pytest\fixtures.py:627: in _get_active_fixturedef
    fixturedef.execute(request=subrequest)
.venv311\Lib\site-packages\_pytest\fixtures.py:1110: in execute
    result: FixtureValue = ihook.pytest_fixture_setup(
.venv311\Lib\site-packages\pluggy\_hooks.py:512: in __call__
    return self._hookexec(self.name, self._hookimpls.copy(), kwargs, firstresult)
           ^^^^^^^^^^^^^^^^^^^^^^^^^^^^^^^^^^^^^^^^^^^^^^^^^^^^^^^^^^^^^^^^^^^^^^
.venv311\Lib\site-packages\pluggy\_manager.py:120: in _hookexec
    return self._inner_hookexec(hook_name, methods, kwargs, firstresult)
           ^^^^^^^^^^^^^^^^^^^^^^^^^^^^^^^^^^^^^^^^^^^^^^^^^^^^^^^^^^^^^
.venv311\Lib\site-packages\pluggy\_callers.py:53: in run_old_style_hookwrapper
    return result.get_result()
           ^^^^^^^^^^^^^^^^^^^
.venv311\Lib\site-packages\pluggy\_callers.py:38: in run_old_style_hookwrapper
    res = yield
          ^^^^^
.venv311\Lib\site-packages\_pytest\setuponly.py:36: in pytest_fixture_setup
    return (yield)
            ^^^^^
.venv311\Lib\site-packages\_pytest\fixtures.py:1202: in pytest_fixture_setup
    result = call_fixture_func(fixturefunc, request, kwargs)
             ^^^^^^^^^^^^^^^^^^^^^^^^^^^^^^^^^^^^^^^^^^^^^^^
.venv311\Lib\site-packages\_pytest\fixtures.py:908: in call_fixture_func
    fixture_result = next(generator)
                     ^^^^^^^^^^^^^^^
.venv311\Lib\site-packages\_pytest\tmpdir.py:289: in tmp_path
    path = _mk_tmp(request, tmp_path_factory)
           ^^^^^^^^^^^^^^^^^^^^^^^^^^^^^^^^^^
.venv311\Lib\site-packages\_pytest\tmpdir.py:276: in _mk_tmp
    return factory.mktemp(name, numbered=True)
           ^^^^^^^^^^^^^^^^^^^^^^^^^^^^^^^^^^^
.venv311\Lib\site-packages\_pytest\tmpdir.py:131: in mktemp
    basename = self._ensure_relative_to_basetemp(basename)
               ^^^^^^^^^^^^^^^^^^^^^^^^^^^^^^^^^^^^^^^^^^^
.venv311\Lib\site-packages\_pytest\tmpdir.py:112: in _ensure_relative_to_basetemp
    if (self.getbasetemp() / basename).resolve().parent != self.getbasetemp():
        ^^^^^^^^^^^^^^^^^^
.venv311\Lib\site-packages\_pytest\tmpdir.py:208: in getbasetemp
    basetemp = make_numbered_dir_with_cleanup(
.venv311\Lib\site-packages\_pytest\pathlib.py:407: in make_numbered_dir_with_cleanup
    raise e
.venv311\Lib\site-packages\_pytest\pathlib.py:388: in make_numbered_dir_with_cleanup
    p = make_numbered_dir(root, prefix, mode)
        ^^^^^^^^^^^^^^^^^^^^^^^^^^^^^^^^^^^^^
.venv311\Lib\site-packages\_pytest\pathlib.py:229: in make_numbered_dir
    max_existing = max(map(parse_num, find_suffixes(root, prefix)), default=-1)
                   ^^^^^^^^^^^^^^^^^^^^^^^^^^^^^^^^^^^^^^^^^^^^^^^^^^^^^^^^^^^^
.venv311\Lib\site-packages\_pytest\pathlib.py:188: in extract_suffixes
    for entry in iter:
.venv311\Lib\site-packages\_pytest\pathlib.py:176: in find_prefixed
    for x in os.scandir(root):
             ^^^^^^^^^^^^^^^^
E   PermissionError: [WinError 5] アクセスが拒否されました。: 'C:\\Users\\ynobe\\AppData\\Local\\Temp\\pytest-of-ynobe'
________ ERROR at setup of test_ingest_targets_keeps_multiple_periods _________
.venv311\Lib\site-packages\_pytest\runner.py:353: in from_call
    result: TResult | None = func()
                             ^^^^^^
.venv311\Lib\site-packages\_pytest\runner.py:245: in <lambda>
    lambda: runtest_hook(item=item, **kwds),
            ^^^^^^^^^^^^^^^^^^^^^^^^^^^^^^^
.venv311\Lib\site-packages\pluggy\_hooks.py:512: in __call__
    return self._hookexec(self.name, self._hookimpls.copy(), kwargs, firstresult)
           ^^^^^^^^^^^^^^^^^^^^^^^^^^^^^^^^^^^^^^^^^^^^^^^^^^^^^^^^^^^^^^^^^^^^^^
.venv311\Lib\site-packages\pluggy\_manager.py:120: in _hookexec
    return self._inner_hookexec(hook_name, methods, kwargs, firstresult)
           ^^^^^^^^^^^^^^^^^^^^^^^^^^^^^^^^^^^^^^^^^^^^^^^^^^^^^^^^^^^^^
.venv311\Lib\site-packages\_pytest\logging.py:843: in pytest_runtest_setup
    yield
.venv311\Lib\site-packages\_pytest\capture.py:895: in pytest_runtest_setup
    return (yield)
            ^^^^^
.venv311\Lib\site-packages\_pytest\runner.py:165: in pytest_runtest_setup
    item.session._setupstate.setup(item)
.venv311\Lib\site-packages\_pytest\runner.py:523: in setup
    col.setup()
.venv311\Lib\site-packages\_pytest\python.py:1723: in setup
    self._request._fillfixtures()
.venv311\Lib\site-packages\_pytest\fixtures.py:707: in _fillfixtures
    item.funcargs[argname] = self.getfixturevalue(argname)
                             ^^^^^^^^^^^^^^^^^^^^^^^^^^^^^
.venv311\Lib\site-packages\_pytest\fixtures.py:539: in getfixturevalue
    fixturedef = self._get_active_fixturedef(argname)
                 ^^^^^^^^^^^^^^^^^^^^^^^^^^^^^^^^^^^^
.venv311\Lib\site-packages\_pytest\fixtures.py:627: in _get_active_fixturedef
    fixturedef.execute(request=subrequest)
.venv311\Lib\site-packages\_pytest\fixtures.py:1110: in execute
    result: FixtureValue = ihook.pytest_fixture_setup(
.venv311\Lib\site-packages\pluggy\_hooks.py:512: in __call__
    return self._hookexec(self.name, self._hookimpls.copy(), kwargs, firstresult)
           ^^^^^^^^^^^^^^^^^^^^^^^^^^^^^^^^^^^^^^^^^^^^^^^^^^^^^^^^^^^^^^^^^^^^^^
.venv311\Lib\site-packages\pluggy\_manager.py:120: in _hookexec
    return self._inner_hookexec(hook_name, methods, kwargs, firstresult)
           ^^^^^^^^^^^^^^^^^^^^^^^^^^^^^^^^^^^^^^^^^^^^^^^^^^^^^^^^^^^^^
.venv311\Lib\site-packages\pluggy\_callers.py:53: in run_old_style_hookwrapper
    return result.get_result()
           ^^^^^^^^^^^^^^^^^^^
.venv311\Lib\site-packages\pluggy\_callers.py:38: in run_old_style_hookwrapper
    res = yield
          ^^^^^
.venv311\Lib\site-packages\_pytest\setuponly.py:36: in pytest_fixture_setup
    return (yield)
            ^^^^^
.venv311\Lib\site-packages\_pytest\fixtures.py:1202: in pytest_fixture_setup
    result = call_fixture_func(fixturefunc, request, kwargs)
             ^^^^^^^^^^^^^^^^^^^^^^^^^^^^^^^^^^^^^^^^^^^^^^^
.venv311\Lib\site-packages\_pytest\fixtures.py:908: in call_fixture_func
    fixture_result = next(generator)
                     ^^^^^^^^^^^^^^^
.venv311\Lib\site-packages\_pytest\tmpdir.py:289: in tmp_path
    path = _mk_tmp(request, tmp_path_factory)
           ^^^^^^^^^^^^^^^^^^^^^^^^^^^^^^^^^^
.venv311\Lib\site-packages\_pytest\tmpdir.py:276: in _mk_tmp
    return factory.mktemp(name, numbered=True)
           ^^^^^^^^^^^^^^^^^^^^^^^^^^^^^^^^^^^
.venv311\Lib\site-packages\_pytest\tmpdir.py:131: in mktemp
    basename = self._ensure_relative_to_basetemp(basename)
               ^^^^^^^^^^^^^^^^^^^^^^^^^^^^^^^^^^^^^^^^^^^
.venv311\Lib\site-packages\_pytest\tmpdir.py:112: in _ensure_relative_to_basetemp
    if (self.getbasetemp() / basename).resolve().parent != self.getbasetemp():
        ^^^^^^^^^^^^^^^^^^
.venv311\Lib\site-packages\_pytest\tmpdir.py:208: in getbasetemp
    basetemp = make_numbered_dir_with_cleanup(
.venv311\Lib\site-packages\_pytest\pathlib.py:407: in make_numbered_dir_with_cleanup
    raise e
.venv311\Lib\site-packages\_pytest\pathlib.py:388: in make_numbered_dir_with_cleanup
    p = make_numbered_dir(root, prefix, mode)
        ^^^^^^^^^^^^^^^^^^^^^^^^^^^^^^^^^^^^^
.venv311\Lib\site-packages\_pytest\pathlib.py:229: in make_numbered_dir
    max_existing = max(map(parse_num, find_suffixes(root, prefix)), default=-1)
                   ^^^^^^^^^^^^^^^^^^^^^^^^^^^^^^^^^^^^^^^^^^^^^^^^^^^^^^^^^^^^
.venv311\Lib\site-packages\_pytest\pathlib.py:188: in extract_suffixes
    for entry in iter:
.venv311\Lib\site-packages\_pytest\pathlib.py:176: in find_prefixed
    for x in os.scandir(root):
             ^^^^^^^^^^^^^^^^
E   PermissionError: [WinError 5] アクセスが拒否されました。: 'C:\\Users\\ynobe\\AppData\\Local\\Temp\\pytest-of-ynobe'
_____ ERROR at setup of test_ingest_targets_skips_already_saved_documents _____
.venv311\Lib\site-packages\_pytest\runner.py:353: in from_call
    result: TResult | None = func()
                             ^^^^^^
.venv311\Lib\site-packages\_pytest\runner.py:245: in <lambda>
    lambda: runtest_hook(item=item, **kwds),
            ^^^^^^^^^^^^^^^^^^^^^^^^^^^^^^^
.venv311\Lib\site-packages\pluggy\_hooks.py:512: in __call__
    return self._hookexec(self.name, self._hookimpls.copy(), kwargs, firstresult)
           ^^^^^^^^^^^^^^^^^^^^^^^^^^^^^^^^^^^^^^^^^^^^^^^^^^^^^^^^^^^^^^^^^^^^^^
.venv311\Lib\site-packages\pluggy\_manager.py:120: in _hookexec
    return self._inner_hookexec(hook_name, methods, kwargs, firstresult)
           ^^^^^^^^^^^^^^^^^^^^^^^^^^^^^^^^^^^^^^^^^^^^^^^^^^^^^^^^^^^^^
.venv311\Lib\site-packages\_pytest\logging.py:843: in pytest_runtest_setup
    yield
.venv311\Lib\site-packages\_pytest\capture.py:895: in pytest_runtest_setup
    return (yield)
            ^^^^^
.venv311\Lib\site-packages\_pytest\runner.py:165: in pytest_runtest_setup
    item.session._setupstate.setup(item)
.venv311\Lib\site-packages\_pytest\runner.py:523: in setup
    col.setup()
.venv311\Lib\site-packages\_pytest\python.py:1723: in setup
    self._request._fillfixtures()
.venv311\Lib\site-packages\_pytest\fixtures.py:707: in _fillfixtures
    item.funcargs[argname] = self.getfixturevalue(argname)
                             ^^^^^^^^^^^^^^^^^^^^^^^^^^^^^
.venv311\Lib\site-packages\_pytest\fixtures.py:539: in getfixturevalue
    fixturedef = self._get_active_fixturedef(argname)
                 ^^^^^^^^^^^^^^^^^^^^^^^^^^^^^^^^^^^^
.venv311\Lib\site-packages\_pytest\fixtures.py:627: in _get_active_fixturedef
    fixturedef.execute(request=subrequest)
.venv311\Lib\site-packages\_pytest\fixtures.py:1110: in execute
    result: FixtureValue = ihook.pytest_fixture_setup(
.venv311\Lib\site-packages\pluggy\_hooks.py:512: in __call__
    return self._hookexec(self.name, self._hookimpls.copy(), kwargs, firstresult)
           ^^^^^^^^^^^^^^^^^^^^^^^^^^^^^^^^^^^^^^^^^^^^^^^^^^^^^^^^^^^^^^^^^^^^^^
.venv311\Lib\site-packages\pluggy\_manager.py:120: in _hookexec
    return self._inner_hookexec(hook_name, methods, kwargs, firstresult)
           ^^^^^^^^^^^^^^^^^^^^^^^^^^^^^^^^^^^^^^^^^^^^^^^^^^^^^^^^^^^^^
.venv311\Lib\site-packages\pluggy\_callers.py:53: in run_old_style_hookwrapper
    return result.get_result()
           ^^^^^^^^^^^^^^^^^^^
.venv311\Lib\site-packages\pluggy\_callers.py:38: in run_old_style_hookwrapper
    res = yield
          ^^^^^
.venv311\Lib\site-packages\_pytest\setuponly.py:36: in pytest_fixture_setup
    return (yield)
            ^^^^^
.venv311\Lib\site-packages\_pytest\fixtures.py:1202: in pytest_fixture_setup
    result = call_fixture_func(fixturefunc, request, kwargs)
             ^^^^^^^^^^^^^^^^^^^^^^^^^^^^^^^^^^^^^^^^^^^^^^^
.venv311\Lib\site-packages\_pytest\fixtures.py:908: in call_fixture_func
    fixture_result = next(generator)
                     ^^^^^^^^^^^^^^^
.venv311\Lib\site-packages\_pytest\tmpdir.py:289: in tmp_path
    path = _mk_tmp(request, tmp_path_factory)
           ^^^^^^^^^^^^^^^^^^^^^^^^^^^^^^^^^^
.venv311\Lib\site-packages\_pytest\tmpdir.py:276: in _mk_tmp
    return factory.mktemp(name, numbered=True)
           ^^^^^^^^^^^^^^^^^^^^^^^^^^^^^^^^^^^
.venv311\Lib\site-packages\_pytest\tmpdir.py:131: in mktemp
    basename = self._ensure_relative_to_basetemp(basename)
               ^^^^^^^^^^^^^^^^^^^^^^^^^^^^^^^^^^^^^^^^^^^
.venv311\Lib\site-packages\_pytest\tmpdir.py:112: in _ensure_relative_to_basetemp
    if (self.getbasetemp() / basename).resolve().parent != self.getbasetemp():
        ^^^^^^^^^^^^^^^^^^
.venv311\Lib\site-packages\_pytest\tmpdir.py:208: in getbasetemp
    basetemp = make_numbered_dir_with_cleanup(
.venv311\Lib\site-packages\_pytest\pathlib.py:407: in make_numbered_dir_with_cleanup
    raise e
.venv311\Lib\site-packages\_pytest\pathlib.py:388: in make_numbered_dir_with_cleanup
    p = make_numbered_dir(root, prefix, mode)
        ^^^^^^^^^^^^^^^^^^^^^^^^^^^^^^^^^^^^^
.venv311\Lib\site-packages\_pytest\pathlib.py:229: in make_numbered_dir
    max_existing = max(map(parse_num, find_suffixes(root, prefix)), default=-1)
                   ^^^^^^^^^^^^^^^^^^^^^^^^^^^^^^^^^^^^^^^^^^^^^^^^^^^^^^^^^^^^
.venv311\Lib\site-packages\_pytest\pathlib.py:188: in extract_suffixes
    for entry in iter:
.venv311\Lib\site-packages\_pytest\pathlib.py:176: in find_prefixed
    for x in os.scandir(root):
             ^^^^^^^^^^^^^^^^
E   PermissionError: [WinError 5] アクセスが拒否されました。: 'C:\\Users\\ynobe\\AppData\\Local\\Temp\\pytest-of-ynobe'
_ ERROR at setup of test_ingest_builds_financials_csv_and_detects_dividend_cut _
.venv311\Lib\site-packages\_pytest\runner.py:353: in from_call
    result: TResult | None = func()
                             ^^^^^^
.venv311\Lib\site-packages\_pytest\runner.py:245: in <lambda>
    lambda: runtest_hook(item=item, **kwds),
            ^^^^^^^^^^^^^^^^^^^^^^^^^^^^^^^
.venv311\Lib\site-packages\pluggy\_hooks.py:512: in __call__
    return self._hookexec(self.name, self._hookimpls.copy(), kwargs, firstresult)
           ^^^^^^^^^^^^^^^^^^^^^^^^^^^^^^^^^^^^^^^^^^^^^^^^^^^^^^^^^^^^^^^^^^^^^^
.venv311\Lib\site-packages\pluggy\_manager.py:120: in _hookexec
    return self._inner_hookexec(hook_name, methods, kwargs, firstresult)
           ^^^^^^^^^^^^^^^^^^^^^^^^^^^^^^^^^^^^^^^^^^^^^^^^^^^^^^^^^^^^^
.venv311\Lib\site-packages\_pytest\logging.py:843: in pytest_runtest_setup
    yield
.venv311\Lib\site-packages\_pytest\capture.py:895: in pytest_runtest_setup
    return (yield)
            ^^^^^
.venv311\Lib\site-packages\_pytest\runner.py:165: in pytest_runtest_setup
    item.session._setupstate.setup(item)
.venv311\Lib\site-packages\_pytest\runner.py:523: in setup
    col.setup()
.venv311\Lib\site-packages\_pytest\python.py:1723: in setup
    self._request._fillfixtures()
.venv311\Lib\site-packages\_pytest\fixtures.py:707: in _fillfixtures
    item.funcargs[argname] = self.getfixturevalue(argname)
                             ^^^^^^^^^^^^^^^^^^^^^^^^^^^^^
.venv311\Lib\site-packages\_pytest\fixtures.py:539: in getfixturevalue
    fixturedef = self._get_active_fixturedef(argname)
                 ^^^^^^^^^^^^^^^^^^^^^^^^^^^^^^^^^^^^
.venv311\Lib\site-packages\_pytest\fixtures.py:627: in _get_active_fixturedef
    fixturedef.execute(request=subrequest)
.venv311\Lib\site-packages\_pytest\fixtures.py:1110: in execute
    result: FixtureValue = ihook.pytest_fixture_setup(
.venv311\Lib\site-packages\pluggy\_hooks.py:512: in __call__
    return self._hookexec(self.name, self._hookimpls.copy(), kwargs, firstresult)
           ^^^^^^^^^^^^^^^^^^^^^^^^^^^^^^^^^^^^^^^^^^^^^^^^^^^^^^^^^^^^^^^^^^^^^^
.venv311\Lib\site-packages\pluggy\_manager.py:120: in _hookexec
    return self._inner_hookexec(hook_name, methods, kwargs, firstresult)
           ^^^^^^^^^^^^^^^^^^^^^^^^^^^^^^^^^^^^^^^^^^^^^^^^^^^^^^^^^^^^^
.venv311\Lib\site-packages\pluggy\_callers.py:53: in run_old_style_hookwrapper
    return result.get_result()
           ^^^^^^^^^^^^^^^^^^^
.venv311\Lib\site-packages\pluggy\_callers.py:38: in run_old_style_hookwrapper
    res = yield
          ^^^^^
.venv311\Lib\site-packages\_pytest\setuponly.py:36: in pytest_fixture_setup
    return (yield)
            ^^^^^
.venv311\Lib\site-packages\_pytest\fixtures.py:1202: in pytest_fixture_setup
    result = call_fixture_func(fixturefunc, request, kwargs)
             ^^^^^^^^^^^^^^^^^^^^^^^^^^^^^^^^^^^^^^^^^^^^^^^
.venv311\Lib\site-packages\_pytest\fixtures.py:908: in call_fixture_func
    fixture_result = next(generator)
                     ^^^^^^^^^^^^^^^
.venv311\Lib\site-packages\_pytest\tmpdir.py:289: in tmp_path
    path = _mk_tmp(request, tmp_path_factory)
           ^^^^^^^^^^^^^^^^^^^^^^^^^^^^^^^^^^
.venv311\Lib\site-packages\_pytest\tmpdir.py:276: in _mk_tmp
    return factory.mktemp(name, numbered=True)
           ^^^^^^^^^^^^^^^^^^^^^^^^^^^^^^^^^^^
.venv311\Lib\site-packages\_pytest\tmpdir.py:131: in mktemp
    basename = self._ensure_relative_to_basetemp(basename)
               ^^^^^^^^^^^^^^^^^^^^^^^^^^^^^^^^^^^^^^^^^^^
.venv311\Lib\site-packages\_pytest\tmpdir.py:112: in _ensure_relative_to_basetemp
    if (self.getbasetemp() / basename).resolve().parent != self.getbasetemp():
        ^^^^^^^^^^^^^^^^^^
.venv311\Lib\site-packages\_pytest\tmpdir.py:208: in getbasetemp
    basetemp = make_numbered_dir_with_cleanup(
.venv311\Lib\site-packages\_pytest\pathlib.py:407: in make_numbered_dir_with_cleanup
    raise e
.venv311\Lib\site-packages\_pytest\pathlib.py:388: in make_numbered_dir_with_cleanup
    p = make_numbered_dir(root, prefix, mode)
        ^^^^^^^^^^^^^^^^^^^^^^^^^^^^^^^^^^^^^
.venv311\Lib\site-packages\_pytest\pathlib.py:229: in make_numbered_dir
    max_existing = max(map(parse_num, find_suffixes(root, prefix)), default=-1)
                   ^^^^^^^^^^^^^^^^^^^^^^^^^^^^^^^^^^^^^^^^^^^^^^^^^^^^^^^^^^^^
.venv311\Lib\site-packages\_pytest\pathlib.py:188: in extract_suffixes
    for entry in iter:
.venv311\Lib\site-packages\_pytest\pathlib.py:176: in find_prefixed
    for x in os.scandir(root):
             ^^^^^^^^^^^^^^^^
E   PermissionError: [WinError 5] アクセスが拒否されました。: 'C:\\Users\\ynobe\\AppData\\Local\\Temp\\pytest-of-ynobe'
_ ERROR at setup of test_financials_csv_is_durable_across_runs_after_pruning __
.venv311\Lib\site-packages\_pytest\runner.py:353: in from_call
    result: TResult | None = func()
                             ^^^^^^
.venv311\Lib\site-packages\_pytest\runner.py:245: in <lambda>
    lambda: runtest_hook(item=item, **kwds),
            ^^^^^^^^^^^^^^^^^^^^^^^^^^^^^^^
.venv311\Lib\site-packages\pluggy\_hooks.py:512: in __call__
    return self._hookexec(self.name, self._hookimpls.copy(), kwargs, firstresult)
           ^^^^^^^^^^^^^^^^^^^^^^^^^^^^^^^^^^^^^^^^^^^^^^^^^^^^^^^^^^^^^^^^^^^^^^
.venv311\Lib\site-packages\pluggy\_manager.py:120: in _hookexec
    return self._inner_hookexec(hook_name, methods, kwargs, firstresult)
           ^^^^^^^^^^^^^^^^^^^^^^^^^^^^^^^^^^^^^^^^^^^^^^^^^^^^^^^^^^^^^
.venv311\Lib\site-packages\_pytest\logging.py:843: in pytest_runtest_setup
    yield
.venv311\Lib\site-packages\_pytest\capture.py:895: in pytest_runtest_setup
    return (yield)
            ^^^^^
.venv311\Lib\site-packages\_pytest\runner.py:165: in pytest_runtest_setup
    item.session._setupstate.setup(item)
.venv311\Lib\site-packages\_pytest\runner.py:523: in setup
    col.setup()
.venv311\Lib\site-packages\_pytest\python.py:1723: in setup
    self._request._fillfixtures()
.venv311\Lib\site-packages\_pytest\fixtures.py:707: in _fillfixtures
    item.funcargs[argname] = self.getfixturevalue(argname)
                             ^^^^^^^^^^^^^^^^^^^^^^^^^^^^^
.venv311\Lib\site-packages\_pytest\fixtures.py:539: in getfixturevalue
    fixturedef = self._get_active_fixturedef(argname)
                 ^^^^^^^^^^^^^^^^^^^^^^^^^^^^^^^^^^^^
.venv311\Lib\site-packages\_pytest\fixtures.py:627: in _get_active_fixturedef
    fixturedef.execute(request=subrequest)
.venv311\Lib\site-packages\_pytest\fixtures.py:1110: in execute
    result: FixtureValue = ihook.pytest_fixture_setup(
.venv311\Lib\site-packages\pluggy\_hooks.py:512: in __call__
    return self._hookexec(self.name, self._hookimpls.copy(), kwargs, firstresult)
           ^^^^^^^^^^^^^^^^^^^^^^^^^^^^^^^^^^^^^^^^^^^^^^^^^^^^^^^^^^^^^^^^^^^^^^
.venv311\Lib\site-packages\pluggy\_manager.py:120: in _hookexec
    return self._inner_hookexec(hook_name, methods, kwargs, firstresult)
           ^^^^^^^^^^^^^^^^^^^^^^^^^^^^^^^^^^^^^^^^^^^^^^^^^^^^^^^^^^^^^
.venv311\Lib\site-packages\pluggy\_callers.py:53: in run_old_style_hookwrapper
    return result.get_result()
           ^^^^^^^^^^^^^^^^^^^
.venv311\Lib\site-packages\pluggy\_callers.py:38: in run_old_style_hookwrapper
    res = yield
          ^^^^^
.venv311\Lib\site-packages\_pytest\setuponly.py:36: in pytest_fixture_setup
    return (yield)
            ^^^^^
.venv311\Lib\site-packages\_pytest\fixtures.py:1202: in pytest_fixture_setup
    result = call_fixture_func(fixturefunc, request, kwargs)
             ^^^^^^^^^^^^^^^^^^^^^^^^^^^^^^^^^^^^^^^^^^^^^^^
.venv311\Lib\site-packages\_pytest\fixtures.py:908: in call_fixture_func
    fixture_result = next(generator)
                     ^^^^^^^^^^^^^^^
.venv311\Lib\site-packages\_pytest\tmpdir.py:289: in tmp_path
    path = _mk_tmp(request, tmp_path_factory)
           ^^^^^^^^^^^^^^^^^^^^^^^^^^^^^^^^^^
.venv311\Lib\site-packages\_pytest\tmpdir.py:276: in _mk_tmp
    return factory.mktemp(name, numbered=True)
           ^^^^^^^^^^^^^^^^^^^^^^^^^^^^^^^^^^^
.venv311\Lib\site-packages\_pytest\tmpdir.py:131: in mktemp
    basename = self._ensure_relative_to_basetemp(basename)
               ^^^^^^^^^^^^^^^^^^^^^^^^^^^^^^^^^^^^^^^^^^^
.venv311\Lib\site-packages\_pytest\tmpdir.py:112: in _ensure_relative_to_basetemp
    if (self.getbasetemp() / basename).resolve().parent != self.getbasetemp():
        ^^^^^^^^^^^^^^^^^^
.venv311\Lib\site-packages\_pytest\tmpdir.py:208: in getbasetemp
    basetemp = make_numbered_dir_with_cleanup(
.venv311\Lib\site-packages\_pytest\pathlib.py:407: in make_numbered_dir_with_cleanup
    raise e
.venv311\Lib\site-packages\_pytest\pathlib.py:388: in make_numbered_dir_with_cleanup
    p = make_numbered_dir(root, prefix, mode)
        ^^^^^^^^^^^^^^^^^^^^^^^^^^^^^^^^^^^^^
.venv311\Lib\site-packages\_pytest\pathlib.py:229: in make_numbered_dir
    max_existing = max(map(parse_num, find_suffixes(root, prefix)), default=-1)
                   ^^^^^^^^^^^^^^^^^^^^^^^^^^^^^^^^^^^^^^^^^^^^^^^^^^^^^^^^^^^^
.venv311\Lib\site-packages\_pytest\pathlib.py:188: in extract_suffixes
    for entry in iter:
.venv311\Lib\site-packages\_pytest\pathlib.py:176: in find_prefixed
    for x in os.scandir(root):
             ^^^^^^^^^^^^^^^^
E   PermissionError: [WinError 5] アクセスが拒否されました。: 'C:\\Users\\ynobe\\AppData\\Local\\Temp\\pytest-of-ynobe'
__ ERROR at setup of test_ingest_recovers_points_from_sidecar_on_cached_run ___
.venv311\Lib\site-packages\_pytest\runner.py:353: in from_call
    result: TResult | None = func()
                             ^^^^^^
.venv311\Lib\site-packages\_pytest\runner.py:245: in <lambda>
    lambda: runtest_hook(item=item, **kwds),
            ^^^^^^^^^^^^^^^^^^^^^^^^^^^^^^^
.venv311\Lib\site-packages\pluggy\_hooks.py:512: in __call__
    return self._hookexec(self.name, self._hookimpls.copy(), kwargs, firstresult)
           ^^^^^^^^^^^^^^^^^^^^^^^^^^^^^^^^^^^^^^^^^^^^^^^^^^^^^^^^^^^^^^^^^^^^^^
.venv311\Lib\site-packages\pluggy\_manager.py:120: in _hookexec
    return self._inner_hookexec(hook_name, methods, kwargs, firstresult)
           ^^^^^^^^^^^^^^^^^^^^^^^^^^^^^^^^^^^^^^^^^^^^^^^^^^^^^^^^^^^^^
.venv311\Lib\site-packages\_pytest\logging.py:843: in pytest_runtest_setup
    yield
.venv311\Lib\site-packages\_pytest\capture.py:895: in pytest_runtest_setup
    return (yield)
            ^^^^^
.venv311\Lib\site-packages\_pytest\runner.py:165: in pytest_runtest_setup
    item.session._setupstate.setup(item)
.venv311\Lib\site-packages\_pytest\runner.py:523: in setup
    col.setup()
.venv311\Lib\site-packages\_pytest\python.py:1723: in setup
    self._request._fillfixtures()
.venv311\Lib\site-packages\_pytest\fixtures.py:707: in _fillfixtures
    item.funcargs[argname] = self.getfixturevalue(argname)
                             ^^^^^^^^^^^^^^^^^^^^^^^^^^^^^
.venv311\Lib\site-packages\_pytest\fixtures.py:539: in getfixturevalue
    fixturedef = self._get_active_fixturedef(argname)
                 ^^^^^^^^^^^^^^^^^^^^^^^^^^^^^^^^^^^^
.venv311\Lib\site-packages\_pytest\fixtures.py:627: in _get_active_fixturedef
    fixturedef.execute(request=subrequest)
.venv311\Lib\site-packages\_pytest\fixtures.py:1110: in execute
    result: FixtureValue = ihook.pytest_fixture_setup(
.venv311\Lib\site-packages\pluggy\_hooks.py:512: in __call__
    return self._hookexec(self.name, self._hookimpls.copy(), kwargs, firstresult)
           ^^^^^^^^^^^^^^^^^^^^^^^^^^^^^^^^^^^^^^^^^^^^^^^^^^^^^^^^^^^^^^^^^^^^^^
.venv311\Lib\site-packages\pluggy\_manager.py:120: in _hookexec
    return self._inner_hookexec(hook_name, methods, kwargs, firstresult)
           ^^^^^^^^^^^^^^^^^^^^^^^^^^^^^^^^^^^^^^^^^^^^^^^^^^^^^^^^^^^^^
.venv311\Lib\site-packages\pluggy\_callers.py:53: in run_old_style_hookwrapper
    return result.get_result()
           ^^^^^^^^^^^^^^^^^^^
.venv311\Lib\site-packages\pluggy\_callers.py:38: in run_old_style_hookwrapper
    res = yield
          ^^^^^
.venv311\Lib\site-packages\_pytest\setuponly.py:36: in pytest_fixture_setup
    return (yield)
            ^^^^^
.venv311\Lib\site-packages\_pytest\fixtures.py:1202: in pytest_fixture_setup
    result = call_fixture_func(fixturefunc, request, kwargs)
             ^^^^^^^^^^^^^^^^^^^^^^^^^^^^^^^^^^^^^^^^^^^^^^^
.venv311\Lib\site-packages\_pytest\fixtures.py:908: in call_fixture_func
    fixture_result = next(generator)
                     ^^^^^^^^^^^^^^^
.venv311\Lib\site-packages\_pytest\tmpdir.py:289: in tmp_path
    path = _mk_tmp(request, tmp_path_factory)
           ^^^^^^^^^^^^^^^^^^^^^^^^^^^^^^^^^^
.venv311\Lib\site-packages\_pytest\tmpdir.py:276: in _mk_tmp
    return factory.mktemp(name, numbered=True)
           ^^^^^^^^^^^^^^^^^^^^^^^^^^^^^^^^^^^
.venv311\Lib\site-packages\_pytest\tmpdir.py:131: in mktemp
    basename = self._ensure_relative_to_basetemp(basename)
               ^^^^^^^^^^^^^^^^^^^^^^^^^^^^^^^^^^^^^^^^^^^
.venv311\Lib\site-packages\_pytest\tmpdir.py:112: in _ensure_relative_to_basetemp
    if (self.getbasetemp() / basename).resolve().parent != self.getbasetemp():
        ^^^^^^^^^^^^^^^^^^
.venv311\Lib\site-packages\_pytest\tmpdir.py:208: in getbasetemp
    basetemp = make_numbered_dir_with_cleanup(
.venv311\Lib\site-packages\_pytest\pathlib.py:407: in make_numbered_dir_with_cleanup
    raise e
.venv311\Lib\site-packages\_pytest\pathlib.py:388: in make_numbered_dir_with_cleanup
    p = make_numbered_dir(root, prefix, mode)
        ^^^^^^^^^^^^^^^^^^^^^^^^^^^^^^^^^^^^^
.venv311\Lib\site-packages\_pytest\pathlib.py:229: in make_numbered_dir
    max_existing = max(map(parse_num, find_suffixes(root, prefix)), default=-1)
                   ^^^^^^^^^^^^^^^^^^^^^^^^^^^^^^^^^^^^^^^^^^^^^^^^^^^^^^^^^^^^
.venv311\Lib\site-packages\_pytest\pathlib.py:188: in extract_suffixes
    for entry in iter:
.venv311\Lib\site-packages\_pytest\pathlib.py:176: in find_prefixed
    for x in os.scandir(root):
             ^^^^^^^^^^^^^^^^
E   PermissionError: [WinError 5] アクセスが拒否されました。: 'C:\\Users\\ynobe\\AppData\\Local\\Temp\\pytest-of-ynobe'
___ ERROR at setup of test_edinet_save_writes_provenance_no_link_by_default ___
.venv311\Lib\site-packages\_pytest\runner.py:353: in from_call
    result: TResult | None = func()
                             ^^^^^^
.venv311\Lib\site-packages\_pytest\runner.py:245: in <lambda>
    lambda: runtest_hook(item=item, **kwds),
            ^^^^^^^^^^^^^^^^^^^^^^^^^^^^^^^
.venv311\Lib\site-packages\pluggy\_hooks.py:512: in __call__
    return self._hookexec(self.name, self._hookimpls.copy(), kwargs, firstresult)
           ^^^^^^^^^^^^^^^^^^^^^^^^^^^^^^^^^^^^^^^^^^^^^^^^^^^^^^^^^^^^^^^^^^^^^^
.venv311\Lib\site-packages\pluggy\_manager.py:120: in _hookexec
    return self._inner_hookexec(hook_name, methods, kwargs, firstresult)
           ^^^^^^^^^^^^^^^^^^^^^^^^^^^^^^^^^^^^^^^^^^^^^^^^^^^^^^^^^^^^^
.venv311\Lib\site-packages\_pytest\logging.py:843: in pytest_runtest_setup
    yield
.venv311\Lib\site-packages\_pytest\capture.py:895: in pytest_runtest_setup
    return (yield)
            ^^^^^
.venv311\Lib\site-packages\_pytest\runner.py:165: in pytest_runtest_setup
    item.session._setupstate.setup(item)
.venv311\Lib\site-packages\_pytest\runner.py:523: in setup
    col.setup()
.venv311\Lib\site-packages\_pytest\python.py:1723: in setup
    self._request._fillfixtures()
.venv311\Lib\site-packages\_pytest\fixtures.py:707: in _fillfixtures
    item.funcargs[argname] = self.getfixturevalue(argname)
                             ^^^^^^^^^^^^^^^^^^^^^^^^^^^^^
.venv311\Lib\site-packages\_pytest\fixtures.py:539: in getfixturevalue
    fixturedef = self._get_active_fixturedef(argname)
                 ^^^^^^^^^^^^^^^^^^^^^^^^^^^^^^^^^^^^
.venv311\Lib\site-packages\_pytest\fixtures.py:627: in _get_active_fixturedef
    fixturedef.execute(request=subrequest)
.venv311\Lib\site-packages\_pytest\fixtures.py:1110: in execute
    result: FixtureValue = ihook.pytest_fixture_setup(
.venv311\Lib\site-packages\pluggy\_hooks.py:512: in __call__
    return self._hookexec(self.name, self._hookimpls.copy(), kwargs, firstresult)
           ^^^^^^^^^^^^^^^^^^^^^^^^^^^^^^^^^^^^^^^^^^^^^^^^^^^^^^^^^^^^^^^^^^^^^^
.venv311\Lib\site-packages\pluggy\_manager.py:120: in _hookexec
    return self._inner_hookexec(hook_name, methods, kwargs, firstresult)
           ^^^^^^^^^^^^^^^^^^^^^^^^^^^^^^^^^^^^^^^^^^^^^^^^^^^^^^^^^^^^^
.venv311\Lib\site-packages\pluggy\_callers.py:53: in run_old_style_hookwrapper
    return result.get_result()
           ^^^^^^^^^^^^^^^^^^^
.venv311\Lib\site-packages\pluggy\_callers.py:38: in run_old_style_hookwrapper
    res = yield
          ^^^^^
.venv311\Lib\site-packages\_pytest\setuponly.py:36: in pytest_fixture_setup
    return (yield)
            ^^^^^
.venv311\Lib\site-packages\_pytest\fixtures.py:1202: in pytest_fixture_setup
    result = call_fixture_func(fixturefunc, request, kwargs)
             ^^^^^^^^^^^^^^^^^^^^^^^^^^^^^^^^^^^^^^^^^^^^^^^
.venv311\Lib\site-packages\_pytest\fixtures.py:908: in call_fixture_func
    fixture_result = next(generator)
                     ^^^^^^^^^^^^^^^
.venv311\Lib\site-packages\_pytest\tmpdir.py:289: in tmp_path
    path = _mk_tmp(request, tmp_path_factory)
           ^^^^^^^^^^^^^^^^^^^^^^^^^^^^^^^^^^
.venv311\Lib\site-packages\_pytest\tmpdir.py:276: in _mk_tmp
    return factory.mktemp(name, numbered=True)
           ^^^^^^^^^^^^^^^^^^^^^^^^^^^^^^^^^^^
.venv311\Lib\site-packages\_pytest\tmpdir.py:131: in mktemp
    basename = self._ensure_relative_to_basetemp(basename)
               ^^^^^^^^^^^^^^^^^^^^^^^^^^^^^^^^^^^^^^^^^^^
.venv311\Lib\site-packages\_pytest\tmpdir.py:112: in _ensure_relative_to_basetemp
    if (self.getbasetemp() / basename).resolve().parent != self.getbasetemp():
        ^^^^^^^^^^^^^^^^^^
.venv311\Lib\site-packages\_pytest\tmpdir.py:208: in getbasetemp
    basetemp = make_numbered_dir_with_cleanup(
.venv311\Lib\site-packages\_pytest\pathlib.py:407: in make_numbered_dir_with_cleanup
    raise e
.venv311\Lib\site-packages\_pytest\pathlib.py:388: in make_numbered_dir_with_cleanup
    p = make_numbered_dir(root, prefix, mode)
        ^^^^^^^^^^^^^^^^^^^^^^^^^^^^^^^^^^^^^
.venv311\Lib\site-packages\_pytest\pathlib.py:229: in make_numbered_dir
    max_existing = max(map(parse_num, find_suffixes(root, prefix)), default=-1)
                   ^^^^^^^^^^^^^^^^^^^^^^^^^^^^^^^^^^^^^^^^^^^^^^^^^^^^^^^^^^^^
.venv311\Lib\site-packages\_pytest\pathlib.py:188: in extract_suffixes
    for entry in iter:
.venv311\Lib\site-packages\_pytest\pathlib.py:176: in find_prefixed
    for x in os.scandir(root):
             ^^^^^^^^^^^^^^^^
E   PermissionError: [WinError 5] アクセスが拒否されました。: 'C:\\Users\\ynobe\\AppData\\Local\\Temp\\pytest-of-ynobe'
___ ERROR at setup of test_edinet_save_writes_source_url_when_template_set ____
.venv311\Lib\site-packages\_pytest\runner.py:353: in from_call
    result: TResult | None = func()
                             ^^^^^^
.venv311\Lib\site-packages\_pytest\runner.py:245: in <lambda>
    lambda: runtest_hook(item=item, **kwds),
            ^^^^^^^^^^^^^^^^^^^^^^^^^^^^^^^
.venv311\Lib\site-packages\pluggy\_hooks.py:512: in __call__
    return self._hookexec(self.name, self._hookimpls.copy(), kwargs, firstresult)
           ^^^^^^^^^^^^^^^^^^^^^^^^^^^^^^^^^^^^^^^^^^^^^^^^^^^^^^^^^^^^^^^^^^^^^^
.venv311\Lib\site-packages\pluggy\_manager.py:120: in _hookexec
    return self._inner_hookexec(hook_name, methods, kwargs, firstresult)
           ^^^^^^^^^^^^^^^^^^^^^^^^^^^^^^^^^^^^^^^^^^^^^^^^^^^^^^^^^^^^^
.venv311\Lib\site-packages\_pytest\logging.py:843: in pytest_runtest_setup
    yield
.venv311\Lib\site-packages\_pytest\capture.py:895: in pytest_runtest_setup
    return (yield)
            ^^^^^
.venv311\Lib\site-packages\_pytest\runner.py:165: in pytest_runtest_setup
    item.session._setupstate.setup(item)
.venv311\Lib\site-packages\_pytest\runner.py:523: in setup
    col.setup()
.venv311\Lib\site-packages\_pytest\python.py:1723: in setup
    self._request._fillfixtures()
.venv311\Lib\site-packages\_pytest\fixtures.py:707: in _fillfixtures
    item.funcargs[argname] = self.getfixturevalue(argname)
                             ^^^^^^^^^^^^^^^^^^^^^^^^^^^^^
.venv311\Lib\site-packages\_pytest\fixtures.py:539: in getfixturevalue
    fixturedef = self._get_active_fixturedef(argname)
                 ^^^^^^^^^^^^^^^^^^^^^^^^^^^^^^^^^^^^
.venv311\Lib\site-packages\_pytest\fixtures.py:627: in _get_active_fixturedef
    fixturedef.execute(request=subrequest)
.venv311\Lib\site-packages\_pytest\fixtures.py:1110: in execute
    result: FixtureValue = ihook.pytest_fixture_setup(
.venv311\Lib\site-packages\pluggy\_hooks.py:512: in __call__
    return self._hookexec(self.name, self._hookimpls.copy(), kwargs, firstresult)
           ^^^^^^^^^^^^^^^^^^^^^^^^^^^^^^^^^^^^^^^^^^^^^^^^^^^^^^^^^^^^^^^^^^^^^^
.venv311\Lib\site-packages\pluggy\_manager.py:120: in _hookexec
    return self._inner_hookexec(hook_name, methods, kwargs, firstresult)
           ^^^^^^^^^^^^^^^^^^^^^^^^^^^^^^^^^^^^^^^^^^^^^^^^^^^^^^^^^^^^^
.venv311\Lib\site-packages\pluggy\_callers.py:53: in run_old_style_hookwrapper
    return result.get_result()
           ^^^^^^^^^^^^^^^^^^^
.venv311\Lib\site-packages\pluggy\_callers.py:38: in run_old_style_hookwrapper
    res = yield
          ^^^^^
.venv311\Lib\site-packages\_pytest\setuponly.py:36: in pytest_fixture_setup
    return (yield)
            ^^^^^
.venv311\Lib\site-packages\_pytest\fixtures.py:1202: in pytest_fixture_setup
    result = call_fixture_func(fixturefunc, request, kwargs)
             ^^^^^^^^^^^^^^^^^^^^^^^^^^^^^^^^^^^^^^^^^^^^^^^
.venv311\Lib\site-packages\_pytest\fixtures.py:908: in call_fixture_func
    fixture_result = next(generator)
                     ^^^^^^^^^^^^^^^
.venv311\Lib\site-packages\_pytest\tmpdir.py:289: in tmp_path
    path = _mk_tmp(request, tmp_path_factory)
           ^^^^^^^^^^^^^^^^^^^^^^^^^^^^^^^^^^
.venv311\Lib\site-packages\_pytest\tmpdir.py:276: in _mk_tmp
    return factory.mktemp(name, numbered=True)
           ^^^^^^^^^^^^^^^^^^^^^^^^^^^^^^^^^^^
.venv311\Lib\site-packages\_pytest\tmpdir.py:131: in mktemp
    basename = self._ensure_relative_to_basetemp(basename)
               ^^^^^^^^^^^^^^^^^^^^^^^^^^^^^^^^^^^^^^^^^^^
.venv311\Lib\site-packages\_pytest\tmpdir.py:112: in _ensure_relative_to_basetemp
    if (self.getbasetemp() / basename).resolve().parent != self.getbasetemp():
        ^^^^^^^^^^^^^^^^^^
.venv311\Lib\site-packages\_pytest\tmpdir.py:208: in getbasetemp
    basetemp = make_numbered_dir_with_cleanup(
.venv311\Lib\site-packages\_pytest\pathlib.py:407: in make_numbered_dir_with_cleanup
    raise e
.venv311\Lib\site-packages\_pytest\pathlib.py:388: in make_numbered_dir_with_cleanup
    p = make_numbered_dir(root, prefix, mode)
        ^^^^^^^^^^^^^^^^^^^^^^^^^^^^^^^^^^^^^
.venv311\Lib\site-packages\_pytest\pathlib.py:229: in make_numbered_dir
    max_existing = max(map(parse_num, find_suffixes(root, prefix)), default=-1)
                   ^^^^^^^^^^^^^^^^^^^^^^^^^^^^^^^^^^^^^^^^^^^^^^^^^^^^^^^^^^^^
.venv311\Lib\site-packages\_pytest\pathlib.py:188: in extract_suffixes
    for entry in iter:
.venv311\Lib\site-packages\_pytest\pathlib.py:176: in find_prefixed
    for x in os.scandir(root):
             ^^^^^^^^^^^^^^^^
E   PermissionError: [WinError 5] アクセスが拒否されました。: 'C:\\Users\\ynobe\\AppData\\Local\\Temp\\pytest-of-ynobe'
_______ ERROR at setup of test_ingest_targets_reports_missing_documents _______
.venv311\Lib\site-packages\_pytest\runner.py:353: in from_call
    result: TResult | None = func()
                             ^^^^^^
.venv311\Lib\site-packages\_pytest\runner.py:245: in <lambda>
    lambda: runtest_hook(item=item, **kwds),
            ^^^^^^^^^^^^^^^^^^^^^^^^^^^^^^^
.venv311\Lib\site-packages\pluggy\_hooks.py:512: in __call__
    return self._hookexec(self.name, self._hookimpls.copy(), kwargs, firstresult)
           ^^^^^^^^^^^^^^^^^^^^^^^^^^^^^^^^^^^^^^^^^^^^^^^^^^^^^^^^^^^^^^^^^^^^^^
.venv311\Lib\site-packages\pluggy\_manager.py:120: in _hookexec
    return self._inner_hookexec(hook_name, methods, kwargs, firstresult)
           ^^^^^^^^^^^^^^^^^^^^^^^^^^^^^^^^^^^^^^^^^^^^^^^^^^^^^^^^^^^^^
.venv311\Lib\site-packages\_pytest\logging.py:843: in pytest_runtest_setup
    yield
.venv311\Lib\site-packages\_pytest\capture.py:895: in pytest_runtest_setup
    return (yield)
            ^^^^^
.venv311\Lib\site-packages\_pytest\runner.py:165: in pytest_runtest_setup
    item.session._setupstate.setup(item)
.venv311\Lib\site-packages\_pytest\runner.py:523: in setup
    col.setup()
.venv311\Lib\site-packages\_pytest\python.py:1723: in setup
    self._request._fillfixtures()
.venv311\Lib\site-packages\_pytest\fixtures.py:707: in _fillfixtures
    item.funcargs[argname] = self.getfixturevalue(argname)
                             ^^^^^^^^^^^^^^^^^^^^^^^^^^^^^
.venv311\Lib\site-packages\_pytest\fixtures.py:539: in getfixturevalue
    fixturedef = self._get_active_fixturedef(argname)
                 ^^^^^^^^^^^^^^^^^^^^^^^^^^^^^^^^^^^^
.venv311\Lib\site-packages\_pytest\fixtures.py:627: in _get_active_fixturedef
    fixturedef.execute(request=subrequest)
.venv311\Lib\site-packages\_pytest\fixtures.py:1110: in execute
    result: FixtureValue = ihook.pytest_fixture_setup(
.venv311\Lib\site-packages\pluggy\_hooks.py:512: in __call__
    return self._hookexec(self.name, self._hookimpls.copy(), kwargs, firstresult)
           ^^^^^^^^^^^^^^^^^^^^^^^^^^^^^^^^^^^^^^^^^^^^^^^^^^^^^^^^^^^^^^^^^^^^^^
.venv311\Lib\site-packages\pluggy\_manager.py:120: in _hookexec
    return self._inner_hookexec(hook_name, methods, kwargs, firstresult)
           ^^^^^^^^^^^^^^^^^^^^^^^^^^^^^^^^^^^^^^^^^^^^^^^^^^^^^^^^^^^^^
.venv311\Lib\site-packages\pluggy\_callers.py:53: in run_old_style_hookwrapper
    return result.get_result()
           ^^^^^^^^^^^^^^^^^^^
.venv311\Lib\site-packages\pluggy\_callers.py:38: in run_old_style_hookwrapper
    res = yield
          ^^^^^
.venv311\Lib\site-packages\_pytest\setuponly.py:36: in pytest_fixture_setup
    return (yield)
            ^^^^^
.venv311\Lib\site-packages\_pytest\fixtures.py:1202: in pytest_fixture_setup
    result = call_fixture_func(fixturefunc, request, kwargs)
             ^^^^^^^^^^^^^^^^^^^^^^^^^^^^^^^^^^^^^^^^^^^^^^^
.venv311\Lib\site-packages\_pytest\fixtures.py:908: in call_fixture_func
    fixture_result = next(generator)
                     ^^^^^^^^^^^^^^^
.venv311\Lib\site-packages\_pytest\tmpdir.py:289: in tmp_path
    path = _mk_tmp(request, tmp_path_factory)
           ^^^^^^^^^^^^^^^^^^^^^^^^^^^^^^^^^^
.venv311\Lib\site-packages\_pytest\tmpdir.py:276: in _mk_tmp
    return factory.mktemp(name, numbered=True)
           ^^^^^^^^^^^^^^^^^^^^^^^^^^^^^^^^^^^
.venv311\Lib\site-packages\_pytest\tmpdir.py:131: in mktemp
    basename = self._ensure_relative_to_basetemp(basename)
               ^^^^^^^^^^^^^^^^^^^^^^^^^^^^^^^^^^^^^^^^^^^
.venv311\Lib\site-packages\_pytest\tmpdir.py:112: in _ensure_relative_to_basetemp
    if (self.getbasetemp() / basename).resolve().parent != self.getbasetemp():
        ^^^^^^^^^^^^^^^^^^
.venv311\Lib\site-packages\_pytest\tmpdir.py:208: in getbasetemp
    basetemp = make_numbered_dir_with_cleanup(
.venv311\Lib\site-packages\_pytest\pathlib.py:407: in make_numbered_dir_with_cleanup
    raise e
.venv311\Lib\site-packages\_pytest\pathlib.py:388: in make_numbered_dir_with_cleanup
    p = make_numbered_dir(root, prefix, mode)
        ^^^^^^^^^^^^^^^^^^^^^^^^^^^^^^^^^^^^^
.venv311\Lib\site-packages\_pytest\pathlib.py:229: in make_numbered_dir
    max_existing = max(map(parse_num, find_suffixes(root, prefix)), default=-1)
                   ^^^^^^^^^^^^^^^^^^^^^^^^^^^^^^^^^^^^^^^^^^^^^^^^^^^^^^^^^^^^
.venv311\Lib\site-packages\_pytest\pathlib.py:188: in extract_suffixes
    for entry in iter:
.venv311\Lib\site-packages\_pytest\pathlib.py:176: in find_prefixed
    for x in os.scandir(root):
             ^^^^^^^^^^^^^^^^
E   PermissionError: [WinError 5] アクセスが拒否されました。: 'C:\\Users\\ynobe\\AppData\\Local\\Temp\\pytest-of-ynobe'
______ ERROR at setup of test_run_edinet_ingest_indexes_metrics_into_rag ______
.venv311\Lib\site-packages\_pytest\runner.py:353: in from_call
    result: TResult | None = func()
                             ^^^^^^
.venv311\Lib\site-packages\_pytest\runner.py:245: in <lambda>
    lambda: runtest_hook(item=item, **kwds),
            ^^^^^^^^^^^^^^^^^^^^^^^^^^^^^^^
.venv311\Lib\site-packages\pluggy\_hooks.py:512: in __call__
    return self._hookexec(self.name, self._hookimpls.copy(), kwargs, firstresult)
           ^^^^^^^^^^^^^^^^^^^^^^^^^^^^^^^^^^^^^^^^^^^^^^^^^^^^^^^^^^^^^^^^^^^^^^
.venv311\Lib\site-packages\pluggy\_manager.py:120: in _hookexec
    return self._inner_hookexec(hook_name, methods, kwargs, firstresult)
           ^^^^^^^^^^^^^^^^^^^^^^^^^^^^^^^^^^^^^^^^^^^^^^^^^^^^^^^^^^^^^
.venv311\Lib\site-packages\_pytest\logging.py:843: in pytest_runtest_setup
    yield
.venv311\Lib\site-packages\_pytest\capture.py:895: in pytest_runtest_setup
    return (yield)
            ^^^^^
.venv311\Lib\site-packages\_pytest\runner.py:165: in pytest_runtest_setup
    item.session._setupstate.setup(item)
.venv311\Lib\site-packages\_pytest\runner.py:523: in setup
    col.setup()
.venv311\Lib\site-packages\_pytest\python.py:1723: in setup
    self._request._fillfixtures()
.venv311\Lib\site-packages\_pytest\fixtures.py:707: in _fillfixtures
    item.funcargs[argname] = self.getfixturevalue(argname)
                             ^^^^^^^^^^^^^^^^^^^^^^^^^^^^^
.venv311\Lib\site-packages\_pytest\fixtures.py:539: in getfixturevalue
    fixturedef = self._get_active_fixturedef(argname)
                 ^^^^^^^^^^^^^^^^^^^^^^^^^^^^^^^^^^^^
.venv311\Lib\site-packages\_pytest\fixtures.py:627: in _get_active_fixturedef
    fixturedef.execute(request=subrequest)
.venv311\Lib\site-packages\_pytest\fixtures.py:1110: in execute
    result: FixtureValue = ihook.pytest_fixture_setup(
.venv311\Lib\site-packages\pluggy\_hooks.py:512: in __call__
    return self._hookexec(self.name, self._hookimpls.copy(), kwargs, firstresult)
           ^^^^^^^^^^^^^^^^^^^^^^^^^^^^^^^^^^^^^^^^^^^^^^^^^^^^^^^^^^^^^^^^^^^^^^
.venv311\Lib\site-packages\pluggy\_manager.py:120: in _hookexec
    return self._inner_hookexec(hook_name, methods, kwargs, firstresult)
           ^^^^^^^^^^^^^^^^^^^^^^^^^^^^^^^^^^^^^^^^^^^^^^^^^^^^^^^^^^^^^
.venv311\Lib\site-packages\pluggy\_callers.py:53: in run_old_style_hookwrapper
    return result.get_result()
           ^^^^^^^^^^^^^^^^^^^
.venv311\Lib\site-packages\pluggy\_callers.py:38: in run_old_style_hookwrapper
    res = yield
          ^^^^^
.venv311\Lib\site-packages\_pytest\setuponly.py:36: in pytest_fixture_setup
    return (yield)
            ^^^^^
.venv311\Lib\site-packages\_pytest\fixtures.py:1202: in pytest_fixture_setup
    result = call_fixture_func(fixturefunc, request, kwargs)
             ^^^^^^^^^^^^^^^^^^^^^^^^^^^^^^^^^^^^^^^^^^^^^^^
.venv311\Lib\site-packages\_pytest\fixtures.py:908: in call_fixture_func
    fixture_result = next(generator)
                     ^^^^^^^^^^^^^^^
.venv311\Lib\site-packages\_pytest\tmpdir.py:289: in tmp_path
    path = _mk_tmp(request, tmp_path_factory)
           ^^^^^^^^^^^^^^^^^^^^^^^^^^^^^^^^^^
.venv311\Lib\site-packages\_pytest\tmpdir.py:276: in _mk_tmp
    return factory.mktemp(name, numbered=True)
           ^^^^^^^^^^^^^^^^^^^^^^^^^^^^^^^^^^^
.venv311\Lib\site-packages\_pytest\tmpdir.py:131: in mktemp
    basename = self._ensure_relative_to_basetemp(basename)
               ^^^^^^^^^^^^^^^^^^^^^^^^^^^^^^^^^^^^^^^^^^^
.venv311\Lib\site-packages\_pytest\tmpdir.py:112: in _ensure_relative_to_basetemp
    if (self.getbasetemp() / basename).resolve().parent != self.getbasetemp():
        ^^^^^^^^^^^^^^^^^^
.venv311\Lib\site-packages\_pytest\tmpdir.py:208: in getbasetemp
    basetemp = make_numbered_dir_with_cleanup(
.venv311\Lib\site-packages\_pytest\pathlib.py:407: in make_numbered_dir_with_cleanup
    raise e
.venv311\Lib\site-packages\_pytest\pathlib.py:388: in make_numbered_dir_with_cleanup
    p = make_numbered_dir(root, prefix, mode)
        ^^^^^^^^^^^^^^^^^^^^^^^^^^^^^^^^^^^^^
.venv311\Lib\site-packages\_pytest\pathlib.py:229: in make_numbered_dir
    max_existing = max(map(parse_num, find_suffixes(root, prefix)), default=-1)
                   ^^^^^^^^^^^^^^^^^^^^^^^^^^^^^^^^^^^^^^^^^^^^^^^^^^^^^^^^^^^^
.venv311\Lib\site-packages\_pytest\pathlib.py:188: in extract_suffixes
    for entry in iter:
.venv311\Lib\site-packages\_pytest\pathlib.py:176: in find_prefixed
    for x in os.scandir(root):
             ^^^^^^^^^^^^^^^^
E   PermissionError: [WinError 5] アクセスが拒否されました。: 'C:\\Users\\ynobe\\AppData\\Local\\Temp\\pytest-of-ynobe'
_ ERROR at setup of test_build_edinet_targets_selects_only_allowed_edinet_entries _
.venv311\Lib\site-packages\_pytest\runner.py:353: in from_call
    result: TResult | None = func()
                             ^^^^^^
.venv311\Lib\site-packages\_pytest\runner.py:245: in <lambda>
    lambda: runtest_hook(item=item, **kwds),
            ^^^^^^^^^^^^^^^^^^^^^^^^^^^^^^^
.venv311\Lib\site-packages\pluggy\_hooks.py:512: in __call__
    return self._hookexec(self.name, self._hookimpls.copy(), kwargs, firstresult)
           ^^^^^^^^^^^^^^^^^^^^^^^^^^^^^^^^^^^^^^^^^^^^^^^^^^^^^^^^^^^^^^^^^^^^^^
.venv311\Lib\site-packages\pluggy\_manager.py:120: in _hookexec
    return self._inner_hookexec(hook_name, methods, kwargs, firstresult)
           ^^^^^^^^^^^^^^^^^^^^^^^^^^^^^^^^^^^^^^^^^^^^^^^^^^^^^^^^^^^^^
.venv311\Lib\site-packages\_pytest\logging.py:843: in pytest_runtest_setup
    yield
.venv311\Lib\site-packages\_pytest\capture.py:895: in pytest_runtest_setup
    return (yield)
            ^^^^^
.venv311\Lib\site-packages\_pytest\runner.py:165: in pytest_runtest_setup
    item.session._setupstate.setup(item)
.venv311\Lib\site-packages\_pytest\runner.py:523: in setup
    col.setup()
.venv311\Lib\site-packages\_pytest\python.py:1723: in setup
    self._request._fillfixtures()
.venv311\Lib\site-packages\_pytest\fixtures.py:707: in _fillfixtures
    item.funcargs[argname] = self.getfixturevalue(argname)
                             ^^^^^^^^^^^^^^^^^^^^^^^^^^^^^
.venv311\Lib\site-packages\_pytest\fixtures.py:539: in getfixturevalue
    fixturedef = self._get_active_fixturedef(argname)
                 ^^^^^^^^^^^^^^^^^^^^^^^^^^^^^^^^^^^^
.venv311\Lib\site-packages\_pytest\fixtures.py:627: in _get_active_fixturedef
    fixturedef.execute(request=subrequest)
.venv311\Lib\site-packages\_pytest\fixtures.py:1110: in execute
    result: FixtureValue = ihook.pytest_fixture_setup(
.venv311\Lib\site-packages\pluggy\_hooks.py:512: in __call__
    return self._hookexec(self.name, self._hookimpls.copy(), kwargs, firstresult)
           ^^^^^^^^^^^^^^^^^^^^^^^^^^^^^^^^^^^^^^^^^^^^^^^^^^^^^^^^^^^^^^^^^^^^^^
.venv311\Lib\site-packages\pluggy\_manager.py:120: in _hookexec
    return self._inner_hookexec(hook_name, methods, kwargs, firstresult)
           ^^^^^^^^^^^^^^^^^^^^^^^^^^^^^^^^^^^^^^^^^^^^^^^^^^^^^^^^^^^^^
.venv311\Lib\site-packages\pluggy\_callers.py:53: in run_old_style_hookwrapper
    return result.get_result()
           ^^^^^^^^^^^^^^^^^^^
.venv311\Lib\site-packages\pluggy\_callers.py:38: in run_old_style_hookwrapper
    res = yield
          ^^^^^
.venv311\Lib\site-packages\_pytest\setuponly.py:36: in pytest_fixture_setup
    return (yield)
            ^^^^^
.venv311\Lib\site-packages\_pytest\fixtures.py:1202: in pytest_fixture_setup
    result = call_fixture_func(fixturefunc, request, kwargs)
             ^^^^^^^^^^^^^^^^^^^^^^^^^^^^^^^^^^^^^^^^^^^^^^^
.venv311\Lib\site-packages\_pytest\fixtures.py:908: in call_fixture_func
    fixture_result = next(generator)
                     ^^^^^^^^^^^^^^^
.venv311\Lib\site-packages\_pytest\tmpdir.py:289: in tmp_path
    path = _mk_tmp(request, tmp_path_factory)
           ^^^^^^^^^^^^^^^^^^^^^^^^^^^^^^^^^^
.venv311\Lib\site-packages\_pytest\tmpdir.py:276: in _mk_tmp
    return factory.mktemp(name, numbered=True)
           ^^^^^^^^^^^^^^^^^^^^^^^^^^^^^^^^^^^
.venv311\Lib\site-packages\_pytest\tmpdir.py:131: in mktemp
    basename = self._ensure_relative_to_basetemp(basename)
               ^^^^^^^^^^^^^^^^^^^^^^^^^^^^^^^^^^^^^^^^^^^
.venv311\Lib\site-packages\_pytest\tmpdir.py:112: in _ensure_relative_to_basetemp
    if (self.getbasetemp() / basename).resolve().parent != self.getbasetemp():
        ^^^^^^^^^^^^^^^^^^
.venv311\Lib\site-packages\_pytest\tmpdir.py:208: in getbasetemp
    basetemp = make_numbered_dir_with_cleanup(
.venv311\Lib\site-packages\_pytest\pathlib.py:407: in make_numbered_dir_with_cleanup
    raise e
.venv311\Lib\site-packages\_pytest\pathlib.py:388: in make_numbered_dir_with_cleanup
    p = make_numbered_dir(root, prefix, mode)
        ^^^^^^^^^^^^^^^^^^^^^^^^^^^^^^^^^^^^^
.venv311\Lib\site-packages\_pytest\pathlib.py:229: in make_numbered_dir
    max_existing = max(map(parse_num, find_suffixes(root, prefix)), default=-1)
                   ^^^^^^^^^^^^^^^^^^^^^^^^^^^^^^^^^^^^^^^^^^^^^^^^^^^^^^^^^^^^
.venv311\Lib\site-packages\_pytest\pathlib.py:188: in extract_suffixes
    for entry in iter:
.venv311\Lib\site-packages\_pytest\pathlib.py:176: in find_prefixed
    for x in os.scandir(root):
             ^^^^^^^^^^^^^^^^
E   PermissionError: [WinError 5] アクセスが拒否されました。: 'C:\\Users\\ynobe\\AppData\\Local\\Temp\\pytest-of-ynobe'
_ ERROR at setup of test_build_edinet_targets_resolves_sec_code_and_doc_types _
.venv311\Lib\site-packages\_pytest\runner.py:353: in from_call
    result: TResult | None = func()
                             ^^^^^^
.venv311\Lib\site-packages\_pytest\runner.py:245: in <lambda>
    lambda: runtest_hook(item=item, **kwds),
            ^^^^^^^^^^^^^^^^^^^^^^^^^^^^^^^
.venv311\Lib\site-packages\pluggy\_hooks.py:512: in __call__
    return self._hookexec(self.name, self._hookimpls.copy(), kwargs, firstresult)
           ^^^^^^^^^^^^^^^^^^^^^^^^^^^^^^^^^^^^^^^^^^^^^^^^^^^^^^^^^^^^^^^^^^^^^^
.venv311\Lib\site-packages\pluggy\_manager.py:120: in _hookexec
    return self._inner_hookexec(hook_name, methods, kwargs, firstresult)
           ^^^^^^^^^^^^^^^^^^^^^^^^^^^^^^^^^^^^^^^^^^^^^^^^^^^^^^^^^^^^^
.venv311\Lib\site-packages\_pytest\logging.py:843: in pytest_runtest_setup
    yield
.venv311\Lib\site-packages\_pytest\capture.py:895: in pytest_runtest_setup
    return (yield)
            ^^^^^
.venv311\Lib\site-packages\_pytest\runner.py:165: in pytest_runtest_setup
    item.session._setupstate.setup(item)
.venv311\Lib\site-packages\_pytest\runner.py:523: in setup
    col.setup()
.venv311\Lib\site-packages\_pytest\python.py:1723: in setup
    self._request._fillfixtures()
.venv311\Lib\site-packages\_pytest\fixtures.py:707: in _fillfixtures
    item.funcargs[argname] = self.getfixturevalue(argname)
                             ^^^^^^^^^^^^^^^^^^^^^^^^^^^^^
.venv311\Lib\site-packages\_pytest\fixtures.py:539: in getfixturevalue
    fixturedef = self._get_active_fixturedef(argname)
                 ^^^^^^^^^^^^^^^^^^^^^^^^^^^^^^^^^^^^
.venv311\Lib\site-packages\_pytest\fixtures.py:627: in _get_active_fixturedef
    fixturedef.execute(request=subrequest)
.venv311\Lib\site-packages\_pytest\fixtures.py:1110: in execute
    result: FixtureValue = ihook.pytest_fixture_setup(
.venv311\Lib\site-packages\pluggy\_hooks.py:512: in __call__
    return self._hookexec(self.name, self._hookimpls.copy(), kwargs, firstresult)
           ^^^^^^^^^^^^^^^^^^^^^^^^^^^^^^^^^^^^^^^^^^^^^^^^^^^^^^^^^^^^^^^^^^^^^^
.venv311\Lib\site-packages\pluggy\_manager.py:120: in _hookexec
    return self._inner_hookexec(hook_name, methods, kwargs, firstresult)
           ^^^^^^^^^^^^^^^^^^^^^^^^^^^^^^^^^^^^^^^^^^^^^^^^^^^^^^^^^^^^^
.venv311\Lib\site-packages\pluggy\_callers.py:53: in run_old_style_hookwrapper
    return result.get_result()
           ^^^^^^^^^^^^^^^^^^^
.venv311\Lib\site-packages\pluggy\_callers.py:38: in run_old_style_hookwrapper
    res = yield
          ^^^^^
.venv311\Lib\site-packages\_pytest\setuponly.py:36: in pytest_fixture_setup
    return (yield)
            ^^^^^
.venv311\Lib\site-packages\_pytest\fixtures.py:1202: in pytest_fixture_setup
    result = call_fixture_func(fixturefunc, request, kwargs)
             ^^^^^^^^^^^^^^^^^^^^^^^^^^^^^^^^^^^^^^^^^^^^^^^
.venv311\Lib\site-packages\_pytest\fixtures.py:908: in call_fixture_func
    fixture_result = next(generator)
                     ^^^^^^^^^^^^^^^
.venv311\Lib\site-packages\_pytest\tmpdir.py:289: in tmp_path
    path = _mk_tmp(request, tmp_path_factory)
           ^^^^^^^^^^^^^^^^^^^^^^^^^^^^^^^^^^
.venv311\Lib\site-packages\_pytest\tmpdir.py:276: in _mk_tmp
    return factory.mktemp(name, numbered=True)
           ^^^^^^^^^^^^^^^^^^^^^^^^^^^^^^^^^^^
.venv311\Lib\site-packages\_pytest\tmpdir.py:131: in mktemp
    basename = self._ensure_relative_to_basetemp(basename)
               ^^^^^^^^^^^^^^^^^^^^^^^^^^^^^^^^^^^^^^^^^^^
.venv311\Lib\site-packages\_pytest\tmpdir.py:112: in _ensure_relative_to_basetemp
    if (self.getbasetemp() / basename).resolve().parent != self.getbasetemp():
        ^^^^^^^^^^^^^^^^^^
.venv311\Lib\site-packages\_pytest\tmpdir.py:208: in getbasetemp
    basetemp = make_numbered_dir_with_cleanup(
.venv311\Lib\site-packages\_pytest\pathlib.py:407: in make_numbered_dir_with_cleanup
    raise e
.venv311\Lib\site-packages\_pytest\pathlib.py:388: in make_numbered_dir_with_cleanup
    p = make_numbered_dir(root, prefix, mode)
        ^^^^^^^^^^^^^^^^^^^^^^^^^^^^^^^^^^^^^
.venv311\Lib\site-packages\_pytest\pathlib.py:229: in make_numbered_dir
    max_existing = max(map(parse_num, find_suffixes(root, prefix)), default=-1)
                   ^^^^^^^^^^^^^^^^^^^^^^^^^^^^^^^^^^^^^^^^^^^^^^^^^^^^^^^^^^^^
.venv311\Lib\site-packages\_pytest\pathlib.py:188: in extract_suffixes
    for entry in iter:
.venv311\Lib\site-packages\_pytest\pathlib.py:176: in find_prefixed
    for x in os.scandir(root):
             ^^^^^^^^^^^^^^^^
E   PermissionError: [WinError 5] アクセスが拒否されました。: 'C:\\Users\\ynobe\\AppData\\Local\\Temp\\pytest-of-ynobe'
_____ ERROR at setup of test_build_edinet_targets_handles_missing_sources _____
.venv311\Lib\site-packages\_pytest\runner.py:353: in from_call
    result: TResult | None = func()
                             ^^^^^^
.venv311\Lib\site-packages\_pytest\runner.py:245: in <lambda>
    lambda: runtest_hook(item=item, **kwds),
            ^^^^^^^^^^^^^^^^^^^^^^^^^^^^^^^
.venv311\Lib\site-packages\pluggy\_hooks.py:512: in __call__
    return self._hookexec(self.name, self._hookimpls.copy(), kwargs, firstresult)
           ^^^^^^^^^^^^^^^^^^^^^^^^^^^^^^^^^^^^^^^^^^^^^^^^^^^^^^^^^^^^^^^^^^^^^^
.venv311\Lib\site-packages\pluggy\_manager.py:120: in _hookexec
    return self._inner_hookexec(hook_name, methods, kwargs, firstresult)
           ^^^^^^^^^^^^^^^^^^^^^^^^^^^^^^^^^^^^^^^^^^^^^^^^^^^^^^^^^^^^^
.venv311\Lib\site-packages\_pytest\logging.py:843: in pytest_runtest_setup
    yield
.venv311\Lib\site-packages\_pytest\capture.py:895: in pytest_runtest_setup
    return (yield)
            ^^^^^
.venv311\Lib\site-packages\_pytest\runner.py:165: in pytest_runtest_setup
    item.session._setupstate.setup(item)
.venv311\Lib\site-packages\_pytest\runner.py:523: in setup
    col.setup()
.venv311\Lib\site-packages\_pytest\python.py:1723: in setup
    self._request._fillfixtures()
.venv311\Lib\site-packages\_pytest\fixtures.py:707: in _fillfixtures
    item.funcargs[argname] = self.getfixturevalue(argname)
                             ^^^^^^^^^^^^^^^^^^^^^^^^^^^^^
.venv311\Lib\site-packages\_pytest\fixtures.py:539: in getfixturevalue
    fixturedef = self._get_active_fixturedef(argname)
                 ^^^^^^^^^^^^^^^^^^^^^^^^^^^^^^^^^^^^
.venv311\Lib\site-packages\_pytest\fixtures.py:627: in _get_active_fixturedef
    fixturedef.execute(request=subrequest)
.venv311\Lib\site-packages\_pytest\fixtures.py:1110: in execute
    result: FixtureValue = ihook.pytest_fixture_setup(
.venv311\Lib\site-packages\pluggy\_hooks.py:512: in __call__
    return self._hookexec(self.name, self._hookimpls.copy(), kwargs, firstresult)
           ^^^^^^^^^^^^^^^^^^^^^^^^^^^^^^^^^^^^^^^^^^^^^^^^^^^^^^^^^^^^^^^^^^^^^^
.venv311\Lib\site-packages\pluggy\_manager.py:120: in _hookexec
    return self._inner_hookexec(hook_name, methods, kwargs, firstresult)
           ^^^^^^^^^^^^^^^^^^^^^^^^^^^^^^^^^^^^^^^^^^^^^^^^^^^^^^^^^^^^^
.venv311\Lib\site-packages\pluggy\_callers.py:53: in run_old_style_hookwrapper
    return result.get_result()
           ^^^^^^^^^^^^^^^^^^^
.venv311\Lib\site-packages\pluggy\_callers.py:38: in run_old_style_hookwrapper
    res = yield
          ^^^^^
.venv311\Lib\site-packages\_pytest\setuponly.py:36: in pytest_fixture_setup
    return (yield)
            ^^^^^
.venv311\Lib\site-packages\_pytest\fixtures.py:1202: in pytest_fixture_setup
    result = call_fixture_func(fixturefunc, request, kwargs)
             ^^^^^^^^^^^^^^^^^^^^^^^^^^^^^^^^^^^^^^^^^^^^^^^
.venv311\Lib\site-packages\_pytest\fixtures.py:908: in call_fixture_func
    fixture_result = next(generator)
                     ^^^^^^^^^^^^^^^
.venv311\Lib\site-packages\_pytest\tmpdir.py:289: in tmp_path
    path = _mk_tmp(request, tmp_path_factory)
           ^^^^^^^^^^^^^^^^^^^^^^^^^^^^^^^^^^
.venv311\Lib\site-packages\_pytest\tmpdir.py:276: in _mk_tmp
    return factory.mktemp(name, numbered=True)
           ^^^^^^^^^^^^^^^^^^^^^^^^^^^^^^^^^^^
.venv311\Lib\site-packages\_pytest\tmpdir.py:131: in mktemp
    basename = self._ensure_relative_to_basetemp(basename)
               ^^^^^^^^^^^^^^^^^^^^^^^^^^^^^^^^^^^^^^^^^^^
.venv311\Lib\site-packages\_pytest\tmpdir.py:112: in _ensure_relative_to_basetemp
    if (self.getbasetemp() / basename).resolve().parent != self.getbasetemp():
        ^^^^^^^^^^^^^^^^^^
.venv311\Lib\site-packages\_pytest\tmpdir.py:208: in getbasetemp
    basetemp = make_numbered_dir_with_cleanup(
.venv311\Lib\site-packages\_pytest\pathlib.py:407: in make_numbered_dir_with_cleanup
    raise e
.venv311\Lib\site-packages\_pytest\pathlib.py:388: in make_numbered_dir_with_cleanup
    p = make_numbered_dir(root, prefix, mode)
        ^^^^^^^^^^^^^^^^^^^^^^^^^^^^^^^^^^^^^
.venv311\Lib\site-packages\_pytest\pathlib.py:229: in make_numbered_dir
    max_existing = max(map(parse_num, find_suffixes(root, prefix)), default=-1)
                   ^^^^^^^^^^^^^^^^^^^^^^^^^^^^^^^^^^^^^^^^^^^^^^^^^^^^^^^^^^^^
.venv311\Lib\site-packages\_pytest\pathlib.py:188: in extract_suffixes
    for entry in iter:
.venv311\Lib\site-packages\_pytest\pathlib.py:176: in find_prefixed
    for x in os.scandir(root):
             ^^^^^^^^^^^^^^^^
E   PermissionError: [WinError 5] アクセスが拒否されました。: 'C:\\Users\\ynobe\\AppData\\Local\\Temp\\pytest-of-ynobe'
________ ERROR at setup of test_registry_accepts_doc_type_codes_alias _________
.venv311\Lib\site-packages\_pytest\runner.py:353: in from_call
    result: TResult | None = func()
                             ^^^^^^
.venv311\Lib\site-packages\_pytest\runner.py:245: in <lambda>
    lambda: runtest_hook(item=item, **kwds),
            ^^^^^^^^^^^^^^^^^^^^^^^^^^^^^^^
.venv311\Lib\site-packages\pluggy\_hooks.py:512: in __call__
    return self._hookexec(self.name, self._hookimpls.copy(), kwargs, firstresult)
           ^^^^^^^^^^^^^^^^^^^^^^^^^^^^^^^^^^^^^^^^^^^^^^^^^^^^^^^^^^^^^^^^^^^^^^
.venv311\Lib\site-packages\pluggy\_manager.py:120: in _hookexec
    return self._inner_hookexec(hook_name, methods, kwargs, firstresult)
           ^^^^^^^^^^^^^^^^^^^^^^^^^^^^^^^^^^^^^^^^^^^^^^^^^^^^^^^^^^^^^
.venv311\Lib\site-packages\_pytest\logging.py:843: in pytest_runtest_setup
    yield
.venv311\Lib\site-packages\_pytest\capture.py:895: in pytest_runtest_setup
    return (yield)
            ^^^^^
.venv311\Lib\site-packages\_pytest\runner.py:165: in pytest_runtest_setup
    item.session._setupstate.setup(item)
.venv311\Lib\site-packages\_pytest\runner.py:523: in setup
    col.setup()
.venv311\Lib\site-packages\_pytest\python.py:1723: in setup
    self._request._fillfixtures()
.venv311\Lib\site-packages\_pytest\fixtures.py:707: in _fillfixtures
    item.funcargs[argname] = self.getfixturevalue(argname)
                             ^^^^^^^^^^^^^^^^^^^^^^^^^^^^^
.venv311\Lib\site-packages\_pytest\fixtures.py:539: in getfixturevalue
    fixturedef = self._get_active_fixturedef(argname)
                 ^^^^^^^^^^^^^^^^^^^^^^^^^^^^^^^^^^^^
.venv311\Lib\site-packages\_pytest\fixtures.py:627: in _get_active_fixturedef
    fixturedef.execute(request=subrequest)
.venv311\Lib\site-packages\_pytest\fixtures.py:1110: in execute
    result: FixtureValue = ihook.pytest_fixture_setup(
.venv311\Lib\site-packages\pluggy\_hooks.py:512: in __call__
    return self._hookexec(self.name, self._hookimpls.copy(), kwargs, firstresult)
           ^^^^^^^^^^^^^^^^^^^^^^^^^^^^^^^^^^^^^^^^^^^^^^^^^^^^^^^^^^^^^^^^^^^^^^
.venv311\Lib\site-packages\pluggy\_manager.py:120: in _hookexec
    return self._inner_hookexec(hook_name, methods, kwargs, firstresult)
           ^^^^^^^^^^^^^^^^^^^^^^^^^^^^^^^^^^^^^^^^^^^^^^^^^^^^^^^^^^^^^
.venv311\Lib\site-packages\pluggy\_callers.py:53: in run_old_style_hookwrapper
    return result.get_result()
           ^^^^^^^^^^^^^^^^^^^
.venv311\Lib\site-packages\pluggy\_callers.py:38: in run_old_style_hookwrapper
    res = yield
          ^^^^^
.venv311\Lib\site-packages\_pytest\setuponly.py:36: in pytest_fixture_setup
    return (yield)
            ^^^^^
.venv311\Lib\site-packages\_pytest\fixtures.py:1202: in pytest_fixture_setup
    result = call_fixture_func(fixturefunc, request, kwargs)
             ^^^^^^^^^^^^^^^^^^^^^^^^^^^^^^^^^^^^^^^^^^^^^^^
.venv311\Lib\site-packages\_pytest\fixtures.py:908: in call_fixture_func
    fixture_result = next(generator)
                     ^^^^^^^^^^^^^^^
.venv311\Lib\site-packages\_pytest\tmpdir.py:289: in tmp_path
    path = _mk_tmp(request, tmp_path_factory)
           ^^^^^^^^^^^^^^^^^^^^^^^^^^^^^^^^^^
.venv311\Lib\site-packages\_pytest\tmpdir.py:276: in _mk_tmp
    return factory.mktemp(name, numbered=True)
           ^^^^^^^^^^^^^^^^^^^^^^^^^^^^^^^^^^^
.venv311\Lib\site-packages\_pytest\tmpdir.py:131: in mktemp
    basename = self._ensure_relative_to_basetemp(basename)
               ^^^^^^^^^^^^^^^^^^^^^^^^^^^^^^^^^^^^^^^^^^^
.venv311\Lib\site-packages\_pytest\tmpdir.py:112: in _ensure_relative_to_basetemp
    if (self.getbasetemp() / basename).resolve().parent != self.getbasetemp():
        ^^^^^^^^^^^^^^^^^^
.venv311\Lib\site-packages\_pytest\tmpdir.py:208: in getbasetemp
    basetemp = make_numbered_dir_with_cleanup(
.venv311\Lib\site-packages\_pytest\pathlib.py:407: in make_numbered_dir_with_cleanup
    raise e
.venv311\Lib\site-packages\_pytest\pathlib.py:388: in make_numbered_dir_with_cleanup
    p = make_numbered_dir(root, prefix, mode)
        ^^^^^^^^^^^^^^^^^^^^^^^^^^^^^^^^^^^^^
.venv311\Lib\site-packages\_pytest\pathlib.py:229: in make_numbered_dir
    max_existing = max(map(parse_num, find_suffixes(root, prefix)), default=-1)
                   ^^^^^^^^^^^^^^^^^^^^^^^^^^^^^^^^^^^^^^^^^^^^^^^^^^^^^^^^^^^^
.venv311\Lib\site-packages\_pytest\pathlib.py:188: in extract_suffixes
    for entry in iter:
.venv311\Lib\site-packages\_pytest\pathlib.py:176: in find_prefixed
    for x in os.scandir(root):
             ^^^^^^^^^^^^^^^^
E   PermissionError: [WinError 5] アクセスが拒否されました。: 'C:\\Users\\ynobe\\AppData\\Local\\Temp\\pytest-of-ynobe'
______________ ERROR at setup of test_store_persists_embeddings _______________
.venv311\Lib\site-packages\_pytest\runner.py:353: in from_call
    result: TResult | None = func()
                             ^^^^^^
.venv311\Lib\site-packages\_pytest\runner.py:245: in <lambda>
    lambda: runtest_hook(item=item, **kwds),
            ^^^^^^^^^^^^^^^^^^^^^^^^^^^^^^^
.venv311\Lib\site-packages\pluggy\_hooks.py:512: in __call__
    return self._hookexec(self.name, self._hookimpls.copy(), kwargs, firstresult)
           ^^^^^^^^^^^^^^^^^^^^^^^^^^^^^^^^^^^^^^^^^^^^^^^^^^^^^^^^^^^^^^^^^^^^^^
.venv311\Lib\site-packages\pluggy\_manager.py:120: in _hookexec
    return self._inner_hookexec(hook_name, methods, kwargs, firstresult)
           ^^^^^^^^^^^^^^^^^^^^^^^^^^^^^^^^^^^^^^^^^^^^^^^^^^^^^^^^^^^^^
.venv311\Lib\site-packages\_pytest\logging.py:843: in pytest_runtest_setup
    yield
.venv311\Lib\site-packages\_pytest\capture.py:895: in pytest_runtest_setup
    return (yield)
            ^^^^^
.venv311\Lib\site-packages\_pytest\runner.py:165: in pytest_runtest_setup
    item.session._setupstate.setup(item)
.venv311\Lib\site-packages\_pytest\runner.py:523: in setup
    col.setup()
.venv311\Lib\site-packages\_pytest\python.py:1723: in setup
    self._request._fillfixtures()
.venv311\Lib\site-packages\_pytest\fixtures.py:707: in _fillfixtures
    item.funcargs[argname] = self.getfixturevalue(argname)
                             ^^^^^^^^^^^^^^^^^^^^^^^^^^^^^
.venv311\Lib\site-packages\_pytest\fixtures.py:539: in getfixturevalue
    fixturedef = self._get_active_fixturedef(argname)
                 ^^^^^^^^^^^^^^^^^^^^^^^^^^^^^^^^^^^^
.venv311\Lib\site-packages\_pytest\fixtures.py:627: in _get_active_fixturedef
    fixturedef.execute(request=subrequest)
.venv311\Lib\site-packages\_pytest\fixtures.py:1110: in execute
    result: FixtureValue = ihook.pytest_fixture_setup(
.venv311\Lib\site-packages\pluggy\_hooks.py:512: in __call__
    return self._hookexec(self.name, self._hookimpls.copy(), kwargs, firstresult)
           ^^^^^^^^^^^^^^^^^^^^^^^^^^^^^^^^^^^^^^^^^^^^^^^^^^^^^^^^^^^^^^^^^^^^^^
.venv311\Lib\site-packages\pluggy\_manager.py:120: in _hookexec
    return self._inner_hookexec(hook_name, methods, kwargs, firstresult)
           ^^^^^^^^^^^^^^^^^^^^^^^^^^^^^^^^^^^^^^^^^^^^^^^^^^^^^^^^^^^^^
.venv311\Lib\site-packages\pluggy\_callers.py:53: in run_old_style_hookwrapper
    return result.get_result()
           ^^^^^^^^^^^^^^^^^^^
.venv311\Lib\site-packages\pluggy\_callers.py:38: in run_old_style_hookwrapper
    res = yield
          ^^^^^
.venv311\Lib\site-packages\_pytest\setuponly.py:36: in pytest_fixture_setup
    return (yield)
            ^^^^^
.venv311\Lib\site-packages\_pytest\fixtures.py:1202: in pytest_fixture_setup
    result = call_fixture_func(fixturefunc, request, kwargs)
             ^^^^^^^^^^^^^^^^^^^^^^^^^^^^^^^^^^^^^^^^^^^^^^^
.venv311\Lib\site-packages\_pytest\fixtures.py:908: in call_fixture_func
    fixture_result = next(generator)
                     ^^^^^^^^^^^^^^^
.venv311\Lib\site-packages\_pytest\tmpdir.py:289: in tmp_path
    path = _mk_tmp(request, tmp_path_factory)
           ^^^^^^^^^^^^^^^^^^^^^^^^^^^^^^^^^^
.venv311\Lib\site-packages\_pytest\tmpdir.py:276: in _mk_tmp
    return factory.mktemp(name, numbered=True)
           ^^^^^^^^^^^^^^^^^^^^^^^^^^^^^^^^^^^
.venv311\Lib\site-packages\_pytest\tmpdir.py:131: in mktemp
    basename = self._ensure_relative_to_basetemp(basename)
               ^^^^^^^^^^^^^^^^^^^^^^^^^^^^^^^^^^^^^^^^^^^
.venv311\Lib\site-packages\_pytest\tmpdir.py:112: in _ensure_relative_to_basetemp
    if (self.getbasetemp() / basename).resolve().parent != self.getbasetemp():
        ^^^^^^^^^^^^^^^^^^
.venv311\Lib\site-packages\_pytest\tmpdir.py:208: in getbasetemp
    basetemp = make_numbered_dir_with_cleanup(
.venv311\Lib\site-packages\_pytest\pathlib.py:407: in make_numbered_dir_with_cleanup
    raise e
.venv311\Lib\site-packages\_pytest\pathlib.py:388: in make_numbered_dir_with_cleanup
    p = make_numbered_dir(root, prefix, mode)
        ^^^^^^^^^^^^^^^^^^^^^^^^^^^^^^^^^^^^^
.venv311\Lib\site-packages\_pytest\pathlib.py:229: in make_numbered_dir
    max_existing = max(map(parse_num, find_suffixes(root, prefix)), default=-1)
                   ^^^^^^^^^^^^^^^^^^^^^^^^^^^^^^^^^^^^^^^^^^^^^^^^^^^^^^^^^^^^
.venv311\Lib\site-packages\_pytest\pathlib.py:188: in extract_suffixes
    for entry in iter:
.venv311\Lib\site-packages\_pytest\pathlib.py:176: in find_prefixed
    for x in os.scandir(root):
             ^^^^^^^^^^^^^^^^
E   PermissionError: [WinError 5] アクセスが拒否されました。: 'C:\\Users\\ynobe\\AppData\\Local\\Temp\\pytest-of-ynobe'
_________ ERROR at setup of test_hybrid_search_returns_ranked_results _________
.venv311\Lib\site-packages\_pytest\runner.py:353: in from_call
    result: TResult | None = func()
                             ^^^^^^
.venv311\Lib\site-packages\_pytest\runner.py:245: in <lambda>
    lambda: runtest_hook(item=item, **kwds),
            ^^^^^^^^^^^^^^^^^^^^^^^^^^^^^^^
.venv311\Lib\site-packages\pluggy\_hooks.py:512: in __call__
    return self._hookexec(self.name, self._hookimpls.copy(), kwargs, firstresult)
           ^^^^^^^^^^^^^^^^^^^^^^^^^^^^^^^^^^^^^^^^^^^^^^^^^^^^^^^^^^^^^^^^^^^^^^
.venv311\Lib\site-packages\pluggy\_manager.py:120: in _hookexec
    return self._inner_hookexec(hook_name, methods, kwargs, firstresult)
           ^^^^^^^^^^^^^^^^^^^^^^^^^^^^^^^^^^^^^^^^^^^^^^^^^^^^^^^^^^^^^
.venv311\Lib\site-packages\_pytest\logging.py:843: in pytest_runtest_setup
    yield
.venv311\Lib\site-packages\_pytest\capture.py:895: in pytest_runtest_setup
    return (yield)
            ^^^^^
.venv311\Lib\site-packages\_pytest\runner.py:165: in pytest_runtest_setup
    item.session._setupstate.setup(item)
.venv311\Lib\site-packages\_pytest\runner.py:523: in setup
    col.setup()
.venv311\Lib\site-packages\_pytest\python.py:1723: in setup
    self._request._fillfixtures()
.venv311\Lib\site-packages\_pytest\fixtures.py:707: in _fillfixtures
    item.funcargs[argname] = self.getfixturevalue(argname)
                             ^^^^^^^^^^^^^^^^^^^^^^^^^^^^^
.venv311\Lib\site-packages\_pytest\fixtures.py:539: in getfixturevalue
    fixturedef = self._get_active_fixturedef(argname)
                 ^^^^^^^^^^^^^^^^^^^^^^^^^^^^^^^^^^^^
.venv311\Lib\site-packages\_pytest\fixtures.py:627: in _get_active_fixturedef
    fixturedef.execute(request=subrequest)
.venv311\Lib\site-packages\_pytest\fixtures.py:1110: in execute
    result: FixtureValue = ihook.pytest_fixture_setup(
.venv311\Lib\site-packages\pluggy\_hooks.py:512: in __call__
    return self._hookexec(self.name, self._hookimpls.copy(), kwargs, firstresult)
           ^^^^^^^^^^^^^^^^^^^^^^^^^^^^^^^^^^^^^^^^^^^^^^^^^^^^^^^^^^^^^^^^^^^^^^
.venv311\Lib\site-packages\pluggy\_manager.py:120: in _hookexec
    return self._inner_hookexec(hook_name, methods, kwargs, firstresult)
           ^^^^^^^^^^^^^^^^^^^^^^^^^^^^^^^^^^^^^^^^^^^^^^^^^^^^^^^^^^^^^
.venv311\Lib\site-packages\pluggy\_callers.py:53: in run_old_style_hookwrapper
    return result.get_result()
           ^^^^^^^^^^^^^^^^^^^
.venv311\Lib\site-packages\pluggy\_callers.py:38: in run_old_style_hookwrapper
    res = yield
          ^^^^^
.venv311\Lib\site-packages\_pytest\setuponly.py:36: in pytest_fixture_setup
    return (yield)
            ^^^^^
.venv311\Lib\site-packages\_pytest\fixtures.py:1202: in pytest_fixture_setup
    result = call_fixture_func(fixturefunc, request, kwargs)
             ^^^^^^^^^^^^^^^^^^^^^^^^^^^^^^^^^^^^^^^^^^^^^^^
.venv311\Lib\site-packages\_pytest\fixtures.py:908: in call_fixture_func
    fixture_result = next(generator)
                     ^^^^^^^^^^^^^^^
.venv311\Lib\site-packages\_pytest\tmpdir.py:289: in tmp_path
    path = _mk_tmp(request, tmp_path_factory)
           ^^^^^^^^^^^^^^^^^^^^^^^^^^^^^^^^^^
.venv311\Lib\site-packages\_pytest\tmpdir.py:276: in _mk_tmp
    return factory.mktemp(name, numbered=True)
           ^^^^^^^^^^^^^^^^^^^^^^^^^^^^^^^^^^^
.venv311\Lib\site-packages\_pytest\tmpdir.py:131: in mktemp
    basename = self._ensure_relative_to_basetemp(basename)
               ^^^^^^^^^^^^^^^^^^^^^^^^^^^^^^^^^^^^^^^^^^^
.venv311\Lib\site-packages\_pytest\tmpdir.py:112: in _ensure_relative_to_basetemp
    if (self.getbasetemp() / basename).resolve().parent != self.getbasetemp():
        ^^^^^^^^^^^^^^^^^^
.venv311\Lib\site-packages\_pytest\tmpdir.py:208: in getbasetemp
    basetemp = make_numbered_dir_with_cleanup(
.venv311\Lib\site-packages\_pytest\pathlib.py:407: in make_numbered_dir_with_cleanup
    raise e
.venv311\Lib\site-packages\_pytest\pathlib.py:388: in make_numbered_dir_with_cleanup
    p = make_numbered_dir(root, prefix, mode)
        ^^^^^^^^^^^^^^^^^^^^^^^^^^^^^^^^^^^^^
.venv311\Lib\site-packages\_pytest\pathlib.py:229: in make_numbered_dir
    max_existing = max(map(parse_num, find_suffixes(root, prefix)), default=-1)
                   ^^^^^^^^^^^^^^^^^^^^^^^^^^^^^^^^^^^^^^^^^^^^^^^^^^^^^^^^^^^^
.venv311\Lib\site-packages\_pytest\pathlib.py:188: in extract_suffixes
    for entry in iter:
.venv311\Lib\site-packages\_pytest\pathlib.py:176: in find_prefixed
    for x in os.scandir(root):
             ^^^^^^^^^^^^^^^^
E   PermissionError: [WinError 5] アクセスが拒否されました。: 'C:\\Users\\ynobe\\AppData\\Local\\Temp\\pytest-of-ynobe'
______ ERROR at setup of test_hybrid_alpha_zero_matches_lexical_ordering ______
.venv311\Lib\site-packages\_pytest\runner.py:353: in from_call
    result: TResult | None = func()
                             ^^^^^^
.venv311\Lib\site-packages\_pytest\runner.py:245: in <lambda>
    lambda: runtest_hook(item=item, **kwds),
            ^^^^^^^^^^^^^^^^^^^^^^^^^^^^^^^
.venv311\Lib\site-packages\pluggy\_hooks.py:512: in __call__
    return self._hookexec(self.name, self._hookimpls.copy(), kwargs, firstresult)
           ^^^^^^^^^^^^^^^^^^^^^^^^^^^^^^^^^^^^^^^^^^^^^^^^^^^^^^^^^^^^^^^^^^^^^^
.venv311\Lib\site-packages\pluggy\_manager.py:120: in _hookexec
    return self._inner_hookexec(hook_name, methods, kwargs, firstresult)
           ^^^^^^^^^^^^^^^^^^^^^^^^^^^^^^^^^^^^^^^^^^^^^^^^^^^^^^^^^^^^^
.venv311\Lib\site-packages\_pytest\logging.py:843: in pytest_runtest_setup
    yield
.venv311\Lib\site-packages\_pytest\capture.py:895: in pytest_runtest_setup
    return (yield)
            ^^^^^
.venv311\Lib\site-packages\_pytest\runner.py:165: in pytest_runtest_setup
    item.session._setupstate.setup(item)
.venv311\Lib\site-packages\_pytest\runner.py:523: in setup
    col.setup()
.venv311\Lib\site-packages\_pytest\python.py:1723: in setup
    self._request._fillfixtures()
.venv311\Lib\site-packages\_pytest\fixtures.py:707: in _fillfixtures
    item.funcargs[argname] = self.getfixturevalue(argname)
                             ^^^^^^^^^^^^^^^^^^^^^^^^^^^^^
.venv311\Lib\site-packages\_pytest\fixtures.py:539: in getfixturevalue
    fixturedef = self._get_active_fixturedef(argname)
                 ^^^^^^^^^^^^^^^^^^^^^^^^^^^^^^^^^^^^
.venv311\Lib\site-packages\_pytest\fixtures.py:627: in _get_active_fixturedef
    fixturedef.execute(request=subrequest)
.venv311\Lib\site-packages\_pytest\fixtures.py:1110: in execute
    result: FixtureValue = ihook.pytest_fixture_setup(
.venv311\Lib\site-packages\pluggy\_hooks.py:512: in __call__
    return self._hookexec(self.name, self._hookimpls.copy(), kwargs, firstresult)
           ^^^^^^^^^^^^^^^^^^^^^^^^^^^^^^^^^^^^^^^^^^^^^^^^^^^^^^^^^^^^^^^^^^^^^^
.venv311\Lib\site-packages\pluggy\_manager.py:120: in _hookexec
    return self._inner_hookexec(hook_name, methods, kwargs, firstresult)
           ^^^^^^^^^^^^^^^^^^^^^^^^^^^^^^^^^^^^^^^^^^^^^^^^^^^^^^^^^^^^^
.venv311\Lib\site-packages\pluggy\_callers.py:53: in run_old_style_hookwrapper
    return result.get_result()
           ^^^^^^^^^^^^^^^^^^^
.venv311\Lib\site-packages\pluggy\_callers.py:38: in run_old_style_hookwrapper
    res = yield
          ^^^^^
.venv311\Lib\site-packages\_pytest\setuponly.py:36: in pytest_fixture_setup
    return (yield)
            ^^^^^
.venv311\Lib\site-packages\_pytest\fixtures.py:1202: in pytest_fixture_setup
    result = call_fixture_func(fixturefunc, request, kwargs)
             ^^^^^^^^^^^^^^^^^^^^^^^^^^^^^^^^^^^^^^^^^^^^^^^
.venv311\Lib\site-packages\_pytest\fixtures.py:908: in call_fixture_func
    fixture_result = next(generator)
                     ^^^^^^^^^^^^^^^
.venv311\Lib\site-packages\_pytest\tmpdir.py:289: in tmp_path
    path = _mk_tmp(request, tmp_path_factory)
           ^^^^^^^^^^^^^^^^^^^^^^^^^^^^^^^^^^
.venv311\Lib\site-packages\_pytest\tmpdir.py:276: in _mk_tmp
    return factory.mktemp(name, numbered=True)
           ^^^^^^^^^^^^^^^^^^^^^^^^^^^^^^^^^^^
.venv311\Lib\site-packages\_pytest\tmpdir.py:131: in mktemp
    basename = self._ensure_relative_to_basetemp(basename)
               ^^^^^^^^^^^^^^^^^^^^^^^^^^^^^^^^^^^^^^^^^^^
.venv311\Lib\site-packages\_pytest\tmpdir.py:112: in _ensure_relative_to_basetemp
    if (self.getbasetemp() / basename).resolve().parent != self.getbasetemp():
        ^^^^^^^^^^^^^^^^^^
.venv311\Lib\site-packages\_pytest\tmpdir.py:208: in getbasetemp
    basetemp = make_numbered_dir_with_cleanup(
.venv311\Lib\site-packages\_pytest\pathlib.py:407: in make_numbered_dir_with_cleanup
    raise e
.venv311\Lib\site-packages\_pytest\pathlib.py:388: in make_numbered_dir_with_cleanup
    p = make_numbered_dir(root, prefix, mode)
        ^^^^^^^^^^^^^^^^^^^^^^^^^^^^^^^^^^^^^
.venv311\Lib\site-packages\_pytest\pathlib.py:229: in make_numbered_dir
    max_existing = max(map(parse_num, find_suffixes(root, prefix)), default=-1)
                   ^^^^^^^^^^^^^^^^^^^^^^^^^^^^^^^^^^^^^^^^^^^^^^^^^^^^^^^^^^^^
.venv311\Lib\site-packages\_pytest\pathlib.py:188: in extract_suffixes
    for entry in iter:
.venv311\Lib\site-packages\_pytest\pathlib.py:176: in find_prefixed
    for x in os.scandir(root):
             ^^^^^^^^^^^^^^^^
E   PermissionError: [WinError 5] アクセスが拒否されました。: 'C:\\Users\\ynobe\\AppData\\Local\\Temp\\pytest-of-ynobe'
_______________ ERROR at setup of test_record_and_source_scores _______________
.venv311\Lib\site-packages\_pytest\runner.py:353: in from_call
    result: TResult | None = func()
                             ^^^^^^
.venv311\Lib\site-packages\_pytest\runner.py:245: in <lambda>
    lambda: runtest_hook(item=item, **kwds),
            ^^^^^^^^^^^^^^^^^^^^^^^^^^^^^^^
.venv311\Lib\site-packages\pluggy\_hooks.py:512: in __call__
    return self._hookexec(self.name, self._hookimpls.copy(), kwargs, firstresult)
           ^^^^^^^^^^^^^^^^^^^^^^^^^^^^^^^^^^^^^^^^^^^^^^^^^^^^^^^^^^^^^^^^^^^^^^
.venv311\Lib\site-packages\pluggy\_manager.py:120: in _hookexec
    return self._inner_hookexec(hook_name, methods, kwargs, firstresult)
           ^^^^^^^^^^^^^^^^^^^^^^^^^^^^^^^^^^^^^^^^^^^^^^^^^^^^^^^^^^^^^
.venv311\Lib\site-packages\_pytest\logging.py:843: in pytest_runtest_setup
    yield
.venv311\Lib\site-packages\_pytest\capture.py:895: in pytest_runtest_setup
    return (yield)
            ^^^^^
.venv311\Lib\site-packages\_pytest\runner.py:165: in pytest_runtest_setup
    item.session._setupstate.setup(item)
.venv311\Lib\site-packages\_pytest\runner.py:523: in setup
    col.setup()
.venv311\Lib\site-packages\_pytest\python.py:1723: in setup
    self._request._fillfixtures()
.venv311\Lib\site-packages\_pytest\fixtures.py:707: in _fillfixtures
    item.funcargs[argname] = self.getfixturevalue(argname)
                             ^^^^^^^^^^^^^^^^^^^^^^^^^^^^^
.venv311\Lib\site-packages\_pytest\fixtures.py:539: in getfixturevalue
    fixturedef = self._get_active_fixturedef(argname)
                 ^^^^^^^^^^^^^^^^^^^^^^^^^^^^^^^^^^^^
.venv311\Lib\site-packages\_pytest\fixtures.py:627: in _get_active_fixturedef
    fixturedef.execute(request=subrequest)
.venv311\Lib\site-packages\_pytest\fixtures.py:1110: in execute
    result: FixtureValue = ihook.pytest_fixture_setup(
.venv311\Lib\site-packages\pluggy\_hooks.py:512: in __call__
    return self._hookexec(self.name, self._hookimpls.copy(), kwargs, firstresult)
           ^^^^^^^^^^^^^^^^^^^^^^^^^^^^^^^^^^^^^^^^^^^^^^^^^^^^^^^^^^^^^^^^^^^^^^
.venv311\Lib\site-packages\pluggy\_manager.py:120: in _hookexec
    return self._inner_hookexec(hook_name, methods, kwargs, firstresult)
           ^^^^^^^^^^^^^^^^^^^^^^^^^^^^^^^^^^^^^^^^^^^^^^^^^^^^^^^^^^^^^
.venv311\Lib\site-packages\pluggy\_callers.py:53: in run_old_style_hookwrapper
    return result.get_result()
           ^^^^^^^^^^^^^^^^^^^
.venv311\Lib\site-packages\pluggy\_callers.py:38: in run_old_style_hookwrapper
    res = yield
          ^^^^^
.venv311\Lib\site-packages\_pytest\setuponly.py:36: in pytest_fixture_setup
    return (yield)
            ^^^^^
.venv311\Lib\site-packages\_pytest\fixtures.py:1202: in pytest_fixture_setup
    result = call_fixture_func(fixturefunc, request, kwargs)
             ^^^^^^^^^^^^^^^^^^^^^^^^^^^^^^^^^^^^^^^^^^^^^^^
.venv311\Lib\site-packages\_pytest\fixtures.py:908: in call_fixture_func
    fixture_result = next(generator)
                     ^^^^^^^^^^^^^^^
.venv311\Lib\site-packages\_pytest\tmpdir.py:289: in tmp_path
    path = _mk_tmp(request, tmp_path_factory)
           ^^^^^^^^^^^^^^^^^^^^^^^^^^^^^^^^^^
.venv311\Lib\site-packages\_pytest\tmpdir.py:276: in _mk_tmp
    return factory.mktemp(name, numbered=True)
           ^^^^^^^^^^^^^^^^^^^^^^^^^^^^^^^^^^^
.venv311\Lib\site-packages\_pytest\tmpdir.py:131: in mktemp
    basename = self._ensure_relative_to_basetemp(basename)
               ^^^^^^^^^^^^^^^^^^^^^^^^^^^^^^^^^^^^^^^^^^^
.venv311\Lib\site-packages\_pytest\tmpdir.py:112: in _ensure_relative_to_basetemp
    if (self.getbasetemp() / basename).resolve().parent != self.getbasetemp():
        ^^^^^^^^^^^^^^^^^^
.venv311\Lib\site-packages\_pytest\tmpdir.py:208: in getbasetemp
    basetemp = make_numbered_dir_with_cleanup(
.venv311\Lib\site-packages\_pytest\pathlib.py:407: in make_numbered_dir_with_cleanup
    raise e
.venv311\Lib\site-packages\_pytest\pathlib.py:388: in make_numbered_dir_with_cleanup
    p = make_numbered_dir(root, prefix, mode)
        ^^^^^^^^^^^^^^^^^^^^^^^^^^^^^^^^^^^^^
.venv311\Lib\site-packages\_pytest\pathlib.py:229: in make_numbered_dir
    max_existing = max(map(parse_num, find_suffixes(root, prefix)), default=-1)
                   ^^^^^^^^^^^^^^^^^^^^^^^^^^^^^^^^^^^^^^^^^^^^^^^^^^^^^^^^^^^^
.venv311\Lib\site-packages\_pytest\pathlib.py:188: in extract_suffixes
    for entry in iter:
.venv311\Lib\site-packages\_pytest\pathlib.py:176: in find_prefixed
    for x in os.scandir(root):
             ^^^^^^^^^^^^^^^^
E   PermissionError: [WinError 5] アクセスが拒否されました。: 'C:\\Users\\ynobe\\AppData\\Local\\Temp\\pytest-of-ynobe'
____________ ERROR at setup of test_summary_counts_events_not_rows ____________
.venv311\Lib\site-packages\_pytest\runner.py:353: in from_call
    result: TResult | None = func()
                             ^^^^^^
.venv311\Lib\site-packages\_pytest\runner.py:245: in <lambda>
    lambda: runtest_hook(item=item, **kwds),
            ^^^^^^^^^^^^^^^^^^^^^^^^^^^^^^^
.venv311\Lib\site-packages\pluggy\_hooks.py:512: in __call__
    return self._hookexec(self.name, self._hookimpls.copy(), kwargs, firstresult)
           ^^^^^^^^^^^^^^^^^^^^^^^^^^^^^^^^^^^^^^^^^^^^^^^^^^^^^^^^^^^^^^^^^^^^^^
.venv311\Lib\site-packages\pluggy\_manager.py:120: in _hookexec
    return self._inner_hookexec(hook_name, methods, kwargs, firstresult)
           ^^^^^^^^^^^^^^^^^^^^^^^^^^^^^^^^^^^^^^^^^^^^^^^^^^^^^^^^^^^^^
.venv311\Lib\site-packages\_pytest\logging.py:843: in pytest_runtest_setup
    yield
.venv311\Lib\site-packages\_pytest\capture.py:895: in pytest_runtest_setup
    return (yield)
            ^^^^^
.venv311\Lib\site-packages\_pytest\runner.py:165: in pytest_runtest_setup
    item.session._setupstate.setup(item)
.venv311\Lib\site-packages\_pytest\runner.py:523: in setup
    col.setup()
.venv311\Lib\site-packages\_pytest\python.py:1723: in setup
    self._request._fillfixtures()
.venv311\Lib\site-packages\_pytest\fixtures.py:707: in _fillfixtures
    item.funcargs[argname] = self.getfixturevalue(argname)
                             ^^^^^^^^^^^^^^^^^^^^^^^^^^^^^
.venv311\Lib\site-packages\_pytest\fixtures.py:539: in getfixturevalue
    fixturedef = self._get_active_fixturedef(argname)
                 ^^^^^^^^^^^^^^^^^^^^^^^^^^^^^^^^^^^^
.venv311\Lib\site-packages\_pytest\fixtures.py:627: in _get_active_fixturedef
    fixturedef.execute(request=subrequest)
.venv311\Lib\site-packages\_pytest\fixtures.py:1110: in execute
    result: FixtureValue = ihook.pytest_fixture_setup(
.venv311\Lib\site-packages\pluggy\_hooks.py:512: in __call__
    return self._hookexec(self.name, self._hookimpls.copy(), kwargs, firstresult)
           ^^^^^^^^^^^^^^^^^^^^^^^^^^^^^^^^^^^^^^^^^^^^^^^^^^^^^^^^^^^^^^^^^^^^^^
.venv311\Lib\site-packages\pluggy\_manager.py:120: in _hookexec
    return self._inner_hookexec(hook_name, methods, kwargs, firstresult)
           ^^^^^^^^^^^^^^^^^^^^^^^^^^^^^^^^^^^^^^^^^^^^^^^^^^^^^^^^^^^^^
.venv311\Lib\site-packages\pluggy\_callers.py:53: in run_old_style_hookwrapper
    return result.get_result()
           ^^^^^^^^^^^^^^^^^^^
.venv311\Lib\site-packages\pluggy\_callers.py:38: in run_old_style_hookwrapper
    res = yield
          ^^^^^
.venv311\Lib\site-packages\_pytest\setuponly.py:36: in pytest_fixture_setup
    return (yield)
            ^^^^^
.venv311\Lib\site-packages\_pytest\fixtures.py:1202: in pytest_fixture_setup
    result = call_fixture_func(fixturefunc, request, kwargs)
             ^^^^^^^^^^^^^^^^^^^^^^^^^^^^^^^^^^^^^^^^^^^^^^^
.venv311\Lib\site-packages\_pytest\fixtures.py:908: in call_fixture_func
    fixture_result = next(generator)
                     ^^^^^^^^^^^^^^^
.venv311\Lib\site-packages\_pytest\tmpdir.py:289: in tmp_path
    path = _mk_tmp(request, tmp_path_factory)
           ^^^^^^^^^^^^^^^^^^^^^^^^^^^^^^^^^^
.venv311\Lib\site-packages\_pytest\tmpdir.py:276: in _mk_tmp
    return factory.mktemp(name, numbered=True)
           ^^^^^^^^^^^^^^^^^^^^^^^^^^^^^^^^^^^
.venv311\Lib\site-packages\_pytest\tmpdir.py:131: in mktemp
    basename = self._ensure_relative_to_basetemp(basename)
               ^^^^^^^^^^^^^^^^^^^^^^^^^^^^^^^^^^^^^^^^^^^
.venv311\Lib\site-packages\_pytest\tmpdir.py:112: in _ensure_relative_to_basetemp
    if (self.getbasetemp() / basename).resolve().parent != self.getbasetemp():
        ^^^^^^^^^^^^^^^^^^
.venv311\Lib\site-packages\_pytest\tmpdir.py:208: in getbasetemp
    basetemp = make_numbered_dir_with_cleanup(
.venv311\Lib\site-packages\_pytest\pathlib.py:407: in make_numbered_dir_with_cleanup
    raise e
.venv311\Lib\site-packages\_pytest\pathlib.py:388: in make_numbered_dir_with_cleanup
    p = make_numbered_dir(root, prefix, mode)
        ^^^^^^^^^^^^^^^^^^^^^^^^^^^^^^^^^^^^^
.venv311\Lib\site-packages\_pytest\pathlib.py:229: in make_numbered_dir
    max_existing = max(map(parse_num, find_suffixes(root, prefix)), default=-1)
                   ^^^^^^^^^^^^^^^^^^^^^^^^^^^^^^^^^^^^^^^^^^^^^^^^^^^^^^^^^^^^
.venv311\Lib\site-packages\_pytest\pathlib.py:188: in extract_suffixes
    for entry in iter:
.venv311\Lib\site-packages\_pytest\pathlib.py:176: in find_prefixed
    for x in os.scandir(root):
             ^^^^^^^^^^^^^^^^
E   PermissionError: [WinError 5] アクセスが拒否されました。: 'C:\\Users\\ynobe\\AppData\\Local\\Temp\\pytest-of-ynobe'
______________ ERROR at setup of test_record_rejects_bad_rating _______________
.venv311\Lib\site-packages\_pytest\runner.py:353: in from_call
    result: TResult | None = func()
                             ^^^^^^
.venv311\Lib\site-packages\_pytest\runner.py:245: in <lambda>
    lambda: runtest_hook(item=item, **kwds),
            ^^^^^^^^^^^^^^^^^^^^^^^^^^^^^^^
.venv311\Lib\site-packages\pluggy\_hooks.py:512: in __call__
    return self._hookexec(self.name, self._hookimpls.copy(), kwargs, firstresult)
           ^^^^^^^^^^^^^^^^^^^^^^^^^^^^^^^^^^^^^^^^^^^^^^^^^^^^^^^^^^^^^^^^^^^^^^
.venv311\Lib\site-packages\pluggy\_manager.py:120: in _hookexec
    return self._inner_hookexec(hook_name, methods, kwargs, firstresult)
           ^^^^^^^^^^^^^^^^^^^^^^^^^^^^^^^^^^^^^^^^^^^^^^^^^^^^^^^^^^^^^
.venv311\Lib\site-packages\_pytest\logging.py:843: in pytest_runtest_setup
    yield
.venv311\Lib\site-packages\_pytest\capture.py:895: in pytest_runtest_setup
    return (yield)
            ^^^^^
.venv311\Lib\site-packages\_pytest\runner.py:165: in pytest_runtest_setup
    item.session._setupstate.setup(item)
.venv311\Lib\site-packages\_pytest\runner.py:523: in setup
    col.setup()
.venv311\Lib\site-packages\_pytest\python.py:1723: in setup
    self._request._fillfixtures()
.venv311\Lib\site-packages\_pytest\fixtures.py:707: in _fillfixtures
    item.funcargs[argname] = self.getfixturevalue(argname)
                             ^^^^^^^^^^^^^^^^^^^^^^^^^^^^^
.venv311\Lib\site-packages\_pytest\fixtures.py:539: in getfixturevalue
    fixturedef = self._get_active_fixturedef(argname)
                 ^^^^^^^^^^^^^^^^^^^^^^^^^^^^^^^^^^^^
.venv311\Lib\site-packages\_pytest\fixtures.py:627: in _get_active_fixturedef
    fixturedef.execute(request=subrequest)
.venv311\Lib\site-packages\_pytest\fixtures.py:1110: in execute
    result: FixtureValue = ihook.pytest_fixture_setup(
.venv311\Lib\site-packages\pluggy\_hooks.py:512: in __call__
    return self._hookexec(self.name, self._hookimpls.copy(), kwargs, firstresult)
           ^^^^^^^^^^^^^^^^^^^^^^^^^^^^^^^^^^^^^^^^^^^^^^^^^^^^^^^^^^^^^^^^^^^^^^
.venv311\Lib\site-packages\pluggy\_manager.py:120: in _hookexec
    return self._inner_hookexec(hook_name, methods, kwargs, firstresult)
           ^^^^^^^^^^^^^^^^^^^^^^^^^^^^^^^^^^^^^^^^^^^^^^^^^^^^^^^^^^^^^
.venv311\Lib\site-packages\pluggy\_callers.py:53: in run_old_style_hookwrapper
    return result.get_result()
           ^^^^^^^^^^^^^^^^^^^
.venv311\Lib\site-packages\pluggy\_callers.py:38: in run_old_style_hookwrapper
    res = yield
          ^^^^^
.venv311\Lib\site-packages\_pytest\setuponly.py:36: in pytest_fixture_setup
    return (yield)
            ^^^^^
.venv311\Lib\site-packages\_pytest\fixtures.py:1202: in pytest_fixture_setup
    result = call_fixture_func(fixturefunc, request, kwargs)
             ^^^^^^^^^^^^^^^^^^^^^^^^^^^^^^^^^^^^^^^^^^^^^^^
.venv311\Lib\site-packages\_pytest\fixtures.py:908: in call_fixture_func
    fixture_result = next(generator)
                     ^^^^^^^^^^^^^^^
.venv311\Lib\site-packages\_pytest\tmpdir.py:289: in tmp_path
    path = _mk_tmp(request, tmp_path_factory)
           ^^^^^^^^^^^^^^^^^^^^^^^^^^^^^^^^^^
.venv311\Lib\site-packages\_pytest\tmpdir.py:276: in _mk_tmp
    return factory.mktemp(name, numbered=True)
           ^^^^^^^^^^^^^^^^^^^^^^^^^^^^^^^^^^^
.venv311\Lib\site-packages\_pytest\tmpdir.py:131: in mktemp
    basename = self._ensure_relative_to_basetemp(basename)
               ^^^^^^^^^^^^^^^^^^^^^^^^^^^^^^^^^^^^^^^^^^^
.venv311\Lib\site-packages\_pytest\tmpdir.py:112: in _ensure_relative_to_basetemp
    if (self.getbasetemp() / basename).resolve().parent != self.getbasetemp():
        ^^^^^^^^^^^^^^^^^^
.venv311\Lib\site-packages\_pytest\tmpdir.py:208: in getbasetemp
    basetemp = make_numbered_dir_with_cleanup(
.venv311\Lib\site-packages\_pytest\pathlib.py:407: in make_numbered_dir_with_cleanup
    raise e
.venv311\Lib\site-packages\_pytest\pathlib.py:388: in make_numbered_dir_with_cleanup
    p = make_numbered_dir(root, prefix, mode)
        ^^^^^^^^^^^^^^^^^^^^^^^^^^^^^^^^^^^^^
.venv311\Lib\site-packages\_pytest\pathlib.py:229: in make_numbered_dir
    max_existing = max(map(parse_num, find_suffixes(root, prefix)), default=-1)
                   ^^^^^^^^^^^^^^^^^^^^^^^^^^^^^^^^^^^^^^^^^^^^^^^^^^^^^^^^^^^^
.venv311\Lib\site-packages\_pytest\pathlib.py:188: in extract_suffixes
    for entry in iter:
.venv311\Lib\site-packages\_pytest\pathlib.py:176: in find_prefixed
    for x in os.scandir(root):
             ^^^^^^^^^^^^^^^^
E   PermissionError: [WinError 5] アクセスが拒否されました。: 'C:\\Users\\ynobe\\AppData\\Local\\Temp\\pytest-of-ynobe'
__________ ERROR at setup of test_feedback_source_scores_missing_db ___________
.venv311\Lib\site-packages\_pytest\runner.py:353: in from_call
    result: TResult | None = func()
                             ^^^^^^
.venv311\Lib\site-packages\_pytest\runner.py:245: in <lambda>
    lambda: runtest_hook(item=item, **kwds),
            ^^^^^^^^^^^^^^^^^^^^^^^^^^^^^^^
.venv311\Lib\site-packages\pluggy\_hooks.py:512: in __call__
    return self._hookexec(self.name, self._hookimpls.copy(), kwargs, firstresult)
           ^^^^^^^^^^^^^^^^^^^^^^^^^^^^^^^^^^^^^^^^^^^^^^^^^^^^^^^^^^^^^^^^^^^^^^
.venv311\Lib\site-packages\pluggy\_manager.py:120: in _hookexec
    return self._inner_hookexec(hook_name, methods, kwargs, firstresult)
           ^^^^^^^^^^^^^^^^^^^^^^^^^^^^^^^^^^^^^^^^^^^^^^^^^^^^^^^^^^^^^
.venv311\Lib\site-packages\_pytest\logging.py:843: in pytest_runtest_setup
    yield
.venv311\Lib\site-packages\_pytest\capture.py:895: in pytest_runtest_setup
    return (yield)
            ^^^^^
.venv311\Lib\site-packages\_pytest\runner.py:165: in pytest_runtest_setup
    item.session._setupstate.setup(item)
.venv311\Lib\site-packages\_pytest\runner.py:523: in setup
    col.setup()
.venv311\Lib\site-packages\_pytest\python.py:1723: in setup
    self._request._fillfixtures()
.venv311\Lib\site-packages\_pytest\fixtures.py:707: in _fillfixtures
    item.funcargs[argname] = self.getfixturevalue(argname)
                             ^^^^^^^^^^^^^^^^^^^^^^^^^^^^^
.venv311\Lib\site-packages\_pytest\fixtures.py:539: in getfixturevalue
    fixturedef = self._get_active_fixturedef(argname)
                 ^^^^^^^^^^^^^^^^^^^^^^^^^^^^^^^^^^^^
.venv311\Lib\site-packages\_pytest\fixtures.py:627: in _get_active_fixturedef
    fixturedef.execute(request=subrequest)
.venv311\Lib\site-packages\_pytest\fixtures.py:1110: in execute
    result: FixtureValue = ihook.pytest_fixture_setup(
.venv311\Lib\site-packages\pluggy\_hooks.py:512: in __call__
    return self._hookexec(self.name, self._hookimpls.copy(), kwargs, firstresult)
           ^^^^^^^^^^^^^^^^^^^^^^^^^^^^^^^^^^^^^^^^^^^^^^^^^^^^^^^^^^^^^^^^^^^^^^
.venv311\Lib\site-packages\pluggy\_manager.py:120: in _hookexec
    return self._inner_hookexec(hook_name, methods, kwargs, firstresult)
           ^^^^^^^^^^^^^^^^^^^^^^^^^^^^^^^^^^^^^^^^^^^^^^^^^^^^^^^^^^^^^
.venv311\Lib\site-packages\pluggy\_callers.py:53: in run_old_style_hookwrapper
    return result.get_result()
           ^^^^^^^^^^^^^^^^^^^
.venv311\Lib\site-packages\pluggy\_callers.py:38: in run_old_style_hookwrapper
    res = yield
          ^^^^^
.venv311\Lib\site-packages\_pytest\setuponly.py:36: in pytest_fixture_setup
    return (yield)
            ^^^^^
.venv311\Lib\site-packages\_pytest\fixtures.py:1202: in pytest_fixture_setup
    result = call_fixture_func(fixturefunc, request, kwargs)
             ^^^^^^^^^^^^^^^^^^^^^^^^^^^^^^^^^^^^^^^^^^^^^^^
.venv311\Lib\site-packages\_pytest\fixtures.py:908: in call_fixture_func
    fixture_result = next(generator)
                     ^^^^^^^^^^^^^^^
.venv311\Lib\site-packages\_pytest\tmpdir.py:289: in tmp_path
    path = _mk_tmp(request, tmp_path_factory)
           ^^^^^^^^^^^^^^^^^^^^^^^^^^^^^^^^^^
.venv311\Lib\site-packages\_pytest\tmpdir.py:276: in _mk_tmp
    return factory.mktemp(name, numbered=True)
           ^^^^^^^^^^^^^^^^^^^^^^^^^^^^^^^^^^^
.venv311\Lib\site-packages\_pytest\tmpdir.py:131: in mktemp
    basename = self._ensure_relative_to_basetemp(basename)
               ^^^^^^^^^^^^^^^^^^^^^^^^^^^^^^^^^^^^^^^^^^^
.venv311\Lib\site-packages\_pytest\tmpdir.py:112: in _ensure_relative_to_basetemp
    if (self.getbasetemp() / basename).resolve().parent != self.getbasetemp():
        ^^^^^^^^^^^^^^^^^^
.venv311\Lib\site-packages\_pytest\tmpdir.py:208: in getbasetemp
    basetemp = make_numbered_dir_with_cleanup(
.venv311\Lib\site-packages\_pytest\pathlib.py:407: in make_numbered_dir_with_cleanup
    raise e
.venv311\Lib\site-packages\_pytest\pathlib.py:388: in make_numbered_dir_with_cleanup
    p = make_numbered_dir(root, prefix, mode)
        ^^^^^^^^^^^^^^^^^^^^^^^^^^^^^^^^^^^^^
.venv311\Lib\site-packages\_pytest\pathlib.py:229: in make_numbered_dir
    max_existing = max(map(parse_num, find_suffixes(root, prefix)), default=-1)
                   ^^^^^^^^^^^^^^^^^^^^^^^^^^^^^^^^^^^^^^^^^^^^^^^^^^^^^^^^^^^^
.venv311\Lib\site-packages\_pytest\pathlib.py:188: in extract_suffixes
    for entry in iter:
.venv311\Lib\site-packages\_pytest\pathlib.py:176: in find_prefixed
    for x in os.scandir(root):
             ^^^^^^^^^^^^^^^^
E   PermissionError: [WinError 5] アクセスが拒否されました。: 'C:\\Users\\ynobe\\AppData\\Local\\Temp\\pytest-of-ynobe'
__________ ERROR at setup of test_dividend_evidence_text_reports_cut __________
.venv311\Lib\site-packages\_pytest\runner.py:353: in from_call
    result: TResult | None = func()
                             ^^^^^^
.venv311\Lib\site-packages\_pytest\runner.py:245: in <lambda>
    lambda: runtest_hook(item=item, **kwds),
            ^^^^^^^^^^^^^^^^^^^^^^^^^^^^^^^
.venv311\Lib\site-packages\pluggy\_hooks.py:512: in __call__
    return self._hookexec(self.name, self._hookimpls.copy(), kwargs, firstresult)
           ^^^^^^^^^^^^^^^^^^^^^^^^^^^^^^^^^^^^^^^^^^^^^^^^^^^^^^^^^^^^^^^^^^^^^^
.venv311\Lib\site-packages\pluggy\_manager.py:120: in _hookexec
    return self._inner_hookexec(hook_name, methods, kwargs, firstresult)
           ^^^^^^^^^^^^^^^^^^^^^^^^^^^^^^^^^^^^^^^^^^^^^^^^^^^^^^^^^^^^^
.venv311\Lib\site-packages\_pytest\logging.py:843: in pytest_runtest_setup
    yield
.venv311\Lib\site-packages\_pytest\capture.py:895: in pytest_runtest_setup
    return (yield)
            ^^^^^
.venv311\Lib\site-packages\_pytest\runner.py:165: in pytest_runtest_setup
    item.session._setupstate.setup(item)
.venv311\Lib\site-packages\_pytest\runner.py:523: in setup
    col.setup()
.venv311\Lib\site-packages\_pytest\python.py:1723: in setup
    self._request._fillfixtures()
.venv311\Lib\site-packages\_pytest\fixtures.py:707: in _fillfixtures
    item.funcargs[argname] = self.getfixturevalue(argname)
                             ^^^^^^^^^^^^^^^^^^^^^^^^^^^^^
.venv311\Lib\site-packages\_pytest\fixtures.py:539: in getfixturevalue
    fixturedef = self._get_active_fixturedef(argname)
                 ^^^^^^^^^^^^^^^^^^^^^^^^^^^^^^^^^^^^
.venv311\Lib\site-packages\_pytest\fixtures.py:627: in _get_active_fixturedef
    fixturedef.execute(request=subrequest)
.venv311\Lib\site-packages\_pytest\fixtures.py:1110: in execute
    result: FixtureValue = ihook.pytest_fixture_setup(
.venv311\Lib\site-packages\pluggy\_hooks.py:512: in __call__
    return self._hookexec(self.name, self._hookimpls.copy(), kwargs, firstresult)
           ^^^^^^^^^^^^^^^^^^^^^^^^^^^^^^^^^^^^^^^^^^^^^^^^^^^^^^^^^^^^^^^^^^^^^^
.venv311\Lib\site-packages\pluggy\_manager.py:120: in _hookexec
    return self._inner_hookexec(hook_name, methods, kwargs, firstresult)
           ^^^^^^^^^^^^^^^^^^^^^^^^^^^^^^^^^^^^^^^^^^^^^^^^^^^^^^^^^^^^^
.venv311\Lib\site-packages\pluggy\_callers.py:53: in run_old_style_hookwrapper
    return result.get_result()
           ^^^^^^^^^^^^^^^^^^^
.venv311\Lib\site-packages\pluggy\_callers.py:38: in run_old_style_hookwrapper
    res = yield
          ^^^^^
.venv311\Lib\site-packages\_pytest\setuponly.py:36: in pytest_fixture_setup
    return (yield)
            ^^^^^
.venv311\Lib\site-packages\_pytest\fixtures.py:1202: in pytest_fixture_setup
    result = call_fixture_func(fixturefunc, request, kwargs)
             ^^^^^^^^^^^^^^^^^^^^^^^^^^^^^^^^^^^^^^^^^^^^^^^
.venv311\Lib\site-packages\_pytest\fixtures.py:908: in call_fixture_func
    fixture_result = next(generator)
                     ^^^^^^^^^^^^^^^
.venv311\Lib\site-packages\_pytest\tmpdir.py:289: in tmp_path
    path = _mk_tmp(request, tmp_path_factory)
           ^^^^^^^^^^^^^^^^^^^^^^^^^^^^^^^^^^
.venv311\Lib\site-packages\_pytest\tmpdir.py:276: in _mk_tmp
    return factory.mktemp(name, numbered=True)
           ^^^^^^^^^^^^^^^^^^^^^^^^^^^^^^^^^^^
.venv311\Lib\site-packages\_pytest\tmpdir.py:131: in mktemp
    basename = self._ensure_relative_to_basetemp(basename)
               ^^^^^^^^^^^^^^^^^^^^^^^^^^^^^^^^^^^^^^^^^^^
.venv311\Lib\site-packages\_pytest\tmpdir.py:112: in _ensure_relative_to_basetemp
    if (self.getbasetemp() / basename).resolve().parent != self.getbasetemp():
        ^^^^^^^^^^^^^^^^^^
.venv311\Lib\site-packages\_pytest\tmpdir.py:208: in getbasetemp
    basetemp = make_numbered_dir_with_cleanup(
.venv311\Lib\site-packages\_pytest\pathlib.py:407: in make_numbered_dir_with_cleanup
    raise e
.venv311\Lib\site-packages\_pytest\pathlib.py:388: in make_numbered_dir_with_cleanup
    p = make_numbered_dir(root, prefix, mode)
        ^^^^^^^^^^^^^^^^^^^^^^^^^^^^^^^^^^^^^
.venv311\Lib\site-packages\_pytest\pathlib.py:229: in make_numbered_dir
    max_existing = max(map(parse_num, find_suffixes(root, prefix)), default=-1)
                   ^^^^^^^^^^^^^^^^^^^^^^^^^^^^^^^^^^^^^^^^^^^^^^^^^^^^^^^^^^^^
.venv311\Lib\site-packages\_pytest\pathlib.py:188: in extract_suffixes
    for entry in iter:
.venv311\Lib\site-packages\_pytest\pathlib.py:176: in find_prefixed
    for x in os.scandir(root):
             ^^^^^^^^^^^^^^^^
E   PermissionError: [WinError 5] アクセスが拒否されました。: 'C:\\Users\\ynobe\\AppData\\Local\\Temp\\pytest-of-ynobe'
_ ERROR at setup of test_build_financial_evidence_resolves_ticker_from_source _
.venv311\Lib\site-packages\_pytest\runner.py:353: in from_call
    result: TResult | None = func()
                             ^^^^^^
.venv311\Lib\site-packages\_pytest\runner.py:245: in <lambda>
    lambda: runtest_hook(item=item, **kwds),
            ^^^^^^^^^^^^^^^^^^^^^^^^^^^^^^^
.venv311\Lib\site-packages\pluggy\_hooks.py:512: in __call__
    return self._hookexec(self.name, self._hookimpls.copy(), kwargs, firstresult)
           ^^^^^^^^^^^^^^^^^^^^^^^^^^^^^^^^^^^^^^^^^^^^^^^^^^^^^^^^^^^^^^^^^^^^^^
.venv311\Lib\site-packages\pluggy\_manager.py:120: in _hookexec
    return self._inner_hookexec(hook_name, methods, kwargs, firstresult)
           ^^^^^^^^^^^^^^^^^^^^^^^^^^^^^^^^^^^^^^^^^^^^^^^^^^^^^^^^^^^^^
.venv311\Lib\site-packages\_pytest\logging.py:843: in pytest_runtest_setup
    yield
.venv311\Lib\site-packages\_pytest\capture.py:895: in pytest_runtest_setup
    return (yield)
            ^^^^^
.venv311\Lib\site-packages\_pytest\runner.py:165: in pytest_runtest_setup
    item.session._setupstate.setup(item)
.venv311\Lib\site-packages\_pytest\runner.py:523: in setup
    col.setup()
.venv311\Lib\site-packages\_pytest\python.py:1723: in setup
    self._request._fillfixtures()
.venv311\Lib\site-packages\_pytest\fixtures.py:707: in _fillfixtures
    item.funcargs[argname] = self.getfixturevalue(argname)
                             ^^^^^^^^^^^^^^^^^^^^^^^^^^^^^
.venv311\Lib\site-packages\_pytest\fixtures.py:539: in getfixturevalue
    fixturedef = self._get_active_fixturedef(argname)
                 ^^^^^^^^^^^^^^^^^^^^^^^^^^^^^^^^^^^^
.venv311\Lib\site-packages\_pytest\fixtures.py:627: in _get_active_fixturedef
    fixturedef.execute(request=subrequest)
.venv311\Lib\site-packages\_pytest\fixtures.py:1110: in execute
    result: FixtureValue = ihook.pytest_fixture_setup(
.venv311\Lib\site-packages\pluggy\_hooks.py:512: in __call__
    return self._hookexec(self.name, self._hookimpls.copy(), kwargs, firstresult)
           ^^^^^^^^^^^^^^^^^^^^^^^^^^^^^^^^^^^^^^^^^^^^^^^^^^^^^^^^^^^^^^^^^^^^^^
.venv311\Lib\site-packages\pluggy\_manager.py:120: in _hookexec
    return self._inner_hookexec(hook_name, methods, kwargs, firstresult)
           ^^^^^^^^^^^^^^^^^^^^^^^^^^^^^^^^^^^^^^^^^^^^^^^^^^^^^^^^^^^^^
.venv311\Lib\site-packages\pluggy\_callers.py:53: in run_old_style_hookwrapper
    return result.get_result()
           ^^^^^^^^^^^^^^^^^^^
.venv311\Lib\site-packages\pluggy\_callers.py:38: in run_old_style_hookwrapper
    res = yield
          ^^^^^
.venv311\Lib\site-packages\_pytest\setuponly.py:36: in pytest_fixture_setup
    return (yield)
            ^^^^^
.venv311\Lib\site-packages\_pytest\fixtures.py:1202: in pytest_fixture_setup
    result = call_fixture_func(fixturefunc, request, kwargs)
             ^^^^^^^^^^^^^^^^^^^^^^^^^^^^^^^^^^^^^^^^^^^^^^^
.venv311\Lib\site-packages\_pytest\fixtures.py:908: in call_fixture_func
    fixture_result = next(generator)
                     ^^^^^^^^^^^^^^^
.venv311\Lib\site-packages\_pytest\tmpdir.py:289: in tmp_path
    path = _mk_tmp(request, tmp_path_factory)
           ^^^^^^^^^^^^^^^^^^^^^^^^^^^^^^^^^^
.venv311\Lib\site-packages\_pytest\tmpdir.py:276: in _mk_tmp
    return factory.mktemp(name, numbered=True)
           ^^^^^^^^^^^^^^^^^^^^^^^^^^^^^^^^^^^
.venv311\Lib\site-packages\_pytest\tmpdir.py:131: in mktemp
    basename = self._ensure_relative_to_basetemp(basename)
               ^^^^^^^^^^^^^^^^^^^^^^^^^^^^^^^^^^^^^^^^^^^
.venv311\Lib\site-packages\_pytest\tmpdir.py:112: in _ensure_relative_to_basetemp
    if (self.getbasetemp() / basename).resolve().parent != self.getbasetemp():
        ^^^^^^^^^^^^^^^^^^
.venv311\Lib\site-packages\_pytest\tmpdir.py:208: in getbasetemp
    basetemp = make_numbered_dir_with_cleanup(
.venv311\Lib\site-packages\_pytest\pathlib.py:407: in make_numbered_dir_with_cleanup
    raise e
.venv311\Lib\site-packages\_pytest\pathlib.py:388: in make_numbered_dir_with_cleanup
    p = make_numbered_dir(root, prefix, mode)
        ^^^^^^^^^^^^^^^^^^^^^^^^^^^^^^^^^^^^^
.venv311\Lib\site-packages\_pytest\pathlib.py:229: in make_numbered_dir
    max_existing = max(map(parse_num, find_suffixes(root, prefix)), default=-1)
                   ^^^^^^^^^^^^^^^^^^^^^^^^^^^^^^^^^^^^^^^^^^^^^^^^^^^^^^^^^^^^
.venv311\Lib\site-packages\_pytest\pathlib.py:188: in extract_suffixes
    for entry in iter:
.venv311\Lib\site-packages\_pytest\pathlib.py:176: in find_prefixed
    for x in os.scandir(root):
             ^^^^^^^^^^^^^^^^
E   PermissionError: [WinError 5] アクセスが拒否されました。: 'C:\\Users\\ynobe\\AppData\\Local\\Temp\\pytest-of-ynobe'
____ ERROR at setup of test_build_financial_evidence_none_when_csv_missing ____
.venv311\Lib\site-packages\_pytest\runner.py:353: in from_call
    result: TResult | None = func()
                             ^^^^^^
.venv311\Lib\site-packages\_pytest\runner.py:245: in <lambda>
    lambda: runtest_hook(item=item, **kwds),
            ^^^^^^^^^^^^^^^^^^^^^^^^^^^^^^^
.venv311\Lib\site-packages\pluggy\_hooks.py:512: in __call__
    return self._hookexec(self.name, self._hookimpls.copy(), kwargs, firstresult)
           ^^^^^^^^^^^^^^^^^^^^^^^^^^^^^^^^^^^^^^^^^^^^^^^^^^^^^^^^^^^^^^^^^^^^^^
.venv311\Lib\site-packages\pluggy\_manager.py:120: in _hookexec
    return self._inner_hookexec(hook_name, methods, kwargs, firstresult)
           ^^^^^^^^^^^^^^^^^^^^^^^^^^^^^^^^^^^^^^^^^^^^^^^^^^^^^^^^^^^^^
.venv311\Lib\site-packages\_pytest\logging.py:843: in pytest_runtest_setup
    yield
.venv311\Lib\site-packages\_pytest\capture.py:895: in pytest_runtest_setup
    return (yield)
            ^^^^^
.venv311\Lib\site-packages\_pytest\runner.py:165: in pytest_runtest_setup
    item.session._setupstate.setup(item)
.venv311\Lib\site-packages\_pytest\runner.py:523: in setup
    col.setup()
.venv311\Lib\site-packages\_pytest\python.py:1723: in setup
    self._request._fillfixtures()
.venv311\Lib\site-packages\_pytest\fixtures.py:707: in _fillfixtures
    item.funcargs[argname] = self.getfixturevalue(argname)
                             ^^^^^^^^^^^^^^^^^^^^^^^^^^^^^
.venv311\Lib\site-packages\_pytest\fixtures.py:539: in getfixturevalue
    fixturedef = self._get_active_fixturedef(argname)
                 ^^^^^^^^^^^^^^^^^^^^^^^^^^^^^^^^^^^^
.venv311\Lib\site-packages\_pytest\fixtures.py:627: in _get_active_fixturedef
    fixturedef.execute(request=subrequest)
.venv311\Lib\site-packages\_pytest\fixtures.py:1110: in execute
    result: FixtureValue = ihook.pytest_fixture_setup(
.venv311\Lib\site-packages\pluggy\_hooks.py:512: in __call__
    return self._hookexec(self.name, self._hookimpls.copy(), kwargs, firstresult)
           ^^^^^^^^^^^^^^^^^^^^^^^^^^^^^^^^^^^^^^^^^^^^^^^^^^^^^^^^^^^^^^^^^^^^^^
.venv311\Lib\site-packages\pluggy\_manager.py:120: in _hookexec
    return self._inner_hookexec(hook_name, methods, kwargs, firstresult)
           ^^^^^^^^^^^^^^^^^^^^^^^^^^^^^^^^^^^^^^^^^^^^^^^^^^^^^^^^^^^^^
.venv311\Lib\site-packages\pluggy\_callers.py:53: in run_old_style_hookwrapper
    return result.get_result()
           ^^^^^^^^^^^^^^^^^^^
.venv311\Lib\site-packages\pluggy\_callers.py:38: in run_old_style_hookwrapper
    res = yield
          ^^^^^
.venv311\Lib\site-packages\_pytest\setuponly.py:36: in pytest_fixture_setup
    return (yield)
            ^^^^^
.venv311\Lib\site-packages\_pytest\fixtures.py:1202: in pytest_fixture_setup
    result = call_fixture_func(fixturefunc, request, kwargs)
             ^^^^^^^^^^^^^^^^^^^^^^^^^^^^^^^^^^^^^^^^^^^^^^^
.venv311\Lib\site-packages\_pytest\fixtures.py:908: in call_fixture_func
    fixture_result = next(generator)
                     ^^^^^^^^^^^^^^^
.venv311\Lib\site-packages\_pytest\tmpdir.py:289: in tmp_path
    path = _mk_tmp(request, tmp_path_factory)
           ^^^^^^^^^^^^^^^^^^^^^^^^^^^^^^^^^^
.venv311\Lib\site-packages\_pytest\tmpdir.py:276: in _mk_tmp
    return factory.mktemp(name, numbered=True)
           ^^^^^^^^^^^^^^^^^^^^^^^^^^^^^^^^^^^
.venv311\Lib\site-packages\_pytest\tmpdir.py:131: in mktemp
    basename = self._ensure_relative_to_basetemp(basename)
               ^^^^^^^^^^^^^^^^^^^^^^^^^^^^^^^^^^^^^^^^^^^
.venv311\Lib\site-packages\_pytest\tmpdir.py:112: in _ensure_relative_to_basetemp
    if (self.getbasetemp() / basename).resolve().parent != self.getbasetemp():
        ^^^^^^^^^^^^^^^^^^
.venv311\Lib\site-packages\_pytest\tmpdir.py:208: in getbasetemp
    basetemp = make_numbered_dir_with_cleanup(
.venv311\Lib\site-packages\_pytest\pathlib.py:407: in make_numbered_dir_with_cleanup
    raise e
.venv311\Lib\site-packages\_pytest\pathlib.py:388: in make_numbered_dir_with_cleanup
    p = make_numbered_dir(root, prefix, mode)
        ^^^^^^^^^^^^^^^^^^^^^^^^^^^^^^^^^^^^^
.venv311\Lib\site-packages\_pytest\pathlib.py:229: in make_numbered_dir
    max_existing = max(map(parse_num, find_suffixes(root, prefix)), default=-1)
                   ^^^^^^^^^^^^^^^^^^^^^^^^^^^^^^^^^^^^^^^^^^^^^^^^^^^^^^^^^^^^
.venv311\Lib\site-packages\_pytest\pathlib.py:188: in extract_suffixes
    for entry in iter:
.venv311\Lib\site-packages\_pytest\pathlib.py:176: in find_prefixed
    for x in os.scandir(root):
             ^^^^^^^^^^^^^^^^
E   PermissionError: [WinError 5] アクセスが拒否されました。: 'C:\\Users\\ynobe\\AppData\\Local\\Temp\\pytest-of-ynobe'
___ ERROR at setup of test_build_financial_evidence_none_for_unknown_ticker ___
.venv311\Lib\site-packages\_pytest\runner.py:353: in from_call
    result: TResult | None = func()
                             ^^^^^^
.venv311\Lib\site-packages\_pytest\runner.py:245: in <lambda>
    lambda: runtest_hook(item=item, **kwds),
            ^^^^^^^^^^^^^^^^^^^^^^^^^^^^^^^
.venv311\Lib\site-packages\pluggy\_hooks.py:512: in __call__
    return self._hookexec(self.name, self._hookimpls.copy(), kwargs, firstresult)
           ^^^^^^^^^^^^^^^^^^^^^^^^^^^^^^^^^^^^^^^^^^^^^^^^^^^^^^^^^^^^^^^^^^^^^^
.venv311\Lib\site-packages\pluggy\_manager.py:120: in _hookexec
    return self._inner_hookexec(hook_name, methods, kwargs, firstresult)
           ^^^^^^^^^^^^^^^^^^^^^^^^^^^^^^^^^^^^^^^^^^^^^^^^^^^^^^^^^^^^^
.venv311\Lib\site-packages\_pytest\logging.py:843: in pytest_runtest_setup
    yield
.venv311\Lib\site-packages\_pytest\capture.py:895: in pytest_runtest_setup
    return (yield)
            ^^^^^
.venv311\Lib\site-packages\_pytest\runner.py:165: in pytest_runtest_setup
    item.session._setupstate.setup(item)
.venv311\Lib\site-packages\_pytest\runner.py:523: in setup
    col.setup()
.venv311\Lib\site-packages\_pytest\python.py:1723: in setup
    self._request._fillfixtures()
.venv311\Lib\site-packages\_pytest\fixtures.py:707: in _fillfixtures
    item.funcargs[argname] = self.getfixturevalue(argname)
                             ^^^^^^^^^^^^^^^^^^^^^^^^^^^^^
.venv311\Lib\site-packages\_pytest\fixtures.py:539: in getfixturevalue
    fixturedef = self._get_active_fixturedef(argname)
                 ^^^^^^^^^^^^^^^^^^^^^^^^^^^^^^^^^^^^
.venv311\Lib\site-packages\_pytest\fixtures.py:627: in _get_active_fixturedef
    fixturedef.execute(request=subrequest)
.venv311\Lib\site-packages\_pytest\fixtures.py:1110: in execute
    result: FixtureValue = ihook.pytest_fixture_setup(
.venv311\Lib\site-packages\pluggy\_hooks.py:512: in __call__
    return self._hookexec(self.name, self._hookimpls.copy(), kwargs, firstresult)
           ^^^^^^^^^^^^^^^^^^^^^^^^^^^^^^^^^^^^^^^^^^^^^^^^^^^^^^^^^^^^^^^^^^^^^^
.venv311\Lib\site-packages\pluggy\_manager.py:120: in _hookexec
    return self._inner_hookexec(hook_name, methods, kwargs, firstresult)
           ^^^^^^^^^^^^^^^^^^^^^^^^^^^^^^^^^^^^^^^^^^^^^^^^^^^^^^^^^^^^^
.venv311\Lib\site-packages\pluggy\_callers.py:53: in run_old_style_hookwrapper
    return result.get_result()
           ^^^^^^^^^^^^^^^^^^^
.venv311\Lib\site-packages\pluggy\_callers.py:38: in run_old_style_hookwrapper
    res = yield
          ^^^^^
.venv311\Lib\site-packages\_pytest\setuponly.py:36: in pytest_fixture_setup
    return (yield)
            ^^^^^
.venv311\Lib\site-packages\_pytest\fixtures.py:1202: in pytest_fixture_setup
    result = call_fixture_func(fixturefunc, request, kwargs)
             ^^^^^^^^^^^^^^^^^^^^^^^^^^^^^^^^^^^^^^^^^^^^^^^
.venv311\Lib\site-packages\_pytest\fixtures.py:908: in call_fixture_func
    fixture_result = next(generator)
                     ^^^^^^^^^^^^^^^
.venv311\Lib\site-packages\_pytest\tmpdir.py:289: in tmp_path
    path = _mk_tmp(request, tmp_path_factory)
           ^^^^^^^^^^^^^^^^^^^^^^^^^^^^^^^^^^
.venv311\Lib\site-packages\_pytest\tmpdir.py:276: in _mk_tmp
    return factory.mktemp(name, numbered=True)
           ^^^^^^^^^^^^^^^^^^^^^^^^^^^^^^^^^^^
.venv311\Lib\site-packages\_pytest\tmpdir.py:131: in mktemp
    basename = self._ensure_relative_to_basetemp(basename)
               ^^^^^^^^^^^^^^^^^^^^^^^^^^^^^^^^^^^^^^^^^^^
.venv311\Lib\site-packages\_pytest\tmpdir.py:112: in _ensure_relative_to_basetemp
    if (self.getbasetemp() / basename).resolve().parent != self.getbasetemp():
        ^^^^^^^^^^^^^^^^^^
.venv311\Lib\site-packages\_pytest\tmpdir.py:208: in getbasetemp
    basetemp = make_numbered_dir_with_cleanup(
.venv311\Lib\site-packages\_pytest\pathlib.py:407: in make_numbered_dir_with_cleanup
    raise e
.venv311\Lib\site-packages\_pytest\pathlib.py:388: in make_numbered_dir_with_cleanup
    p = make_numbered_dir(root, prefix, mode)
        ^^^^^^^^^^^^^^^^^^^^^^^^^^^^^^^^^^^^^
.venv311\Lib\site-packages\_pytest\pathlib.py:229: in make_numbered_dir
    max_existing = max(map(parse_num, find_suffixes(root, prefix)), default=-1)
                   ^^^^^^^^^^^^^^^^^^^^^^^^^^^^^^^^^^^^^^^^^^^^^^^^^^^^^^^^^^^^
.venv311\Lib\site-packages\_pytest\pathlib.py:188: in extract_suffixes
    for entry in iter:
.venv311\Lib\site-packages\_pytest\pathlib.py:176: in find_prefixed
    for x in os.scandir(root):
             ^^^^^^^^^^^^^^^^
E   PermissionError: [WinError 5] アクセスが拒否されました。: 'C:\\Users\\ynobe\\AppData\\Local\\Temp\\pytest-of-ynobe'
_ ERROR at setup of test_single_period_evidence_shows_latest_values_and_note __
.venv311\Lib\site-packages\_pytest\runner.py:353: in from_call
    result: TResult | None = func()
                             ^^^^^^
.venv311\Lib\site-packages\_pytest\runner.py:245: in <lambda>
    lambda: runtest_hook(item=item, **kwds),
            ^^^^^^^^^^^^^^^^^^^^^^^^^^^^^^^
.venv311\Lib\site-packages\pluggy\_hooks.py:512: in __call__
    return self._hookexec(self.name, self._hookimpls.copy(), kwargs, firstresult)
           ^^^^^^^^^^^^^^^^^^^^^^^^^^^^^^^^^^^^^^^^^^^^^^^^^^^^^^^^^^^^^^^^^^^^^^
.venv311\Lib\site-packages\pluggy\_manager.py:120: in _hookexec
    return self._inner_hookexec(hook_name, methods, kwargs, firstresult)
           ^^^^^^^^^^^^^^^^^^^^^^^^^^^^^^^^^^^^^^^^^^^^^^^^^^^^^^^^^^^^^
.venv311\Lib\site-packages\_pytest\logging.py:843: in pytest_runtest_setup
    yield
.venv311\Lib\site-packages\_pytest\capture.py:895: in pytest_runtest_setup
    return (yield)
            ^^^^^
.venv311\Lib\site-packages\_pytest\runner.py:165: in pytest_runtest_setup
    item.session._setupstate.setup(item)
.venv311\Lib\site-packages\_pytest\runner.py:523: in setup
    col.setup()
.venv311\Lib\site-packages\_pytest\python.py:1723: in setup
    self._request._fillfixtures()
.venv311\Lib\site-packages\_pytest\fixtures.py:707: in _fillfixtures
    item.funcargs[argname] = self.getfixturevalue(argname)
                             ^^^^^^^^^^^^^^^^^^^^^^^^^^^^^
.venv311\Lib\site-packages\_pytest\fixtures.py:539: in getfixturevalue
    fixturedef = self._get_active_fixturedef(argname)
                 ^^^^^^^^^^^^^^^^^^^^^^^^^^^^^^^^^^^^
.venv311\Lib\site-packages\_pytest\fixtures.py:627: in _get_active_fixturedef
    fixturedef.execute(request=subrequest)
.venv311\Lib\site-packages\_pytest\fixtures.py:1110: in execute
    result: FixtureValue = ihook.pytest_fixture_setup(
.venv311\Lib\site-packages\pluggy\_hooks.py:512: in __call__
    return self._hookexec(self.name, self._hookimpls.copy(), kwargs, firstresult)
           ^^^^^^^^^^^^^^^^^^^^^^^^^^^^^^^^^^^^^^^^^^^^^^^^^^^^^^^^^^^^^^^^^^^^^^
.venv311\Lib\site-packages\pluggy\_manager.py:120: in _hookexec
    return self._inner_hookexec(hook_name, methods, kwargs, firstresult)
           ^^^^^^^^^^^^^^^^^^^^^^^^^^^^^^^^^^^^^^^^^^^^^^^^^^^^^^^^^^^^^
.venv311\Lib\site-packages\pluggy\_callers.py:53: in run_old_style_hookwrapper
    return result.get_result()
           ^^^^^^^^^^^^^^^^^^^
.venv311\Lib\site-packages\pluggy\_callers.py:38: in run_old_style_hookwrapper
    res = yield
          ^^^^^
.venv311\Lib\site-packages\_pytest\setuponly.py:36: in pytest_fixture_setup
    return (yield)
            ^^^^^
.venv311\Lib\site-packages\_pytest\fixtures.py:1202: in pytest_fixture_setup
    result = call_fixture_func(fixturefunc, request, kwargs)
             ^^^^^^^^^^^^^^^^^^^^^^^^^^^^^^^^^^^^^^^^^^^^^^^
.venv311\Lib\site-packages\_pytest\fixtures.py:908: in call_fixture_func
    fixture_result = next(generator)
                     ^^^^^^^^^^^^^^^
.venv311\Lib\site-packages\_pytest\tmpdir.py:289: in tmp_path
    path = _mk_tmp(request, tmp_path_factory)
           ^^^^^^^^^^^^^^^^^^^^^^^^^^^^^^^^^^
.venv311\Lib\site-packages\_pytest\tmpdir.py:276: in _mk_tmp
    return factory.mktemp(name, numbered=True)
           ^^^^^^^^^^^^^^^^^^^^^^^^^^^^^^^^^^^
.venv311\Lib\site-packages\_pytest\tmpdir.py:131: in mktemp
    basename = self._ensure_relative_to_basetemp(basename)
               ^^^^^^^^^^^^^^^^^^^^^^^^^^^^^^^^^^^^^^^^^^^
.venv311\Lib\site-packages\_pytest\tmpdir.py:112: in _ensure_relative_to_basetemp
    if (self.getbasetemp() / basename).resolve().parent != self.getbasetemp():
        ^^^^^^^^^^^^^^^^^^
.venv311\Lib\site-packages\_pytest\tmpdir.py:208: in getbasetemp
    basetemp = make_numbered_dir_with_cleanup(
.venv311\Lib\site-packages\_pytest\pathlib.py:407: in make_numbered_dir_with_cleanup
    raise e
.venv311\Lib\site-packages\_pytest\pathlib.py:388: in make_numbered_dir_with_cleanup
    p = make_numbered_dir(root, prefix, mode)
        ^^^^^^^^^^^^^^^^^^^^^^^^^^^^^^^^^^^^^
.venv311\Lib\site-packages\_pytest\pathlib.py:229: in make_numbered_dir
    max_existing = max(map(parse_num, find_suffixes(root, prefix)), default=-1)
                   ^^^^^^^^^^^^^^^^^^^^^^^^^^^^^^^^^^^^^^^^^^^^^^^^^^^^^^^^^^^^
.venv311\Lib\site-packages\_pytest\pathlib.py:188: in extract_suffixes
    for entry in iter:
.venv311\Lib\site-packages\_pytest\pathlib.py:176: in find_prefixed
    for x in os.scandir(root):
             ^^^^^^^^^^^^^^^^
E   PermissionError: [WinError 5] アクセスが拒否されました。: 'C:\\Users\\ynobe\\AppData\\Local\\Temp\\pytest-of-ynobe'
_____________ ERROR at setup of test_download_dataset_writes_file _____________
.venv311\Lib\site-packages\_pytest\runner.py:353: in from_call
    result: TResult | None = func()
                             ^^^^^^
.venv311\Lib\site-packages\_pytest\runner.py:245: in <lambda>
    lambda: runtest_hook(item=item, **kwds),
            ^^^^^^^^^^^^^^^^^^^^^^^^^^^^^^^
.venv311\Lib\site-packages\pluggy\_hooks.py:512: in __call__
    return self._hookexec(self.name, self._hookimpls.copy(), kwargs, firstresult)
           ^^^^^^^^^^^^^^^^^^^^^^^^^^^^^^^^^^^^^^^^^^^^^^^^^^^^^^^^^^^^^^^^^^^^^^
.venv311\Lib\site-packages\pluggy\_manager.py:120: in _hookexec
    return self._inner_hookexec(hook_name, methods, kwargs, firstresult)
           ^^^^^^^^^^^^^^^^^^^^^^^^^^^^^^^^^^^^^^^^^^^^^^^^^^^^^^^^^^^^^
.venv311\Lib\site-packages\_pytest\logging.py:843: in pytest_runtest_setup
    yield
.venv311\Lib\site-packages\_pytest\capture.py:895: in pytest_runtest_setup
    return (yield)
            ^^^^^
.venv311\Lib\site-packages\_pytest\runner.py:165: in pytest_runtest_setup
    item.session._setupstate.setup(item)
.venv311\Lib\site-packages\_pytest\runner.py:523: in setup
    col.setup()
.venv311\Lib\site-packages\_pytest\python.py:1723: in setup
    self._request._fillfixtures()
.venv311\Lib\site-packages\_pytest\fixtures.py:707: in _fillfixtures
    item.funcargs[argname] = self.getfixturevalue(argname)
                             ^^^^^^^^^^^^^^^^^^^^^^^^^^^^^
.venv311\Lib\site-packages\_pytest\fixtures.py:539: in getfixturevalue
    fixturedef = self._get_active_fixturedef(argname)
                 ^^^^^^^^^^^^^^^^^^^^^^^^^^^^^^^^^^^^
.venv311\Lib\site-packages\_pytest\fixtures.py:627: in _get_active_fixturedef
    fixturedef.execute(request=subrequest)
.venv311\Lib\site-packages\_pytest\fixtures.py:1110: in execute
    result: FixtureValue = ihook.pytest_fixture_setup(
.venv311\Lib\site-packages\pluggy\_hooks.py:512: in __call__
    return self._hookexec(self.name, self._hookimpls.copy(), kwargs, firstresult)
           ^^^^^^^^^^^^^^^^^^^^^^^^^^^^^^^^^^^^^^^^^^^^^^^^^^^^^^^^^^^^^^^^^^^^^^
.venv311\Lib\site-packages\pluggy\_manager.py:120: in _hookexec
    return self._inner_hookexec(hook_name, methods, kwargs, firstresult)
           ^^^^^^^^^^^^^^^^^^^^^^^^^^^^^^^^^^^^^^^^^^^^^^^^^^^^^^^^^^^^^
.venv311\Lib\site-packages\pluggy\_callers.py:53: in run_old_style_hookwrapper
    return result.get_result()
           ^^^^^^^^^^^^^^^^^^^
.venv311\Lib\site-packages\pluggy\_callers.py:38: in run_old_style_hookwrapper
    res = yield
          ^^^^^
.venv311\Lib\site-packages\_pytest\setuponly.py:36: in pytest_fixture_setup
    return (yield)
            ^^^^^
.venv311\Lib\site-packages\_pytest\fixtures.py:1202: in pytest_fixture_setup
    result = call_fixture_func(fixturefunc, request, kwargs)
             ^^^^^^^^^^^^^^^^^^^^^^^^^^^^^^^^^^^^^^^^^^^^^^^
.venv311\Lib\site-packages\_pytest\fixtures.py:908: in call_fixture_func
    fixture_result = next(generator)
                     ^^^^^^^^^^^^^^^
.venv311\Lib\site-packages\_pytest\tmpdir.py:289: in tmp_path
    path = _mk_tmp(request, tmp_path_factory)
           ^^^^^^^^^^^^^^^^^^^^^^^^^^^^^^^^^^
.venv311\Lib\site-packages\_pytest\tmpdir.py:276: in _mk_tmp
    return factory.mktemp(name, numbered=True)
           ^^^^^^^^^^^^^^^^^^^^^^^^^^^^^^^^^^^
.venv311\Lib\site-packages\_pytest\tmpdir.py:131: in mktemp
    basename = self._ensure_relative_to_basetemp(basename)
               ^^^^^^^^^^^^^^^^^^^^^^^^^^^^^^^^^^^^^^^^^^^
.venv311\Lib\site-packages\_pytest\tmpdir.py:112: in _ensure_relative_to_basetemp
    if (self.getbasetemp() / basename).resolve().parent != self.getbasetemp():
        ^^^^^^^^^^^^^^^^^^
.venv311\Lib\site-packages\_pytest\tmpdir.py:208: in getbasetemp
    basetemp = make_numbered_dir_with_cleanup(
.venv311\Lib\site-packages\_pytest\pathlib.py:407: in make_numbered_dir_with_cleanup
    raise e
.venv311\Lib\site-packages\_pytest\pathlib.py:388: in make_numbered_dir_with_cleanup
    p = make_numbered_dir(root, prefix, mode)
        ^^^^^^^^^^^^^^^^^^^^^^^^^^^^^^^^^^^^^
.venv311\Lib\site-packages\_pytest\pathlib.py:229: in make_numbered_dir
    max_existing = max(map(parse_num, find_suffixes(root, prefix)), default=-1)
                   ^^^^^^^^^^^^^^^^^^^^^^^^^^^^^^^^^^^^^^^^^^^^^^^^^^^^^^^^^^^^
.venv311\Lib\site-packages\_pytest\pathlib.py:188: in extract_suffixes
    for entry in iter:
.venv311\Lib\site-packages\_pytest\pathlib.py:176: in find_prefixed
    for x in os.scandir(root):
             ^^^^^^^^^^^^^^^^
E   PermissionError: [WinError 5] アクセスが拒否されました。: 'C:\\Users\\ynobe\\AppData\\Local\\Temp\\pytest-of-ynobe'
_______ ERROR at setup of test_download_dataset_rejects_untrusted_host ________
.venv311\Lib\site-packages\_pytest\runner.py:353: in from_call
    result: TResult | None = func()
                             ^^^^^^
.venv311\Lib\site-packages\_pytest\runner.py:245: in <lambda>
    lambda: runtest_hook(item=item, **kwds),
            ^^^^^^^^^^^^^^^^^^^^^^^^^^^^^^^
.venv311\Lib\site-packages\pluggy\_hooks.py:512: in __call__
    return self._hookexec(self.name, self._hookimpls.copy(), kwargs, firstresult)
           ^^^^^^^^^^^^^^^^^^^^^^^^^^^^^^^^^^^^^^^^^^^^^^^^^^^^^^^^^^^^^^^^^^^^^^
.venv311\Lib\site-packages\pluggy\_manager.py:120: in _hookexec
    return self._inner_hookexec(hook_name, methods, kwargs, firstresult)
           ^^^^^^^^^^^^^^^^^^^^^^^^^^^^^^^^^^^^^^^^^^^^^^^^^^^^^^^^^^^^^
.venv311\Lib\site-packages\_pytest\logging.py:843: in pytest_runtest_setup
    yield
.venv311\Lib\site-packages\_pytest\capture.py:895: in pytest_runtest_setup
    return (yield)
            ^^^^^
.venv311\Lib\site-packages\_pytest\runner.py:165: in pytest_runtest_setup
    item.session._setupstate.setup(item)
.venv311\Lib\site-packages\_pytest\runner.py:523: in setup
    col.setup()
.venv311\Lib\site-packages\_pytest\python.py:1723: in setup
    self._request._fillfixtures()
.venv311\Lib\site-packages\_pytest\fixtures.py:707: in _fillfixtures
    item.funcargs[argname] = self.getfixturevalue(argname)
                             ^^^^^^^^^^^^^^^^^^^^^^^^^^^^^
.venv311\Lib\site-packages\_pytest\fixtures.py:539: in getfixturevalue
    fixturedef = self._get_active_fixturedef(argname)
                 ^^^^^^^^^^^^^^^^^^^^^^^^^^^^^^^^^^^^
.venv311\Lib\site-packages\_pytest\fixtures.py:627: in _get_active_fixturedef
    fixturedef.execute(request=subrequest)
.venv311\Lib\site-packages\_pytest\fixtures.py:1110: in execute
    result: FixtureValue = ihook.pytest_fixture_setup(
.venv311\Lib\site-packages\pluggy\_hooks.py:512: in __call__
    return self._hookexec(self.name, self._hookimpls.copy(), kwargs, firstresult)
           ^^^^^^^^^^^^^^^^^^^^^^^^^^^^^^^^^^^^^^^^^^^^^^^^^^^^^^^^^^^^^^^^^^^^^^
.venv311\Lib\site-packages\pluggy\_manager.py:120: in _hookexec
    return self._inner_hookexec(hook_name, methods, kwargs, firstresult)
           ^^^^^^^^^^^^^^^^^^^^^^^^^^^^^^^^^^^^^^^^^^^^^^^^^^^^^^^^^^^^^
.venv311\Lib\site-packages\pluggy\_callers.py:53: in run_old_style_hookwrapper
    return result.get_result()
           ^^^^^^^^^^^^^^^^^^^
.venv311\Lib\site-packages\pluggy\_callers.py:38: in run_old_style_hookwrapper
    res = yield
          ^^^^^
.venv311\Lib\site-packages\_pytest\setuponly.py:36: in pytest_fixture_setup
    return (yield)
            ^^^^^
.venv311\Lib\site-packages\_pytest\fixtures.py:1202: in pytest_fixture_setup
    result = call_fixture_func(fixturefunc, request, kwargs)
             ^^^^^^^^^^^^^^^^^^^^^^^^^^^^^^^^^^^^^^^^^^^^^^^
.venv311\Lib\site-packages\_pytest\fixtures.py:908: in call_fixture_func
    fixture_result = next(generator)
                     ^^^^^^^^^^^^^^^
.venv311\Lib\site-packages\_pytest\tmpdir.py:289: in tmp_path
    path = _mk_tmp(request, tmp_path_factory)
           ^^^^^^^^^^^^^^^^^^^^^^^^^^^^^^^^^^
.venv311\Lib\site-packages\_pytest\tmpdir.py:276: in _mk_tmp
    return factory.mktemp(name, numbered=True)
           ^^^^^^^^^^^^^^^^^^^^^^^^^^^^^^^^^^^
.venv311\Lib\site-packages\_pytest\tmpdir.py:131: in mktemp
    basename = self._ensure_relative_to_basetemp(basename)
               ^^^^^^^^^^^^^^^^^^^^^^^^^^^^^^^^^^^^^^^^^^^
.venv311\Lib\site-packages\_pytest\tmpdir.py:112: in _ensure_relative_to_basetemp
    if (self.getbasetemp() / basename).resolve().parent != self.getbasetemp():
        ^^^^^^^^^^^^^^^^^^
.venv311\Lib\site-packages\_pytest\tmpdir.py:208: in getbasetemp
    basetemp = make_numbered_dir_with_cleanup(
.venv311\Lib\site-packages\_pytest\pathlib.py:407: in make_numbered_dir_with_cleanup
    raise e
.venv311\Lib\site-packages\_pytest\pathlib.py:388: in make_numbered_dir_with_cleanup
    p = make_numbered_dir(root, prefix, mode)
        ^^^^^^^^^^^^^^^^^^^^^^^^^^^^^^^^^^^^^
.venv311\Lib\site-packages\_pytest\pathlib.py:229: in make_numbered_dir
    max_existing = max(map(parse_num, find_suffixes(root, prefix)), default=-1)
                   ^^^^^^^^^^^^^^^^^^^^^^^^^^^^^^^^^^^^^^^^^^^^^^^^^^^^^^^^^^^^
.venv311\Lib\site-packages\_pytest\pathlib.py:188: in extract_suffixes
    for entry in iter:
.venv311\Lib\site-packages\_pytest\pathlib.py:176: in find_prefixed
    for x in os.scandir(root):
             ^^^^^^^^^^^^^^^^
E   PermissionError: [WinError 5] アクセスが拒否されました。: 'C:\\Users\\ynobe\\AppData\\Local\\Temp\\pytest-of-ynobe'
_ ERROR at setup of test_safe_fetcher_dry_run_checks_robots_without_fetching_target _
.venv311\Lib\site-packages\_pytest\runner.py:353: in from_call
    result: TResult | None = func()
                             ^^^^^^
.venv311\Lib\site-packages\_pytest\runner.py:245: in <lambda>
    lambda: runtest_hook(item=item, **kwds),
            ^^^^^^^^^^^^^^^^^^^^^^^^^^^^^^^
.venv311\Lib\site-packages\pluggy\_hooks.py:512: in __call__
    return self._hookexec(self.name, self._hookimpls.copy(), kwargs, firstresult)
           ^^^^^^^^^^^^^^^^^^^^^^^^^^^^^^^^^^^^^^^^^^^^^^^^^^^^^^^^^^^^^^^^^^^^^^
.venv311\Lib\site-packages\pluggy\_manager.py:120: in _hookexec
    return self._inner_hookexec(hook_name, methods, kwargs, firstresult)
           ^^^^^^^^^^^^^^^^^^^^^^^^^^^^^^^^^^^^^^^^^^^^^^^^^^^^^^^^^^^^^
.venv311\Lib\site-packages\_pytest\logging.py:843: in pytest_runtest_setup
    yield
.venv311\Lib\site-packages\_pytest\capture.py:895: in pytest_runtest_setup
    return (yield)
            ^^^^^
.venv311\Lib\site-packages\_pytest\runner.py:165: in pytest_runtest_setup
    item.session._setupstate.setup(item)
.venv311\Lib\site-packages\_pytest\runner.py:523: in setup
    col.setup()
.venv311\Lib\site-packages\_pytest\python.py:1723: in setup
    self._request._fillfixtures()
.venv311\Lib\site-packages\_pytest\fixtures.py:707: in _fillfixtures
    item.funcargs[argname] = self.getfixturevalue(argname)
                             ^^^^^^^^^^^^^^^^^^^^^^^^^^^^^
.venv311\Lib\site-packages\_pytest\fixtures.py:539: in getfixturevalue
    fixturedef = self._get_active_fixturedef(argname)
                 ^^^^^^^^^^^^^^^^^^^^^^^^^^^^^^^^^^^^
.venv311\Lib\site-packages\_pytest\fixtures.py:627: in _get_active_fixturedef
    fixturedef.execute(request=subrequest)
.venv311\Lib\site-packages\_pytest\fixtures.py:1110: in execute
    result: FixtureValue = ihook.pytest_fixture_setup(
.venv311\Lib\site-packages\pluggy\_hooks.py:512: in __call__
    return self._hookexec(self.name, self._hookimpls.copy(), kwargs, firstresult)
           ^^^^^^^^^^^^^^^^^^^^^^^^^^^^^^^^^^^^^^^^^^^^^^^^^^^^^^^^^^^^^^^^^^^^^^
.venv311\Lib\site-packages\pluggy\_manager.py:120: in _hookexec
    return self._inner_hookexec(hook_name, methods, kwargs, firstresult)
           ^^^^^^^^^^^^^^^^^^^^^^^^^^^^^^^^^^^^^^^^^^^^^^^^^^^^^^^^^^^^^
.venv311\Lib\site-packages\pluggy\_callers.py:53: in run_old_style_hookwrapper
    return result.get_result()
           ^^^^^^^^^^^^^^^^^^^
.venv311\Lib\site-packages\pluggy\_callers.py:38: in run_old_style_hookwrapper
    res = yield
          ^^^^^
.venv311\Lib\site-packages\_pytest\setuponly.py:36: in pytest_fixture_setup
    return (yield)
            ^^^^^
.venv311\Lib\site-packages\_pytest\fixtures.py:1202: in pytest_fixture_setup
    result = call_fixture_func(fixturefunc, request, kwargs)
             ^^^^^^^^^^^^^^^^^^^^^^^^^^^^^^^^^^^^^^^^^^^^^^^
.venv311\Lib\site-packages\_pytest\fixtures.py:908: in call_fixture_func
    fixture_result = next(generator)
                     ^^^^^^^^^^^^^^^
.venv311\Lib\site-packages\_pytest\tmpdir.py:289: in tmp_path
    path = _mk_tmp(request, tmp_path_factory)
           ^^^^^^^^^^^^^^^^^^^^^^^^^^^^^^^^^^
.venv311\Lib\site-packages\_pytest\tmpdir.py:276: in _mk_tmp
    return factory.mktemp(name, numbered=True)
           ^^^^^^^^^^^^^^^^^^^^^^^^^^^^^^^^^^^
.venv311\Lib\site-packages\_pytest\tmpdir.py:131: in mktemp
    basename = self._ensure_relative_to_basetemp(basename)
               ^^^^^^^^^^^^^^^^^^^^^^^^^^^^^^^^^^^^^^^^^^^
.venv311\Lib\site-packages\_pytest\tmpdir.py:112: in _ensure_relative_to_basetemp
    if (self.getbasetemp() / basename).resolve().parent != self.getbasetemp():
        ^^^^^^^^^^^^^^^^^^
.venv311\Lib\site-packages\_pytest\tmpdir.py:208: in getbasetemp
    basetemp = make_numbered_dir_with_cleanup(
.venv311\Lib\site-packages\_pytest\pathlib.py:407: in make_numbered_dir_with_cleanup
    raise e
.venv311\Lib\site-packages\_pytest\pathlib.py:388: in make_numbered_dir_with_cleanup
    p = make_numbered_dir(root, prefix, mode)
        ^^^^^^^^^^^^^^^^^^^^^^^^^^^^^^^^^^^^^
.venv311\Lib\site-packages\_pytest\pathlib.py:229: in make_numbered_dir
    max_existing = max(map(parse_num, find_suffixes(root, prefix)), default=-1)
                   ^^^^^^^^^^^^^^^^^^^^^^^^^^^^^^^^^^^^^^^^^^^^^^^^^^^^^^^^^^^^
.venv311\Lib\site-packages\_pytest\pathlib.py:188: in extract_suffixes
    for entry in iter:
.venv311\Lib\site-packages\_pytest\pathlib.py:176: in find_prefixed
    for x in os.scandir(root):
             ^^^^^^^^^^^^^^^^
E   PermissionError: [WinError 5] アクセスが拒否されました。: 'C:\\Users\\ynobe\\AppData\\Local\\Temp\\pytest-of-ynobe'
__ ERROR at setup of test_safe_fetcher_uses_cache_after_first_network_fetch ___
.venv311\Lib\site-packages\_pytest\runner.py:353: in from_call
    result: TResult | None = func()
                             ^^^^^^
.venv311\Lib\site-packages\_pytest\runner.py:245: in <lambda>
    lambda: runtest_hook(item=item, **kwds),
            ^^^^^^^^^^^^^^^^^^^^^^^^^^^^^^^
.venv311\Lib\site-packages\pluggy\_hooks.py:512: in __call__
    return self._hookexec(self.name, self._hookimpls.copy(), kwargs, firstresult)
           ^^^^^^^^^^^^^^^^^^^^^^^^^^^^^^^^^^^^^^^^^^^^^^^^^^^^^^^^^^^^^^^^^^^^^^
.venv311\Lib\site-packages\pluggy\_manager.py:120: in _hookexec
    return self._inner_hookexec(hook_name, methods, kwargs, firstresult)
           ^^^^^^^^^^^^^^^^^^^^^^^^^^^^^^^^^^^^^^^^^^^^^^^^^^^^^^^^^^^^^
.venv311\Lib\site-packages\_pytest\logging.py:843: in pytest_runtest_setup
    yield
.venv311\Lib\site-packages\_pytest\capture.py:895: in pytest_runtest_setup
    return (yield)
            ^^^^^
.venv311\Lib\site-packages\_pytest\runner.py:165: in pytest_runtest_setup
    item.session._setupstate.setup(item)
.venv311\Lib\site-packages\_pytest\runner.py:523: in setup
    col.setup()
.venv311\Lib\site-packages\_pytest\python.py:1723: in setup
    self._request._fillfixtures()
.venv311\Lib\site-packages\_pytest\fixtures.py:707: in _fillfixtures
    item.funcargs[argname] = self.getfixturevalue(argname)
                             ^^^^^^^^^^^^^^^^^^^^^^^^^^^^^
.venv311\Lib\site-packages\_pytest\fixtures.py:539: in getfixturevalue
    fixturedef = self._get_active_fixturedef(argname)
                 ^^^^^^^^^^^^^^^^^^^^^^^^^^^^^^^^^^^^
.venv311\Lib\site-packages\_pytest\fixtures.py:627: in _get_active_fixturedef
    fixturedef.execute(request=subrequest)
.venv311\Lib\site-packages\_pytest\fixtures.py:1110: in execute
    result: FixtureValue = ihook.pytest_fixture_setup(
.venv311\Lib\site-packages\pluggy\_hooks.py:512: in __call__
    return self._hookexec(self.name, self._hookimpls.copy(), kwargs, firstresult)
           ^^^^^^^^^^^^^^^^^^^^^^^^^^^^^^^^^^^^^^^^^^^^^^^^^^^^^^^^^^^^^^^^^^^^^^
.venv311\Lib\site-packages\pluggy\_manager.py:120: in _hookexec
    return self._inner_hookexec(hook_name, methods, kwargs, firstresult)
           ^^^^^^^^^^^^^^^^^^^^^^^^^^^^^^^^^^^^^^^^^^^^^^^^^^^^^^^^^^^^^
.venv311\Lib\site-packages\pluggy\_callers.py:53: in run_old_style_hookwrapper
    return result.get_result()
           ^^^^^^^^^^^^^^^^^^^
.venv311\Lib\site-packages\pluggy\_callers.py:38: in run_old_style_hookwrapper
    res = yield
          ^^^^^
.venv311\Lib\site-packages\_pytest\setuponly.py:36: in pytest_fixture_setup
    return (yield)
            ^^^^^
.venv311\Lib\site-packages\_pytest\fixtures.py:1202: in pytest_fixture_setup
    result = call_fixture_func(fixturefunc, request, kwargs)
             ^^^^^^^^^^^^^^^^^^^^^^^^^^^^^^^^^^^^^^^^^^^^^^^
.venv311\Lib\site-packages\_pytest\fixtures.py:908: in call_fixture_func
    fixture_result = next(generator)
                     ^^^^^^^^^^^^^^^
.venv311\Lib\site-packages\_pytest\tmpdir.py:289: in tmp_path
    path = _mk_tmp(request, tmp_path_factory)
           ^^^^^^^^^^^^^^^^^^^^^^^^^^^^^^^^^^
.venv311\Lib\site-packages\_pytest\tmpdir.py:276: in _mk_tmp
    return factory.mktemp(name, numbered=True)
           ^^^^^^^^^^^^^^^^^^^^^^^^^^^^^^^^^^^
.venv311\Lib\site-packages\_pytest\tmpdir.py:131: in mktemp
    basename = self._ensure_relative_to_basetemp(basename)
               ^^^^^^^^^^^^^^^^^^^^^^^^^^^^^^^^^^^^^^^^^^^
.venv311\Lib\site-packages\_pytest\tmpdir.py:112: in _ensure_relative_to_basetemp
    if (self.getbasetemp() / basename).resolve().parent != self.getbasetemp():
        ^^^^^^^^^^^^^^^^^^
.venv311\Lib\site-packages\_pytest\tmpdir.py:208: in getbasetemp
    basetemp = make_numbered_dir_with_cleanup(
.venv311\Lib\site-packages\_pytest\pathlib.py:407: in make_numbered_dir_with_cleanup
    raise e
.venv311\Lib\site-packages\_pytest\pathlib.py:388: in make_numbered_dir_with_cleanup
    p = make_numbered_dir(root, prefix, mode)
        ^^^^^^^^^^^^^^^^^^^^^^^^^^^^^^^^^^^^^
.venv311\Lib\site-packages\_pytest\pathlib.py:229: in make_numbered_dir
    max_existing = max(map(parse_num, find_suffixes(root, prefix)), default=-1)
                   ^^^^^^^^^^^^^^^^^^^^^^^^^^^^^^^^^^^^^^^^^^^^^^^^^^^^^^^^^^^^
.venv311\Lib\site-packages\_pytest\pathlib.py:188: in extract_suffixes
    for entry in iter:
.venv311\Lib\site-packages\_pytest\pathlib.py:176: in find_prefixed
    for x in os.scandir(root):
             ^^^^^^^^^^^^^^^^
E   PermissionError: [WinError 5] アクセスが拒否されました。: 'C:\\Users\\ynobe\\AppData\\Local\\Temp\\pytest-of-ynobe'
_______ ERROR at setup of test_safe_fetcher_saves_text_for_rag_indexing _______
.venv311\Lib\site-packages\_pytest\runner.py:353: in from_call
    result: TResult | None = func()
                             ^^^^^^
.venv311\Lib\site-packages\_pytest\runner.py:245: in <lambda>
    lambda: runtest_hook(item=item, **kwds),
            ^^^^^^^^^^^^^^^^^^^^^^^^^^^^^^^
.venv311\Lib\site-packages\pluggy\_hooks.py:512: in __call__
    return self._hookexec(self.name, self._hookimpls.copy(), kwargs, firstresult)
           ^^^^^^^^^^^^^^^^^^^^^^^^^^^^^^^^^^^^^^^^^^^^^^^^^^^^^^^^^^^^^^^^^^^^^^
.venv311\Lib\site-packages\pluggy\_manager.py:120: in _hookexec
    return self._inner_hookexec(hook_name, methods, kwargs, firstresult)
           ^^^^^^^^^^^^^^^^^^^^^^^^^^^^^^^^^^^^^^^^^^^^^^^^^^^^^^^^^^^^^
.venv311\Lib\site-packages\_pytest\logging.py:843: in pytest_runtest_setup
    yield
.venv311\Lib\site-packages\_pytest\capture.py:895: in pytest_runtest_setup
    return (yield)
            ^^^^^
.venv311\Lib\site-packages\_pytest\runner.py:165: in pytest_runtest_setup
    item.session._setupstate.setup(item)
.venv311\Lib\site-packages\_pytest\runner.py:523: in setup
    col.setup()
.venv311\Lib\site-packages\_pytest\python.py:1723: in setup
    self._request._fillfixtures()
.venv311\Lib\site-packages\_pytest\fixtures.py:707: in _fillfixtures
    item.funcargs[argname] = self.getfixturevalue(argname)
                             ^^^^^^^^^^^^^^^^^^^^^^^^^^^^^
.venv311\Lib\site-packages\_pytest\fixtures.py:539: in getfixturevalue
    fixturedef = self._get_active_fixturedef(argname)
                 ^^^^^^^^^^^^^^^^^^^^^^^^^^^^^^^^^^^^
.venv311\Lib\site-packages\_pytest\fixtures.py:627: in _get_active_fixturedef
    fixturedef.execute(request=subrequest)
.venv311\Lib\site-packages\_pytest\fixtures.py:1110: in execute
    result: FixtureValue = ihook.pytest_fixture_setup(
.venv311\Lib\site-packages\pluggy\_hooks.py:512: in __call__
    return self._hookexec(self.name, self._hookimpls.copy(), kwargs, firstresult)
           ^^^^^^^^^^^^^^^^^^^^^^^^^^^^^^^^^^^^^^^^^^^^^^^^^^^^^^^^^^^^^^^^^^^^^^
.venv311\Lib\site-packages\pluggy\_manager.py:120: in _hookexec
    return self._inner_hookexec(hook_name, methods, kwargs, firstresult)
           ^^^^^^^^^^^^^^^^^^^^^^^^^^^^^^^^^^^^^^^^^^^^^^^^^^^^^^^^^^^^^
.venv311\Lib\site-packages\pluggy\_callers.py:53: in run_old_style_hookwrapper
    return result.get_result()
           ^^^^^^^^^^^^^^^^^^^
.venv311\Lib\site-packages\pluggy\_callers.py:38: in run_old_style_hookwrapper
    res = yield
          ^^^^^
.venv311\Lib\site-packages\_pytest\setuponly.py:36: in pytest_fixture_setup
    return (yield)
            ^^^^^
.venv311\Lib\site-packages\_pytest\fixtures.py:1202: in pytest_fixture_setup
    result = call_fixture_func(fixturefunc, request, kwargs)
             ^^^^^^^^^^^^^^^^^^^^^^^^^^^^^^^^^^^^^^^^^^^^^^^
.venv311\Lib\site-packages\_pytest\fixtures.py:908: in call_fixture_func
    fixture_result = next(generator)
                     ^^^^^^^^^^^^^^^
.venv311\Lib\site-packages\_pytest\tmpdir.py:289: in tmp_path
    path = _mk_tmp(request, tmp_path_factory)
           ^^^^^^^^^^^^^^^^^^^^^^^^^^^^^^^^^^
.venv311\Lib\site-packages\_pytest\tmpdir.py:276: in _mk_tmp
    return factory.mktemp(name, numbered=True)
           ^^^^^^^^^^^^^^^^^^^^^^^^^^^^^^^^^^^
.venv311\Lib\site-packages\_pytest\tmpdir.py:131: in mktemp
    basename = self._ensure_relative_to_basetemp(basename)
               ^^^^^^^^^^^^^^^^^^^^^^^^^^^^^^^^^^^^^^^^^^^
.venv311\Lib\site-packages\_pytest\tmpdir.py:112: in _ensure_relative_to_basetemp
    if (self.getbasetemp() / basename).resolve().parent != self.getbasetemp():
        ^^^^^^^^^^^^^^^^^^
.venv311\Lib\site-packages\_pytest\tmpdir.py:208: in getbasetemp
    basetemp = make_numbered_dir_with_cleanup(
.venv311\Lib\site-packages\_pytest\pathlib.py:407: in make_numbered_dir_with_cleanup
    raise e
.venv311\Lib\site-packages\_pytest\pathlib.py:388: in make_numbered_dir_with_cleanup
    p = make_numbered_dir(root, prefix, mode)
        ^^^^^^^^^^^^^^^^^^^^^^^^^^^^^^^^^^^^^
.venv311\Lib\site-packages\_pytest\pathlib.py:229: in make_numbered_dir
    max_existing = max(map(parse_num, find_suffixes(root, prefix)), default=-1)
                   ^^^^^^^^^^^^^^^^^^^^^^^^^^^^^^^^^^^^^^^^^^^^^^^^^^^^^^^^^^^^
.venv311\Lib\site-packages\_pytest\pathlib.py:188: in extract_suffixes
    for entry in iter:
.venv311\Lib\site-packages\_pytest\pathlib.py:176: in find_prefixed
    for x in os.scandir(root):
             ^^^^^^^^^^^^^^^^
E   PermissionError: [WinError 5] アクセスが拒否されました。: 'C:\\Users\\ynobe\\AppData\\Local\\Temp\\pytest-of-ynobe'
_____ ERROR at setup of test_safe_fetcher_does_not_save_text_for_dry_run ______
.venv311\Lib\site-packages\_pytest\runner.py:353: in from_call
    result: TResult | None = func()
                             ^^^^^^
.venv311\Lib\site-packages\_pytest\runner.py:245: in <lambda>
    lambda: runtest_hook(item=item, **kwds),
            ^^^^^^^^^^^^^^^^^^^^^^^^^^^^^^^
.venv311\Lib\site-packages\pluggy\_hooks.py:512: in __call__
    return self._hookexec(self.name, self._hookimpls.copy(), kwargs, firstresult)
           ^^^^^^^^^^^^^^^^^^^^^^^^^^^^^^^^^^^^^^^^^^^^^^^^^^^^^^^^^^^^^^^^^^^^^^
.venv311\Lib\site-packages\pluggy\_manager.py:120: in _hookexec
    return self._inner_hookexec(hook_name, methods, kwargs, firstresult)
           ^^^^^^^^^^^^^^^^^^^^^^^^^^^^^^^^^^^^^^^^^^^^^^^^^^^^^^^^^^^^^
.venv311\Lib\site-packages\_pytest\logging.py:843: in pytest_runtest_setup
    yield
.venv311\Lib\site-packages\_pytest\capture.py:895: in pytest_runtest_setup
    return (yield)
            ^^^^^
.venv311\Lib\site-packages\_pytest\runner.py:165: in pytest_runtest_setup
    item.session._setupstate.setup(item)
.venv311\Lib\site-packages\_pytest\runner.py:523: in setup
    col.setup()
.venv311\Lib\site-packages\_pytest\python.py:1723: in setup
    self._request._fillfixtures()
.venv311\Lib\site-packages\_pytest\fixtures.py:707: in _fillfixtures
    item.funcargs[argname] = self.getfixturevalue(argname)
                             ^^^^^^^^^^^^^^^^^^^^^^^^^^^^^
.venv311\Lib\site-packages\_pytest\fixtures.py:539: in getfixturevalue
    fixturedef = self._get_active_fixturedef(argname)
                 ^^^^^^^^^^^^^^^^^^^^^^^^^^^^^^^^^^^^
.venv311\Lib\site-packages\_pytest\fixtures.py:627: in _get_active_fixturedef
    fixturedef.execute(request=subrequest)
.venv311\Lib\site-packages\_pytest\fixtures.py:1110: in execute
    result: FixtureValue = ihook.pytest_fixture_setup(
.venv311\Lib\site-packages\pluggy\_hooks.py:512: in __call__
    return self._hookexec(self.name, self._hookimpls.copy(), kwargs, firstresult)
           ^^^^^^^^^^^^^^^^^^^^^^^^^^^^^^^^^^^^^^^^^^^^^^^^^^^^^^^^^^^^^^^^^^^^^^
.venv311\Lib\site-packages\pluggy\_manager.py:120: in _hookexec
    return self._inner_hookexec(hook_name, methods, kwargs, firstresult)
           ^^^^^^^^^^^^^^^^^^^^^^^^^^^^^^^^^^^^^^^^^^^^^^^^^^^^^^^^^^^^^
.venv311\Lib\site-packages\pluggy\_callers.py:53: in run_old_style_hookwrapper
    return result.get_result()
           ^^^^^^^^^^^^^^^^^^^
.venv311\Lib\site-packages\pluggy\_callers.py:38: in run_old_style_hookwrapper
    res = yield
          ^^^^^
.venv311\Lib\site-packages\_pytest\setuponly.py:36: in pytest_fixture_setup
    return (yield)
            ^^^^^
.venv311\Lib\site-packages\_pytest\fixtures.py:1202: in pytest_fixture_setup
    result = call_fixture_func(fixturefunc, request, kwargs)
             ^^^^^^^^^^^^^^^^^^^^^^^^^^^^^^^^^^^^^^^^^^^^^^^
.venv311\Lib\site-packages\_pytest\fixtures.py:908: in call_fixture_func
    fixture_result = next(generator)
                     ^^^^^^^^^^^^^^^
.venv311\Lib\site-packages\_pytest\tmpdir.py:289: in tmp_path
    path = _mk_tmp(request, tmp_path_factory)
           ^^^^^^^^^^^^^^^^^^^^^^^^^^^^^^^^^^
.venv311\Lib\site-packages\_pytest\tmpdir.py:276: in _mk_tmp
    return factory.mktemp(name, numbered=True)
           ^^^^^^^^^^^^^^^^^^^^^^^^^^^^^^^^^^^
.venv311\Lib\site-packages\_pytest\tmpdir.py:131: in mktemp
    basename = self._ensure_relative_to_basetemp(basename)
               ^^^^^^^^^^^^^^^^^^^^^^^^^^^^^^^^^^^^^^^^^^^
.venv311\Lib\site-packages\_pytest\tmpdir.py:112: in _ensure_relative_to_basetemp
    if (self.getbasetemp() / basename).resolve().parent != self.getbasetemp():
        ^^^^^^^^^^^^^^^^^^
.venv311\Lib\site-packages\_pytest\tmpdir.py:208: in getbasetemp
    basetemp = make_numbered_dir_with_cleanup(
.venv311\Lib\site-packages\_pytest\pathlib.py:407: in make_numbered_dir_with_cleanup
    raise e
.venv311\Lib\site-packages\_pytest\pathlib.py:388: in make_numbered_dir_with_cleanup
    p = make_numbered_dir(root, prefix, mode)
        ^^^^^^^^^^^^^^^^^^^^^^^^^^^^^^^^^^^^^
.venv311\Lib\site-packages\_pytest\pathlib.py:229: in make_numbered_dir
    max_existing = max(map(parse_num, find_suffixes(root, prefix)), default=-1)
                   ^^^^^^^^^^^^^^^^^^^^^^^^^^^^^^^^^^^^^^^^^^^^^^^^^^^^^^^^^^^^
.venv311\Lib\site-packages\_pytest\pathlib.py:188: in extract_suffixes
    for entry in iter:
.venv311\Lib\site-packages\_pytest\pathlib.py:176: in find_prefixed
    for x in os.scandir(root):
             ^^^^^^^^^^^^^^^^
E   PermissionError: [WinError 5] アクセスが拒否されました。: 'C:\\Users\\ynobe\\AppData\\Local\\Temp\\pytest-of-ynobe'
_ ERROR at setup of test_safe_fetcher_extracts_html_text_before_preview_and_save _
.venv311\Lib\site-packages\_pytest\runner.py:353: in from_call
    result: TResult | None = func()
                             ^^^^^^
.venv311\Lib\site-packages\_pytest\runner.py:245: in <lambda>
    lambda: runtest_hook(item=item, **kwds),
            ^^^^^^^^^^^^^^^^^^^^^^^^^^^^^^^
.venv311\Lib\site-packages\pluggy\_hooks.py:512: in __call__
    return self._hookexec(self.name, self._hookimpls.copy(), kwargs, firstresult)
           ^^^^^^^^^^^^^^^^^^^^^^^^^^^^^^^^^^^^^^^^^^^^^^^^^^^^^^^^^^^^^^^^^^^^^^
.venv311\Lib\site-packages\pluggy\_manager.py:120: in _hookexec
    return self._inner_hookexec(hook_name, methods, kwargs, firstresult)
           ^^^^^^^^^^^^^^^^^^^^^^^^^^^^^^^^^^^^^^^^^^^^^^^^^^^^^^^^^^^^^
.venv311\Lib\site-packages\_pytest\logging.py:843: in pytest_runtest_setup
    yield
.venv311\Lib\site-packages\_pytest\capture.py:895: in pytest_runtest_setup
    return (yield)
            ^^^^^
.venv311\Lib\site-packages\_pytest\runner.py:165: in pytest_runtest_setup
    item.session._setupstate.setup(item)
.venv311\Lib\site-packages\_pytest\runner.py:523: in setup
    col.setup()
.venv311\Lib\site-packages\_pytest\python.py:1723: in setup
    self._request._fillfixtures()
.venv311\Lib\site-packages\_pytest\fixtures.py:707: in _fillfixtures
    item.funcargs[argname] = self.getfixturevalue(argname)
                             ^^^^^^^^^^^^^^^^^^^^^^^^^^^^^
.venv311\Lib\site-packages\_pytest\fixtures.py:539: in getfixturevalue
    fixturedef = self._get_active_fixturedef(argname)
                 ^^^^^^^^^^^^^^^^^^^^^^^^^^^^^^^^^^^^
.venv311\Lib\site-packages\_pytest\fixtures.py:627: in _get_active_fixturedef
    fixturedef.execute(request=subrequest)
.venv311\Lib\site-packages\_pytest\fixtures.py:1110: in execute
    result: FixtureValue = ihook.pytest_fixture_setup(
.venv311\Lib\site-packages\pluggy\_hooks.py:512: in __call__
    return self._hookexec(self.name, self._hookimpls.copy(), kwargs, firstresult)
           ^^^^^^^^^^^^^^^^^^^^^^^^^^^^^^^^^^^^^^^^^^^^^^^^^^^^^^^^^^^^^^^^^^^^^^
.venv311\Lib\site-packages\pluggy\_manager.py:120: in _hookexec
    return self._inner_hookexec(hook_name, methods, kwargs, firstresult)
           ^^^^^^^^^^^^^^^^^^^^^^^^^^^^^^^^^^^^^^^^^^^^^^^^^^^^^^^^^^^^^
.venv311\Lib\site-packages\pluggy\_callers.py:53: in run_old_style_hookwrapper
    return result.get_result()
           ^^^^^^^^^^^^^^^^^^^
.venv311\Lib\site-packages\pluggy\_callers.py:38: in run_old_style_hookwrapper
    res = yield
          ^^^^^
.venv311\Lib\site-packages\_pytest\setuponly.py:36: in pytest_fixture_setup
    return (yield)
            ^^^^^
.venv311\Lib\site-packages\_pytest\fixtures.py:1202: in pytest_fixture_setup
    result = call_fixture_func(fixturefunc, request, kwargs)
             ^^^^^^^^^^^^^^^^^^^^^^^^^^^^^^^^^^^^^^^^^^^^^^^
.venv311\Lib\site-packages\_pytest\fixtures.py:908: in call_fixture_func
    fixture_result = next(generator)
                     ^^^^^^^^^^^^^^^
.venv311\Lib\site-packages\_pytest\tmpdir.py:289: in tmp_path
    path = _mk_tmp(request, tmp_path_factory)
           ^^^^^^^^^^^^^^^^^^^^^^^^^^^^^^^^^^
.venv311\Lib\site-packages\_pytest\tmpdir.py:276: in _mk_tmp
    return factory.mktemp(name, numbered=True)
           ^^^^^^^^^^^^^^^^^^^^^^^^^^^^^^^^^^^
.venv311\Lib\site-packages\_pytest\tmpdir.py:131: in mktemp
    basename = self._ensure_relative_to_basetemp(basename)
               ^^^^^^^^^^^^^^^^^^^^^^^^^^^^^^^^^^^^^^^^^^^
.venv311\Lib\site-packages\_pytest\tmpdir.py:112: in _ensure_relative_to_basetemp
    if (self.getbasetemp() / basename).resolve().parent != self.getbasetemp():
        ^^^^^^^^^^^^^^^^^^
.venv311\Lib\site-packages\_pytest\tmpdir.py:208: in getbasetemp
    basetemp = make_numbered_dir_with_cleanup(
.venv311\Lib\site-packages\_pytest\pathlib.py:407: in make_numbered_dir_with_cleanup
    raise e
.venv311\Lib\site-packages\_pytest\pathlib.py:388: in make_numbered_dir_with_cleanup
    p = make_numbered_dir(root, prefix, mode)
        ^^^^^^^^^^^^^^^^^^^^^^^^^^^^^^^^^^^^^
.venv311\Lib\site-packages\_pytest\pathlib.py:229: in make_numbered_dir
    max_existing = max(map(parse_num, find_suffixes(root, prefix)), default=-1)
                   ^^^^^^^^^^^^^^^^^^^^^^^^^^^^^^^^^^^^^^^^^^^^^^^^^^^^^^^^^^^^
.venv311\Lib\site-packages\_pytest\pathlib.py:188: in extract_suffixes
    for entry in iter:
.venv311\Lib\site-packages\_pytest\pathlib.py:176: in find_prefixed
    for x in os.scandir(root):
             ^^^^^^^^^^^^^^^^
E   PermissionError: [WinError 5] アクセスが拒否されました。: 'C:\\Users\\ynobe\\AppData\\Local\\Temp\\pytest-of-ynobe'
___ ERROR at setup of test_safe_fetcher_includes_metadata_when_saving_text ____
.venv311\Lib\site-packages\_pytest\runner.py:353: in from_call
    result: TResult | None = func()
                             ^^^^^^
.venv311\Lib\site-packages\_pytest\runner.py:245: in <lambda>
    lambda: runtest_hook(item=item, **kwds),
            ^^^^^^^^^^^^^^^^^^^^^^^^^^^^^^^
.venv311\Lib\site-packages\pluggy\_hooks.py:512: in __call__
    return self._hookexec(self.name, self._hookimpls.copy(), kwargs, firstresult)
           ^^^^^^^^^^^^^^^^^^^^^^^^^^^^^^^^^^^^^^^^^^^^^^^^^^^^^^^^^^^^^^^^^^^^^^
.venv311\Lib\site-packages\pluggy\_manager.py:120: in _hookexec
    return self._inner_hookexec(hook_name, methods, kwargs, firstresult)
           ^^^^^^^^^^^^^^^^^^^^^^^^^^^^^^^^^^^^^^^^^^^^^^^^^^^^^^^^^^^^^
.venv311\Lib\site-packages\_pytest\logging.py:843: in pytest_runtest_setup
    yield
.venv311\Lib\site-packages\_pytest\capture.py:895: in pytest_runtest_setup
    return (yield)
            ^^^^^
.venv311\Lib\site-packages\_pytest\runner.py:165: in pytest_runtest_setup
    item.session._setupstate.setup(item)
.venv311\Lib\site-packages\_pytest\runner.py:523: in setup
    col.setup()
.venv311\Lib\site-packages\_pytest\python.py:1723: in setup
    self._request._fillfixtures()
.venv311\Lib\site-packages\_pytest\fixtures.py:707: in _fillfixtures
    item.funcargs[argname] = self.getfixturevalue(argname)
                             ^^^^^^^^^^^^^^^^^^^^^^^^^^^^^
.venv311\Lib\site-packages\_pytest\fixtures.py:539: in getfixturevalue
    fixturedef = self._get_active_fixturedef(argname)
                 ^^^^^^^^^^^^^^^^^^^^^^^^^^^^^^^^^^^^
.venv311\Lib\site-packages\_pytest\fixtures.py:627: in _get_active_fixturedef
    fixturedef.execute(request=subrequest)
.venv311\Lib\site-packages\_pytest\fixtures.py:1110: in execute
    result: FixtureValue = ihook.pytest_fixture_setup(
.venv311\Lib\site-packages\pluggy\_hooks.py:512: in __call__
    return self._hookexec(self.name, self._hookimpls.copy(), kwargs, firstresult)
           ^^^^^^^^^^^^^^^^^^^^^^^^^^^^^^^^^^^^^^^^^^^^^^^^^^^^^^^^^^^^^^^^^^^^^^
.venv311\Lib\site-packages\pluggy\_manager.py:120: in _hookexec
    return self._inner_hookexec(hook_name, methods, kwargs, firstresult)
           ^^^^^^^^^^^^^^^^^^^^^^^^^^^^^^^^^^^^^^^^^^^^^^^^^^^^^^^^^^^^^
.venv311\Lib\site-packages\pluggy\_callers.py:53: in run_old_style_hookwrapper
    return result.get_result()
           ^^^^^^^^^^^^^^^^^^^
.venv311\Lib\site-packages\pluggy\_callers.py:38: in run_old_style_hookwrapper
    res = yield
          ^^^^^
.venv311\Lib\site-packages\_pytest\setuponly.py:36: in pytest_fixture_setup
    return (yield)
            ^^^^^
.venv311\Lib\site-packages\_pytest\fixtures.py:1202: in pytest_fixture_setup
    result = call_fixture_func(fixturefunc, request, kwargs)
             ^^^^^^^^^^^^^^^^^^^^^^^^^^^^^^^^^^^^^^^^^^^^^^^
.venv311\Lib\site-packages\_pytest\fixtures.py:908: in call_fixture_func
    fixture_result = next(generator)
                     ^^^^^^^^^^^^^^^
.venv311\Lib\site-packages\_pytest\tmpdir.py:289: in tmp_path
    path = _mk_tmp(request, tmp_path_factory)
           ^^^^^^^^^^^^^^^^^^^^^^^^^^^^^^^^^^
.venv311\Lib\site-packages\_pytest\tmpdir.py:276: in _mk_tmp
    return factory.mktemp(name, numbered=True)
           ^^^^^^^^^^^^^^^^^^^^^^^^^^^^^^^^^^^
.venv311\Lib\site-packages\_pytest\tmpdir.py:131: in mktemp
    basename = self._ensure_relative_to_basetemp(basename)
               ^^^^^^^^^^^^^^^^^^^^^^^^^^^^^^^^^^^^^^^^^^^
.venv311\Lib\site-packages\_pytest\tmpdir.py:112: in _ensure_relative_to_basetemp
    if (self.getbasetemp() / basename).resolve().parent != self.getbasetemp():
        ^^^^^^^^^^^^^^^^^^
.venv311\Lib\site-packages\_pytest\tmpdir.py:208: in getbasetemp
    basetemp = make_numbered_dir_with_cleanup(
.venv311\Lib\site-packages\_pytest\pathlib.py:407: in make_numbered_dir_with_cleanup
    raise e
.venv311\Lib\site-packages\_pytest\pathlib.py:388: in make_numbered_dir_with_cleanup
    p = make_numbered_dir(root, prefix, mode)
        ^^^^^^^^^^^^^^^^^^^^^^^^^^^^^^^^^^^^^
.venv311\Lib\site-packages\_pytest\pathlib.py:229: in make_numbered_dir
    max_existing = max(map(parse_num, find_suffixes(root, prefix)), default=-1)
                   ^^^^^^^^^^^^^^^^^^^^^^^^^^^^^^^^^^^^^^^^^^^^^^^^^^^^^^^^^^^^
.venv311\Lib\site-packages\_pytest\pathlib.py:188: in extract_suffixes
    for entry in iter:
.venv311\Lib\site-packages\_pytest\pathlib.py:176: in find_prefixed
    for x in os.scandir(root):
             ^^^^^^^^^^^^^^^^
E   PermissionError: [WinError 5] アクセスが拒否されました。: 'C:\\Users\\ynobe\\AppData\\Local\\Temp\\pytest-of-ynobe'
______ ERROR at setup of test_safe_fetcher_refuses_robots_blocked_target ______
.venv311\Lib\site-packages\_pytest\runner.py:353: in from_call
    result: TResult | None = func()
                             ^^^^^^
.venv311\Lib\site-packages\_pytest\runner.py:245: in <lambda>
    lambda: runtest_hook(item=item, **kwds),
            ^^^^^^^^^^^^^^^^^^^^^^^^^^^^^^^
.venv311\Lib\site-packages\pluggy\_hooks.py:512: in __call__
    return self._hookexec(self.name, self._hookimpls.copy(), kwargs, firstresult)
           ^^^^^^^^^^^^^^^^^^^^^^^^^^^^^^^^^^^^^^^^^^^^^^^^^^^^^^^^^^^^^^^^^^^^^^
.venv311\Lib\site-packages\pluggy\_manager.py:120: in _hookexec
    return self._inner_hookexec(hook_name, methods, kwargs, firstresult)
           ^^^^^^^^^^^^^^^^^^^^^^^^^^^^^^^^^^^^^^^^^^^^^^^^^^^^^^^^^^^^^
.venv311\Lib\site-packages\_pytest\logging.py:843: in pytest_runtest_setup
    yield
.venv311\Lib\site-packages\_pytest\capture.py:895: in pytest_runtest_setup
    return (yield)
            ^^^^^
.venv311\Lib\site-packages\_pytest\runner.py:165: in pytest_runtest_setup
    item.session._setupstate.setup(item)
.venv311\Lib\site-packages\_pytest\runner.py:523: in setup
    col.setup()
.venv311\Lib\site-packages\_pytest\python.py:1723: in setup
    self._request._fillfixtures()
.venv311\Lib\site-packages\_pytest\fixtures.py:707: in _fillfixtures
    item.funcargs[argname] = self.getfixturevalue(argname)
                             ^^^^^^^^^^^^^^^^^^^^^^^^^^^^^
.venv311\Lib\site-packages\_pytest\fixtures.py:539: in getfixturevalue
    fixturedef = self._get_active_fixturedef(argname)
                 ^^^^^^^^^^^^^^^^^^^^^^^^^^^^^^^^^^^^
.venv311\Lib\site-packages\_pytest\fixtures.py:627: in _get_active_fixturedef
    fixturedef.execute(request=subrequest)
.venv311\Lib\site-packages\_pytest\fixtures.py:1110: in execute
    result: FixtureValue = ihook.pytest_fixture_setup(
.venv311\Lib\site-packages\pluggy\_hooks.py:512: in __call__
    return self._hookexec(self.name, self._hookimpls.copy(), kwargs, firstresult)
           ^^^^^^^^^^^^^^^^^^^^^^^^^^^^^^^^^^^^^^^^^^^^^^^^^^^^^^^^^^^^^^^^^^^^^^
.venv311\Lib\site-packages\pluggy\_manager.py:120: in _hookexec
    return self._inner_hookexec(hook_name, methods, kwargs, firstresult)
           ^^^^^^^^^^^^^^^^^^^^^^^^^^^^^^^^^^^^^^^^^^^^^^^^^^^^^^^^^^^^^
.venv311\Lib\site-packages\pluggy\_callers.py:53: in run_old_style_hookwrapper
    return result.get_result()
           ^^^^^^^^^^^^^^^^^^^
.venv311\Lib\site-packages\pluggy\_callers.py:38: in run_old_style_hookwrapper
    res = yield
          ^^^^^
.venv311\Lib\site-packages\_pytest\setuponly.py:36: in pytest_fixture_setup
    return (yield)
            ^^^^^
.venv311\Lib\site-packages\_pytest\fixtures.py:1202: in pytest_fixture_setup
    result = call_fixture_func(fixturefunc, request, kwargs)
             ^^^^^^^^^^^^^^^^^^^^^^^^^^^^^^^^^^^^^^^^^^^^^^^
.venv311\Lib\site-packages\_pytest\fixtures.py:908: in call_fixture_func
    fixture_result = next(generator)
                     ^^^^^^^^^^^^^^^
.venv311\Lib\site-packages\_pytest\tmpdir.py:289: in tmp_path
    path = _mk_tmp(request, tmp_path_factory)
           ^^^^^^^^^^^^^^^^^^^^^^^^^^^^^^^^^^
.venv311\Lib\site-packages\_pytest\tmpdir.py:276: in _mk_tmp
    return factory.mktemp(name, numbered=True)
           ^^^^^^^^^^^^^^^^^^^^^^^^^^^^^^^^^^^
.venv311\Lib\site-packages\_pytest\tmpdir.py:131: in mktemp
    basename = self._ensure_relative_to_basetemp(basename)
               ^^^^^^^^^^^^^^^^^^^^^^^^^^^^^^^^^^^^^^^^^^^
.venv311\Lib\site-packages\_pytest\tmpdir.py:112: in _ensure_relative_to_basetemp
    if (self.getbasetemp() / basename).resolve().parent != self.getbasetemp():
        ^^^^^^^^^^^^^^^^^^
.venv311\Lib\site-packages\_pytest\tmpdir.py:208: in getbasetemp
    basetemp = make_numbered_dir_with_cleanup(
.venv311\Lib\site-packages\_pytest\pathlib.py:407: in make_numbered_dir_with_cleanup
    raise e
.venv311\Lib\site-packages\_pytest\pathlib.py:388: in make_numbered_dir_with_cleanup
    p = make_numbered_dir(root, prefix, mode)
        ^^^^^^^^^^^^^^^^^^^^^^^^^^^^^^^^^^^^^
.venv311\Lib\site-packages\_pytest\pathlib.py:229: in make_numbered_dir
    max_existing = max(map(parse_num, find_suffixes(root, prefix)), default=-1)
                   ^^^^^^^^^^^^^^^^^^^^^^^^^^^^^^^^^^^^^^^^^^^^^^^^^^^^^^^^^^^^
.venv311\Lib\site-packages\_pytest\pathlib.py:188: in extract_suffixes
    for entry in iter:
.venv311\Lib\site-packages\_pytest\pathlib.py:176: in find_prefixed
    for x in os.scandir(root):
             ^^^^^^^^^^^^^^^^
E   PermissionError: [WinError 5] アクセスが拒否されました。: 'C:\\Users\\ynobe\\AppData\\Local\\Temp\\pytest-of-ynobe'
__ ERROR at setup of test_safe_fetcher_fails_closed_when_robots_unavailable ___
.venv311\Lib\site-packages\_pytest\runner.py:353: in from_call
    result: TResult | None = func()
                             ^^^^^^
.venv311\Lib\site-packages\_pytest\runner.py:245: in <lambda>
    lambda: runtest_hook(item=item, **kwds),
            ^^^^^^^^^^^^^^^^^^^^^^^^^^^^^^^
.venv311\Lib\site-packages\pluggy\_hooks.py:512: in __call__
    return self._hookexec(self.name, self._hookimpls.copy(), kwargs, firstresult)
           ^^^^^^^^^^^^^^^^^^^^^^^^^^^^^^^^^^^^^^^^^^^^^^^^^^^^^^^^^^^^^^^^^^^^^^
.venv311\Lib\site-packages\pluggy\_manager.py:120: in _hookexec
    return self._inner_hookexec(hook_name, methods, kwargs, firstresult)
           ^^^^^^^^^^^^^^^^^^^^^^^^^^^^^^^^^^^^^^^^^^^^^^^^^^^^^^^^^^^^^
.venv311\Lib\site-packages\_pytest\logging.py:843: in pytest_runtest_setup
    yield
.venv311\Lib\site-packages\_pytest\capture.py:895: in pytest_runtest_setup
    return (yield)
            ^^^^^
.venv311\Lib\site-packages\_pytest\runner.py:165: in pytest_runtest_setup
    item.session._setupstate.setup(item)
.venv311\Lib\site-packages\_pytest\runner.py:523: in setup
    col.setup()
.venv311\Lib\site-packages\_pytest\python.py:1723: in setup
    self._request._fillfixtures()
.venv311\Lib\site-packages\_pytest\fixtures.py:707: in _fillfixtures
    item.funcargs[argname] = self.getfixturevalue(argname)
                             ^^^^^^^^^^^^^^^^^^^^^^^^^^^^^
.venv311\Lib\site-packages\_pytest\fixtures.py:539: in getfixturevalue
    fixturedef = self._get_active_fixturedef(argname)
                 ^^^^^^^^^^^^^^^^^^^^^^^^^^^^^^^^^^^^
.venv311\Lib\site-packages\_pytest\fixtures.py:627: in _get_active_fixturedef
    fixturedef.execute(request=subrequest)
.venv311\Lib\site-packages\_pytest\fixtures.py:1110: in execute
    result: FixtureValue = ihook.pytest_fixture_setup(
.venv311\Lib\site-packages\pluggy\_hooks.py:512: in __call__
    return self._hookexec(self.name, self._hookimpls.copy(), kwargs, firstresult)
           ^^^^^^^^^^^^^^^^^^^^^^^^^^^^^^^^^^^^^^^^^^^^^^^^^^^^^^^^^^^^^^^^^^^^^^
.venv311\Lib\site-packages\pluggy\_manager.py:120: in _hookexec
    return self._inner_hookexec(hook_name, methods, kwargs, firstresult)
           ^^^^^^^^^^^^^^^^^^^^^^^^^^^^^^^^^^^^^^^^^^^^^^^^^^^^^^^^^^^^^
.venv311\Lib\site-packages\pluggy\_callers.py:53: in run_old_style_hookwrapper
    return result.get_result()
           ^^^^^^^^^^^^^^^^^^^
.venv311\Lib\site-packages\pluggy\_callers.py:38: in run_old_style_hookwrapper
    res = yield
          ^^^^^
.venv311\Lib\site-packages\_pytest\setuponly.py:36: in pytest_fixture_setup
    return (yield)
            ^^^^^
.venv311\Lib\site-packages\_pytest\fixtures.py:1202: in pytest_fixture_setup
    result = call_fixture_func(fixturefunc, request, kwargs)
             ^^^^^^^^^^^^^^^^^^^^^^^^^^^^^^^^^^^^^^^^^^^^^^^
.venv311\Lib\site-packages\_pytest\fixtures.py:908: in call_fixture_func
    fixture_result = next(generator)
                     ^^^^^^^^^^^^^^^
.venv311\Lib\site-packages\_pytest\tmpdir.py:289: in tmp_path
    path = _mk_tmp(request, tmp_path_factory)
           ^^^^^^^^^^^^^^^^^^^^^^^^^^^^^^^^^^
.venv311\Lib\site-packages\_pytest\tmpdir.py:276: in _mk_tmp
    return factory.mktemp(name, numbered=True)
           ^^^^^^^^^^^^^^^^^^^^^^^^^^^^^^^^^^^
.venv311\Lib\site-packages\_pytest\tmpdir.py:131: in mktemp
    basename = self._ensure_relative_to_basetemp(basename)
               ^^^^^^^^^^^^^^^^^^^^^^^^^^^^^^^^^^^^^^^^^^^
.venv311\Lib\site-packages\_pytest\tmpdir.py:112: in _ensure_relative_to_basetemp
    if (self.getbasetemp() / basename).resolve().parent != self.getbasetemp():
        ^^^^^^^^^^^^^^^^^^
.venv311\Lib\site-packages\_pytest\tmpdir.py:208: in getbasetemp
    basetemp = make_numbered_dir_with_cleanup(
.venv311\Lib\site-packages\_pytest\pathlib.py:407: in make_numbered_dir_with_cleanup
    raise e
.venv311\Lib\site-packages\_pytest\pathlib.py:388: in make_numbered_dir_with_cleanup
    p = make_numbered_dir(root, prefix, mode)
        ^^^^^^^^^^^^^^^^^^^^^^^^^^^^^^^^^^^^^
.venv311\Lib\site-packages\_pytest\pathlib.py:229: in make_numbered_dir
    max_existing = max(map(parse_num, find_suffixes(root, prefix)), default=-1)
                   ^^^^^^^^^^^^^^^^^^^^^^^^^^^^^^^^^^^^^^^^^^^^^^^^^^^^^^^^^^^^
.venv311\Lib\site-packages\_pytest\pathlib.py:188: in extract_suffixes
    for entry in iter:
.venv311\Lib\site-packages\_pytest\pathlib.py:176: in find_prefixed
    for x in os.scandir(root):
             ^^^^^^^^^^^^^^^^
E   PermissionError: [WinError 5] アクセスが拒否されました。: 'C:\\Users\\ynobe\\AppData\\Local\\Temp\\pytest-of-ynobe'
________ ERROR at setup of test_analyze_mixed_stock_and_fund_portfolio ________
.venv311\Lib\site-packages\_pytest\runner.py:353: in from_call
    result: TResult | None = func()
                             ^^^^^^
.venv311\Lib\site-packages\_pytest\runner.py:245: in <lambda>
    lambda: runtest_hook(item=item, **kwds),
            ^^^^^^^^^^^^^^^^^^^^^^^^^^^^^^^
.venv311\Lib\site-packages\pluggy\_hooks.py:512: in __call__
    return self._hookexec(self.name, self._hookimpls.copy(), kwargs, firstresult)
           ^^^^^^^^^^^^^^^^^^^^^^^^^^^^^^^^^^^^^^^^^^^^^^^^^^^^^^^^^^^^^^^^^^^^^^
.venv311\Lib\site-packages\pluggy\_manager.py:120: in _hookexec
    return self._inner_hookexec(hook_name, methods, kwargs, firstresult)
           ^^^^^^^^^^^^^^^^^^^^^^^^^^^^^^^^^^^^^^^^^^^^^^^^^^^^^^^^^^^^^
.venv311\Lib\site-packages\_pytest\logging.py:843: in pytest_runtest_setup
    yield
.venv311\Lib\site-packages\_pytest\capture.py:895: in pytest_runtest_setup
    return (yield)
            ^^^^^
.venv311\Lib\site-packages\_pytest\runner.py:165: in pytest_runtest_setup
    item.session._setupstate.setup(item)
.venv311\Lib\site-packages\_pytest\runner.py:523: in setup
    col.setup()
.venv311\Lib\site-packages\_pytest\python.py:1723: in setup
    self._request._fillfixtures()
.venv311\Lib\site-packages\_pytest\fixtures.py:707: in _fillfixtures
    item.funcargs[argname] = self.getfixturevalue(argname)
                             ^^^^^^^^^^^^^^^^^^^^^^^^^^^^^
.venv311\Lib\site-packages\_pytest\fixtures.py:539: in getfixturevalue
    fixturedef = self._get_active_fixturedef(argname)
                 ^^^^^^^^^^^^^^^^^^^^^^^^^^^^^^^^^^^^
.venv311\Lib\site-packages\_pytest\fixtures.py:627: in _get_active_fixturedef
    fixturedef.execute(request=subrequest)
.venv311\Lib\site-packages\_pytest\fixtures.py:1110: in execute
    result: FixtureValue = ihook.pytest_fixture_setup(
.venv311\Lib\site-packages\pluggy\_hooks.py:512: in __call__
    return self._hookexec(self.name, self._hookimpls.copy(), kwargs, firstresult)
           ^^^^^^^^^^^^^^^^^^^^^^^^^^^^^^^^^^^^^^^^^^^^^^^^^^^^^^^^^^^^^^^^^^^^^^
.venv311\Lib\site-packages\pluggy\_manager.py:120: in _hookexec
    return self._inner_hookexec(hook_name, methods, kwargs, firstresult)
           ^^^^^^^^^^^^^^^^^^^^^^^^^^^^^^^^^^^^^^^^^^^^^^^^^^^^^^^^^^^^^
.venv311\Lib\site-packages\pluggy\_callers.py:53: in run_old_style_hookwrapper
    return result.get_result()
           ^^^^^^^^^^^^^^^^^^^
.venv311\Lib\site-packages\pluggy\_callers.py:38: in run_old_style_hookwrapper
    res = yield
          ^^^^^
.venv311\Lib\site-packages\_pytest\setuponly.py:36: in pytest_fixture_setup
    return (yield)
            ^^^^^
.venv311\Lib\site-packages\_pytest\fixtures.py:1202: in pytest_fixture_setup
    result = call_fixture_func(fixturefunc, request, kwargs)
             ^^^^^^^^^^^^^^^^^^^^^^^^^^^^^^^^^^^^^^^^^^^^^^^
.venv311\Lib\site-packages\_pytest\fixtures.py:908: in call_fixture_func
    fixture_result = next(generator)
                     ^^^^^^^^^^^^^^^
.venv311\Lib\site-packages\_pytest\tmpdir.py:289: in tmp_path
    path = _mk_tmp(request, tmp_path_factory)
           ^^^^^^^^^^^^^^^^^^^^^^^^^^^^^^^^^^
.venv311\Lib\site-packages\_pytest\tmpdir.py:276: in _mk_tmp
    return factory.mktemp(name, numbered=True)
           ^^^^^^^^^^^^^^^^^^^^^^^^^^^^^^^^^^^
.venv311\Lib\site-packages\_pytest\tmpdir.py:131: in mktemp
    basename = self._ensure_relative_to_basetemp(basename)
               ^^^^^^^^^^^^^^^^^^^^^^^^^^^^^^^^^^^^^^^^^^^
.venv311\Lib\site-packages\_pytest\tmpdir.py:112: in _ensure_relative_to_basetemp
    if (self.getbasetemp() / basename).resolve().parent != self.getbasetemp():
        ^^^^^^^^^^^^^^^^^^
.venv311\Lib\site-packages\_pytest\tmpdir.py:208: in getbasetemp
    basetemp = make_numbered_dir_with_cleanup(
.venv311\Lib\site-packages\_pytest\pathlib.py:407: in make_numbered_dir_with_cleanup
    raise e
.venv311\Lib\site-packages\_pytest\pathlib.py:388: in make_numbered_dir_with_cleanup
    p = make_numbered_dir(root, prefix, mode)
        ^^^^^^^^^^^^^^^^^^^^^^^^^^^^^^^^^^^^^
.venv311\Lib\site-packages\_pytest\pathlib.py:229: in make_numbered_dir
    max_existing = max(map(parse_num, find_suffixes(root, prefix)), default=-1)
                   ^^^^^^^^^^^^^^^^^^^^^^^^^^^^^^^^^^^^^^^^^^^^^^^^^^^^^^^^^^^^
.venv311\Lib\site-packages\_pytest\pathlib.py:188: in extract_suffixes
    for entry in iter:
.venv311\Lib\site-packages\_pytest\pathlib.py:176: in find_prefixed
    for x in os.scandir(root):
             ^^^^^^^^^^^^^^^^
E   PermissionError: [WinError 5] アクセスが拒否されました。: 'C:\\Users\\ynobe\\AppData\\Local\\Temp\\pytest-of-ynobe'
_ ERROR at setup of test_candidate_screen_returns_condition_matches_not_recommendations _
.venv311\Lib\site-packages\_pytest\runner.py:353: in from_call
    result: TResult | None = func()
                             ^^^^^^
.venv311\Lib\site-packages\_pytest\runner.py:245: in <lambda>
    lambda: runtest_hook(item=item, **kwds),
            ^^^^^^^^^^^^^^^^^^^^^^^^^^^^^^^
.venv311\Lib\site-packages\pluggy\_hooks.py:512: in __call__
    return self._hookexec(self.name, self._hookimpls.copy(), kwargs, firstresult)
           ^^^^^^^^^^^^^^^^^^^^^^^^^^^^^^^^^^^^^^^^^^^^^^^^^^^^^^^^^^^^^^^^^^^^^^
.venv311\Lib\site-packages\pluggy\_manager.py:120: in _hookexec
    return self._inner_hookexec(hook_name, methods, kwargs, firstresult)
           ^^^^^^^^^^^^^^^^^^^^^^^^^^^^^^^^^^^^^^^^^^^^^^^^^^^^^^^^^^^^^
.venv311\Lib\site-packages\_pytest\logging.py:843: in pytest_runtest_setup
    yield
.venv311\Lib\site-packages\_pytest\capture.py:895: in pytest_runtest_setup
    return (yield)
            ^^^^^
.venv311\Lib\site-packages\_pytest\runner.py:165: in pytest_runtest_setup
    item.session._setupstate.setup(item)
.venv311\Lib\site-packages\_pytest\runner.py:523: in setup
    col.setup()
.venv311\Lib\site-packages\_pytest\python.py:1723: in setup
    self._request._fillfixtures()
.venv311\Lib\site-packages\_pytest\fixtures.py:707: in _fillfixtures
    item.funcargs[argname] = self.getfixturevalue(argname)
                             ^^^^^^^^^^^^^^^^^^^^^^^^^^^^^
.venv311\Lib\site-packages\_pytest\fixtures.py:539: in getfixturevalue
    fixturedef = self._get_active_fixturedef(argname)
                 ^^^^^^^^^^^^^^^^^^^^^^^^^^^^^^^^^^^^
.venv311\Lib\site-packages\_pytest\fixtures.py:627: in _get_active_fixturedef
    fixturedef.execute(request=subrequest)
.venv311\Lib\site-packages\_pytest\fixtures.py:1110: in execute
    result: FixtureValue = ihook.pytest_fixture_setup(
.venv311\Lib\site-packages\pluggy\_hooks.py:512: in __call__
    return self._hookexec(self.name, self._hookimpls.copy(), kwargs, firstresult)
           ^^^^^^^^^^^^^^^^^^^^^^^^^^^^^^^^^^^^^^^^^^^^^^^^^^^^^^^^^^^^^^^^^^^^^^
.venv311\Lib\site-packages\pluggy\_manager.py:120: in _hookexec
    return self._inner_hookexec(hook_name, methods, kwargs, firstresult)
           ^^^^^^^^^^^^^^^^^^^^^^^^^^^^^^^^^^^^^^^^^^^^^^^^^^^^^^^^^^^^^
.venv311\Lib\site-packages\pluggy\_callers.py:53: in run_old_style_hookwrapper
    return result.get_result()
           ^^^^^^^^^^^^^^^^^^^
.venv311\Lib\site-packages\pluggy\_callers.py:38: in run_old_style_hookwrapper
    res = yield
          ^^^^^
.venv311\Lib\site-packages\_pytest\setuponly.py:36: in pytest_fixture_setup
    return (yield)
            ^^^^^
.venv311\Lib\site-packages\_pytest\fixtures.py:1202: in pytest_fixture_setup
    result = call_fixture_func(fixturefunc, request, kwargs)
             ^^^^^^^^^^^^^^^^^^^^^^^^^^^^^^^^^^^^^^^^^^^^^^^
.venv311\Lib\site-packages\_pytest\fixtures.py:908: in call_fixture_func
    fixture_result = next(generator)
                     ^^^^^^^^^^^^^^^
.venv311\Lib\site-packages\_pytest\tmpdir.py:289: in tmp_path
    path = _mk_tmp(request, tmp_path_factory)
           ^^^^^^^^^^^^^^^^^^^^^^^^^^^^^^^^^^
.venv311\Lib\site-packages\_pytest\tmpdir.py:276: in _mk_tmp
    return factory.mktemp(name, numbered=True)
           ^^^^^^^^^^^^^^^^^^^^^^^^^^^^^^^^^^^
.venv311\Lib\site-packages\_pytest\tmpdir.py:131: in mktemp
    basename = self._ensure_relative_to_basetemp(basename)
               ^^^^^^^^^^^^^^^^^^^^^^^^^^^^^^^^^^^^^^^^^^^
.venv311\Lib\site-packages\_pytest\tmpdir.py:112: in _ensure_relative_to_basetemp
    if (self.getbasetemp() / basename).resolve().parent != self.getbasetemp():
        ^^^^^^^^^^^^^^^^^^
.venv311\Lib\site-packages\_pytest\tmpdir.py:208: in getbasetemp
    basetemp = make_numbered_dir_with_cleanup(
.venv311\Lib\site-packages\_pytest\pathlib.py:407: in make_numbered_dir_with_cleanup
    raise e
.venv311\Lib\site-packages\_pytest\pathlib.py:388: in make_numbered_dir_with_cleanup
    p = make_numbered_dir(root, prefix, mode)
        ^^^^^^^^^^^^^^^^^^^^^^^^^^^^^^^^^^^^^
.venv311\Lib\site-packages\_pytest\pathlib.py:229: in make_numbered_dir
    max_existing = max(map(parse_num, find_suffixes(root, prefix)), default=-1)
                   ^^^^^^^^^^^^^^^^^^^^^^^^^^^^^^^^^^^^^^^^^^^^^^^^^^^^^^^^^^^^
.venv311\Lib\site-packages\_pytest\pathlib.py:188: in extract_suffixes
    for entry in iter:
.venv311\Lib\site-packages\_pytest\pathlib.py:176: in find_prefixed
    for x in os.scandir(root):
             ^^^^^^^^^^^^^^^^
E   PermissionError: [WinError 5] アクセスが拒否されました。: 'C:\\Users\\ynobe\\AppData\\Local\\Temp\\pytest-of-ynobe'
___ ERROR at setup of test_investment_monthly_report_has_evidence_for_kpis ____
.venv311\Lib\site-packages\_pytest\runner.py:353: in from_call
    result: TResult | None = func()
                             ^^^^^^
.venv311\Lib\site-packages\_pytest\runner.py:245: in <lambda>
    lambda: runtest_hook(item=item, **kwds),
            ^^^^^^^^^^^^^^^^^^^^^^^^^^^^^^^
.venv311\Lib\site-packages\pluggy\_hooks.py:512: in __call__
    return self._hookexec(self.name, self._hookimpls.copy(), kwargs, firstresult)
           ^^^^^^^^^^^^^^^^^^^^^^^^^^^^^^^^^^^^^^^^^^^^^^^^^^^^^^^^^^^^^^^^^^^^^^
.venv311\Lib\site-packages\pluggy\_manager.py:120: in _hookexec
    return self._inner_hookexec(hook_name, methods, kwargs, firstresult)
           ^^^^^^^^^^^^^^^^^^^^^^^^^^^^^^^^^^^^^^^^^^^^^^^^^^^^^^^^^^^^^
.venv311\Lib\site-packages\_pytest\logging.py:843: in pytest_runtest_setup
    yield
.venv311\Lib\site-packages\_pytest\capture.py:895: in pytest_runtest_setup
    return (yield)
            ^^^^^
.venv311\Lib\site-packages\_pytest\runner.py:165: in pytest_runtest_setup
    item.session._setupstate.setup(item)
.venv311\Lib\site-packages\_pytest\runner.py:523: in setup
    col.setup()
.venv311\Lib\site-packages\_pytest\python.py:1723: in setup
    self._request._fillfixtures()
.venv311\Lib\site-packages\_pytest\fixtures.py:707: in _fillfixtures
    item.funcargs[argname] = self.getfixturevalue(argname)
                             ^^^^^^^^^^^^^^^^^^^^^^^^^^^^^
.venv311\Lib\site-packages\_pytest\fixtures.py:539: in getfixturevalue
    fixturedef = self._get_active_fixturedef(argname)
                 ^^^^^^^^^^^^^^^^^^^^^^^^^^^^^^^^^^^^
.venv311\Lib\site-packages\_pytest\fixtures.py:627: in _get_active_fixturedef
    fixturedef.execute(request=subrequest)
.venv311\Lib\site-packages\_pytest\fixtures.py:1110: in execute
    result: FixtureValue = ihook.pytest_fixture_setup(
.venv311\Lib\site-packages\pluggy\_hooks.py:512: in __call__
    return self._hookexec(self.name, self._hookimpls.copy(), kwargs, firstresult)
           ^^^^^^^^^^^^^^^^^^^^^^^^^^^^^^^^^^^^^^^^^^^^^^^^^^^^^^^^^^^^^^^^^^^^^^
.venv311\Lib\site-packages\pluggy\_manager.py:120: in _hookexec
    return self._inner_hookexec(hook_name, methods, kwargs, firstresult)
           ^^^^^^^^^^^^^^^^^^^^^^^^^^^^^^^^^^^^^^^^^^^^^^^^^^^^^^^^^^^^^
.venv311\Lib\site-packages\pluggy\_callers.py:53: in run_old_style_hookwrapper
    return result.get_result()
           ^^^^^^^^^^^^^^^^^^^
.venv311\Lib\site-packages\pluggy\_callers.py:38: in run_old_style_hookwrapper
    res = yield
          ^^^^^
.venv311\Lib\site-packages\_pytest\setuponly.py:36: in pytest_fixture_setup
    return (yield)
            ^^^^^
.venv311\Lib\site-packages\_pytest\fixtures.py:1202: in pytest_fixture_setup
    result = call_fixture_func(fixturefunc, request, kwargs)
             ^^^^^^^^^^^^^^^^^^^^^^^^^^^^^^^^^^^^^^^^^^^^^^^
.venv311\Lib\site-packages\_pytest\fixtures.py:908: in call_fixture_func
    fixture_result = next(generator)
                     ^^^^^^^^^^^^^^^
.venv311\Lib\site-packages\_pytest\tmpdir.py:289: in tmp_path
    path = _mk_tmp(request, tmp_path_factory)
           ^^^^^^^^^^^^^^^^^^^^^^^^^^^^^^^^^^
.venv311\Lib\site-packages\_pytest\tmpdir.py:276: in _mk_tmp
    return factory.mktemp(name, numbered=True)
           ^^^^^^^^^^^^^^^^^^^^^^^^^^^^^^^^^^^
.venv311\Lib\site-packages\_pytest\tmpdir.py:131: in mktemp
    basename = self._ensure_relative_to_basetemp(basename)
               ^^^^^^^^^^^^^^^^^^^^^^^^^^^^^^^^^^^^^^^^^^^
.venv311\Lib\site-packages\_pytest\tmpdir.py:112: in _ensure_relative_to_basetemp
    if (self.getbasetemp() / basename).resolve().parent != self.getbasetemp():
        ^^^^^^^^^^^^^^^^^^
.venv311\Lib\site-packages\_pytest\tmpdir.py:208: in getbasetemp
    basetemp = make_numbered_dir_with_cleanup(
.venv311\Lib\site-packages\_pytest\pathlib.py:407: in make_numbered_dir_with_cleanup
    raise e
.venv311\Lib\site-packages\_pytest\pathlib.py:388: in make_numbered_dir_with_cleanup
    p = make_numbered_dir(root, prefix, mode)
        ^^^^^^^^^^^^^^^^^^^^^^^^^^^^^^^^^^^^^
.venv311\Lib\site-packages\_pytest\pathlib.py:229: in make_numbered_dir
    max_existing = max(map(parse_num, find_suffixes(root, prefix)), default=-1)
                   ^^^^^^^^^^^^^^^^^^^^^^^^^^^^^^^^^^^^^^^^^^^^^^^^^^^^^^^^^^^^
.venv311\Lib\site-packages\_pytest\pathlib.py:188: in extract_suffixes
    for entry in iter:
.venv311\Lib\site-packages\_pytest\pathlib.py:176: in find_prefixed
    for x in os.scandir(root):
             ^^^^^^^^^^^^^^^^
E   PermissionError: [WinError 5] アクセスが拒否されました。: 'C:\\Users\\ynobe\\AppData\\Local\\Temp\\pytest-of-ynobe'
_________ ERROR at setup of test_snapshot_captures_rag_and_financials _________
.venv311\Lib\site-packages\_pytest\runner.py:353: in from_call
    result: TResult | None = func()
                             ^^^^^^
.venv311\Lib\site-packages\_pytest\runner.py:245: in <lambda>
    lambda: runtest_hook(item=item, **kwds),
            ^^^^^^^^^^^^^^^^^^^^^^^^^^^^^^^
.venv311\Lib\site-packages\pluggy\_hooks.py:512: in __call__
    return self._hookexec(self.name, self._hookimpls.copy(), kwargs, firstresult)
           ^^^^^^^^^^^^^^^^^^^^^^^^^^^^^^^^^^^^^^^^^^^^^^^^^^^^^^^^^^^^^^^^^^^^^^
.venv311\Lib\site-packages\pluggy\_manager.py:120: in _hookexec
    return self._inner_hookexec(hook_name, methods, kwargs, firstresult)
           ^^^^^^^^^^^^^^^^^^^^^^^^^^^^^^^^^^^^^^^^^^^^^^^^^^^^^^^^^^^^^
.venv311\Lib\site-packages\_pytest\logging.py:843: in pytest_runtest_setup
    yield
.venv311\Lib\site-packages\_pytest\capture.py:895: in pytest_runtest_setup
    return (yield)
            ^^^^^
.venv311\Lib\site-packages\_pytest\runner.py:165: in pytest_runtest_setup
    item.session._setupstate.setup(item)
.venv311\Lib\site-packages\_pytest\runner.py:523: in setup
    col.setup()
.venv311\Lib\site-packages\_pytest\python.py:1723: in setup
    self._request._fillfixtures()
.venv311\Lib\site-packages\_pytest\fixtures.py:707: in _fillfixtures
    item.funcargs[argname] = self.getfixturevalue(argname)
                             ^^^^^^^^^^^^^^^^^^^^^^^^^^^^^
.venv311\Lib\site-packages\_pytest\fixtures.py:539: in getfixturevalue
    fixturedef = self._get_active_fixturedef(argname)
                 ^^^^^^^^^^^^^^^^^^^^^^^^^^^^^^^^^^^^
.venv311\Lib\site-packages\_pytest\fixtures.py:627: in _get_active_fixturedef
    fixturedef.execute(request=subrequest)
.venv311\Lib\site-packages\_pytest\fixtures.py:1110: in execute
    result: FixtureValue = ihook.pytest_fixture_setup(
.venv311\Lib\site-packages\pluggy\_hooks.py:512: in __call__
    return self._hookexec(self.name, self._hookimpls.copy(), kwargs, firstresult)
           ^^^^^^^^^^^^^^^^^^^^^^^^^^^^^^^^^^^^^^^^^^^^^^^^^^^^^^^^^^^^^^^^^^^^^^
.venv311\Lib\site-packages\pluggy\_manager.py:120: in _hookexec
    return self._inner_hookexec(hook_name, methods, kwargs, firstresult)
           ^^^^^^^^^^^^^^^^^^^^^^^^^^^^^^^^^^^^^^^^^^^^^^^^^^^^^^^^^^^^^
.venv311\Lib\site-packages\pluggy\_callers.py:53: in run_old_style_hookwrapper
    return result.get_result()
           ^^^^^^^^^^^^^^^^^^^
.venv311\Lib\site-packages\pluggy\_callers.py:38: in run_old_style_hookwrapper
    res = yield
          ^^^^^
.venv311\Lib\site-packages\_pytest\setuponly.py:36: in pytest_fixture_setup
    return (yield)
            ^^^^^
.venv311\Lib\site-packages\_pytest\fixtures.py:1202: in pytest_fixture_setup
    result = call_fixture_func(fixturefunc, request, kwargs)
             ^^^^^^^^^^^^^^^^^^^^^^^^^^^^^^^^^^^^^^^^^^^^^^^
.venv311\Lib\site-packages\_pytest\fixtures.py:908: in call_fixture_func
    fixture_result = next(generator)
                     ^^^^^^^^^^^^^^^
.venv311\Lib\site-packages\_pytest\tmpdir.py:289: in tmp_path
    path = _mk_tmp(request, tmp_path_factory)
           ^^^^^^^^^^^^^^^^^^^^^^^^^^^^^^^^^^
.venv311\Lib\site-packages\_pytest\tmpdir.py:276: in _mk_tmp
    return factory.mktemp(name, numbered=True)
           ^^^^^^^^^^^^^^^^^^^^^^^^^^^^^^^^^^^
.venv311\Lib\site-packages\_pytest\tmpdir.py:131: in mktemp
    basename = self._ensure_relative_to_basetemp(basename)
               ^^^^^^^^^^^^^^^^^^^^^^^^^^^^^^^^^^^^^^^^^^^
.venv311\Lib\site-packages\_pytest\tmpdir.py:112: in _ensure_relative_to_basetemp
    if (self.getbasetemp() / basename).resolve().parent != self.getbasetemp():
        ^^^^^^^^^^^^^^^^^^
.venv311\Lib\site-packages\_pytest\tmpdir.py:208: in getbasetemp
    basetemp = make_numbered_dir_with_cleanup(
.venv311\Lib\site-packages\_pytest\pathlib.py:407: in make_numbered_dir_with_cleanup
    raise e
.venv311\Lib\site-packages\_pytest\pathlib.py:388: in make_numbered_dir_with_cleanup
    p = make_numbered_dir(root, prefix, mode)
        ^^^^^^^^^^^^^^^^^^^^^^^^^^^^^^^^^^^^^
.venv311\Lib\site-packages\_pytest\pathlib.py:229: in make_numbered_dir
    max_existing = max(map(parse_num, find_suffixes(root, prefix)), default=-1)
                   ^^^^^^^^^^^^^^^^^^^^^^^^^^^^^^^^^^^^^^^^^^^^^^^^^^^^^^^^^^^^
.venv311\Lib\site-packages\_pytest\pathlib.py:188: in extract_suffixes
    for entry in iter:
.venv311\Lib\site-packages\_pytest\pathlib.py:176: in find_prefixed
    for x in os.scandir(root):
             ^^^^^^^^^^^^^^^^
E   PermissionError: [WinError 5] アクセスが拒否されました。: 'C:\\Users\\ynobe\\AppData\\Local\\Temp\\pytest-of-ynobe'
_____ ERROR at setup of test_diff_detects_new_source_and_dividend_change ______
.venv311\Lib\site-packages\_pytest\runner.py:353: in from_call
    result: TResult | None = func()
                             ^^^^^^
.venv311\Lib\site-packages\_pytest\runner.py:245: in <lambda>
    lambda: runtest_hook(item=item, **kwds),
            ^^^^^^^^^^^^^^^^^^^^^^^^^^^^^^^
.venv311\Lib\site-packages\pluggy\_hooks.py:512: in __call__
    return self._hookexec(self.name, self._hookimpls.copy(), kwargs, firstresult)
           ^^^^^^^^^^^^^^^^^^^^^^^^^^^^^^^^^^^^^^^^^^^^^^^^^^^^^^^^^^^^^^^^^^^^^^
.venv311\Lib\site-packages\pluggy\_manager.py:120: in _hookexec
    return self._inner_hookexec(hook_name, methods, kwargs, firstresult)
           ^^^^^^^^^^^^^^^^^^^^^^^^^^^^^^^^^^^^^^^^^^^^^^^^^^^^^^^^^^^^^
.venv311\Lib\site-packages\_pytest\logging.py:843: in pytest_runtest_setup
    yield
.venv311\Lib\site-packages\_pytest\capture.py:895: in pytest_runtest_setup
    return (yield)
            ^^^^^
.venv311\Lib\site-packages\_pytest\runner.py:165: in pytest_runtest_setup
    item.session._setupstate.setup(item)
.venv311\Lib\site-packages\_pytest\runner.py:523: in setup
    col.setup()
.venv311\Lib\site-packages\_pytest\python.py:1723: in setup
    self._request._fillfixtures()
.venv311\Lib\site-packages\_pytest\fixtures.py:707: in _fillfixtures
    item.funcargs[argname] = self.getfixturevalue(argname)
                             ^^^^^^^^^^^^^^^^^^^^^^^^^^^^^
.venv311\Lib\site-packages\_pytest\fixtures.py:539: in getfixturevalue
    fixturedef = self._get_active_fixturedef(argname)
                 ^^^^^^^^^^^^^^^^^^^^^^^^^^^^^^^^^^^^
.venv311\Lib\site-packages\_pytest\fixtures.py:627: in _get_active_fixturedef
    fixturedef.execute(request=subrequest)
.venv311\Lib\site-packages\_pytest\fixtures.py:1110: in execute
    result: FixtureValue = ihook.pytest_fixture_setup(
.venv311\Lib\site-packages\pluggy\_hooks.py:512: in __call__
    return self._hookexec(self.name, self._hookimpls.copy(), kwargs, firstresult)
           ^^^^^^^^^^^^^^^^^^^^^^^^^^^^^^^^^^^^^^^^^^^^^^^^^^^^^^^^^^^^^^^^^^^^^^
.venv311\Lib\site-packages\pluggy\_manager.py:120: in _hookexec
    return self._inner_hookexec(hook_name, methods, kwargs, firstresult)
           ^^^^^^^^^^^^^^^^^^^^^^^^^^^^^^^^^^^^^^^^^^^^^^^^^^^^^^^^^^^^^
.venv311\Lib\site-packages\pluggy\_callers.py:53: in run_old_style_hookwrapper
    return result.get_result()
           ^^^^^^^^^^^^^^^^^^^
.venv311\Lib\site-packages\pluggy\_callers.py:38: in run_old_style_hookwrapper
    res = yield
          ^^^^^
.venv311\Lib\site-packages\_pytest\setuponly.py:36: in pytest_fixture_setup
    return (yield)
            ^^^^^
.venv311\Lib\site-packages\_pytest\fixtures.py:1202: in pytest_fixture_setup
    result = call_fixture_func(fixturefunc, request, kwargs)
             ^^^^^^^^^^^^^^^^^^^^^^^^^^^^^^^^^^^^^^^^^^^^^^^
.venv311\Lib\site-packages\_pytest\fixtures.py:908: in call_fixture_func
    fixture_result = next(generator)
                     ^^^^^^^^^^^^^^^
.venv311\Lib\site-packages\_pytest\tmpdir.py:289: in tmp_path
    path = _mk_tmp(request, tmp_path_factory)
           ^^^^^^^^^^^^^^^^^^^^^^^^^^^^^^^^^^
.venv311\Lib\site-packages\_pytest\tmpdir.py:276: in _mk_tmp
    return factory.mktemp(name, numbered=True)
           ^^^^^^^^^^^^^^^^^^^^^^^^^^^^^^^^^^^
.venv311\Lib\site-packages\_pytest\tmpdir.py:131: in mktemp
    basename = self._ensure_relative_to_basetemp(basename)
               ^^^^^^^^^^^^^^^^^^^^^^^^^^^^^^^^^^^^^^^^^^^
.venv311\Lib\site-packages\_pytest\tmpdir.py:112: in _ensure_relative_to_basetemp
    if (self.getbasetemp() / basename).resolve().parent != self.getbasetemp():
        ^^^^^^^^^^^^^^^^^^
.venv311\Lib\site-packages\_pytest\tmpdir.py:208: in getbasetemp
    basetemp = make_numbered_dir_with_cleanup(
.venv311\Lib\site-packages\_pytest\pathlib.py:407: in make_numbered_dir_with_cleanup
    raise e
.venv311\Lib\site-packages\_pytest\pathlib.py:388: in make_numbered_dir_with_cleanup
    p = make_numbered_dir(root, prefix, mode)
        ^^^^^^^^^^^^^^^^^^^^^^^^^^^^^^^^^^^^^
.venv311\Lib\site-packages\_pytest\pathlib.py:229: in make_numbered_dir
    max_existing = max(map(parse_num, find_suffixes(root, prefix)), default=-1)
                   ^^^^^^^^^^^^^^^^^^^^^^^^^^^^^^^^^^^^^^^^^^^^^^^^^^^^^^^^^^^^
.venv311\Lib\site-packages\_pytest\pathlib.py:188: in extract_suffixes
    for entry in iter:
.venv311\Lib\site-packages\_pytest\pathlib.py:176: in find_prefixed
    for x in os.scandir(root):
             ^^^^^^^^^^^^^^^^
E   PermissionError: [WinError 5] アクセスが拒否されました。: 'C:\\Users\\ynobe\\AppData\\Local\\Temp\\pytest-of-ynobe'
_ ERROR at setup of test_run_knowledge_diff_saves_and_reports_no_change_on_repeat _
.venv311\Lib\site-packages\_pytest\runner.py:353: in from_call
    result: TResult | None = func()
                             ^^^^^^
.venv311\Lib\site-packages\_pytest\runner.py:245: in <lambda>
    lambda: runtest_hook(item=item, **kwds),
            ^^^^^^^^^^^^^^^^^^^^^^^^^^^^^^^
.venv311\Lib\site-packages\pluggy\_hooks.py:512: in __call__
    return self._hookexec(self.name, self._hookimpls.copy(), kwargs, firstresult)
           ^^^^^^^^^^^^^^^^^^^^^^^^^^^^^^^^^^^^^^^^^^^^^^^^^^^^^^^^^^^^^^^^^^^^^^
.venv311\Lib\site-packages\pluggy\_manager.py:120: in _hookexec
    return self._inner_hookexec(hook_name, methods, kwargs, firstresult)
           ^^^^^^^^^^^^^^^^^^^^^^^^^^^^^^^^^^^^^^^^^^^^^^^^^^^^^^^^^^^^^
.venv311\Lib\site-packages\_pytest\logging.py:843: in pytest_runtest_setup
    yield
.venv311\Lib\site-packages\_pytest\capture.py:895: in pytest_runtest_setup
    return (yield)
            ^^^^^
.venv311\Lib\site-packages\_pytest\runner.py:165: in pytest_runtest_setup
    item.session._setupstate.setup(item)
.venv311\Lib\site-packages\_pytest\runner.py:523: in setup
    col.setup()
.venv311\Lib\site-packages\_pytest\python.py:1723: in setup
    self._request._fillfixtures()
.venv311\Lib\site-packages\_pytest\fixtures.py:707: in _fillfixtures
    item.funcargs[argname] = self.getfixturevalue(argname)
                             ^^^^^^^^^^^^^^^^^^^^^^^^^^^^^
.venv311\Lib\site-packages\_pytest\fixtures.py:539: in getfixturevalue
    fixturedef = self._get_active_fixturedef(argname)
                 ^^^^^^^^^^^^^^^^^^^^^^^^^^^^^^^^^^^^
.venv311\Lib\site-packages\_pytest\fixtures.py:627: in _get_active_fixturedef
    fixturedef.execute(request=subrequest)
.venv311\Lib\site-packages\_pytest\fixtures.py:1110: in execute
    result: FixtureValue = ihook.pytest_fixture_setup(
.venv311\Lib\site-packages\pluggy\_hooks.py:512: in __call__
    return self._hookexec(self.name, self._hookimpls.copy(), kwargs, firstresult)
           ^^^^^^^^^^^^^^^^^^^^^^^^^^^^^^^^^^^^^^^^^^^^^^^^^^^^^^^^^^^^^^^^^^^^^^
.venv311\Lib\site-packages\pluggy\_manager.py:120: in _hookexec
    return self._inner_hookexec(hook_name, methods, kwargs, firstresult)
           ^^^^^^^^^^^^^^^^^^^^^^^^^^^^^^^^^^^^^^^^^^^^^^^^^^^^^^^^^^^^^
.venv311\Lib\site-packages\pluggy\_callers.py:53: in run_old_style_hookwrapper
    return result.get_result()
           ^^^^^^^^^^^^^^^^^^^
.venv311\Lib\site-packages\pluggy\_callers.py:38: in run_old_style_hookwrapper
    res = yield
          ^^^^^
.venv311\Lib\site-packages\_pytest\setuponly.py:36: in pytest_fixture_setup
    return (yield)
            ^^^^^
.venv311\Lib\site-packages\_pytest\fixtures.py:1202: in pytest_fixture_setup
    result = call_fixture_func(fixturefunc, request, kwargs)
             ^^^^^^^^^^^^^^^^^^^^^^^^^^^^^^^^^^^^^^^^^^^^^^^
.venv311\Lib\site-packages\_pytest\fixtures.py:908: in call_fixture_func
    fixture_result = next(generator)
                     ^^^^^^^^^^^^^^^
.venv311\Lib\site-packages\_pytest\tmpdir.py:289: in tmp_path
    path = _mk_tmp(request, tmp_path_factory)
           ^^^^^^^^^^^^^^^^^^^^^^^^^^^^^^^^^^
.venv311\Lib\site-packages\_pytest\tmpdir.py:276: in _mk_tmp
    return factory.mktemp(name, numbered=True)
           ^^^^^^^^^^^^^^^^^^^^^^^^^^^^^^^^^^^
.venv311\Lib\site-packages\_pytest\tmpdir.py:131: in mktemp
    basename = self._ensure_relative_to_basetemp(basename)
               ^^^^^^^^^^^^^^^^^^^^^^^^^^^^^^^^^^^^^^^^^^^
.venv311\Lib\site-packages\_pytest\tmpdir.py:112: in _ensure_relative_to_basetemp
    if (self.getbasetemp() / basename).resolve().parent != self.getbasetemp():
        ^^^^^^^^^^^^^^^^^^
.venv311\Lib\site-packages\_pytest\tmpdir.py:208: in getbasetemp
    basetemp = make_numbered_dir_with_cleanup(
.venv311\Lib\site-packages\_pytest\pathlib.py:407: in make_numbered_dir_with_cleanup
    raise e
.venv311\Lib\site-packages\_pytest\pathlib.py:388: in make_numbered_dir_with_cleanup
    p = make_numbered_dir(root, prefix, mode)
        ^^^^^^^^^^^^^^^^^^^^^^^^^^^^^^^^^^^^^
.venv311\Lib\site-packages\_pytest\pathlib.py:229: in make_numbered_dir
    max_existing = max(map(parse_num, find_suffixes(root, prefix)), default=-1)
                   ^^^^^^^^^^^^^^^^^^^^^^^^^^^^^^^^^^^^^^^^^^^^^^^^^^^^^^^^^^^^
.venv311\Lib\site-packages\_pytest\pathlib.py:188: in extract_suffixes
    for entry in iter:
.venv311\Lib\site-packages\_pytest\pathlib.py:176: in find_prefixed
    for x in os.scandir(root):
             ^^^^^^^^^^^^^^^^
E   PermissionError: [WinError 5] アクセスが拒否されました。: 'C:\\Users\\ynobe\\AppData\\Local\\Temp\\pytest-of-ynobe'
____________ ERROR at setup of test_cache_returns_stored_response _____________
.venv311\Lib\site-packages\_pytest\runner.py:353: in from_call
    result: TResult | None = func()
                             ^^^^^^
.venv311\Lib\site-packages\_pytest\runner.py:245: in <lambda>
    lambda: runtest_hook(item=item, **kwds),
            ^^^^^^^^^^^^^^^^^^^^^^^^^^^^^^^
.venv311\Lib\site-packages\pluggy\_hooks.py:512: in __call__
    return self._hookexec(self.name, self._hookimpls.copy(), kwargs, firstresult)
           ^^^^^^^^^^^^^^^^^^^^^^^^^^^^^^^^^^^^^^^^^^^^^^^^^^^^^^^^^^^^^^^^^^^^^^
.venv311\Lib\site-packages\pluggy\_manager.py:120: in _hookexec
    return self._inner_hookexec(hook_name, methods, kwargs, firstresult)
           ^^^^^^^^^^^^^^^^^^^^^^^^^^^^^^^^^^^^^^^^^^^^^^^^^^^^^^^^^^^^^
.venv311\Lib\site-packages\_pytest\logging.py:843: in pytest_runtest_setup
    yield
.venv311\Lib\site-packages\_pytest\capture.py:895: in pytest_runtest_setup
    return (yield)
            ^^^^^
.venv311\Lib\site-packages\_pytest\runner.py:165: in pytest_runtest_setup
    item.session._setupstate.setup(item)
.venv311\Lib\site-packages\_pytest\runner.py:523: in setup
    col.setup()
.venv311\Lib\site-packages\_pytest\python.py:1723: in setup
    self._request._fillfixtures()
.venv311\Lib\site-packages\_pytest\fixtures.py:707: in _fillfixtures
    item.funcargs[argname] = self.getfixturevalue(argname)
                             ^^^^^^^^^^^^^^^^^^^^^^^^^^^^^
.venv311\Lib\site-packages\_pytest\fixtures.py:539: in getfixturevalue
    fixturedef = self._get_active_fixturedef(argname)
                 ^^^^^^^^^^^^^^^^^^^^^^^^^^^^^^^^^^^^
.venv311\Lib\site-packages\_pytest\fixtures.py:627: in _get_active_fixturedef
    fixturedef.execute(request=subrequest)
.venv311\Lib\site-packages\_pytest\fixtures.py:1110: in execute
    result: FixtureValue = ihook.pytest_fixture_setup(
.venv311\Lib\site-packages\pluggy\_hooks.py:512: in __call__
    return self._hookexec(self.name, self._hookimpls.copy(), kwargs, firstresult)
           ^^^^^^^^^^^^^^^^^^^^^^^^^^^^^^^^^^^^^^^^^^^^^^^^^^^^^^^^^^^^^^^^^^^^^^
.venv311\Lib\site-packages\pluggy\_manager.py:120: in _hookexec
    return self._inner_hookexec(hook_name, methods, kwargs, firstresult)
           ^^^^^^^^^^^^^^^^^^^^^^^^^^^^^^^^^^^^^^^^^^^^^^^^^^^^^^^^^^^^^
.venv311\Lib\site-packages\pluggy\_callers.py:53: in run_old_style_hookwrapper
    return result.get_result()
           ^^^^^^^^^^^^^^^^^^^
.venv311\Lib\site-packages\pluggy\_callers.py:38: in run_old_style_hookwrapper
    res = yield
          ^^^^^
.venv311\Lib\site-packages\_pytest\setuponly.py:36: in pytest_fixture_setup
    return (yield)
            ^^^^^
.venv311\Lib\site-packages\_pytest\fixtures.py:1202: in pytest_fixture_setup
    result = call_fixture_func(fixturefunc, request, kwargs)
             ^^^^^^^^^^^^^^^^^^^^^^^^^^^^^^^^^^^^^^^^^^^^^^^
.venv311\Lib\site-packages\_pytest\fixtures.py:908: in call_fixture_func
    fixture_result = next(generator)
                     ^^^^^^^^^^^^^^^
.venv311\Lib\site-packages\_pytest\tmpdir.py:289: in tmp_path
    path = _mk_tmp(request, tmp_path_factory)
           ^^^^^^^^^^^^^^^^^^^^^^^^^^^^^^^^^^
.venv311\Lib\site-packages\_pytest\tmpdir.py:276: in _mk_tmp
    return factory.mktemp(name, numbered=True)
           ^^^^^^^^^^^^^^^^^^^^^^^^^^^^^^^^^^^
.venv311\Lib\site-packages\_pytest\tmpdir.py:131: in mktemp
    basename = self._ensure_relative_to_basetemp(basename)
               ^^^^^^^^^^^^^^^^^^^^^^^^^^^^^^^^^^^^^^^^^^^
.venv311\Lib\site-packages\_pytest\tmpdir.py:112: in _ensure_relative_to_basetemp
    if (self.getbasetemp() / basename).resolve().parent != self.getbasetemp():
        ^^^^^^^^^^^^^^^^^^
.venv311\Lib\site-packages\_pytest\tmpdir.py:208: in getbasetemp
    basetemp = make_numbered_dir_with_cleanup(
.venv311\Lib\site-packages\_pytest\pathlib.py:407: in make_numbered_dir_with_cleanup
    raise e
.venv311\Lib\site-packages\_pytest\pathlib.py:388: in make_numbered_dir_with_cleanup
    p = make_numbered_dir(root, prefix, mode)
        ^^^^^^^^^^^^^^^^^^^^^^^^^^^^^^^^^^^^^
.venv311\Lib\site-packages\_pytest\pathlib.py:229: in make_numbered_dir
    max_existing = max(map(parse_num, find_suffixes(root, prefix)), default=-1)
                   ^^^^^^^^^^^^^^^^^^^^^^^^^^^^^^^^^^^^^^^^^^^^^^^^^^^^^^^^^^^^
.venv311\Lib\site-packages\_pytest\pathlib.py:188: in extract_suffixes
    for entry in iter:
.venv311\Lib\site-packages\_pytest\pathlib.py:176: in find_prefixed
    for x in os.scandir(root):
             ^^^^^^^^^^^^^^^^
E   PermissionError: [WinError 5] アクセスが拒否されました。: 'C:\\Users\\ynobe\\AppData\\Local\\Temp\\pytest-of-ynobe'
______________ ERROR at setup of test_cache_expires_old_response ______________
.venv311\Lib\site-packages\_pytest\runner.py:353: in from_call
    result: TResult | None = func()
                             ^^^^^^
.venv311\Lib\site-packages\_pytest\runner.py:245: in <lambda>
    lambda: runtest_hook(item=item, **kwds),
            ^^^^^^^^^^^^^^^^^^^^^^^^^^^^^^^
.venv311\Lib\site-packages\pluggy\_hooks.py:512: in __call__
    return self._hookexec(self.name, self._hookimpls.copy(), kwargs, firstresult)
           ^^^^^^^^^^^^^^^^^^^^^^^^^^^^^^^^^^^^^^^^^^^^^^^^^^^^^^^^^^^^^^^^^^^^^^
.venv311\Lib\site-packages\pluggy\_manager.py:120: in _hookexec
    return self._inner_hookexec(hook_name, methods, kwargs, firstresult)
           ^^^^^^^^^^^^^^^^^^^^^^^^^^^^^^^^^^^^^^^^^^^^^^^^^^^^^^^^^^^^^
.venv311\Lib\site-packages\_pytest\logging.py:843: in pytest_runtest_setup
    yield
.venv311\Lib\site-packages\_pytest\capture.py:895: in pytest_runtest_setup
    return (yield)
            ^^^^^
.venv311\Lib\site-packages\_pytest\runner.py:165: in pytest_runtest_setup
    item.session._setupstate.setup(item)
.venv311\Lib\site-packages\_pytest\runner.py:523: in setup
    col.setup()
.venv311\Lib\site-packages\_pytest\python.py:1723: in setup
    self._request._fillfixtures()
.venv311\Lib\site-packages\_pytest\fixtures.py:707: in _fillfixtures
    item.funcargs[argname] = self.getfixturevalue(argname)
                             ^^^^^^^^^^^^^^^^^^^^^^^^^^^^^
.venv311\Lib\site-packages\_pytest\fixtures.py:539: in getfixturevalue
    fixturedef = self._get_active_fixturedef(argname)
                 ^^^^^^^^^^^^^^^^^^^^^^^^^^^^^^^^^^^^
.venv311\Lib\site-packages\_pytest\fixtures.py:627: in _get_active_fixturedef
    fixturedef.execute(request=subrequest)
.venv311\Lib\site-packages\_pytest\fixtures.py:1110: in execute
    result: FixtureValue = ihook.pytest_fixture_setup(
.venv311\Lib\site-packages\pluggy\_hooks.py:512: in __call__
    return self._hookexec(self.name, self._hookimpls.copy(), kwargs, firstresult)
           ^^^^^^^^^^^^^^^^^^^^^^^^^^^^^^^^^^^^^^^^^^^^^^^^^^^^^^^^^^^^^^^^^^^^^^
.venv311\Lib\site-packages\pluggy\_manager.py:120: in _hookexec
    return self._inner_hookexec(hook_name, methods, kwargs, firstresult)
           ^^^^^^^^^^^^^^^^^^^^^^^^^^^^^^^^^^^^^^^^^^^^^^^^^^^^^^^^^^^^^
.venv311\Lib\site-packages\pluggy\_callers.py:53: in run_old_style_hookwrapper
    return result.get_result()
           ^^^^^^^^^^^^^^^^^^^
.venv311\Lib\site-packages\pluggy\_callers.py:38: in run_old_style_hookwrapper
    res = yield
          ^^^^^
.venv311\Lib\site-packages\_pytest\setuponly.py:36: in pytest_fixture_setup
    return (yield)
            ^^^^^
.venv311\Lib\site-packages\_pytest\fixtures.py:1202: in pytest_fixture_setup
    result = call_fixture_func(fixturefunc, request, kwargs)
             ^^^^^^^^^^^^^^^^^^^^^^^^^^^^^^^^^^^^^^^^^^^^^^^
.venv311\Lib\site-packages\_pytest\fixtures.py:908: in call_fixture_func
    fixture_result = next(generator)
                     ^^^^^^^^^^^^^^^
.venv311\Lib\site-packages\_pytest\tmpdir.py:289: in tmp_path
    path = _mk_tmp(request, tmp_path_factory)
           ^^^^^^^^^^^^^^^^^^^^^^^^^^^^^^^^^^
.venv311\Lib\site-packages\_pytest\tmpdir.py:276: in _mk_tmp
    return factory.mktemp(name, numbered=True)
           ^^^^^^^^^^^^^^^^^^^^^^^^^^^^^^^^^^^
.venv311\Lib\site-packages\_pytest\tmpdir.py:131: in mktemp
    basename = self._ensure_relative_to_basetemp(basename)
               ^^^^^^^^^^^^^^^^^^^^^^^^^^^^^^^^^^^^^^^^^^^
.venv311\Lib\site-packages\_pytest\tmpdir.py:112: in _ensure_relative_to_basetemp
    if (self.getbasetemp() / basename).resolve().parent != self.getbasetemp():
        ^^^^^^^^^^^^^^^^^^
.venv311\Lib\site-packages\_pytest\tmpdir.py:208: in getbasetemp
    basetemp = make_numbered_dir_with_cleanup(
.venv311\Lib\site-packages\_pytest\pathlib.py:407: in make_numbered_dir_with_cleanup
    raise e
.venv311\Lib\site-packages\_pytest\pathlib.py:388: in make_numbered_dir_with_cleanup
    p = make_numbered_dir(root, prefix, mode)
        ^^^^^^^^^^^^^^^^^^^^^^^^^^^^^^^^^^^^^
.venv311\Lib\site-packages\_pytest\pathlib.py:229: in make_numbered_dir
    max_existing = max(map(parse_num, find_suffixes(root, prefix)), default=-1)
                   ^^^^^^^^^^^^^^^^^^^^^^^^^^^^^^^^^^^^^^^^^^^^^^^^^^^^^^^^^^^^
.venv311\Lib\site-packages\_pytest\pathlib.py:188: in extract_suffixes
    for entry in iter:
.venv311\Lib\site-packages\_pytest\pathlib.py:176: in find_prefixed
    for x in os.scandir(root):
             ^^^^^^^^^^^^^^^^
E   PermissionError: [WinError 5] アクセスが拒否されました。: 'C:\\Users\\ynobe\\AppData\\Local\\Temp\\pytest-of-ynobe'
_________ ERROR at setup of test_disabled_cache_never_reads_or_writes _________
.venv311\Lib\site-packages\_pytest\runner.py:353: in from_call
    result: TResult | None = func()
                             ^^^^^^
.venv311\Lib\site-packages\_pytest\runner.py:245: in <lambda>
    lambda: runtest_hook(item=item, **kwds),
            ^^^^^^^^^^^^^^^^^^^^^^^^^^^^^^^
.venv311\Lib\site-packages\pluggy\_hooks.py:512: in __call__
    return self._hookexec(self.name, self._hookimpls.copy(), kwargs, firstresult)
           ^^^^^^^^^^^^^^^^^^^^^^^^^^^^^^^^^^^^^^^^^^^^^^^^^^^^^^^^^^^^^^^^^^^^^^
.venv311\Lib\site-packages\pluggy\_manager.py:120: in _hookexec
    return self._inner_hookexec(hook_name, methods, kwargs, firstresult)
           ^^^^^^^^^^^^^^^^^^^^^^^^^^^^^^^^^^^^^^^^^^^^^^^^^^^^^^^^^^^^^
.venv311\Lib\site-packages\_pytest\logging.py:843: in pytest_runtest_setup
    yield
.venv311\Lib\site-packages\_pytest\capture.py:895: in pytest_runtest_setup
    return (yield)
            ^^^^^
.venv311\Lib\site-packages\_pytest\runner.py:165: in pytest_runtest_setup
    item.session._setupstate.setup(item)
.venv311\Lib\site-packages\_pytest\runner.py:523: in setup
    col.setup()
.venv311\Lib\site-packages\_pytest\python.py:1723: in setup
    self._request._fillfixtures()
.venv311\Lib\site-packages\_pytest\fixtures.py:707: in _fillfixtures
    item.funcargs[argname] = self.getfixturevalue(argname)
                             ^^^^^^^^^^^^^^^^^^^^^^^^^^^^^
.venv311\Lib\site-packages\_pytest\fixtures.py:539: in getfixturevalue
    fixturedef = self._get_active_fixturedef(argname)
                 ^^^^^^^^^^^^^^^^^^^^^^^^^^^^^^^^^^^^
.venv311\Lib\site-packages\_pytest\fixtures.py:627: in _get_active_fixturedef
    fixturedef.execute(request=subrequest)
.venv311\Lib\site-packages\_pytest\fixtures.py:1110: in execute
    result: FixtureValue = ihook.pytest_fixture_setup(
.venv311\Lib\site-packages\pluggy\_hooks.py:512: in __call__
    return self._hookexec(self.name, self._hookimpls.copy(), kwargs, firstresult)
           ^^^^^^^^^^^^^^^^^^^^^^^^^^^^^^^^^^^^^^^^^^^^^^^^^^^^^^^^^^^^^^^^^^^^^^
.venv311\Lib\site-packages\pluggy\_manager.py:120: in _hookexec
    return self._inner_hookexec(hook_name, methods, kwargs, firstresult)
           ^^^^^^^^^^^^^^^^^^^^^^^^^^^^^^^^^^^^^^^^^^^^^^^^^^^^^^^^^^^^^
.venv311\Lib\site-packages\pluggy\_callers.py:53: in run_old_style_hookwrapper
    return result.get_result()
           ^^^^^^^^^^^^^^^^^^^
.venv311\Lib\site-packages\pluggy\_callers.py:38: in run_old_style_hookwrapper
    res = yield
          ^^^^^
.venv311\Lib\site-packages\_pytest\setuponly.py:36: in pytest_fixture_setup
    return (yield)
            ^^^^^
.venv311\Lib\site-packages\_pytest\fixtures.py:1202: in pytest_fixture_setup
    result = call_fixture_func(fixturefunc, request, kwargs)
             ^^^^^^^^^^^^^^^^^^^^^^^^^^^^^^^^^^^^^^^^^^^^^^^
.venv311\Lib\site-packages\_pytest\fixtures.py:908: in call_fixture_func
    fixture_result = next(generator)
                     ^^^^^^^^^^^^^^^
.venv311\Lib\site-packages\_pytest\tmpdir.py:289: in tmp_path
    path = _mk_tmp(request, tmp_path_factory)
           ^^^^^^^^^^^^^^^^^^^^^^^^^^^^^^^^^^
.venv311\Lib\site-packages\_pytest\tmpdir.py:276: in _mk_tmp
    return factory.mktemp(name, numbered=True)
           ^^^^^^^^^^^^^^^^^^^^^^^^^^^^^^^^^^^
.venv311\Lib\site-packages\_pytest\tmpdir.py:131: in mktemp
    basename = self._ensure_relative_to_basetemp(basename)
               ^^^^^^^^^^^^^^^^^^^^^^^^^^^^^^^^^^^^^^^^^^^
.venv311\Lib\site-packages\_pytest\tmpdir.py:112: in _ensure_relative_to_basetemp
    if (self.getbasetemp() / basename).resolve().parent != self.getbasetemp():
        ^^^^^^^^^^^^^^^^^^
.venv311\Lib\site-packages\_pytest\tmpdir.py:208: in getbasetemp
    basetemp = make_numbered_dir_with_cleanup(
.venv311\Lib\site-packages\_pytest\pathlib.py:407: in make_numbered_dir_with_cleanup
    raise e
.venv311\Lib\site-packages\_pytest\pathlib.py:388: in make_numbered_dir_with_cleanup
    p = make_numbered_dir(root, prefix, mode)
        ^^^^^^^^^^^^^^^^^^^^^^^^^^^^^^^^^^^^^
.venv311\Lib\site-packages\_pytest\pathlib.py:229: in make_numbered_dir
    max_existing = max(map(parse_num, find_suffixes(root, prefix)), default=-1)
                   ^^^^^^^^^^^^^^^^^^^^^^^^^^^^^^^^^^^^^^^^^^^^^^^^^^^^^^^^^^^^
.venv311\Lib\site-packages\_pytest\pathlib.py:188: in extract_suffixes
    for entry in iter:
.venv311\Lib\site-packages\_pytest\pathlib.py:176: in find_prefixed
    for x in os.scandir(root):
             ^^^^^^^^^^^^^^^^
E   PermissionError: [WinError 5] アクセスが拒否されました。: 'C:\\Users\\ynobe\\AppData\\Local\\Temp\\pytest-of-ynobe'
______ ERROR at setup of test_load_gemini_runtime_config_normalizes_yaml ______
.venv311\Lib\site-packages\_pytest\runner.py:353: in from_call
    result: TResult | None = func()
                             ^^^^^^
.venv311\Lib\site-packages\_pytest\runner.py:245: in <lambda>
    lambda: runtest_hook(item=item, **kwds),
            ^^^^^^^^^^^^^^^^^^^^^^^^^^^^^^^
.venv311\Lib\site-packages\pluggy\_hooks.py:512: in __call__
    return self._hookexec(self.name, self._hookimpls.copy(), kwargs, firstresult)
           ^^^^^^^^^^^^^^^^^^^^^^^^^^^^^^^^^^^^^^^^^^^^^^^^^^^^^^^^^^^^^^^^^^^^^^
.venv311\Lib\site-packages\pluggy\_manager.py:120: in _hookexec
    return self._inner_hookexec(hook_name, methods, kwargs, firstresult)
           ^^^^^^^^^^^^^^^^^^^^^^^^^^^^^^^^^^^^^^^^^^^^^^^^^^^^^^^^^^^^^
.venv311\Lib\site-packages\_pytest\logging.py:843: in pytest_runtest_setup
    yield
.venv311\Lib\site-packages\_pytest\capture.py:895: in pytest_runtest_setup
    return (yield)
            ^^^^^
.venv311\Lib\site-packages\_pytest\runner.py:165: in pytest_runtest_setup
    item.session._setupstate.setup(item)
.venv311\Lib\site-packages\_pytest\runner.py:523: in setup
    col.setup()
.venv311\Lib\site-packages\_pytest\python.py:1723: in setup
    self._request._fillfixtures()
.venv311\Lib\site-packages\_pytest\fixtures.py:707: in _fillfixtures
    item.funcargs[argname] = self.getfixturevalue(argname)
                             ^^^^^^^^^^^^^^^^^^^^^^^^^^^^^
.venv311\Lib\site-packages\_pytest\fixtures.py:539: in getfixturevalue
    fixturedef = self._get_active_fixturedef(argname)
                 ^^^^^^^^^^^^^^^^^^^^^^^^^^^^^^^^^^^^
.venv311\Lib\site-packages\_pytest\fixtures.py:627: in _get_active_fixturedef
    fixturedef.execute(request=subrequest)
.venv311\Lib\site-packages\_pytest\fixtures.py:1110: in execute
    result: FixtureValue = ihook.pytest_fixture_setup(
.venv311\Lib\site-packages\pluggy\_hooks.py:512: in __call__
    return self._hookexec(self.name, self._hookimpls.copy(), kwargs, firstresult)
           ^^^^^^^^^^^^^^^^^^^^^^^^^^^^^^^^^^^^^^^^^^^^^^^^^^^^^^^^^^^^^^^^^^^^^^
.venv311\Lib\site-packages\pluggy\_manager.py:120: in _hookexec
    return self._inner_hookexec(hook_name, methods, kwargs, firstresult)
           ^^^^^^^^^^^^^^^^^^^^^^^^^^^^^^^^^^^^^^^^^^^^^^^^^^^^^^^^^^^^^
.venv311\Lib\site-packages\pluggy\_callers.py:53: in run_old_style_hookwrapper
    return result.get_result()
           ^^^^^^^^^^^^^^^^^^^
.venv311\Lib\site-packages\pluggy\_callers.py:38: in run_old_style_hookwrapper
    res = yield
          ^^^^^
.venv311\Lib\site-packages\_pytest\setuponly.py:36: in pytest_fixture_setup
    return (yield)
            ^^^^^
.venv311\Lib\site-packages\_pytest\fixtures.py:1202: in pytest_fixture_setup
    result = call_fixture_func(fixturefunc, request, kwargs)
             ^^^^^^^^^^^^^^^^^^^^^^^^^^^^^^^^^^^^^^^^^^^^^^^
.venv311\Lib\site-packages\_pytest\fixtures.py:908: in call_fixture_func
    fixture_result = next(generator)
                     ^^^^^^^^^^^^^^^
.venv311\Lib\site-packages\_pytest\tmpdir.py:289: in tmp_path
    path = _mk_tmp(request, tmp_path_factory)
           ^^^^^^^^^^^^^^^^^^^^^^^^^^^^^^^^^^
.venv311\Lib\site-packages\_pytest\tmpdir.py:276: in _mk_tmp
    return factory.mktemp(name, numbered=True)
           ^^^^^^^^^^^^^^^^^^^^^^^^^^^^^^^^^^^
.venv311\Lib\site-packages\_pytest\tmpdir.py:131: in mktemp
    basename = self._ensure_relative_to_basetemp(basename)
               ^^^^^^^^^^^^^^^^^^^^^^^^^^^^^^^^^^^^^^^^^^^
.venv311\Lib\site-packages\_pytest\tmpdir.py:112: in _ensure_relative_to_basetemp
    if (self.getbasetemp() / basename).resolve().parent != self.getbasetemp():
        ^^^^^^^^^^^^^^^^^^
.venv311\Lib\site-packages\_pytest\tmpdir.py:208: in getbasetemp
    basetemp = make_numbered_dir_with_cleanup(
.venv311\Lib\site-packages\_pytest\pathlib.py:407: in make_numbered_dir_with_cleanup
    raise e
.venv311\Lib\site-packages\_pytest\pathlib.py:388: in make_numbered_dir_with_cleanup
    p = make_numbered_dir(root, prefix, mode)
        ^^^^^^^^^^^^^^^^^^^^^^^^^^^^^^^^^^^^^
.venv311\Lib\site-packages\_pytest\pathlib.py:229: in make_numbered_dir
    max_existing = max(map(parse_num, find_suffixes(root, prefix)), default=-1)
                   ^^^^^^^^^^^^^^^^^^^^^^^^^^^^^^^^^^^^^^^^^^^^^^^^^^^^^^^^^^^^
.venv311\Lib\site-packages\_pytest\pathlib.py:188: in extract_suffixes
    for entry in iter:
.venv311\Lib\site-packages\_pytest\pathlib.py:176: in find_prefixed
    for x in os.scandir(root):
             ^^^^^^^^^^^^^^^^
E   PermissionError: [WinError 5] アクセスが拒否されました。: 'C:\\Users\\ynobe\\AppData\\Local\\Temp\\pytest-of-ynobe'
_ ERROR at setup of test_build_llm_service_from_config_uses_injected_client_and_cache _
.venv311\Lib\site-packages\_pytest\runner.py:353: in from_call
    result: TResult | None = func()
                             ^^^^^^
.venv311\Lib\site-packages\_pytest\runner.py:245: in <lambda>
    lambda: runtest_hook(item=item, **kwds),
            ^^^^^^^^^^^^^^^^^^^^^^^^^^^^^^^
.venv311\Lib\site-packages\pluggy\_hooks.py:512: in __call__
    return self._hookexec(self.name, self._hookimpls.copy(), kwargs, firstresult)
           ^^^^^^^^^^^^^^^^^^^^^^^^^^^^^^^^^^^^^^^^^^^^^^^^^^^^^^^^^^^^^^^^^^^^^^
.venv311\Lib\site-packages\pluggy\_manager.py:120: in _hookexec
    return self._inner_hookexec(hook_name, methods, kwargs, firstresult)
           ^^^^^^^^^^^^^^^^^^^^^^^^^^^^^^^^^^^^^^^^^^^^^^^^^^^^^^^^^^^^^
.venv311\Lib\site-packages\_pytest\logging.py:843: in pytest_runtest_setup
    yield
.venv311\Lib\site-packages\_pytest\capture.py:895: in pytest_runtest_setup
    return (yield)
            ^^^^^
.venv311\Lib\site-packages\_pytest\runner.py:165: in pytest_runtest_setup
    item.session._setupstate.setup(item)
.venv311\Lib\site-packages\_pytest\runner.py:523: in setup
    col.setup()
.venv311\Lib\site-packages\_pytest\python.py:1723: in setup
    self._request._fillfixtures()
.venv311\Lib\site-packages\_pytest\fixtures.py:707: in _fillfixtures
    item.funcargs[argname] = self.getfixturevalue(argname)
                             ^^^^^^^^^^^^^^^^^^^^^^^^^^^^^
.venv311\Lib\site-packages\_pytest\fixtures.py:539: in getfixturevalue
    fixturedef = self._get_active_fixturedef(argname)
                 ^^^^^^^^^^^^^^^^^^^^^^^^^^^^^^^^^^^^
.venv311\Lib\site-packages\_pytest\fixtures.py:627: in _get_active_fixturedef
    fixturedef.execute(request=subrequest)
.venv311\Lib\site-packages\_pytest\fixtures.py:1110: in execute
    result: FixtureValue = ihook.pytest_fixture_setup(
.venv311\Lib\site-packages\pluggy\_hooks.py:512: in __call__
    return self._hookexec(self.name, self._hookimpls.copy(), kwargs, firstresult)
           ^^^^^^^^^^^^^^^^^^^^^^^^^^^^^^^^^^^^^^^^^^^^^^^^^^^^^^^^^^^^^^^^^^^^^^
.venv311\Lib\site-packages\pluggy\_manager.py:120: in _hookexec
    return self._inner_hookexec(hook_name, methods, kwargs, firstresult)
           ^^^^^^^^^^^^^^^^^^^^^^^^^^^^^^^^^^^^^^^^^^^^^^^^^^^^^^^^^^^^^
.venv311\Lib\site-packages\pluggy\_callers.py:53: in run_old_style_hookwrapper
    return result.get_result()
           ^^^^^^^^^^^^^^^^^^^
.venv311\Lib\site-packages\pluggy\_callers.py:38: in run_old_style_hookwrapper
    res = yield
          ^^^^^
.venv311\Lib\site-packages\_pytest\setuponly.py:36: in pytest_fixture_setup
    return (yield)
            ^^^^^
.venv311\Lib\site-packages\_pytest\fixtures.py:1202: in pytest_fixture_setup
    result = call_fixture_func(fixturefunc, request, kwargs)
             ^^^^^^^^^^^^^^^^^^^^^^^^^^^^^^^^^^^^^^^^^^^^^^^
.venv311\Lib\site-packages\_pytest\fixtures.py:908: in call_fixture_func
    fixture_result = next(generator)
                     ^^^^^^^^^^^^^^^
.venv311\Lib\site-packages\_pytest\tmpdir.py:289: in tmp_path
    path = _mk_tmp(request, tmp_path_factory)
           ^^^^^^^^^^^^^^^^^^^^^^^^^^^^^^^^^^
.venv311\Lib\site-packages\_pytest\tmpdir.py:276: in _mk_tmp
    return factory.mktemp(name, numbered=True)
           ^^^^^^^^^^^^^^^^^^^^^^^^^^^^^^^^^^^
.venv311\Lib\site-packages\_pytest\tmpdir.py:131: in mktemp
    basename = self._ensure_relative_to_basetemp(basename)
               ^^^^^^^^^^^^^^^^^^^^^^^^^^^^^^^^^^^^^^^^^^^
.venv311\Lib\site-packages\_pytest\tmpdir.py:112: in _ensure_relative_to_basetemp
    if (self.getbasetemp() / basename).resolve().parent != self.getbasetemp():
        ^^^^^^^^^^^^^^^^^^
.venv311\Lib\site-packages\_pytest\tmpdir.py:208: in getbasetemp
    basetemp = make_numbered_dir_with_cleanup(
.venv311\Lib\site-packages\_pytest\pathlib.py:407: in make_numbered_dir_with_cleanup
    raise e
.venv311\Lib\site-packages\_pytest\pathlib.py:388: in make_numbered_dir_with_cleanup
    p = make_numbered_dir(root, prefix, mode)
        ^^^^^^^^^^^^^^^^^^^^^^^^^^^^^^^^^^^^^
.venv311\Lib\site-packages\_pytest\pathlib.py:229: in make_numbered_dir
    max_existing = max(map(parse_num, find_suffixes(root, prefix)), default=-1)
                   ^^^^^^^^^^^^^^^^^^^^^^^^^^^^^^^^^^^^^^^^^^^^^^^^^^^^^^^^^^^^
.venv311\Lib\site-packages\_pytest\pathlib.py:188: in extract_suffixes
    for entry in iter:
.venv311\Lib\site-packages\_pytest\pathlib.py:176: in find_prefixed
    for x in os.scandir(root):
             ^^^^^^^^^^^^^^^^
E   PermissionError: [WinError 5] アクセスが拒否されました。: 'C:\\Users\\ynobe\\AppData\\Local\\Temp\\pytest-of-ynobe'
____________ ERROR at setup of test_service_uses_client_then_cache ____________
.venv311\Lib\site-packages\_pytest\runner.py:353: in from_call
    result: TResult | None = func()
                             ^^^^^^
.venv311\Lib\site-packages\_pytest\runner.py:245: in <lambda>
    lambda: runtest_hook(item=item, **kwds),
            ^^^^^^^^^^^^^^^^^^^^^^^^^^^^^^^
.venv311\Lib\site-packages\pluggy\_hooks.py:512: in __call__
    return self._hookexec(self.name, self._hookimpls.copy(), kwargs, firstresult)
           ^^^^^^^^^^^^^^^^^^^^^^^^^^^^^^^^^^^^^^^^^^^^^^^^^^^^^^^^^^^^^^^^^^^^^^
.venv311\Lib\site-packages\pluggy\_manager.py:120: in _hookexec
    return self._inner_hookexec(hook_name, methods, kwargs, firstresult)
           ^^^^^^^^^^^^^^^^^^^^^^^^^^^^^^^^^^^^^^^^^^^^^^^^^^^^^^^^^^^^^
.venv311\Lib\site-packages\_pytest\logging.py:843: in pytest_runtest_setup
    yield
.venv311\Lib\site-packages\_pytest\capture.py:895: in pytest_runtest_setup
    return (yield)
            ^^^^^
.venv311\Lib\site-packages\_pytest\runner.py:165: in pytest_runtest_setup
    item.session._setupstate.setup(item)
.venv311\Lib\site-packages\_pytest\runner.py:523: in setup
    col.setup()
.venv311\Lib\site-packages\_pytest\python.py:1723: in setup
    self._request._fillfixtures()
.venv311\Lib\site-packages\_pytest\fixtures.py:707: in _fillfixtures
    item.funcargs[argname] = self.getfixturevalue(argname)
                             ^^^^^^^^^^^^^^^^^^^^^^^^^^^^^
.venv311\Lib\site-packages\_pytest\fixtures.py:539: in getfixturevalue
    fixturedef = self._get_active_fixturedef(argname)
                 ^^^^^^^^^^^^^^^^^^^^^^^^^^^^^^^^^^^^
.venv311\Lib\site-packages\_pytest\fixtures.py:627: in _get_active_fixturedef
    fixturedef.execute(request=subrequest)
.venv311\Lib\site-packages\_pytest\fixtures.py:1110: in execute
    result: FixtureValue = ihook.pytest_fixture_setup(
.venv311\Lib\site-packages\pluggy\_hooks.py:512: in __call__
    return self._hookexec(self.name, self._hookimpls.copy(), kwargs, firstresult)
           ^^^^^^^^^^^^^^^^^^^^^^^^^^^^^^^^^^^^^^^^^^^^^^^^^^^^^^^^^^^^^^^^^^^^^^
.venv311\Lib\site-packages\pluggy\_manager.py:120: in _hookexec
    return self._inner_hookexec(hook_name, methods, kwargs, firstresult)
           ^^^^^^^^^^^^^^^^^^^^^^^^^^^^^^^^^^^^^^^^^^^^^^^^^^^^^^^^^^^^^
.venv311\Lib\site-packages\pluggy\_callers.py:53: in run_old_style_hookwrapper
    return result.get_result()
           ^^^^^^^^^^^^^^^^^^^
.venv311\Lib\site-packages\pluggy\_callers.py:38: in run_old_style_hookwrapper
    res = yield
          ^^^^^
.venv311\Lib\site-packages\_pytest\setuponly.py:36: in pytest_fixture_setup
    return (yield)
            ^^^^^
.venv311\Lib\site-packages\_pytest\fixtures.py:1202: in pytest_fixture_setup
    result = call_fixture_func(fixturefunc, request, kwargs)
             ^^^^^^^^^^^^^^^^^^^^^^^^^^^^^^^^^^^^^^^^^^^^^^^
.venv311\Lib\site-packages\_pytest\fixtures.py:908: in call_fixture_func
    fixture_result = next(generator)
                     ^^^^^^^^^^^^^^^
.venv311\Lib\site-packages\_pytest\tmpdir.py:289: in tmp_path
    path = _mk_tmp(request, tmp_path_factory)
           ^^^^^^^^^^^^^^^^^^^^^^^^^^^^^^^^^^
.venv311\Lib\site-packages\_pytest\tmpdir.py:276: in _mk_tmp
    return factory.mktemp(name, numbered=True)
           ^^^^^^^^^^^^^^^^^^^^^^^^^^^^^^^^^^^
.venv311\Lib\site-packages\_pytest\tmpdir.py:131: in mktemp
    basename = self._ensure_relative_to_basetemp(basename)
               ^^^^^^^^^^^^^^^^^^^^^^^^^^^^^^^^^^^^^^^^^^^
.venv311\Lib\site-packages\_pytest\tmpdir.py:112: in _ensure_relative_to_basetemp
    if (self.getbasetemp() / basename).resolve().parent != self.getbasetemp():
        ^^^^^^^^^^^^^^^^^^
.venv311\Lib\site-packages\_pytest\tmpdir.py:208: in getbasetemp
    basetemp = make_numbered_dir_with_cleanup(
.venv311\Lib\site-packages\_pytest\pathlib.py:407: in make_numbered_dir_with_cleanup
    raise e
.venv311\Lib\site-packages\_pytest\pathlib.py:388: in make_numbered_dir_with_cleanup
    p = make_numbered_dir(root, prefix, mode)
        ^^^^^^^^^^^^^^^^^^^^^^^^^^^^^^^^^^^^^
.venv311\Lib\site-packages\_pytest\pathlib.py:229: in make_numbered_dir
    max_existing = max(map(parse_num, find_suffixes(root, prefix)), default=-1)
                   ^^^^^^^^^^^^^^^^^^^^^^^^^^^^^^^^^^^^^^^^^^^^^^^^^^^^^^^^^^^^
.venv311\Lib\site-packages\_pytest\pathlib.py:188: in extract_suffixes
    for entry in iter:
.venv311\Lib\site-packages\_pytest\pathlib.py:176: in find_prefixed
    for x in os.scandir(root):
             ^^^^^^^^^^^^^^^^
E   PermissionError: [WinError 5] アクセスが拒否されました。: 'C:\\Users\\ynobe\\AppData\\Local\\Temp\\pytest-of-ynobe'
_______ ERROR at setup of test_service_falls_back_when_task_not_allowed _______
.venv311\Lib\site-packages\_pytest\runner.py:353: in from_call
    result: TResult | None = func()
                             ^^^^^^
.venv311\Lib\site-packages\_pytest\runner.py:245: in <lambda>
    lambda: runtest_hook(item=item, **kwds),
            ^^^^^^^^^^^^^^^^^^^^^^^^^^^^^^^
.venv311\Lib\site-packages\pluggy\_hooks.py:512: in __call__
    return self._hookexec(self.name, self._hookimpls.copy(), kwargs, firstresult)
           ^^^^^^^^^^^^^^^^^^^^^^^^^^^^^^^^^^^^^^^^^^^^^^^^^^^^^^^^^^^^^^^^^^^^^^
.venv311\Lib\site-packages\pluggy\_manager.py:120: in _hookexec
    return self._inner_hookexec(hook_name, methods, kwargs, firstresult)
           ^^^^^^^^^^^^^^^^^^^^^^^^^^^^^^^^^^^^^^^^^^^^^^^^^^^^^^^^^^^^^
.venv311\Lib\site-packages\_pytest\logging.py:843: in pytest_runtest_setup
    yield
.venv311\Lib\site-packages\_pytest\capture.py:895: in pytest_runtest_setup
    return (yield)
            ^^^^^
.venv311\Lib\site-packages\_pytest\runner.py:165: in pytest_runtest_setup
    item.session._setupstate.setup(item)
.venv311\Lib\site-packages\_pytest\runner.py:523: in setup
    col.setup()
.venv311\Lib\site-packages\_pytest\python.py:1723: in setup
    self._request._fillfixtures()
.venv311\Lib\site-packages\_pytest\fixtures.py:707: in _fillfixtures
    item.funcargs[argname] = self.getfixturevalue(argname)
                             ^^^^^^^^^^^^^^^^^^^^^^^^^^^^^
.venv311\Lib\site-packages\_pytest\fixtures.py:539: in getfixturevalue
    fixturedef = self._get_active_fixturedef(argname)
                 ^^^^^^^^^^^^^^^^^^^^^^^^^^^^^^^^^^^^
.venv311\Lib\site-packages\_pytest\fixtures.py:627: in _get_active_fixturedef
    fixturedef.execute(request=subrequest)
.venv311\Lib\site-packages\_pytest\fixtures.py:1110: in execute
    result: FixtureValue = ihook.pytest_fixture_setup(
.venv311\Lib\site-packages\pluggy\_hooks.py:512: in __call__
    return self._hookexec(self.name, self._hookimpls.copy(), kwargs, firstresult)
           ^^^^^^^^^^^^^^^^^^^^^^^^^^^^^^^^^^^^^^^^^^^^^^^^^^^^^^^^^^^^^^^^^^^^^^
.venv311\Lib\site-packages\pluggy\_manager.py:120: in _hookexec
    return self._inner_hookexec(hook_name, methods, kwargs, firstresult)
           ^^^^^^^^^^^^^^^^^^^^^^^^^^^^^^^^^^^^^^^^^^^^^^^^^^^^^^^^^^^^^
.venv311\Lib\site-packages\pluggy\_callers.py:53: in run_old_style_hookwrapper
    return result.get_result()
           ^^^^^^^^^^^^^^^^^^^
.venv311\Lib\site-packages\pluggy\_callers.py:38: in run_old_style_hookwrapper
    res = yield
          ^^^^^
.venv311\Lib\site-packages\_pytest\setuponly.py:36: in pytest_fixture_setup
    return (yield)
            ^^^^^
.venv311\Lib\site-packages\_pytest\fixtures.py:1202: in pytest_fixture_setup
    result = call_fixture_func(fixturefunc, request, kwargs)
             ^^^^^^^^^^^^^^^^^^^^^^^^^^^^^^^^^^^^^^^^^^^^^^^
.venv311\Lib\site-packages\_pytest\fixtures.py:908: in call_fixture_func
    fixture_result = next(generator)
                     ^^^^^^^^^^^^^^^
.venv311\Lib\site-packages\_pytest\tmpdir.py:289: in tmp_path
    path = _mk_tmp(request, tmp_path_factory)
           ^^^^^^^^^^^^^^^^^^^^^^^^^^^^^^^^^^
.venv311\Lib\site-packages\_pytest\tmpdir.py:276: in _mk_tmp
    return factory.mktemp(name, numbered=True)
           ^^^^^^^^^^^^^^^^^^^^^^^^^^^^^^^^^^^
.venv311\Lib\site-packages\_pytest\tmpdir.py:131: in mktemp
    basename = self._ensure_relative_to_basetemp(basename)
               ^^^^^^^^^^^^^^^^^^^^^^^^^^^^^^^^^^^^^^^^^^^
.venv311\Lib\site-packages\_pytest\tmpdir.py:112: in _ensure_relative_to_basetemp
    if (self.getbasetemp() / basename).resolve().parent != self.getbasetemp():
        ^^^^^^^^^^^^^^^^^^
.venv311\Lib\site-packages\_pytest\tmpdir.py:208: in getbasetemp
    basetemp = make_numbered_dir_with_cleanup(
.venv311\Lib\site-packages\_pytest\pathlib.py:407: in make_numbered_dir_with_cleanup
    raise e
.venv311\Lib\site-packages\_pytest\pathlib.py:388: in make_numbered_dir_with_cleanup
    p = make_numbered_dir(root, prefix, mode)
        ^^^^^^^^^^^^^^^^^^^^^^^^^^^^^^^^^^^^^
.venv311\Lib\site-packages\_pytest\pathlib.py:229: in make_numbered_dir
    max_existing = max(map(parse_num, find_suffixes(root, prefix)), default=-1)
                   ^^^^^^^^^^^^^^^^^^^^^^^^^^^^^^^^^^^^^^^^^^^^^^^^^^^^^^^^^^^^
.venv311\Lib\site-packages\_pytest\pathlib.py:188: in extract_suffixes
    for entry in iter:
.venv311\Lib\site-packages\_pytest\pathlib.py:176: in find_prefixed
    for x in os.scandir(root):
             ^^^^^^^^^^^^^^^^
E   PermissionError: [WinError 5] アクセスが拒否されました。: 'C:\\Users\\ynobe\\AppData\\Local\\Temp\\pytest-of-ynobe'
_ ERROR at setup of test_service_falls_back_to_local_summary_on_client_error_by_default _
.venv311\Lib\site-packages\_pytest\runner.py:353: in from_call
    result: TResult | None = func()
                             ^^^^^^
.venv311\Lib\site-packages\_pytest\runner.py:245: in <lambda>
    lambda: runtest_hook(item=item, **kwds),
            ^^^^^^^^^^^^^^^^^^^^^^^^^^^^^^^
.venv311\Lib\site-packages\pluggy\_hooks.py:512: in __call__
    return self._hookexec(self.name, self._hookimpls.copy(), kwargs, firstresult)
           ^^^^^^^^^^^^^^^^^^^^^^^^^^^^^^^^^^^^^^^^^^^^^^^^^^^^^^^^^^^^^^^^^^^^^^
.venv311\Lib\site-packages\pluggy\_manager.py:120: in _hookexec
    return self._inner_hookexec(hook_name, methods, kwargs, firstresult)
           ^^^^^^^^^^^^^^^^^^^^^^^^^^^^^^^^^^^^^^^^^^^^^^^^^^^^^^^^^^^^^
.venv311\Lib\site-packages\_pytest\logging.py:843: in pytest_runtest_setup
    yield
.venv311\Lib\site-packages\_pytest\capture.py:895: in pytest_runtest_setup
    return (yield)
            ^^^^^
.venv311\Lib\site-packages\_pytest\runner.py:165: in pytest_runtest_setup
    item.session._setupstate.setup(item)
.venv311\Lib\site-packages\_pytest\runner.py:523: in setup
    col.setup()
.venv311\Lib\site-packages\_pytest\python.py:1723: in setup
    self._request._fillfixtures()
.venv311\Lib\site-packages\_pytest\fixtures.py:707: in _fillfixtures
    item.funcargs[argname] = self.getfixturevalue(argname)
                             ^^^^^^^^^^^^^^^^^^^^^^^^^^^^^
.venv311\Lib\site-packages\_pytest\fixtures.py:539: in getfixturevalue
    fixturedef = self._get_active_fixturedef(argname)
                 ^^^^^^^^^^^^^^^^^^^^^^^^^^^^^^^^^^^^
.venv311\Lib\site-packages\_pytest\fixtures.py:627: in _get_active_fixturedef
    fixturedef.execute(request=subrequest)
.venv311\Lib\site-packages\_pytest\fixtures.py:1110: in execute
    result: FixtureValue = ihook.pytest_fixture_setup(
.venv311\Lib\site-packages\pluggy\_hooks.py:512: in __call__
    return self._hookexec(self.name, self._hookimpls.copy(), kwargs, firstresult)
           ^^^^^^^^^^^^^^^^^^^^^^^^^^^^^^^^^^^^^^^^^^^^^^^^^^^^^^^^^^^^^^^^^^^^^^
.venv311\Lib\site-packages\pluggy\_manager.py:120: in _hookexec
    return self._inner_hookexec(hook_name, methods, kwargs, firstresult)
           ^^^^^^^^^^^^^^^^^^^^^^^^^^^^^^^^^^^^^^^^^^^^^^^^^^^^^^^^^^^^^
.venv311\Lib\site-packages\pluggy\_callers.py:53: in run_old_style_hookwrapper
    return result.get_result()
           ^^^^^^^^^^^^^^^^^^^
.venv311\Lib\site-packages\pluggy\_callers.py:38: in run_old_style_hookwrapper
    res = yield
          ^^^^^
.venv311\Lib\site-packages\_pytest\setuponly.py:36: in pytest_fixture_setup
    return (yield)
            ^^^^^
.venv311\Lib\site-packages\_pytest\fixtures.py:1202: in pytest_fixture_setup
    result = call_fixture_func(fixturefunc, request, kwargs)
             ^^^^^^^^^^^^^^^^^^^^^^^^^^^^^^^^^^^^^^^^^^^^^^^
.venv311\Lib\site-packages\_pytest\fixtures.py:908: in call_fixture_func
    fixture_result = next(generator)
                     ^^^^^^^^^^^^^^^
.venv311\Lib\site-packages\_pytest\tmpdir.py:289: in tmp_path
    path = _mk_tmp(request, tmp_path_factory)
           ^^^^^^^^^^^^^^^^^^^^^^^^^^^^^^^^^^
.venv311\Lib\site-packages\_pytest\tmpdir.py:276: in _mk_tmp
    return factory.mktemp(name, numbered=True)
           ^^^^^^^^^^^^^^^^^^^^^^^^^^^^^^^^^^^
.venv311\Lib\site-packages\_pytest\tmpdir.py:131: in mktemp
    basename = self._ensure_relative_to_basetemp(basename)
               ^^^^^^^^^^^^^^^^^^^^^^^^^^^^^^^^^^^^^^^^^^^
.venv311\Lib\site-packages\_pytest\tmpdir.py:112: in _ensure_relative_to_basetemp
    if (self.getbasetemp() / basename).resolve().parent != self.getbasetemp():
        ^^^^^^^^^^^^^^^^^^
.venv311\Lib\site-packages\_pytest\tmpdir.py:208: in getbasetemp
    basetemp = make_numbered_dir_with_cleanup(
.venv311\Lib\site-packages\_pytest\pathlib.py:407: in make_numbered_dir_with_cleanup
    raise e
.venv311\Lib\site-packages\_pytest\pathlib.py:388: in make_numbered_dir_with_cleanup
    p = make_numbered_dir(root, prefix, mode)
        ^^^^^^^^^^^^^^^^^^^^^^^^^^^^^^^^^^^^^
.venv311\Lib\site-packages\_pytest\pathlib.py:229: in make_numbered_dir
    max_existing = max(map(parse_num, find_suffixes(root, prefix)), default=-1)
                   ^^^^^^^^^^^^^^^^^^^^^^^^^^^^^^^^^^^^^^^^^^^^^^^^^^^^^^^^^^^^
.venv311\Lib\site-packages\_pytest\pathlib.py:188: in extract_suffixes
    for entry in iter:
.venv311\Lib\site-packages\_pytest\pathlib.py:176: in find_prefixed
    for x in os.scandir(root):
             ^^^^^^^^^^^^^^^^
E   PermissionError: [WinError 5] アクセスが拒否されました。: 'C:\\Users\\ynobe\\AppData\\Local\\Temp\\pytest-of-ynobe'
__________ ERROR at setup of test_service_falls_back_on_daily_limit ___________
.venv311\Lib\site-packages\_pytest\runner.py:353: in from_call
    result: TResult | None = func()
                             ^^^^^^
.venv311\Lib\site-packages\_pytest\runner.py:245: in <lambda>
    lambda: runtest_hook(item=item, **kwds),
            ^^^^^^^^^^^^^^^^^^^^^^^^^^^^^^^
.venv311\Lib\site-packages\pluggy\_hooks.py:512: in __call__
    return self._hookexec(self.name, self._hookimpls.copy(), kwargs, firstresult)
           ^^^^^^^^^^^^^^^^^^^^^^^^^^^^^^^^^^^^^^^^^^^^^^^^^^^^^^^^^^^^^^^^^^^^^^
.venv311\Lib\site-packages\pluggy\_manager.py:120: in _hookexec
    return self._inner_hookexec(hook_name, methods, kwargs, firstresult)
           ^^^^^^^^^^^^^^^^^^^^^^^^^^^^^^^^^^^^^^^^^^^^^^^^^^^^^^^^^^^^^
.venv311\Lib\site-packages\_pytest\logging.py:843: in pytest_runtest_setup
    yield
.venv311\Lib\site-packages\_pytest\capture.py:895: in pytest_runtest_setup
    return (yield)
            ^^^^^
.venv311\Lib\site-packages\_pytest\runner.py:165: in pytest_runtest_setup
    item.session._setupstate.setup(item)
.venv311\Lib\site-packages\_pytest\runner.py:523: in setup
    col.setup()
.venv311\Lib\site-packages\_pytest\python.py:1723: in setup
    self._request._fillfixtures()
.venv311\Lib\site-packages\_pytest\fixtures.py:707: in _fillfixtures
    item.funcargs[argname] = self.getfixturevalue(argname)
                             ^^^^^^^^^^^^^^^^^^^^^^^^^^^^^
.venv311\Lib\site-packages\_pytest\fixtures.py:539: in getfixturevalue
    fixturedef = self._get_active_fixturedef(argname)
                 ^^^^^^^^^^^^^^^^^^^^^^^^^^^^^^^^^^^^
.venv311\Lib\site-packages\_pytest\fixtures.py:627: in _get_active_fixturedef
    fixturedef.execute(request=subrequest)
.venv311\Lib\site-packages\_pytest\fixtures.py:1110: in execute
    result: FixtureValue = ihook.pytest_fixture_setup(
.venv311\Lib\site-packages\pluggy\_hooks.py:512: in __call__
    return self._hookexec(self.name, self._hookimpls.copy(), kwargs, firstresult)
           ^^^^^^^^^^^^^^^^^^^^^^^^^^^^^^^^^^^^^^^^^^^^^^^^^^^^^^^^^^^^^^^^^^^^^^
.venv311\Lib\site-packages\pluggy\_manager.py:120: in _hookexec
    return self._inner_hookexec(hook_name, methods, kwargs, firstresult)
           ^^^^^^^^^^^^^^^^^^^^^^^^^^^^^^^^^^^^^^^^^^^^^^^^^^^^^^^^^^^^^
.venv311\Lib\site-packages\pluggy\_callers.py:53: in run_old_style_hookwrapper
    return result.get_result()
           ^^^^^^^^^^^^^^^^^^^
.venv311\Lib\site-packages\pluggy\_callers.py:38: in run_old_style_hookwrapper
    res = yield
          ^^^^^
.venv311\Lib\site-packages\_pytest\setuponly.py:36: in pytest_fixture_setup
    return (yield)
            ^^^^^
.venv311\Lib\site-packages\_pytest\fixtures.py:1202: in pytest_fixture_setup
    result = call_fixture_func(fixturefunc, request, kwargs)
             ^^^^^^^^^^^^^^^^^^^^^^^^^^^^^^^^^^^^^^^^^^^^^^^
.venv311\Lib\site-packages\_pytest\fixtures.py:908: in call_fixture_func
    fixture_result = next(generator)
                     ^^^^^^^^^^^^^^^
.venv311\Lib\site-packages\_pytest\tmpdir.py:289: in tmp_path
    path = _mk_tmp(request, tmp_path_factory)
           ^^^^^^^^^^^^^^^^^^^^^^^^^^^^^^^^^^
.venv311\Lib\site-packages\_pytest\tmpdir.py:276: in _mk_tmp
    return factory.mktemp(name, numbered=True)
           ^^^^^^^^^^^^^^^^^^^^^^^^^^^^^^^^^^^
.venv311\Lib\site-packages\_pytest\tmpdir.py:131: in mktemp
    basename = self._ensure_relative_to_basetemp(basename)
               ^^^^^^^^^^^^^^^^^^^^^^^^^^^^^^^^^^^^^^^^^^^
.venv311\Lib\site-packages\_pytest\tmpdir.py:112: in _ensure_relative_to_basetemp
    if (self.getbasetemp() / basename).resolve().parent != self.getbasetemp():
        ^^^^^^^^^^^^^^^^^^
.venv311\Lib\site-packages\_pytest\tmpdir.py:208: in getbasetemp
    basetemp = make_numbered_dir_with_cleanup(
.venv311\Lib\site-packages\_pytest\pathlib.py:407: in make_numbered_dir_with_cleanup
    raise e
.venv311\Lib\site-packages\_pytest\pathlib.py:388: in make_numbered_dir_with_cleanup
    p = make_numbered_dir(root, prefix, mode)
        ^^^^^^^^^^^^^^^^^^^^^^^^^^^^^^^^^^^^^
.venv311\Lib\site-packages\_pytest\pathlib.py:229: in make_numbered_dir
    max_existing = max(map(parse_num, find_suffixes(root, prefix)), default=-1)
                   ^^^^^^^^^^^^^^^^^^^^^^^^^^^^^^^^^^^^^^^^^^^^^^^^^^^^^^^^^^^^
.venv311\Lib\site-packages\_pytest\pathlib.py:188: in extract_suffixes
    for entry in iter:
.venv311\Lib\site-packages\_pytest\pathlib.py:176: in find_prefixed
    for x in os.scandir(root):
             ^^^^^^^^^^^^^^^^
E   PermissionError: [WinError 5] アクセスが拒否されました。: 'C:\\Users\\ynobe\\AppData\\Local\\Temp\\pytest-of-ynobe'
___ ERROR at setup of test_prune_local_docs_keeps_recent_filings_per_ticker ___
.venv311\Lib\site-packages\_pytest\runner.py:353: in from_call
    result: TResult | None = func()
                             ^^^^^^
.venv311\Lib\site-packages\_pytest\runner.py:245: in <lambda>
    lambda: runtest_hook(item=item, **kwds),
            ^^^^^^^^^^^^^^^^^^^^^^^^^^^^^^^
.venv311\Lib\site-packages\pluggy\_hooks.py:512: in __call__
    return self._hookexec(self.name, self._hookimpls.copy(), kwargs, firstresult)
           ^^^^^^^^^^^^^^^^^^^^^^^^^^^^^^^^^^^^^^^^^^^^^^^^^^^^^^^^^^^^^^^^^^^^^^
.venv311\Lib\site-packages\pluggy\_manager.py:120: in _hookexec
    return self._inner_hookexec(hook_name, methods, kwargs, firstresult)
           ^^^^^^^^^^^^^^^^^^^^^^^^^^^^^^^^^^^^^^^^^^^^^^^^^^^^^^^^^^^^^
.venv311\Lib\site-packages\_pytest\logging.py:843: in pytest_runtest_setup
    yield
.venv311\Lib\site-packages\_pytest\capture.py:895: in pytest_runtest_setup
    return (yield)
            ^^^^^
.venv311\Lib\site-packages\_pytest\runner.py:165: in pytest_runtest_setup
    item.session._setupstate.setup(item)
.venv311\Lib\site-packages\_pytest\runner.py:523: in setup
    col.setup()
.venv311\Lib\site-packages\_pytest\python.py:1723: in setup
    self._request._fillfixtures()
.venv311\Lib\site-packages\_pytest\fixtures.py:707: in _fillfixtures
    item.funcargs[argname] = self.getfixturevalue(argname)
                             ^^^^^^^^^^^^^^^^^^^^^^^^^^^^^
.venv311\Lib\site-packages\_pytest\fixtures.py:539: in getfixturevalue
    fixturedef = self._get_active_fixturedef(argname)
                 ^^^^^^^^^^^^^^^^^^^^^^^^^^^^^^^^^^^^
.venv311\Lib\site-packages\_pytest\fixtures.py:627: in _get_active_fixturedef
    fixturedef.execute(request=subrequest)
.venv311\Lib\site-packages\_pytest\fixtures.py:1110: in execute
    result: FixtureValue = ihook.pytest_fixture_setup(
.venv311\Lib\site-packages\pluggy\_hooks.py:512: in __call__
    return self._hookexec(self.name, self._hookimpls.copy(), kwargs, firstresult)
           ^^^^^^^^^^^^^^^^^^^^^^^^^^^^^^^^^^^^^^^^^^^^^^^^^^^^^^^^^^^^^^^^^^^^^^
.venv311\Lib\site-packages\pluggy\_manager.py:120: in _hookexec
    return self._inner_hookexec(hook_name, methods, kwargs, firstresult)
           ^^^^^^^^^^^^^^^^^^^^^^^^^^^^^^^^^^^^^^^^^^^^^^^^^^^^^^^^^^^^^
.venv311\Lib\site-packages\pluggy\_callers.py:53: in run_old_style_hookwrapper
    return result.get_result()
           ^^^^^^^^^^^^^^^^^^^
.venv311\Lib\site-packages\pluggy\_callers.py:38: in run_old_style_hookwrapper
    res = yield
          ^^^^^
.venv311\Lib\site-packages\_pytest\setuponly.py:36: in pytest_fixture_setup
    return (yield)
            ^^^^^
.venv311\Lib\site-packages\_pytest\fixtures.py:1202: in pytest_fixture_setup
    result = call_fixture_func(fixturefunc, request, kwargs)
             ^^^^^^^^^^^^^^^^^^^^^^^^^^^^^^^^^^^^^^^^^^^^^^^
.venv311\Lib\site-packages\_pytest\fixtures.py:908: in call_fixture_func
    fixture_result = next(generator)
                     ^^^^^^^^^^^^^^^
.venv311\Lib\site-packages\_pytest\tmpdir.py:289: in tmp_path
    path = _mk_tmp(request, tmp_path_factory)
           ^^^^^^^^^^^^^^^^^^^^^^^^^^^^^^^^^^
.venv311\Lib\site-packages\_pytest\tmpdir.py:276: in _mk_tmp
    return factory.mktemp(name, numbered=True)
           ^^^^^^^^^^^^^^^^^^^^^^^^^^^^^^^^^^^
.venv311\Lib\site-packages\_pytest\tmpdir.py:131: in mktemp
    basename = self._ensure_relative_to_basetemp(basename)
               ^^^^^^^^^^^^^^^^^^^^^^^^^^^^^^^^^^^^^^^^^^^
.venv311\Lib\site-packages\_pytest\tmpdir.py:112: in _ensure_relative_to_basetemp
    if (self.getbasetemp() / basename).resolve().parent != self.getbasetemp():
        ^^^^^^^^^^^^^^^^^^
.venv311\Lib\site-packages\_pytest\tmpdir.py:208: in getbasetemp
    basetemp = make_numbered_dir_with_cleanup(
.venv311\Lib\site-packages\_pytest\pathlib.py:407: in make_numbered_dir_with_cleanup
    raise e
.venv311\Lib\site-packages\_pytest\pathlib.py:388: in make_numbered_dir_with_cleanup
    p = make_numbered_dir(root, prefix, mode)
        ^^^^^^^^^^^^^^^^^^^^^^^^^^^^^^^^^^^^^
.venv311\Lib\site-packages\_pytest\pathlib.py:229: in make_numbered_dir
    max_existing = max(map(parse_num, find_suffixes(root, prefix)), default=-1)
                   ^^^^^^^^^^^^^^^^^^^^^^^^^^^^^^^^^^^^^^^^^^^^^^^^^^^^^^^^^^^^
.venv311\Lib\site-packages\_pytest\pathlib.py:188: in extract_suffixes
    for entry in iter:
.venv311\Lib\site-packages\_pytest\pathlib.py:176: in find_prefixed
    for x in os.scandir(root):
             ^^^^^^^^^^^^^^^^
E   PermissionError: [WinError 5] アクセスが拒否されました。: 'C:\\Users\\ynobe\\AppData\\Local\\Temp\\pytest-of-ynobe'
_______ ERROR at setup of test_prune_local_docs_noop_when_within_limit ________
.venv311\Lib\site-packages\_pytest\runner.py:353: in from_call
    result: TResult | None = func()
                             ^^^^^^
.venv311\Lib\site-packages\_pytest\runner.py:245: in <lambda>
    lambda: runtest_hook(item=item, **kwds),
            ^^^^^^^^^^^^^^^^^^^^^^^^^^^^^^^
.venv311\Lib\site-packages\pluggy\_hooks.py:512: in __call__
    return self._hookexec(self.name, self._hookimpls.copy(), kwargs, firstresult)
           ^^^^^^^^^^^^^^^^^^^^^^^^^^^^^^^^^^^^^^^^^^^^^^^^^^^^^^^^^^^^^^^^^^^^^^
.venv311\Lib\site-packages\pluggy\_manager.py:120: in _hookexec
    return self._inner_hookexec(hook_name, methods, kwargs, firstresult)
           ^^^^^^^^^^^^^^^^^^^^^^^^^^^^^^^^^^^^^^^^^^^^^^^^^^^^^^^^^^^^^
.venv311\Lib\site-packages\_pytest\logging.py:843: in pytest_runtest_setup
    yield
.venv311\Lib\site-packages\_pytest\capture.py:895: in pytest_runtest_setup
    return (yield)
            ^^^^^
.venv311\Lib\site-packages\_pytest\runner.py:165: in pytest_runtest_setup
    item.session._setupstate.setup(item)
.venv311\Lib\site-packages\_pytest\runner.py:523: in setup
    col.setup()
.venv311\Lib\site-packages\_pytest\python.py:1723: in setup
    self._request._fillfixtures()
.venv311\Lib\site-packages\_pytest\fixtures.py:707: in _fillfixtures
    item.funcargs[argname] = self.getfixturevalue(argname)
                             ^^^^^^^^^^^^^^^^^^^^^^^^^^^^^
.venv311\Lib\site-packages\_pytest\fixtures.py:539: in getfixturevalue
    fixturedef = self._get_active_fixturedef(argname)
                 ^^^^^^^^^^^^^^^^^^^^^^^^^^^^^^^^^^^^
.venv311\Lib\site-packages\_pytest\fixtures.py:627: in _get_active_fixturedef
    fixturedef.execute(request=subrequest)
.venv311\Lib\site-packages\_pytest\fixtures.py:1110: in execute
    result: FixtureValue = ihook.pytest_fixture_setup(
.venv311\Lib\site-packages\pluggy\_hooks.py:512: in __call__
    return self._hookexec(self.name, self._hookimpls.copy(), kwargs, firstresult)
           ^^^^^^^^^^^^^^^^^^^^^^^^^^^^^^^^^^^^^^^^^^^^^^^^^^^^^^^^^^^^^^^^^^^^^^
.venv311\Lib\site-packages\pluggy\_manager.py:120: in _hookexec
    return self._inner_hookexec(hook_name, methods, kwargs, firstresult)
           ^^^^^^^^^^^^^^^^^^^^^^^^^^^^^^^^^^^^^^^^^^^^^^^^^^^^^^^^^^^^^
.venv311\Lib\site-packages\pluggy\_callers.py:53: in run_old_style_hookwrapper
    return result.get_result()
           ^^^^^^^^^^^^^^^^^^^
.venv311\Lib\site-packages\pluggy\_callers.py:38: in run_old_style_hookwrapper
    res = yield
          ^^^^^
.venv311\Lib\site-packages\_pytest\setuponly.py:36: in pytest_fixture_setup
    return (yield)
            ^^^^^
.venv311\Lib\site-packages\_pytest\fixtures.py:1202: in pytest_fixture_setup
    result = call_fixture_func(fixturefunc, request, kwargs)
             ^^^^^^^^^^^^^^^^^^^^^^^^^^^^^^^^^^^^^^^^^^^^^^^
.venv311\Lib\site-packages\_pytest\fixtures.py:908: in call_fixture_func
    fixture_result = next(generator)
                     ^^^^^^^^^^^^^^^
.venv311\Lib\site-packages\_pytest\tmpdir.py:289: in tmp_path
    path = _mk_tmp(request, tmp_path_factory)
           ^^^^^^^^^^^^^^^^^^^^^^^^^^^^^^^^^^
.venv311\Lib\site-packages\_pytest\tmpdir.py:276: in _mk_tmp
    return factory.mktemp(name, numbered=True)
           ^^^^^^^^^^^^^^^^^^^^^^^^^^^^^^^^^^^
.venv311\Lib\site-packages\_pytest\tmpdir.py:131: in mktemp
    basename = self._ensure_relative_to_basetemp(basename)
               ^^^^^^^^^^^^^^^^^^^^^^^^^^^^^^^^^^^^^^^^^^^
.venv311\Lib\site-packages\_pytest\tmpdir.py:112: in _ensure_relative_to_basetemp
    if (self.getbasetemp() / basename).resolve().parent != self.getbasetemp():
        ^^^^^^^^^^^^^^^^^^
.venv311\Lib\site-packages\_pytest\tmpdir.py:208: in getbasetemp
    basetemp = make_numbered_dir_with_cleanup(
.venv311\Lib\site-packages\_pytest\pathlib.py:407: in make_numbered_dir_with_cleanup
    raise e
.venv311\Lib\site-packages\_pytest\pathlib.py:388: in make_numbered_dir_with_cleanup
    p = make_numbered_dir(root, prefix, mode)
        ^^^^^^^^^^^^^^^^^^^^^^^^^^^^^^^^^^^^^
.venv311\Lib\site-packages\_pytest\pathlib.py:229: in make_numbered_dir
    max_existing = max(map(parse_num, find_suffixes(root, prefix)), default=-1)
                   ^^^^^^^^^^^^^^^^^^^^^^^^^^^^^^^^^^^^^^^^^^^^^^^^^^^^^^^^^^^^
.venv311\Lib\site-packages\_pytest\pathlib.py:188: in extract_suffixes
    for entry in iter:
.venv311\Lib\site-packages\_pytest\pathlib.py:176: in find_prefixed
    for x in os.scandir(root):
             ^^^^^^^^^^^^^^^^
E   PermissionError: [WinError 5] アクセスが拒否されました。: 'C:\\Users\\ynobe\\AppData\\Local\\Temp\\pytest-of-ynobe'
____________ ERROR at setup of test_prune_local_docs_missing_root _____________
.venv311\Lib\site-packages\_pytest\runner.py:353: in from_call
    result: TResult | None = func()
                             ^^^^^^
.venv311\Lib\site-packages\_pytest\runner.py:245: in <lambda>
    lambda: runtest_hook(item=item, **kwds),
            ^^^^^^^^^^^^^^^^^^^^^^^^^^^^^^^
.venv311\Lib\site-packages\pluggy\_hooks.py:512: in __call__
    return self._hookexec(self.name, self._hookimpls.copy(), kwargs, firstresult)
           ^^^^^^^^^^^^^^^^^^^^^^^^^^^^^^^^^^^^^^^^^^^^^^^^^^^^^^^^^^^^^^^^^^^^^^
.venv311\Lib\site-packages\pluggy\_manager.py:120: in _hookexec
    return self._inner_hookexec(hook_name, methods, kwargs, firstresult)
           ^^^^^^^^^^^^^^^^^^^^^^^^^^^^^^^^^^^^^^^^^^^^^^^^^^^^^^^^^^^^^
.venv311\Lib\site-packages\_pytest\logging.py:843: in pytest_runtest_setup
    yield
.venv311\Lib\site-packages\_pytest\capture.py:895: in pytest_runtest_setup
    return (yield)
            ^^^^^
.venv311\Lib\site-packages\_pytest\runner.py:165: in pytest_runtest_setup
    item.session._setupstate.setup(item)
.venv311\Lib\site-packages\_pytest\runner.py:523: in setup
    col.setup()
.venv311\Lib\site-packages\_pytest\python.py:1723: in setup
    self._request._fillfixtures()
.venv311\Lib\site-packages\_pytest\fixtures.py:707: in _fillfixtures
    item.funcargs[argname] = self.getfixturevalue(argname)
                             ^^^^^^^^^^^^^^^^^^^^^^^^^^^^^
.venv311\Lib\site-packages\_pytest\fixtures.py:539: in getfixturevalue
    fixturedef = self._get_active_fixturedef(argname)
                 ^^^^^^^^^^^^^^^^^^^^^^^^^^^^^^^^^^^^
.venv311\Lib\site-packages\_pytest\fixtures.py:627: in _get_active_fixturedef
    fixturedef.execute(request=subrequest)
.venv311\Lib\site-packages\_pytest\fixtures.py:1110: in execute
    result: FixtureValue = ihook.pytest_fixture_setup(
.venv311\Lib\site-packages\pluggy\_hooks.py:512: in __call__
    return self._hookexec(self.name, self._hookimpls.copy(), kwargs, firstresult)
           ^^^^^^^^^^^^^^^^^^^^^^^^^^^^^^^^^^^^^^^^^^^^^^^^^^^^^^^^^^^^^^^^^^^^^^
.venv311\Lib\site-packages\pluggy\_manager.py:120: in _hookexec
    return self._inner_hookexec(hook_name, methods, kwargs, firstresult)
           ^^^^^^^^^^^^^^^^^^^^^^^^^^^^^^^^^^^^^^^^^^^^^^^^^^^^^^^^^^^^^
.venv311\Lib\site-packages\pluggy\_callers.py:53: in run_old_style_hookwrapper
    return result.get_result()
           ^^^^^^^^^^^^^^^^^^^
.venv311\Lib\site-packages\pluggy\_callers.py:38: in run_old_style_hookwrapper
    res = yield
          ^^^^^
.venv311\Lib\site-packages\_pytest\setuponly.py:36: in pytest_fixture_setup
    return (yield)
            ^^^^^
.venv311\Lib\site-packages\_pytest\fixtures.py:1202: in pytest_fixture_setup
    result = call_fixture_func(fixturefunc, request, kwargs)
             ^^^^^^^^^^^^^^^^^^^^^^^^^^^^^^^^^^^^^^^^^^^^^^^
.venv311\Lib\site-packages\_pytest\fixtures.py:908: in call_fixture_func
    fixture_result = next(generator)
                     ^^^^^^^^^^^^^^^
.venv311\Lib\site-packages\_pytest\tmpdir.py:289: in tmp_path
    path = _mk_tmp(request, tmp_path_factory)
           ^^^^^^^^^^^^^^^^^^^^^^^^^^^^^^^^^^
.venv311\Lib\site-packages\_pytest\tmpdir.py:276: in _mk_tmp
    return factory.mktemp(name, numbered=True)
           ^^^^^^^^^^^^^^^^^^^^^^^^^^^^^^^^^^^
.venv311\Lib\site-packages\_pytest\tmpdir.py:131: in mktemp
    basename = self._ensure_relative_to_basetemp(basename)
               ^^^^^^^^^^^^^^^^^^^^^^^^^^^^^^^^^^^^^^^^^^^
.venv311\Lib\site-packages\_pytest\tmpdir.py:112: in _ensure_relative_to_basetemp
    if (self.getbasetemp() / basename).resolve().parent != self.getbasetemp():
        ^^^^^^^^^^^^^^^^^^
.venv311\Lib\site-packages\_pytest\tmpdir.py:208: in getbasetemp
    basetemp = make_numbered_dir_with_cleanup(
.venv311\Lib\site-packages\_pytest\pathlib.py:407: in make_numbered_dir_with_cleanup
    raise e
.venv311\Lib\site-packages\_pytest\pathlib.py:388: in make_numbered_dir_with_cleanup
    p = make_numbered_dir(root, prefix, mode)
        ^^^^^^^^^^^^^^^^^^^^^^^^^^^^^^^^^^^^^
.venv311\Lib\site-packages\_pytest\pathlib.py:229: in make_numbered_dir
    max_existing = max(map(parse_num, find_suffixes(root, prefix)), default=-1)
                   ^^^^^^^^^^^^^^^^^^^^^^^^^^^^^^^^^^^^^^^^^^^^^^^^^^^^^^^^^^^^
.venv311\Lib\site-packages\_pytest\pathlib.py:188: in extract_suffixes
    for entry in iter:
.venv311\Lib\site-packages\_pytest\pathlib.py:176: in find_prefixed
    for x in os.scandir(root):
             ^^^^^^^^^^^^^^^^
E   PermissionError: [WinError 5] アクセスが拒否されました。: 'C:\\Users\\ynobe\\AppData\\Local\\Temp\\pytest-of-ynobe'
__________ ERROR at setup of test_prune_http_cache_trims_and_reports __________
.venv311\Lib\site-packages\_pytest\runner.py:353: in from_call
    result: TResult | None = func()
                             ^^^^^^
.venv311\Lib\site-packages\_pytest\runner.py:245: in <lambda>
    lambda: runtest_hook(item=item, **kwds),
            ^^^^^^^^^^^^^^^^^^^^^^^^^^^^^^^
.venv311\Lib\site-packages\pluggy\_hooks.py:512: in __call__
    return self._hookexec(self.name, self._hookimpls.copy(), kwargs, firstresult)
           ^^^^^^^^^^^^^^^^^^^^^^^^^^^^^^^^^^^^^^^^^^^^^^^^^^^^^^^^^^^^^^^^^^^^^^
.venv311\Lib\site-packages\pluggy\_manager.py:120: in _hookexec
    return self._inner_hookexec(hook_name, methods, kwargs, firstresult)
           ^^^^^^^^^^^^^^^^^^^^^^^^^^^^^^^^^^^^^^^^^^^^^^^^^^^^^^^^^^^^^
.venv311\Lib\site-packages\_pytest\logging.py:843: in pytest_runtest_setup
    yield
.venv311\Lib\site-packages\_pytest\capture.py:895: in pytest_runtest_setup
    return (yield)
            ^^^^^
.venv311\Lib\site-packages\_pytest\runner.py:165: in pytest_runtest_setup
    item.session._setupstate.setup(item)
.venv311\Lib\site-packages\_pytest\runner.py:523: in setup
    col.setup()
.venv311\Lib\site-packages\_pytest\python.py:1723: in setup
    self._request._fillfixtures()
.venv311\Lib\site-packages\_pytest\fixtures.py:707: in _fillfixtures
    item.funcargs[argname] = self.getfixturevalue(argname)
                             ^^^^^^^^^^^^^^^^^^^^^^^^^^^^^
.venv311\Lib\site-packages\_pytest\fixtures.py:539: in getfixturevalue
    fixturedef = self._get_active_fixturedef(argname)
                 ^^^^^^^^^^^^^^^^^^^^^^^^^^^^^^^^^^^^
.venv311\Lib\site-packages\_pytest\fixtures.py:627: in _get_active_fixturedef
    fixturedef.execute(request=subrequest)
.venv311\Lib\site-packages\_pytest\fixtures.py:1110: in execute
    result: FixtureValue = ihook.pytest_fixture_setup(
.venv311\Lib\site-packages\pluggy\_hooks.py:512: in __call__
    return self._hookexec(self.name, self._hookimpls.copy(), kwargs, firstresult)
           ^^^^^^^^^^^^^^^^^^^^^^^^^^^^^^^^^^^^^^^^^^^^^^^^^^^^^^^^^^^^^^^^^^^^^^
.venv311\Lib\site-packages\pluggy\_manager.py:120: in _hookexec
    return self._inner_hookexec(hook_name, methods, kwargs, firstresult)
           ^^^^^^^^^^^^^^^^^^^^^^^^^^^^^^^^^^^^^^^^^^^^^^^^^^^^^^^^^^^^^
.venv311\Lib\site-packages\pluggy\_callers.py:53: in run_old_style_hookwrapper
    return result.get_result()
           ^^^^^^^^^^^^^^^^^^^
.venv311\Lib\site-packages\pluggy\_callers.py:38: in run_old_style_hookwrapper
    res = yield
          ^^^^^
.venv311\Lib\site-packages\_pytest\setuponly.py:36: in pytest_fixture_setup
    return (yield)
            ^^^^^
.venv311\Lib\site-packages\_pytest\fixtures.py:1202: in pytest_fixture_setup
    result = call_fixture_func(fixturefunc, request, kwargs)
             ^^^^^^^^^^^^^^^^^^^^^^^^^^^^^^^^^^^^^^^^^^^^^^^
.venv311\Lib\site-packages\_pytest\fixtures.py:908: in call_fixture_func
    fixture_result = next(generator)
                     ^^^^^^^^^^^^^^^
.venv311\Lib\site-packages\_pytest\tmpdir.py:289: in tmp_path
    path = _mk_tmp(request, tmp_path_factory)
           ^^^^^^^^^^^^^^^^^^^^^^^^^^^^^^^^^^
.venv311\Lib\site-packages\_pytest\tmpdir.py:276: in _mk_tmp
    return factory.mktemp(name, numbered=True)
           ^^^^^^^^^^^^^^^^^^^^^^^^^^^^^^^^^^^
.venv311\Lib\site-packages\_pytest\tmpdir.py:131: in mktemp
    basename = self._ensure_relative_to_basetemp(basename)
               ^^^^^^^^^^^^^^^^^^^^^^^^^^^^^^^^^^^^^^^^^^^
.venv311\Lib\site-packages\_pytest\tmpdir.py:112: in _ensure_relative_to_basetemp
    if (self.getbasetemp() / basename).resolve().parent != self.getbasetemp():
        ^^^^^^^^^^^^^^^^^^
.venv311\Lib\site-packages\_pytest\tmpdir.py:208: in getbasetemp
    basetemp = make_numbered_dir_with_cleanup(
.venv311\Lib\site-packages\_pytest\pathlib.py:407: in make_numbered_dir_with_cleanup
    raise e
.venv311\Lib\site-packages\_pytest\pathlib.py:388: in make_numbered_dir_with_cleanup
    p = make_numbered_dir(root, prefix, mode)
        ^^^^^^^^^^^^^^^^^^^^^^^^^^^^^^^^^^^^^
.venv311\Lib\site-packages\_pytest\pathlib.py:229: in make_numbered_dir
    max_existing = max(map(parse_num, find_suffixes(root, prefix)), default=-1)
                   ^^^^^^^^^^^^^^^^^^^^^^^^^^^^^^^^^^^^^^^^^^^^^^^^^^^^^^^^^^^^
.venv311\Lib\site-packages\_pytest\pathlib.py:188: in extract_suffixes
    for entry in iter:
.venv311\Lib\site-packages\_pytest\pathlib.py:176: in find_prefixed
    for x in os.scandir(root):
             ^^^^^^^^^^^^^^^^
E   PermissionError: [WinError 5] アクセスが拒否されました。: 'C:\\Users\\ynobe\\AppData\\Local\\Temp\\pytest-of-ynobe'
____________ ERROR at setup of test_prune_http_cache_missing_file _____________
.venv311\Lib\site-packages\_pytest\runner.py:353: in from_call
    result: TResult | None = func()
                             ^^^^^^
.venv311\Lib\site-packages\_pytest\runner.py:245: in <lambda>
    lambda: runtest_hook(item=item, **kwds),
            ^^^^^^^^^^^^^^^^^^^^^^^^^^^^^^^
.venv311\Lib\site-packages\pluggy\_hooks.py:512: in __call__
    return self._hookexec(self.name, self._hookimpls.copy(), kwargs, firstresult)
           ^^^^^^^^^^^^^^^^^^^^^^^^^^^^^^^^^^^^^^^^^^^^^^^^^^^^^^^^^^^^^^^^^^^^^^
.venv311\Lib\site-packages\pluggy\_manager.py:120: in _hookexec
    return self._inner_hookexec(hook_name, methods, kwargs, firstresult)
           ^^^^^^^^^^^^^^^^^^^^^^^^^^^^^^^^^^^^^^^^^^^^^^^^^^^^^^^^^^^^^
.venv311\Lib\site-packages\_pytest\logging.py:843: in pytest_runtest_setup
    yield
.venv311\Lib\site-packages\_pytest\capture.py:895: in pytest_runtest_setup
    return (yield)
            ^^^^^
.venv311\Lib\site-packages\_pytest\runner.py:165: in pytest_runtest_setup
    item.session._setupstate.setup(item)
.venv311\Lib\site-packages\_pytest\runner.py:523: in setup
    col.setup()
.venv311\Lib\site-packages\_pytest\python.py:1723: in setup
    self._request._fillfixtures()
.venv311\Lib\site-packages\_pytest\fixtures.py:707: in _fillfixtures
    item.funcargs[argname] = self.getfixturevalue(argname)
                             ^^^^^^^^^^^^^^^^^^^^^^^^^^^^^
.venv311\Lib\site-packages\_pytest\fixtures.py:539: in getfixturevalue
    fixturedef = self._get_active_fixturedef(argname)
                 ^^^^^^^^^^^^^^^^^^^^^^^^^^^^^^^^^^^^
.venv311\Lib\site-packages\_pytest\fixtures.py:627: in _get_active_fixturedef
    fixturedef.execute(request=subrequest)
.venv311\Lib\site-packages\_pytest\fixtures.py:1110: in execute
    result: FixtureValue = ihook.pytest_fixture_setup(
.venv311\Lib\site-packages\pluggy\_hooks.py:512: in __call__
    return self._hookexec(self.name, self._hookimpls.copy(), kwargs, firstresult)
           ^^^^^^^^^^^^^^^^^^^^^^^^^^^^^^^^^^^^^^^^^^^^^^^^^^^^^^^^^^^^^^^^^^^^^^
.venv311\Lib\site-packages\pluggy\_manager.py:120: in _hookexec
    return self._inner_hookexec(hook_name, methods, kwargs, firstresult)
           ^^^^^^^^^^^^^^^^^^^^^^^^^^^^^^^^^^^^^^^^^^^^^^^^^^^^^^^^^^^^^
.venv311\Lib\site-packages\pluggy\_callers.py:53: in run_old_style_hookwrapper
    return result.get_result()
           ^^^^^^^^^^^^^^^^^^^
.venv311\Lib\site-packages\pluggy\_callers.py:38: in run_old_style_hookwrapper
    res = yield
          ^^^^^
.venv311\Lib\site-packages\_pytest\setuponly.py:36: in pytest_fixture_setup
    return (yield)
            ^^^^^
.venv311\Lib\site-packages\_pytest\fixtures.py:1202: in pytest_fixture_setup
    result = call_fixture_func(fixturefunc, request, kwargs)
             ^^^^^^^^^^^^^^^^^^^^^^^^^^^^^^^^^^^^^^^^^^^^^^^
.venv311\Lib\site-packages\_pytest\fixtures.py:908: in call_fixture_func
    fixture_result = next(generator)
                     ^^^^^^^^^^^^^^^
.venv311\Lib\site-packages\_pytest\tmpdir.py:289: in tmp_path
    path = _mk_tmp(request, tmp_path_factory)
           ^^^^^^^^^^^^^^^^^^^^^^^^^^^^^^^^^^
.venv311\Lib\site-packages\_pytest\tmpdir.py:276: in _mk_tmp
    return factory.mktemp(name, numbered=True)
           ^^^^^^^^^^^^^^^^^^^^^^^^^^^^^^^^^^^
.venv311\Lib\site-packages\_pytest\tmpdir.py:131: in mktemp
    basename = self._ensure_relative_to_basetemp(basename)
               ^^^^^^^^^^^^^^^^^^^^^^^^^^^^^^^^^^^^^^^^^^^
.venv311\Lib\site-packages\_pytest\tmpdir.py:112: in _ensure_relative_to_basetemp
    if (self.getbasetemp() / basename).resolve().parent != self.getbasetemp():
        ^^^^^^^^^^^^^^^^^^
.venv311\Lib\site-packages\_pytest\tmpdir.py:208: in getbasetemp
    basetemp = make_numbered_dir_with_cleanup(
.venv311\Lib\site-packages\_pytest\pathlib.py:407: in make_numbered_dir_with_cleanup
    raise e
.venv311\Lib\site-packages\_pytest\pathlib.py:388: in make_numbered_dir_with_cleanup
    p = make_numbered_dir(root, prefix, mode)
        ^^^^^^^^^^^^^^^^^^^^^^^^^^^^^^^^^^^^^
.venv311\Lib\site-packages\_pytest\pathlib.py:229: in make_numbered_dir
    max_existing = max(map(parse_num, find_suffixes(root, prefix)), default=-1)
                   ^^^^^^^^^^^^^^^^^^^^^^^^^^^^^^^^^^^^^^^^^^^^^^^^^^^^^^^^^^^^
.venv311\Lib\site-packages\_pytest\pathlib.py:188: in extract_suffixes
    for entry in iter:
.venv311\Lib\site-packages\_pytest\pathlib.py:176: in find_prefixed
    for x in os.scandir(root):
             ^^^^^^^^^^^^^^^^
E   PermissionError: [WinError 5] アクセスが拒否されました。: 'C:\\Users\\ynobe\\AppData\\Local\\Temp\\pytest-of-ynobe'
______ ERROR at setup of test_run_storage_prune_combines_docs_and_cache _______
.venv311\Lib\site-packages\_pytest\runner.py:353: in from_call
    result: TResult | None = func()
                             ^^^^^^
.venv311\Lib\site-packages\_pytest\runner.py:245: in <lambda>
    lambda: runtest_hook(item=item, **kwds),
            ^^^^^^^^^^^^^^^^^^^^^^^^^^^^^^^
.venv311\Lib\site-packages\pluggy\_hooks.py:512: in __call__
    return self._hookexec(self.name, self._hookimpls.copy(), kwargs, firstresult)
           ^^^^^^^^^^^^^^^^^^^^^^^^^^^^^^^^^^^^^^^^^^^^^^^^^^^^^^^^^^^^^^^^^^^^^^
.venv311\Lib\site-packages\pluggy\_manager.py:120: in _hookexec
    return self._inner_hookexec(hook_name, methods, kwargs, firstresult)
           ^^^^^^^^^^^^^^^^^^^^^^^^^^^^^^^^^^^^^^^^^^^^^^^^^^^^^^^^^^^^^
.venv311\Lib\site-packages\_pytest\logging.py:843: in pytest_runtest_setup
    yield
.venv311\Lib\site-packages\_pytest\capture.py:895: in pytest_runtest_setup
    return (yield)
            ^^^^^
.venv311\Lib\site-packages\_pytest\runner.py:165: in pytest_runtest_setup
    item.session._setupstate.setup(item)
.venv311\Lib\site-packages\_pytest\runner.py:523: in setup
    col.setup()
.venv311\Lib\site-packages\_pytest\python.py:1723: in setup
    self._request._fillfixtures()
.venv311\Lib\site-packages\_pytest\fixtures.py:707: in _fillfixtures
    item.funcargs[argname] = self.getfixturevalue(argname)
                             ^^^^^^^^^^^^^^^^^^^^^^^^^^^^^
.venv311\Lib\site-packages\_pytest\fixtures.py:539: in getfixturevalue
    fixturedef = self._get_active_fixturedef(argname)
                 ^^^^^^^^^^^^^^^^^^^^^^^^^^^^^^^^^^^^
.venv311\Lib\site-packages\_pytest\fixtures.py:627: in _get_active_fixturedef
    fixturedef.execute(request=subrequest)
.venv311\Lib\site-packages\_pytest\fixtures.py:1110: in execute
    result: FixtureValue = ihook.pytest_fixture_setup(
.venv311\Lib\site-packages\pluggy\_hooks.py:512: in __call__
    return self._hookexec(self.name, self._hookimpls.copy(), kwargs, firstresult)
           ^^^^^^^^^^^^^^^^^^^^^^^^^^^^^^^^^^^^^^^^^^^^^^^^^^^^^^^^^^^^^^^^^^^^^^
.venv311\Lib\site-packages\pluggy\_manager.py:120: in _hookexec
    return self._inner_hookexec(hook_name, methods, kwargs, firstresult)
           ^^^^^^^^^^^^^^^^^^^^^^^^^^^^^^^^^^^^^^^^^^^^^^^^^^^^^^^^^^^^^
.venv311\Lib\site-packages\pluggy\_callers.py:53: in run_old_style_hookwrapper
    return result.get_result()
           ^^^^^^^^^^^^^^^^^^^
.venv311\Lib\site-packages\pluggy\_callers.py:38: in run_old_style_hookwrapper
    res = yield
          ^^^^^
.venv311\Lib\site-packages\_pytest\setuponly.py:36: in pytest_fixture_setup
    return (yield)
            ^^^^^
.venv311\Lib\site-packages\_pytest\fixtures.py:1202: in pytest_fixture_setup
    result = call_fixture_func(fixturefunc, request, kwargs)
             ^^^^^^^^^^^^^^^^^^^^^^^^^^^^^^^^^^^^^^^^^^^^^^^
.venv311\Lib\site-packages\_pytest\fixtures.py:908: in call_fixture_func
    fixture_result = next(generator)
                     ^^^^^^^^^^^^^^^
.venv311\Lib\site-packages\_pytest\tmpdir.py:289: in tmp_path
    path = _mk_tmp(request, tmp_path_factory)
           ^^^^^^^^^^^^^^^^^^^^^^^^^^^^^^^^^^
.venv311\Lib\site-packages\_pytest\tmpdir.py:276: in _mk_tmp
    return factory.mktemp(name, numbered=True)
           ^^^^^^^^^^^^^^^^^^^^^^^^^^^^^^^^^^^
.venv311\Lib\site-packages\_pytest\tmpdir.py:131: in mktemp
    basename = self._ensure_relative_to_basetemp(basename)
               ^^^^^^^^^^^^^^^^^^^^^^^^^^^^^^^^^^^^^^^^^^^
.venv311\Lib\site-packages\_pytest\tmpdir.py:112: in _ensure_relative_to_basetemp
    if (self.getbasetemp() / basename).resolve().parent != self.getbasetemp():
        ^^^^^^^^^^^^^^^^^^
.venv311\Lib\site-packages\_pytest\tmpdir.py:208: in getbasetemp
    basetemp = make_numbered_dir_with_cleanup(
.venv311\Lib\site-packages\_pytest\pathlib.py:407: in make_numbered_dir_with_cleanup
    raise e
.venv311\Lib\site-packages\_pytest\pathlib.py:388: in make_numbered_dir_with_cleanup
    p = make_numbered_dir(root, prefix, mode)
        ^^^^^^^^^^^^^^^^^^^^^^^^^^^^^^^^^^^^^
.venv311\Lib\site-packages\_pytest\pathlib.py:229: in make_numbered_dir
    max_existing = max(map(parse_num, find_suffixes(root, prefix)), default=-1)
                   ^^^^^^^^^^^^^^^^^^^^^^^^^^^^^^^^^^^^^^^^^^^^^^^^^^^^^^^^^^^^
.venv311\Lib\site-packages\_pytest\pathlib.py:188: in extract_suffixes
    for entry in iter:
.venv311\Lib\site-packages\_pytest\pathlib.py:176: in find_prefixed
    for x in os.scandir(root):
             ^^^^^^^^^^^^^^^^
E   PermissionError: [WinError 5] アクセスが拒否されました。: 'C:\\Users\\ynobe\\AppData\\Local\\Temp\\pytest-of-ynobe'
_______________ ERROR at setup of test_llm_cache_purge_expired ________________
.venv311\Lib\site-packages\_pytest\runner.py:353: in from_call
    result: TResult | None = func()
                             ^^^^^^
.venv311\Lib\site-packages\_pytest\runner.py:245: in <lambda>
    lambda: runtest_hook(item=item, **kwds),
            ^^^^^^^^^^^^^^^^^^^^^^^^^^^^^^^
.venv311\Lib\site-packages\pluggy\_hooks.py:512: in __call__
    return self._hookexec(self.name, self._hookimpls.copy(), kwargs, firstresult)
           ^^^^^^^^^^^^^^^^^^^^^^^^^^^^^^^^^^^^^^^^^^^^^^^^^^^^^^^^^^^^^^^^^^^^^^
.venv311\Lib\site-packages\pluggy\_manager.py:120: in _hookexec
    return self._inner_hookexec(hook_name, methods, kwargs, firstresult)
           ^^^^^^^^^^^^^^^^^^^^^^^^^^^^^^^^^^^^^^^^^^^^^^^^^^^^^^^^^^^^^
.venv311\Lib\site-packages\_pytest\logging.py:843: in pytest_runtest_setup
    yield
.venv311\Lib\site-packages\_pytest\capture.py:895: in pytest_runtest_setup
    return (yield)
            ^^^^^
.venv311\Lib\site-packages\_pytest\runner.py:165: in pytest_runtest_setup
    item.session._setupstate.setup(item)
.venv311\Lib\site-packages\_pytest\runner.py:523: in setup
    col.setup()
.venv311\Lib\site-packages\_pytest\python.py:1723: in setup
    self._request._fillfixtures()
.venv311\Lib\site-packages\_pytest\fixtures.py:707: in _fillfixtures
    item.funcargs[argname] = self.getfixturevalue(argname)
                             ^^^^^^^^^^^^^^^^^^^^^^^^^^^^^
.venv311\Lib\site-packages\_pytest\fixtures.py:539: in getfixturevalue
    fixturedef = self._get_active_fixturedef(argname)
                 ^^^^^^^^^^^^^^^^^^^^^^^^^^^^^^^^^^^^
.venv311\Lib\site-packages\_pytest\fixtures.py:627: in _get_active_fixturedef
    fixturedef.execute(request=subrequest)
.venv311\Lib\site-packages\_pytest\fixtures.py:1110: in execute
    result: FixtureValue = ihook.pytest_fixture_setup(
.venv311\Lib\site-packages\pluggy\_hooks.py:512: in __call__
    return self._hookexec(self.name, self._hookimpls.copy(), kwargs, firstresult)
           ^^^^^^^^^^^^^^^^^^^^^^^^^^^^^^^^^^^^^^^^^^^^^^^^^^^^^^^^^^^^^^^^^^^^^^
.venv311\Lib\site-packages\pluggy\_manager.py:120: in _hookexec
    return self._inner_hookexec(hook_name, methods, kwargs, firstresult)
           ^^^^^^^^^^^^^^^^^^^^^^^^^^^^^^^^^^^^^^^^^^^^^^^^^^^^^^^^^^^^^
.venv311\Lib\site-packages\pluggy\_callers.py:53: in run_old_style_hookwrapper
    return result.get_result()
           ^^^^^^^^^^^^^^^^^^^
.venv311\Lib\site-packages\pluggy\_callers.py:38: in run_old_style_hookwrapper
    res = yield
          ^^^^^
.venv311\Lib\site-packages\_pytest\setuponly.py:36: in pytest_fixture_setup
    return (yield)
            ^^^^^
.venv311\Lib\site-packages\_pytest\fixtures.py:1202: in pytest_fixture_setup
    result = call_fixture_func(fixturefunc, request, kwargs)
             ^^^^^^^^^^^^^^^^^^^^^^^^^^^^^^^^^^^^^^^^^^^^^^^
.venv311\Lib\site-packages\_pytest\fixtures.py:908: in call_fixture_func
    fixture_result = next(generator)
                     ^^^^^^^^^^^^^^^
.venv311\Lib\site-packages\_pytest\tmpdir.py:289: in tmp_path
    path = _mk_tmp(request, tmp_path_factory)
           ^^^^^^^^^^^^^^^^^^^^^^^^^^^^^^^^^^
.venv311\Lib\site-packages\_pytest\tmpdir.py:276: in _mk_tmp
    return factory.mktemp(name, numbered=True)
           ^^^^^^^^^^^^^^^^^^^^^^^^^^^^^^^^^^^
.venv311\Lib\site-packages\_pytest\tmpdir.py:131: in mktemp
    basename = self._ensure_relative_to_basetemp(basename)
               ^^^^^^^^^^^^^^^^^^^^^^^^^^^^^^^^^^^^^^^^^^^
.venv311\Lib\site-packages\_pytest\tmpdir.py:112: in _ensure_relative_to_basetemp
    if (self.getbasetemp() / basename).resolve().parent != self.getbasetemp():
        ^^^^^^^^^^^^^^^^^^
.venv311\Lib\site-packages\_pytest\tmpdir.py:208: in getbasetemp
    basetemp = make_numbered_dir_with_cleanup(
.venv311\Lib\site-packages\_pytest\pathlib.py:407: in make_numbered_dir_with_cleanup
    raise e
.venv311\Lib\site-packages\_pytest\pathlib.py:388: in make_numbered_dir_with_cleanup
    p = make_numbered_dir(root, prefix, mode)
        ^^^^^^^^^^^^^^^^^^^^^^^^^^^^^^^^^^^^^
.venv311\Lib\site-packages\_pytest\pathlib.py:229: in make_numbered_dir
    max_existing = max(map(parse_num, find_suffixes(root, prefix)), default=-1)
                   ^^^^^^^^^^^^^^^^^^^^^^^^^^^^^^^^^^^^^^^^^^^^^^^^^^^^^^^^^^^^
.venv311\Lib\site-packages\_pytest\pathlib.py:188: in extract_suffixes
    for entry in iter:
.venv311\Lib\site-packages\_pytest\pathlib.py:176: in find_prefixed
    for x in os.scandir(root):
             ^^^^^^^^^^^^^^^^
E   PermissionError: [WinError 5] アクセスが拒否されました。: 'C:\\Users\\ynobe\\AppData\\Local\\Temp\\pytest-of-ynobe'
_______ ERROR at setup of test_llm_cache_enforce_max_rows_keeps_newest ________
.venv311\Lib\site-packages\_pytest\runner.py:353: in from_call
    result: TResult | None = func()
                             ^^^^^^
.venv311\Lib\site-packages\_pytest\runner.py:245: in <lambda>
    lambda: runtest_hook(item=item, **kwds),
            ^^^^^^^^^^^^^^^^^^^^^^^^^^^^^^^
.venv311\Lib\site-packages\pluggy\_hooks.py:512: in __call__
    return self._hookexec(self.name, self._hookimpls.copy(), kwargs, firstresult)
           ^^^^^^^^^^^^^^^^^^^^^^^^^^^^^^^^^^^^^^^^^^^^^^^^^^^^^^^^^^^^^^^^^^^^^^
.venv311\Lib\site-packages\pluggy\_manager.py:120: in _hookexec
    return self._inner_hookexec(hook_name, methods, kwargs, firstresult)
           ^^^^^^^^^^^^^^^^^^^^^^^^^^^^^^^^^^^^^^^^^^^^^^^^^^^^^^^^^^^^^
.venv311\Lib\site-packages\_pytest\logging.py:843: in pytest_runtest_setup
    yield
.venv311\Lib\site-packages\_pytest\capture.py:895: in pytest_runtest_setup
    return (yield)
            ^^^^^
.venv311\Lib\site-packages\_pytest\runner.py:165: in pytest_runtest_setup
    item.session._setupstate.setup(item)
.venv311\Lib\site-packages\_pytest\runner.py:523: in setup
    col.setup()
.venv311\Lib\site-packages\_pytest\python.py:1723: in setup
    self._request._fillfixtures()
.venv311\Lib\site-packages\_pytest\fixtures.py:707: in _fillfixtures
    item.funcargs[argname] = self.getfixturevalue(argname)
                             ^^^^^^^^^^^^^^^^^^^^^^^^^^^^^
.venv311\Lib\site-packages\_pytest\fixtures.py:539: in getfixturevalue
    fixturedef = self._get_active_fixturedef(argname)
                 ^^^^^^^^^^^^^^^^^^^^^^^^^^^^^^^^^^^^
.venv311\Lib\site-packages\_pytest\fixtures.py:627: in _get_active_fixturedef
    fixturedef.execute(request=subrequest)
.venv311\Lib\site-packages\_pytest\fixtures.py:1110: in execute
    result: FixtureValue = ihook.pytest_fixture_setup(
.venv311\Lib\site-packages\pluggy\_hooks.py:512: in __call__
    return self._hookexec(self.name, self._hookimpls.copy(), kwargs, firstresult)
           ^^^^^^^^^^^^^^^^^^^^^^^^^^^^^^^^^^^^^^^^^^^^^^^^^^^^^^^^^^^^^^^^^^^^^^
.venv311\Lib\site-packages\pluggy\_manager.py:120: in _hookexec
    return self._inner_hookexec(hook_name, methods, kwargs, firstresult)
           ^^^^^^^^^^^^^^^^^^^^^^^^^^^^^^^^^^^^^^^^^^^^^^^^^^^^^^^^^^^^^
.venv311\Lib\site-packages\pluggy\_callers.py:53: in run_old_style_hookwrapper
    return result.get_result()
           ^^^^^^^^^^^^^^^^^^^
.venv311\Lib\site-packages\pluggy\_callers.py:38: in run_old_style_hookwrapper
    res = yield
          ^^^^^
.venv311\Lib\site-packages\_pytest\setuponly.py:36: in pytest_fixture_setup
    return (yield)
            ^^^^^
.venv311\Lib\site-packages\_pytest\fixtures.py:1202: in pytest_fixture_setup
    result = call_fixture_func(fixturefunc, request, kwargs)
             ^^^^^^^^^^^^^^^^^^^^^^^^^^^^^^^^^^^^^^^^^^^^^^^
.venv311\Lib\site-packages\_pytest\fixtures.py:908: in call_fixture_func
    fixture_result = next(generator)
                     ^^^^^^^^^^^^^^^
.venv311\Lib\site-packages\_pytest\tmpdir.py:289: in tmp_path
    path = _mk_tmp(request, tmp_path_factory)
           ^^^^^^^^^^^^^^^^^^^^^^^^^^^^^^^^^^
.venv311\Lib\site-packages\_pytest\tmpdir.py:276: in _mk_tmp
    return factory.mktemp(name, numbered=True)
           ^^^^^^^^^^^^^^^^^^^^^^^^^^^^^^^^^^^
.venv311\Lib\site-packages\_pytest\tmpdir.py:131: in mktemp
    basename = self._ensure_relative_to_basetemp(basename)
               ^^^^^^^^^^^^^^^^^^^^^^^^^^^^^^^^^^^^^^^^^^^
.venv311\Lib\site-packages\_pytest\tmpdir.py:112: in _ensure_relative_to_basetemp
    if (self.getbasetemp() / basename).resolve().parent != self.getbasetemp():
        ^^^^^^^^^^^^^^^^^^
.venv311\Lib\site-packages\_pytest\tmpdir.py:208: in getbasetemp
    basetemp = make_numbered_dir_with_cleanup(
.venv311\Lib\site-packages\_pytest\pathlib.py:407: in make_numbered_dir_with_cleanup
    raise e
.venv311\Lib\site-packages\_pytest\pathlib.py:388: in make_numbered_dir_with_cleanup
    p = make_numbered_dir(root, prefix, mode)
        ^^^^^^^^^^^^^^^^^^^^^^^^^^^^^^^^^^^^^
.venv311\Lib\site-packages\_pytest\pathlib.py:229: in make_numbered_dir
    max_existing = max(map(parse_num, find_suffixes(root, prefix)), default=-1)
                   ^^^^^^^^^^^^^^^^^^^^^^^^^^^^^^^^^^^^^^^^^^^^^^^^^^^^^^^^^^^^
.venv311\Lib\site-packages\_pytest\pathlib.py:188: in extract_suffixes
    for entry in iter:
.venv311\Lib\site-packages\_pytest\pathlib.py:176: in find_prefixed
    for x in os.scandir(root):
             ^^^^^^^^^^^^^^^^
E   PermissionError: [WinError 5] アクセスが拒否されました。: 'C:\\Users\\ynobe\\AppData\\Local\\Temp\\pytest-of-ynobe'
______________ ERROR at setup of test_http_cache_purge_and_trim _______________
.venv311\Lib\site-packages\_pytest\runner.py:353: in from_call
    result: TResult | None = func()
                             ^^^^^^
.venv311\Lib\site-packages\_pytest\runner.py:245: in <lambda>
    lambda: runtest_hook(item=item, **kwds),
            ^^^^^^^^^^^^^^^^^^^^^^^^^^^^^^^
.venv311\Lib\site-packages\pluggy\_hooks.py:512: in __call__
    return self._hookexec(self.name, self._hookimpls.copy(), kwargs, firstresult)
           ^^^^^^^^^^^^^^^^^^^^^^^^^^^^^^^^^^^^^^^^^^^^^^^^^^^^^^^^^^^^^^^^^^^^^^
.venv311\Lib\site-packages\pluggy\_manager.py:120: in _hookexec
    return self._inner_hookexec(hook_name, methods, kwargs, firstresult)
           ^^^^^^^^^^^^^^^^^^^^^^^^^^^^^^^^^^^^^^^^^^^^^^^^^^^^^^^^^^^^^
.venv311\Lib\site-packages\_pytest\logging.py:843: in pytest_runtest_setup
    yield
.venv311\Lib\site-packages\_pytest\capture.py:895: in pytest_runtest_setup
    return (yield)
            ^^^^^
.venv311\Lib\site-packages\_pytest\runner.py:165: in pytest_runtest_setup
    item.session._setupstate.setup(item)
.venv311\Lib\site-packages\_pytest\runner.py:523: in setup
    col.setup()
.venv311\Lib\site-packages\_pytest\python.py:1723: in setup
    self._request._fillfixtures()
.venv311\Lib\site-packages\_pytest\fixtures.py:707: in _fillfixtures
    item.funcargs[argname] = self.getfixturevalue(argname)
                             ^^^^^^^^^^^^^^^^^^^^^^^^^^^^^
.venv311\Lib\site-packages\_pytest\fixtures.py:539: in getfixturevalue
    fixturedef = self._get_active_fixturedef(argname)
                 ^^^^^^^^^^^^^^^^^^^^^^^^^^^^^^^^^^^^
.venv311\Lib\site-packages\_pytest\fixtures.py:627: in _get_active_fixturedef
    fixturedef.execute(request=subrequest)
.venv311\Lib\site-packages\_pytest\fixtures.py:1110: in execute
    result: FixtureValue = ihook.pytest_fixture_setup(
.venv311\Lib\site-packages\pluggy\_hooks.py:512: in __call__
    return self._hookexec(self.name, self._hookimpls.copy(), kwargs, firstresult)
           ^^^^^^^^^^^^^^^^^^^^^^^^^^^^^^^^^^^^^^^^^^^^^^^^^^^^^^^^^^^^^^^^^^^^^^
.venv311\Lib\site-packages\pluggy\_manager.py:120: in _hookexec
    return self._inner_hookexec(hook_name, methods, kwargs, firstresult)
           ^^^^^^^^^^^^^^^^^^^^^^^^^^^^^^^^^^^^^^^^^^^^^^^^^^^^^^^^^^^^^
.venv311\Lib\site-packages\pluggy\_callers.py:53: in run_old_style_hookwrapper
    return result.get_result()
           ^^^^^^^^^^^^^^^^^^^
.venv311\Lib\site-packages\pluggy\_callers.py:38: in run_old_style_hookwrapper
    res = yield
          ^^^^^
.venv311\Lib\site-packages\_pytest\setuponly.py:36: in pytest_fixture_setup
    return (yield)
            ^^^^^
.venv311\Lib\site-packages\_pytest\fixtures.py:1202: in pytest_fixture_setup
    result = call_fixture_func(fixturefunc, request, kwargs)
             ^^^^^^^^^^^^^^^^^^^^^^^^^^^^^^^^^^^^^^^^^^^^^^^
.venv311\Lib\site-packages\_pytest\fixtures.py:908: in call_fixture_func
    fixture_result = next(generator)
                     ^^^^^^^^^^^^^^^
.venv311\Lib\site-packages\_pytest\tmpdir.py:289: in tmp_path
    path = _mk_tmp(request, tmp_path_factory)
           ^^^^^^^^^^^^^^^^^^^^^^^^^^^^^^^^^^
.venv311\Lib\site-packages\_pytest\tmpdir.py:276: in _mk_tmp
    return factory.mktemp(name, numbered=True)
           ^^^^^^^^^^^^^^^^^^^^^^^^^^^^^^^^^^^
.venv311\Lib\site-packages\_pytest\tmpdir.py:131: in mktemp
    basename = self._ensure_relative_to_basetemp(basename)
               ^^^^^^^^^^^^^^^^^^^^^^^^^^^^^^^^^^^^^^^^^^^
.venv311\Lib\site-packages\_pytest\tmpdir.py:112: in _ensure_relative_to_basetemp
    if (self.getbasetemp() / basename).resolve().parent != self.getbasetemp():
        ^^^^^^^^^^^^^^^^^^
.venv311\Lib\site-packages\_pytest\tmpdir.py:208: in getbasetemp
    basetemp = make_numbered_dir_with_cleanup(
.venv311\Lib\site-packages\_pytest\pathlib.py:407: in make_numbered_dir_with_cleanup
    raise e
.venv311\Lib\site-packages\_pytest\pathlib.py:388: in make_numbered_dir_with_cleanup
    p = make_numbered_dir(root, prefix, mode)
        ^^^^^^^^^^^^^^^^^^^^^^^^^^^^^^^^^^^^^
.venv311\Lib\site-packages\_pytest\pathlib.py:229: in make_numbered_dir
    max_existing = max(map(parse_num, find_suffixes(root, prefix)), default=-1)
                   ^^^^^^^^^^^^^^^^^^^^^^^^^^^^^^^^^^^^^^^^^^^^^^^^^^^^^^^^^^^^
.venv311\Lib\site-packages\_pytest\pathlib.py:188: in extract_suffixes
    for entry in iter:
.venv311\Lib\site-packages\_pytest\pathlib.py:176: in find_prefixed
    for x in os.scandir(root):
             ^^^^^^^^^^^^^^^^
E   PermissionError: [WinError 5] アクセスが拒否されました。: 'C:\\Users\\ynobe\\AppData\\Local\\Temp\\pytest-of-ynobe'
______ ERROR at setup of test_orchestrate_uses_orchestrator_perspectives ______
.venv311\Lib\site-packages\_pytest\runner.py:353: in from_call
    result: TResult | None = func()
                             ^^^^^^
.venv311\Lib\site-packages\_pytest\runner.py:245: in <lambda>
    lambda: runtest_hook(item=item, **kwds),
            ^^^^^^^^^^^^^^^^^^^^^^^^^^^^^^^
.venv311\Lib\site-packages\pluggy\_hooks.py:512: in __call__
    return self._hookexec(self.name, self._hookimpls.copy(), kwargs, firstresult)
           ^^^^^^^^^^^^^^^^^^^^^^^^^^^^^^^^^^^^^^^^^^^^^^^^^^^^^^^^^^^^^^^^^^^^^^
.venv311\Lib\site-packages\pluggy\_manager.py:120: in _hookexec
    return self._inner_hookexec(hook_name, methods, kwargs, firstresult)
           ^^^^^^^^^^^^^^^^^^^^^^^^^^^^^^^^^^^^^^^^^^^^^^^^^^^^^^^^^^^^^
.venv311\Lib\site-packages\_pytest\logging.py:843: in pytest_runtest_setup
    yield
.venv311\Lib\site-packages\_pytest\capture.py:895: in pytest_runtest_setup
    return (yield)
            ^^^^^
.venv311\Lib\site-packages\_pytest\runner.py:165: in pytest_runtest_setup
    item.session._setupstate.setup(item)
.venv311\Lib\site-packages\_pytest\runner.py:523: in setup
    col.setup()
.venv311\Lib\site-packages\_pytest\python.py:1723: in setup
    self._request._fillfixtures()
.venv311\Lib\site-packages\_pytest\fixtures.py:707: in _fillfixtures
    item.funcargs[argname] = self.getfixturevalue(argname)
                             ^^^^^^^^^^^^^^^^^^^^^^^^^^^^^
.venv311\Lib\site-packages\_pytest\fixtures.py:539: in getfixturevalue
    fixturedef = self._get_active_fixturedef(argname)
                 ^^^^^^^^^^^^^^^^^^^^^^^^^^^^^^^^^^^^
.venv311\Lib\site-packages\_pytest\fixtures.py:627: in _get_active_fixturedef
    fixturedef.execute(request=subrequest)
.venv311\Lib\site-packages\_pytest\fixtures.py:1110: in execute
    result: FixtureValue = ihook.pytest_fixture_setup(
.venv311\Lib\site-packages\pluggy\_hooks.py:512: in __call__
    return self._hookexec(self.name, self._hookimpls.copy(), kwargs, firstresult)
           ^^^^^^^^^^^^^^^^^^^^^^^^^^^^^^^^^^^^^^^^^^^^^^^^^^^^^^^^^^^^^^^^^^^^^^
.venv311\Lib\site-packages\pluggy\_manager.py:120: in _hookexec
    return self._inner_hookexec(hook_name, methods, kwargs, firstresult)
           ^^^^^^^^^^^^^^^^^^^^^^^^^^^^^^^^^^^^^^^^^^^^^^^^^^^^^^^^^^^^^
.venv311\Lib\site-packages\pluggy\_callers.py:53: in run_old_style_hookwrapper
    return result.get_result()
           ^^^^^^^^^^^^^^^^^^^
.venv311\Lib\site-packages\pluggy\_callers.py:38: in run_old_style_hookwrapper
    res = yield
          ^^^^^
.venv311\Lib\site-packages\_pytest\setuponly.py:36: in pytest_fixture_setup
    return (yield)
            ^^^^^
.venv311\Lib\site-packages\_pytest\fixtures.py:1202: in pytest_fixture_setup
    result = call_fixture_func(fixturefunc, request, kwargs)
             ^^^^^^^^^^^^^^^^^^^^^^^^^^^^^^^^^^^^^^^^^^^^^^^
.venv311\Lib\site-packages\_pytest\fixtures.py:908: in call_fixture_func
    fixture_result = next(generator)
                     ^^^^^^^^^^^^^^^
.venv311\Lib\site-packages\_pytest\tmpdir.py:289: in tmp_path
    path = _mk_tmp(request, tmp_path_factory)
           ^^^^^^^^^^^^^^^^^^^^^^^^^^^^^^^^^^
.venv311\Lib\site-packages\_pytest\tmpdir.py:276: in _mk_tmp
    return factory.mktemp(name, numbered=True)
           ^^^^^^^^^^^^^^^^^^^^^^^^^^^^^^^^^^^
.venv311\Lib\site-packages\_pytest\tmpdir.py:131: in mktemp
    basename = self._ensure_relative_to_basetemp(basename)
               ^^^^^^^^^^^^^^^^^^^^^^^^^^^^^^^^^^^^^^^^^^^
.venv311\Lib\site-packages\_pytest\tmpdir.py:112: in _ensure_relative_to_basetemp
    if (self.getbasetemp() / basename).resolve().parent != self.getbasetemp():
        ^^^^^^^^^^^^^^^^^^
.venv311\Lib\site-packages\_pytest\tmpdir.py:208: in getbasetemp
    basetemp = make_numbered_dir_with_cleanup(
.venv311\Lib\site-packages\_pytest\pathlib.py:407: in make_numbered_dir_with_cleanup
    raise e
.venv311\Lib\site-packages\_pytest\pathlib.py:388: in make_numbered_dir_with_cleanup
    p = make_numbered_dir(root, prefix, mode)
        ^^^^^^^^^^^^^^^^^^^^^^^^^^^^^^^^^^^^^
.venv311\Lib\site-packages\_pytest\pathlib.py:229: in make_numbered_dir
    max_existing = max(map(parse_num, find_suffixes(root, prefix)), default=-1)
                   ^^^^^^^^^^^^^^^^^^^^^^^^^^^^^^^^^^^^^^^^^^^^^^^^^^^^^^^^^^^^
.venv311\Lib\site-packages\_pytest\pathlib.py:188: in extract_suffixes
    for entry in iter:
.venv311\Lib\site-packages\_pytest\pathlib.py:176: in find_prefixed
    for x in os.scandir(root):
             ^^^^^^^^^^^^^^^^
E   PermissionError: [WinError 5] アクセスが拒否されました。: 'C:\\Users\\ynobe\\AppData\\Local\\Temp\\pytest-of-ynobe'
______ ERROR at setup of test_orchestrate_search_query_drives_retrieval _______
.venv311\Lib\site-packages\_pytest\runner.py:353: in from_call
    result: TResult | None = func()
                             ^^^^^^
.venv311\Lib\site-packages\_pytest\runner.py:245: in <lambda>
    lambda: runtest_hook(item=item, **kwds),
            ^^^^^^^^^^^^^^^^^^^^^^^^^^^^^^^
.venv311\Lib\site-packages\pluggy\_hooks.py:512: in __call__
    return self._hookexec(self.name, self._hookimpls.copy(), kwargs, firstresult)
           ^^^^^^^^^^^^^^^^^^^^^^^^^^^^^^^^^^^^^^^^^^^^^^^^^^^^^^^^^^^^^^^^^^^^^^
.venv311\Lib\site-packages\pluggy\_manager.py:120: in _hookexec
    return self._inner_hookexec(hook_name, methods, kwargs, firstresult)
           ^^^^^^^^^^^^^^^^^^^^^^^^^^^^^^^^^^^^^^^^^^^^^^^^^^^^^^^^^^^^^
.venv311\Lib\site-packages\_pytest\logging.py:843: in pytest_runtest_setup
    yield
.venv311\Lib\site-packages\_pytest\capture.py:895: in pytest_runtest_setup
    return (yield)
            ^^^^^
.venv311\Lib\site-packages\_pytest\runner.py:165: in pytest_runtest_setup
    item.session._setupstate.setup(item)
.venv311\Lib\site-packages\_pytest\runner.py:523: in setup
    col.setup()
.venv311\Lib\site-packages\_pytest\python.py:1723: in setup
    self._request._fillfixtures()
.venv311\Lib\site-packages\_pytest\fixtures.py:707: in _fillfixtures
    item.funcargs[argname] = self.getfixturevalue(argname)
                             ^^^^^^^^^^^^^^^^^^^^^^^^^^^^^
.venv311\Lib\site-packages\_pytest\fixtures.py:539: in getfixturevalue
    fixturedef = self._get_active_fixturedef(argname)
                 ^^^^^^^^^^^^^^^^^^^^^^^^^^^^^^^^^^^^
.venv311\Lib\site-packages\_pytest\fixtures.py:627: in _get_active_fixturedef
    fixturedef.execute(request=subrequest)
.venv311\Lib\site-packages\_pytest\fixtures.py:1110: in execute
    result: FixtureValue = ihook.pytest_fixture_setup(
.venv311\Lib\site-packages\pluggy\_hooks.py:512: in __call__
    return self._hookexec(self.name, self._hookimpls.copy(), kwargs, firstresult)
           ^^^^^^^^^^^^^^^^^^^^^^^^^^^^^^^^^^^^^^^^^^^^^^^^^^^^^^^^^^^^^^^^^^^^^^
.venv311\Lib\site-packages\pluggy\_manager.py:120: in _hookexec
    return self._inner_hookexec(hook_name, methods, kwargs, firstresult)
           ^^^^^^^^^^^^^^^^^^^^^^^^^^^^^^^^^^^^^^^^^^^^^^^^^^^^^^^^^^^^^
.venv311\Lib\site-packages\pluggy\_callers.py:53: in run_old_style_hookwrapper
    return result.get_result()
           ^^^^^^^^^^^^^^^^^^^
.venv311\Lib\site-packages\pluggy\_callers.py:38: in run_old_style_hookwrapper
    res = yield
          ^^^^^
.venv311\Lib\site-packages\_pytest\setuponly.py:36: in pytest_fixture_setup
    return (yield)
            ^^^^^
.venv311\Lib\site-packages\_pytest\fixtures.py:1202: in pytest_fixture_setup
    result = call_fixture_func(fixturefunc, request, kwargs)
             ^^^^^^^^^^^^^^^^^^^^^^^^^^^^^^^^^^^^^^^^^^^^^^^
.venv311\Lib\site-packages\_pytest\fixtures.py:908: in call_fixture_func
    fixture_result = next(generator)
                     ^^^^^^^^^^^^^^^
.venv311\Lib\site-packages\_pytest\tmpdir.py:289: in tmp_path
    path = _mk_tmp(request, tmp_path_factory)
           ^^^^^^^^^^^^^^^^^^^^^^^^^^^^^^^^^^
.venv311\Lib\site-packages\_pytest\tmpdir.py:276: in _mk_tmp
    return factory.mktemp(name, numbered=True)
           ^^^^^^^^^^^^^^^^^^^^^^^^^^^^^^^^^^^
.venv311\Lib\site-packages\_pytest\tmpdir.py:131: in mktemp
    basename = self._ensure_relative_to_basetemp(basename)
               ^^^^^^^^^^^^^^^^^^^^^^^^^^^^^^^^^^^^^^^^^^^
.venv311\Lib\site-packages\_pytest\tmpdir.py:112: in _ensure_relative_to_basetemp
    if (self.getbasetemp() / basename).resolve().parent != self.getbasetemp():
        ^^^^^^^^^^^^^^^^^^
.venv311\Lib\site-packages\_pytest\tmpdir.py:208: in getbasetemp
    basetemp = make_numbered_dir_with_cleanup(
.venv311\Lib\site-packages\_pytest\pathlib.py:407: in make_numbered_dir_with_cleanup
    raise e
.venv311\Lib\site-packages\_pytest\pathlib.py:388: in make_numbered_dir_with_cleanup
    p = make_numbered_dir(root, prefix, mode)
        ^^^^^^^^^^^^^^^^^^^^^^^^^^^^^^^^^^^^^
.venv311\Lib\site-packages\_pytest\pathlib.py:229: in make_numbered_dir
    max_existing = max(map(parse_num, find_suffixes(root, prefix)), default=-1)
                   ^^^^^^^^^^^^^^^^^^^^^^^^^^^^^^^^^^^^^^^^^^^^^^^^^^^^^^^^^^^^
.venv311\Lib\site-packages\_pytest\pathlib.py:188: in extract_suffixes
    for entry in iter:
.venv311\Lib\site-packages\_pytest\pathlib.py:176: in find_prefixed
    for x in os.scandir(root):
             ^^^^^^^^^^^^^^^^
E   PermissionError: [WinError 5] アクセスが拒否されました。: 'C:\\Users\\ynobe\\AppData\\Local\\Temp\\pytest-of-ynobe'
________ ERROR at setup of test_pipeline_runs_draft_critique_synthesis ________
.venv311\Lib\site-packages\_pytest\runner.py:353: in from_call
    result: TResult | None = func()
                             ^^^^^^
.venv311\Lib\site-packages\_pytest\runner.py:245: in <lambda>
    lambda: runtest_hook(item=item, **kwds),
            ^^^^^^^^^^^^^^^^^^^^^^^^^^^^^^^
.venv311\Lib\site-packages\pluggy\_hooks.py:512: in __call__
    return self._hookexec(self.name, self._hookimpls.copy(), kwargs, firstresult)
           ^^^^^^^^^^^^^^^^^^^^^^^^^^^^^^^^^^^^^^^^^^^^^^^^^^^^^^^^^^^^^^^^^^^^^^
.venv311\Lib\site-packages\pluggy\_manager.py:120: in _hookexec
    return self._inner_hookexec(hook_name, methods, kwargs, firstresult)
           ^^^^^^^^^^^^^^^^^^^^^^^^^^^^^^^^^^^^^^^^^^^^^^^^^^^^^^^^^^^^^
.venv311\Lib\site-packages\_pytest\logging.py:843: in pytest_runtest_setup
    yield
.venv311\Lib\site-packages\_pytest\capture.py:895: in pytest_runtest_setup
    return (yield)
            ^^^^^
.venv311\Lib\site-packages\_pytest\runner.py:165: in pytest_runtest_setup
    item.session._setupstate.setup(item)
.venv311\Lib\site-packages\_pytest\runner.py:523: in setup
    col.setup()
.venv311\Lib\site-packages\_pytest\python.py:1723: in setup
    self._request._fillfixtures()
.venv311\Lib\site-packages\_pytest\fixtures.py:707: in _fillfixtures
    item.funcargs[argname] = self.getfixturevalue(argname)
                             ^^^^^^^^^^^^^^^^^^^^^^^^^^^^^
.venv311\Lib\site-packages\_pytest\fixtures.py:539: in getfixturevalue
    fixturedef = self._get_active_fixturedef(argname)
                 ^^^^^^^^^^^^^^^^^^^^^^^^^^^^^^^^^^^^
.venv311\Lib\site-packages\_pytest\fixtures.py:627: in _get_active_fixturedef
    fixturedef.execute(request=subrequest)
.venv311\Lib\site-packages\_pytest\fixtures.py:1110: in execute
    result: FixtureValue = ihook.pytest_fixture_setup(
.venv311\Lib\site-packages\pluggy\_hooks.py:512: in __call__
    return self._hookexec(self.name, self._hookimpls.copy(), kwargs, firstresult)
           ^^^^^^^^^^^^^^^^^^^^^^^^^^^^^^^^^^^^^^^^^^^^^^^^^^^^^^^^^^^^^^^^^^^^^^
.venv311\Lib\site-packages\pluggy\_manager.py:120: in _hookexec
    return self._inner_hookexec(hook_name, methods, kwargs, firstresult)
           ^^^^^^^^^^^^^^^^^^^^^^^^^^^^^^^^^^^^^^^^^^^^^^^^^^^^^^^^^^^^^
.venv311\Lib\site-packages\pluggy\_callers.py:53: in run_old_style_hookwrapper
    return result.get_result()
           ^^^^^^^^^^^^^^^^^^^
.venv311\Lib\site-packages\pluggy\_callers.py:38: in run_old_style_hookwrapper
    res = yield
          ^^^^^
.venv311\Lib\site-packages\_pytest\setuponly.py:36: in pytest_fixture_setup
    return (yield)
            ^^^^^
.venv311\Lib\site-packages\_pytest\fixtures.py:1202: in pytest_fixture_setup
    result = call_fixture_func(fixturefunc, request, kwargs)
             ^^^^^^^^^^^^^^^^^^^^^^^^^^^^^^^^^^^^^^^^^^^^^^^
.venv311\Lib\site-packages\_pytest\fixtures.py:908: in call_fixture_func
    fixture_result = next(generator)
                     ^^^^^^^^^^^^^^^
.venv311\Lib\site-packages\_pytest\tmpdir.py:289: in tmp_path
    path = _mk_tmp(request, tmp_path_factory)
           ^^^^^^^^^^^^^^^^^^^^^^^^^^^^^^^^^^
.venv311\Lib\site-packages\_pytest\tmpdir.py:276: in _mk_tmp
    return factory.mktemp(name, numbered=True)
           ^^^^^^^^^^^^^^^^^^^^^^^^^^^^^^^^^^^
.venv311\Lib\site-packages\_pytest\tmpdir.py:131: in mktemp
    basename = self._ensure_relative_to_basetemp(basename)
               ^^^^^^^^^^^^^^^^^^^^^^^^^^^^^^^^^^^^^^^^^^^
.venv311\Lib\site-packages\_pytest\tmpdir.py:112: in _ensure_relative_to_basetemp
    if (self.getbasetemp() / basename).resolve().parent != self.getbasetemp():
        ^^^^^^^^^^^^^^^^^^
.venv311\Lib\site-packages\_pytest\tmpdir.py:208: in getbasetemp
    basetemp = make_numbered_dir_with_cleanup(
.venv311\Lib\site-packages\_pytest\pathlib.py:407: in make_numbered_dir_with_cleanup
    raise e
.venv311\Lib\site-packages\_pytest\pathlib.py:388: in make_numbered_dir_with_cleanup
    p = make_numbered_dir(root, prefix, mode)
        ^^^^^^^^^^^^^^^^^^^^^^^^^^^^^^^^^^^^^
.venv311\Lib\site-packages\_pytest\pathlib.py:229: in make_numbered_dir
    max_existing = max(map(parse_num, find_suffixes(root, prefix)), default=-1)
                   ^^^^^^^^^^^^^^^^^^^^^^^^^^^^^^^^^^^^^^^^^^^^^^^^^^^^^^^^^^^^
.venv311\Lib\site-packages\_pytest\pathlib.py:188: in extract_suffixes
    for entry in iter:
.venv311\Lib\site-packages\_pytest\pathlib.py:176: in find_prefixed
    for x in os.scandir(root):
             ^^^^^^^^^^^^^^^^
E   PermissionError: [WinError 5] アクセスが拒否されました。: 'C:\\Users\\ynobe\\AppData\\Local\\Temp\\pytest-of-ynobe'
________ ERROR at setup of test_self_consistency_runs_multiple_drafts _________
.venv311\Lib\site-packages\_pytest\runner.py:353: in from_call
    result: TResult | None = func()
                             ^^^^^^
.venv311\Lib\site-packages\_pytest\runner.py:245: in <lambda>
    lambda: runtest_hook(item=item, **kwds),
            ^^^^^^^^^^^^^^^^^^^^^^^^^^^^^^^
.venv311\Lib\site-packages\pluggy\_hooks.py:512: in __call__
    return self._hookexec(self.name, self._hookimpls.copy(), kwargs, firstresult)
           ^^^^^^^^^^^^^^^^^^^^^^^^^^^^^^^^^^^^^^^^^^^^^^^^^^^^^^^^^^^^^^^^^^^^^^
.venv311\Lib\site-packages\pluggy\_manager.py:120: in _hookexec
    return self._inner_hookexec(hook_name, methods, kwargs, firstresult)
           ^^^^^^^^^^^^^^^^^^^^^^^^^^^^^^^^^^^^^^^^^^^^^^^^^^^^^^^^^^^^^
.venv311\Lib\site-packages\_pytest\logging.py:843: in pytest_runtest_setup
    yield
.venv311\Lib\site-packages\_pytest\capture.py:895: in pytest_runtest_setup
    return (yield)
            ^^^^^
.venv311\Lib\site-packages\_pytest\runner.py:165: in pytest_runtest_setup
    item.session._setupstate.setup(item)
.venv311\Lib\site-packages\_pytest\runner.py:523: in setup
    col.setup()
.venv311\Lib\site-packages\_pytest\python.py:1723: in setup
    self._request._fillfixtures()
.venv311\Lib\site-packages\_pytest\fixtures.py:707: in _fillfixtures
    item.funcargs[argname] = self.getfixturevalue(argname)
                             ^^^^^^^^^^^^^^^^^^^^^^^^^^^^^
.venv311\Lib\site-packages\_pytest\fixtures.py:539: in getfixturevalue
    fixturedef = self._get_active_fixturedef(argname)
                 ^^^^^^^^^^^^^^^^^^^^^^^^^^^^^^^^^^^^
.venv311\Lib\site-packages\_pytest\fixtures.py:627: in _get_active_fixturedef
    fixturedef.execute(request=subrequest)
.venv311\Lib\site-packages\_pytest\fixtures.py:1110: in execute
    result: FixtureValue = ihook.pytest_fixture_setup(
.venv311\Lib\site-packages\pluggy\_hooks.py:512: in __call__
    return self._hookexec(self.name, self._hookimpls.copy(), kwargs, firstresult)
           ^^^^^^^^^^^^^^^^^^^^^^^^^^^^^^^^^^^^^^^^^^^^^^^^^^^^^^^^^^^^^^^^^^^^^^
.venv311\Lib\site-packages\pluggy\_manager.py:120: in _hookexec
    return self._inner_hookexec(hook_name, methods, kwargs, firstresult)
           ^^^^^^^^^^^^^^^^^^^^^^^^^^^^^^^^^^^^^^^^^^^^^^^^^^^^^^^^^^^^^
.venv311\Lib\site-packages\pluggy\_callers.py:53: in run_old_style_hookwrapper
    return result.get_result()
           ^^^^^^^^^^^^^^^^^^^
.venv311\Lib\site-packages\pluggy\_callers.py:38: in run_old_style_hookwrapper
    res = yield
          ^^^^^
.venv311\Lib\site-packages\_pytest\setuponly.py:36: in pytest_fixture_setup
    return (yield)
            ^^^^^
.venv311\Lib\site-packages\_pytest\fixtures.py:1202: in pytest_fixture_setup
    result = call_fixture_func(fixturefunc, request, kwargs)
             ^^^^^^^^^^^^^^^^^^^^^^^^^^^^^^^^^^^^^^^^^^^^^^^
.venv311\Lib\site-packages\_pytest\fixtures.py:908: in call_fixture_func
    fixture_result = next(generator)
                     ^^^^^^^^^^^^^^^
.venv311\Lib\site-packages\_pytest\tmpdir.py:289: in tmp_path
    path = _mk_tmp(request, tmp_path_factory)
           ^^^^^^^^^^^^^^^^^^^^^^^^^^^^^^^^^^
.venv311\Lib\site-packages\_pytest\tmpdir.py:276: in _mk_tmp
    return factory.mktemp(name, numbered=True)
           ^^^^^^^^^^^^^^^^^^^^^^^^^^^^^^^^^^^
.venv311\Lib\site-packages\_pytest\tmpdir.py:131: in mktemp
    basename = self._ensure_relative_to_basetemp(basename)
               ^^^^^^^^^^^^^^^^^^^^^^^^^^^^^^^^^^^^^^^^^^^
.venv311\Lib\site-packages\_pytest\tmpdir.py:112: in _ensure_relative_to_basetemp
    if (self.getbasetemp() / basename).resolve().parent != self.getbasetemp():
        ^^^^^^^^^^^^^^^^^^
.venv311\Lib\site-packages\_pytest\tmpdir.py:208: in getbasetemp
    basetemp = make_numbered_dir_with_cleanup(
.venv311\Lib\site-packages\_pytest\pathlib.py:407: in make_numbered_dir_with_cleanup
    raise e
.venv311\Lib\site-packages\_pytest\pathlib.py:388: in make_numbered_dir_with_cleanup
    p = make_numbered_dir(root, prefix, mode)
        ^^^^^^^^^^^^^^^^^^^^^^^^^^^^^^^^^^^^^
.venv311\Lib\site-packages\_pytest\pathlib.py:229: in make_numbered_dir
    max_existing = max(map(parse_num, find_suffixes(root, prefix)), default=-1)
                   ^^^^^^^^^^^^^^^^^^^^^^^^^^^^^^^^^^^^^^^^^^^^^^^^^^^^^^^^^^^^
.venv311\Lib\site-packages\_pytest\pathlib.py:188: in extract_suffixes
    for entry in iter:
.venv311\Lib\site-packages\_pytest\pathlib.py:176: in find_prefixed
    for x in os.scandir(root):
             ^^^^^^^^^^^^^^^^
E   PermissionError: [WinError 5] アクセスが拒否されました。: 'C:\\Users\\ynobe\\AppData\\Local\\Temp\\pytest-of-ynobe'
_____ ERROR at setup of test_build_orchestrator_offline_uses_local_client _____
.venv311\Lib\site-packages\_pytest\runner.py:353: in from_call
    result: TResult | None = func()
                             ^^^^^^
.venv311\Lib\site-packages\_pytest\runner.py:245: in <lambda>
    lambda: runtest_hook(item=item, **kwds),
            ^^^^^^^^^^^^^^^^^^^^^^^^^^^^^^^
.venv311\Lib\site-packages\pluggy\_hooks.py:512: in __call__
    return self._hookexec(self.name, self._hookimpls.copy(), kwargs, firstresult)
           ^^^^^^^^^^^^^^^^^^^^^^^^^^^^^^^^^^^^^^^^^^^^^^^^^^^^^^^^^^^^^^^^^^^^^^
.venv311\Lib\site-packages\pluggy\_manager.py:120: in _hookexec
    return self._inner_hookexec(hook_name, methods, kwargs, firstresult)
           ^^^^^^^^^^^^^^^^^^^^^^^^^^^^^^^^^^^^^^^^^^^^^^^^^^^^^^^^^^^^^
.venv311\Lib\site-packages\_pytest\logging.py:843: in pytest_runtest_setup
    yield
.venv311\Lib\site-packages\_pytest\capture.py:895: in pytest_runtest_setup
    return (yield)
            ^^^^^
.venv311\Lib\site-packages\_pytest\runner.py:165: in pytest_runtest_setup
    item.session._setupstate.setup(item)
.venv311\Lib\site-packages\_pytest\runner.py:523: in setup
    col.setup()
.venv311\Lib\site-packages\_pytest\python.py:1723: in setup
    self._request._fillfixtures()
.venv311\Lib\site-packages\_pytest\fixtures.py:707: in _fillfixtures
    item.funcargs[argname] = self.getfixturevalue(argname)
                             ^^^^^^^^^^^^^^^^^^^^^^^^^^^^^
.venv311\Lib\site-packages\_pytest\fixtures.py:539: in getfixturevalue
    fixturedef = self._get_active_fixturedef(argname)
                 ^^^^^^^^^^^^^^^^^^^^^^^^^^^^^^^^^^^^
.venv311\Lib\site-packages\_pytest\fixtures.py:627: in _get_active_fixturedef
    fixturedef.execute(request=subrequest)
.venv311\Lib\site-packages\_pytest\fixtures.py:1110: in execute
    result: FixtureValue = ihook.pytest_fixture_setup(
.venv311\Lib\site-packages\pluggy\_hooks.py:512: in __call__
    return self._hookexec(self.name, self._hookimpls.copy(), kwargs, firstresult)
           ^^^^^^^^^^^^^^^^^^^^^^^^^^^^^^^^^^^^^^^^^^^^^^^^^^^^^^^^^^^^^^^^^^^^^^
.venv311\Lib\site-packages\pluggy\_manager.py:120: in _hookexec
    return self._inner_hookexec(hook_name, methods, kwargs, firstresult)
           ^^^^^^^^^^^^^^^^^^^^^^^^^^^^^^^^^^^^^^^^^^^^^^^^^^^^^^^^^^^^^
.venv311\Lib\site-packages\pluggy\_callers.py:53: in run_old_style_hookwrapper
    return result.get_result()
           ^^^^^^^^^^^^^^^^^^^
.venv311\Lib\site-packages\pluggy\_callers.py:38: in run_old_style_hookwrapper
    res = yield
          ^^^^^
.venv311\Lib\site-packages\_pytest\setuponly.py:36: in pytest_fixture_setup
    return (yield)
            ^^^^^
.venv311\Lib\site-packages\_pytest\fixtures.py:1202: in pytest_fixture_setup
    result = call_fixture_func(fixturefunc, request, kwargs)
             ^^^^^^^^^^^^^^^^^^^^^^^^^^^^^^^^^^^^^^^^^^^^^^^
.venv311\Lib\site-packages\_pytest\fixtures.py:908: in call_fixture_func
    fixture_result = next(generator)
                     ^^^^^^^^^^^^^^^
.venv311\Lib\site-packages\_pytest\tmpdir.py:289: in tmp_path
    path = _mk_tmp(request, tmp_path_factory)
           ^^^^^^^^^^^^^^^^^^^^^^^^^^^^^^^^^^
.venv311\Lib\site-packages\_pytest\tmpdir.py:276: in _mk_tmp
    return factory.mktemp(name, numbered=True)
           ^^^^^^^^^^^^^^^^^^^^^^^^^^^^^^^^^^^
.venv311\Lib\site-packages\_pytest\tmpdir.py:131: in mktemp
    basename = self._ensure_relative_to_basetemp(basename)
               ^^^^^^^^^^^^^^^^^^^^^^^^^^^^^^^^^^^^^^^^^^^
.venv311\Lib\site-packages\_pytest\tmpdir.py:112: in _ensure_relative_to_basetemp
    if (self.getbasetemp() / basename).resolve().parent != self.getbasetemp():
        ^^^^^^^^^^^^^^^^^^
.venv311\Lib\site-packages\_pytest\tmpdir.py:208: in getbasetemp
    basetemp = make_numbered_dir_with_cleanup(
.venv311\Lib\site-packages\_pytest\pathlib.py:407: in make_numbered_dir_with_cleanup
    raise e
.venv311\Lib\site-packages\_pytest\pathlib.py:388: in make_numbered_dir_with_cleanup
    p = make_numbered_dir(root, prefix, mode)
        ^^^^^^^^^^^^^^^^^^^^^^^^^^^^^^^^^^^^^
.venv311\Lib\site-packages\_pytest\pathlib.py:229: in make_numbered_dir
    max_existing = max(map(parse_num, find_suffixes(root, prefix)), default=-1)
                   ^^^^^^^^^^^^^^^^^^^^^^^^^^^^^^^^^^^^^^^^^^^^^^^^^^^^^^^^^^^^
.venv311\Lib\site-packages\_pytest\pathlib.py:188: in extract_suffixes
    for entry in iter:
.venv311\Lib\site-packages\_pytest\pathlib.py:176: in find_prefixed
    for x in os.scandir(root):
             ^^^^^^^^^^^^^^^^
E   PermissionError: [WinError 5] アクセスが拒否されました。: 'C:\\Users\\ynobe\\AppData\\Local\\Temp\\pytest-of-ynobe'
____ ERROR at setup of test_offline_orchestration_ignores_exhausted_budget ____
.venv311\Lib\site-packages\_pytest\runner.py:353: in from_call
    result: TResult | None = func()
                             ^^^^^^
.venv311\Lib\site-packages\_pytest\runner.py:245: in <lambda>
    lambda: runtest_hook(item=item, **kwds),
            ^^^^^^^^^^^^^^^^^^^^^^^^^^^^^^^
.venv311\Lib\site-packages\pluggy\_hooks.py:512: in __call__
    return self._hookexec(self.name, self._hookimpls.copy(), kwargs, firstresult)
           ^^^^^^^^^^^^^^^^^^^^^^^^^^^^^^^^^^^^^^^^^^^^^^^^^^^^^^^^^^^^^^^^^^^^^^
.venv311\Lib\site-packages\pluggy\_manager.py:120: in _hookexec
    return self._inner_hookexec(hook_name, methods, kwargs, firstresult)
           ^^^^^^^^^^^^^^^^^^^^^^^^^^^^^^^^^^^^^^^^^^^^^^^^^^^^^^^^^^^^^
.venv311\Lib\site-packages\_pytest\logging.py:843: in pytest_runtest_setup
    yield
.venv311\Lib\site-packages\_pytest\capture.py:895: in pytest_runtest_setup
    return (yield)
            ^^^^^
.venv311\Lib\site-packages\_pytest\runner.py:165: in pytest_runtest_setup
    item.session._setupstate.setup(item)
.venv311\Lib\site-packages\_pytest\runner.py:523: in setup
    col.setup()
.venv311\Lib\site-packages\_pytest\python.py:1723: in setup
    self._request._fillfixtures()
.venv311\Lib\site-packages\_pytest\fixtures.py:707: in _fillfixtures
    item.funcargs[argname] = self.getfixturevalue(argname)
                             ^^^^^^^^^^^^^^^^^^^^^^^^^^^^^
.venv311\Lib\site-packages\_pytest\fixtures.py:539: in getfixturevalue
    fixturedef = self._get_active_fixturedef(argname)
                 ^^^^^^^^^^^^^^^^^^^^^^^^^^^^^^^^^^^^
.venv311\Lib\site-packages\_pytest\fixtures.py:627: in _get_active_fixturedef
    fixturedef.execute(request=subrequest)
.venv311\Lib\site-packages\_pytest\fixtures.py:1110: in execute
    result: FixtureValue = ihook.pytest_fixture_setup(
.venv311\Lib\site-packages\pluggy\_hooks.py:512: in __call__
    return self._hookexec(self.name, self._hookimpls.copy(), kwargs, firstresult)
           ^^^^^^^^^^^^^^^^^^^^^^^^^^^^^^^^^^^^^^^^^^^^^^^^^^^^^^^^^^^^^^^^^^^^^^
.venv311\Lib\site-packages\pluggy\_manager.py:120: in _hookexec
    return self._inner_hookexec(hook_name, methods, kwargs, firstresult)
           ^^^^^^^^^^^^^^^^^^^^^^^^^^^^^^^^^^^^^^^^^^^^^^^^^^^^^^^^^^^^^
.venv311\Lib\site-packages\pluggy\_callers.py:53: in run_old_style_hookwrapper
    return result.get_result()
           ^^^^^^^^^^^^^^^^^^^
.venv311\Lib\site-packages\pluggy\_callers.py:38: in run_old_style_hookwrapper
    res = yield
          ^^^^^
.venv311\Lib\site-packages\_pytest\setuponly.py:36: in pytest_fixture_setup
    return (yield)
            ^^^^^
.venv311\Lib\site-packages\_pytest\fixtures.py:1202: in pytest_fixture_setup
    result = call_fixture_func(fixturefunc, request, kwargs)
             ^^^^^^^^^^^^^^^^^^^^^^^^^^^^^^^^^^^^^^^^^^^^^^^
.venv311\Lib\site-packages\_pytest\fixtures.py:908: in call_fixture_func
    fixture_result = next(generator)
                     ^^^^^^^^^^^^^^^
.venv311\Lib\site-packages\_pytest\tmpdir.py:289: in tmp_path
    path = _mk_tmp(request, tmp_path_factory)
           ^^^^^^^^^^^^^^^^^^^^^^^^^^^^^^^^^^
.venv311\Lib\site-packages\_pytest\tmpdir.py:276: in _mk_tmp
    return factory.mktemp(name, numbered=True)
           ^^^^^^^^^^^^^^^^^^^^^^^^^^^^^^^^^^^
.venv311\Lib\site-packages\_pytest\tmpdir.py:131: in mktemp
    basename = self._ensure_relative_to_basetemp(basename)
               ^^^^^^^^^^^^^^^^^^^^^^^^^^^^^^^^^^^^^^^^^^^
.venv311\Lib\site-packages\_pytest\tmpdir.py:112: in _ensure_relative_to_basetemp
    if (self.getbasetemp() / basename).resolve().parent != self.getbasetemp():
        ^^^^^^^^^^^^^^^^^^
.venv311\Lib\site-packages\_pytest\tmpdir.py:208: in getbasetemp
    basetemp = make_numbered_dir_with_cleanup(
.venv311\Lib\site-packages\_pytest\pathlib.py:407: in make_numbered_dir_with_cleanup
    raise e
.venv311\Lib\site-packages\_pytest\pathlib.py:388: in make_numbered_dir_with_cleanup
    p = make_numbered_dir(root, prefix, mode)
        ^^^^^^^^^^^^^^^^^^^^^^^^^^^^^^^^^^^^^
.venv311\Lib\site-packages\_pytest\pathlib.py:229: in make_numbered_dir
    max_existing = max(map(parse_num, find_suffixes(root, prefix)), default=-1)
                   ^^^^^^^^^^^^^^^^^^^^^^^^^^^^^^^^^^^^^^^^^^^^^^^^^^^^^^^^^^^^
.venv311\Lib\site-packages\_pytest\pathlib.py:188: in extract_suffixes
    for entry in iter:
.venv311\Lib\site-packages\_pytest\pathlib.py:176: in find_prefixed
    for x in os.scandir(root):
             ^^^^^^^^^^^^^^^^
E   PermissionError: [WinError 5] アクセスが拒否されました。: 'C:\\Users\\ynobe\\AppData\\Local\\Temp\\pytest-of-ynobe'
_______________ ERROR at setup of test_dividend_missing_columns _______________
.venv311\Lib\site-packages\_pytest\runner.py:353: in from_call
    result: TResult | None = func()
                             ^^^^^^
.venv311\Lib\site-packages\_pytest\runner.py:245: in <lambda>
    lambda: runtest_hook(item=item, **kwds),
            ^^^^^^^^^^^^^^^^^^^^^^^^^^^^^^^
.venv311\Lib\site-packages\pluggy\_hooks.py:512: in __call__
    return self._hookexec(self.name, self._hookimpls.copy(), kwargs, firstresult)
           ^^^^^^^^^^^^^^^^^^^^^^^^^^^^^^^^^^^^^^^^^^^^^^^^^^^^^^^^^^^^^^^^^^^^^^
.venv311\Lib\site-packages\pluggy\_manager.py:120: in _hookexec
    return self._inner_hookexec(hook_name, methods, kwargs, firstresult)
           ^^^^^^^^^^^^^^^^^^^^^^^^^^^^^^^^^^^^^^^^^^^^^^^^^^^^^^^^^^^^^
.venv311\Lib\site-packages\_pytest\logging.py:843: in pytest_runtest_setup
    yield
.venv311\Lib\site-packages\_pytest\capture.py:895: in pytest_runtest_setup
    return (yield)
            ^^^^^
.venv311\Lib\site-packages\_pytest\runner.py:165: in pytest_runtest_setup
    item.session._setupstate.setup(item)
.venv311\Lib\site-packages\_pytest\runner.py:523: in setup
    col.setup()
.venv311\Lib\site-packages\_pytest\python.py:1723: in setup
    self._request._fillfixtures()
.venv311\Lib\site-packages\_pytest\fixtures.py:707: in _fillfixtures
    item.funcargs[argname] = self.getfixturevalue(argname)
                             ^^^^^^^^^^^^^^^^^^^^^^^^^^^^^
.venv311\Lib\site-packages\_pytest\fixtures.py:539: in getfixturevalue
    fixturedef = self._get_active_fixturedef(argname)
                 ^^^^^^^^^^^^^^^^^^^^^^^^^^^^^^^^^^^^
.venv311\Lib\site-packages\_pytest\fixtures.py:627: in _get_active_fixturedef
    fixturedef.execute(request=subrequest)
.venv311\Lib\site-packages\_pytest\fixtures.py:1110: in execute
    result: FixtureValue = ihook.pytest_fixture_setup(
.venv311\Lib\site-packages\pluggy\_hooks.py:512: in __call__
    return self._hookexec(self.name, self._hookimpls.copy(), kwargs, firstresult)
           ^^^^^^^^^^^^^^^^^^^^^^^^^^^^^^^^^^^^^^^^^^^^^^^^^^^^^^^^^^^^^^^^^^^^^^
.venv311\Lib\site-packages\pluggy\_manager.py:120: in _hookexec
    return self._inner_hookexec(hook_name, methods, kwargs, firstresult)
           ^^^^^^^^^^^^^^^^^^^^^^^^^^^^^^^^^^^^^^^^^^^^^^^^^^^^^^^^^^^^^
.venv311\Lib\site-packages\pluggy\_callers.py:53: in run_old_style_hookwrapper
    return result.get_result()
           ^^^^^^^^^^^^^^^^^^^
.venv311\Lib\site-packages\pluggy\_callers.py:38: in run_old_style_hookwrapper
    res = yield
          ^^^^^
.venv311\Lib\site-packages\_pytest\setuponly.py:36: in pytest_fixture_setup
    return (yield)
            ^^^^^
.venv311\Lib\site-packages\_pytest\fixtures.py:1202: in pytest_fixture_setup
    result = call_fixture_func(fixturefunc, request, kwargs)
             ^^^^^^^^^^^^^^^^^^^^^^^^^^^^^^^^^^^^^^^^^^^^^^^
.venv311\Lib\site-packages\_pytest\fixtures.py:908: in call_fixture_func
    fixture_result = next(generator)
                     ^^^^^^^^^^^^^^^
.venv311\Lib\site-packages\_pytest\tmpdir.py:289: in tmp_path
    path = _mk_tmp(request, tmp_path_factory)
           ^^^^^^^^^^^^^^^^^^^^^^^^^^^^^^^^^^
.venv311\Lib\site-packages\_pytest\tmpdir.py:276: in _mk_tmp
    return factory.mktemp(name, numbered=True)
           ^^^^^^^^^^^^^^^^^^^^^^^^^^^^^^^^^^^
.venv311\Lib\site-packages\_pytest\tmpdir.py:131: in mktemp
    basename = self._ensure_relative_to_basetemp(basename)
               ^^^^^^^^^^^^^^^^^^^^^^^^^^^^^^^^^^^^^^^^^^^
.venv311\Lib\site-packages\_pytest\tmpdir.py:112: in _ensure_relative_to_basetemp
    if (self.getbasetemp() / basename).resolve().parent != self.getbasetemp():
        ^^^^^^^^^^^^^^^^^^
.venv311\Lib\site-packages\_pytest\tmpdir.py:208: in getbasetemp
    basetemp = make_numbered_dir_with_cleanup(
.venv311\Lib\site-packages\_pytest\pathlib.py:407: in make_numbered_dir_with_cleanup
    raise e
.venv311\Lib\site-packages\_pytest\pathlib.py:388: in make_numbered_dir_with_cleanup
    p = make_numbered_dir(root, prefix, mode)
        ^^^^^^^^^^^^^^^^^^^^^^^^^^^^^^^^^^^^^
.venv311\Lib\site-packages\_pytest\pathlib.py:229: in make_numbered_dir
    max_existing = max(map(parse_num, find_suffixes(root, prefix)), default=-1)
                   ^^^^^^^^^^^^^^^^^^^^^^^^^^^^^^^^^^^^^^^^^^^^^^^^^^^^^^^^^^^^
.venv311\Lib\site-packages\_pytest\pathlib.py:188: in extract_suffixes
    for entry in iter:
.venv311\Lib\site-packages\_pytest\pathlib.py:176: in find_prefixed
    for x in os.scandir(root):
             ^^^^^^^^^^^^^^^^
E   PermissionError: [WinError 5] アクセスが拒否されました。: 'C:\\Users\\ynobe\\AppData\\Local\\Temp\\pytest-of-ynobe'
_____________ ERROR at setup of test_performance_rejects_negative _____________
.venv311\Lib\site-packages\_pytest\runner.py:353: in from_call
    result: TResult | None = func()
                             ^^^^^^
.venv311\Lib\site-packages\_pytest\runner.py:245: in <lambda>
    lambda: runtest_hook(item=item, **kwds),
            ^^^^^^^^^^^^^^^^^^^^^^^^^^^^^^^
.venv311\Lib\site-packages\pluggy\_hooks.py:512: in __call__
    return self._hookexec(self.name, self._hookimpls.copy(), kwargs, firstresult)
           ^^^^^^^^^^^^^^^^^^^^^^^^^^^^^^^^^^^^^^^^^^^^^^^^^^^^^^^^^^^^^^^^^^^^^^
.venv311\Lib\site-packages\pluggy\_manager.py:120: in _hookexec
    return self._inner_hookexec(hook_name, methods, kwargs, firstresult)
           ^^^^^^^^^^^^^^^^^^^^^^^^^^^^^^^^^^^^^^^^^^^^^^^^^^^^^^^^^^^^^
.venv311\Lib\site-packages\_pytest\logging.py:843: in pytest_runtest_setup
    yield
.venv311\Lib\site-packages\_pytest\capture.py:895: in pytest_runtest_setup
    return (yield)
            ^^^^^
.venv311\Lib\site-packages\_pytest\runner.py:165: in pytest_runtest_setup
    item.session._setupstate.setup(item)
.venv311\Lib\site-packages\_pytest\runner.py:523: in setup
    col.setup()
.venv311\Lib\site-packages\_pytest\python.py:1723: in setup
    self._request._fillfixtures()
.venv311\Lib\site-packages\_pytest\fixtures.py:707: in _fillfixtures
    item.funcargs[argname] = self.getfixturevalue(argname)
                             ^^^^^^^^^^^^^^^^^^^^^^^^^^^^^
.venv311\Lib\site-packages\_pytest\fixtures.py:539: in getfixturevalue
    fixturedef = self._get_active_fixturedef(argname)
                 ^^^^^^^^^^^^^^^^^^^^^^^^^^^^^^^^^^^^
.venv311\Lib\site-packages\_pytest\fixtures.py:627: in _get_active_fixturedef
    fixturedef.execute(request=subrequest)
.venv311\Lib\site-packages\_pytest\fixtures.py:1110: in execute
    result: FixtureValue = ihook.pytest_fixture_setup(
.venv311\Lib\site-packages\pluggy\_hooks.py:512: in __call__
    return self._hookexec(self.name, self._hookimpls.copy(), kwargs, firstresult)
           ^^^^^^^^^^^^^^^^^^^^^^^^^^^^^^^^^^^^^^^^^^^^^^^^^^^^^^^^^^^^^^^^^^^^^^
.venv311\Lib\site-packages\pluggy\_manager.py:120: in _hookexec
    return self._inner_hookexec(hook_name, methods, kwargs, firstresult)
           ^^^^^^^^^^^^^^^^^^^^^^^^^^^^^^^^^^^^^^^^^^^^^^^^^^^^^^^^^^^^^
.venv311\Lib\site-packages\pluggy\_callers.py:53: in run_old_style_hookwrapper
    return result.get_result()
           ^^^^^^^^^^^^^^^^^^^
.venv311\Lib\site-packages\pluggy\_callers.py:38: in run_old_style_hookwrapper
    res = yield
          ^^^^^
.venv311\Lib\site-packages\_pytest\setuponly.py:36: in pytest_fixture_setup
    return (yield)
            ^^^^^
.venv311\Lib\site-packages\_pytest\fixtures.py:1202: in pytest_fixture_setup
    result = call_fixture_func(fixturefunc, request, kwargs)
             ^^^^^^^^^^^^^^^^^^^^^^^^^^^^^^^^^^^^^^^^^^^^^^^
.venv311\Lib\site-packages\_pytest\fixtures.py:908: in call_fixture_func
    fixture_result = next(generator)
                     ^^^^^^^^^^^^^^^
.venv311\Lib\site-packages\_pytest\tmpdir.py:289: in tmp_path
    path = _mk_tmp(request, tmp_path_factory)
           ^^^^^^^^^^^^^^^^^^^^^^^^^^^^^^^^^^
.venv311\Lib\site-packages\_pytest\tmpdir.py:276: in _mk_tmp
    return factory.mktemp(name, numbered=True)
           ^^^^^^^^^^^^^^^^^^^^^^^^^^^^^^^^^^^
.venv311\Lib\site-packages\_pytest\tmpdir.py:131: in mktemp
    basename = self._ensure_relative_to_basetemp(basename)
               ^^^^^^^^^^^^^^^^^^^^^^^^^^^^^^^^^^^^^^^^^^^
.venv311\Lib\site-packages\_pytest\tmpdir.py:112: in _ensure_relative_to_basetemp
    if (self.getbasetemp() / basename).resolve().parent != self.getbasetemp():
        ^^^^^^^^^^^^^^^^^^
.venv311\Lib\site-packages\_pytest\tmpdir.py:208: in getbasetemp
    basetemp = make_numbered_dir_with_cleanup(
.venv311\Lib\site-packages\_pytest\pathlib.py:407: in make_numbered_dir_with_cleanup
    raise e
.venv311\Lib\site-packages\_pytest\pathlib.py:388: in make_numbered_dir_with_cleanup
    p = make_numbered_dir(root, prefix, mode)
        ^^^^^^^^^^^^^^^^^^^^^^^^^^^^^^^^^^^^^
.venv311\Lib\site-packages\_pytest\pathlib.py:229: in make_numbered_dir
    max_existing = max(map(parse_num, find_suffixes(root, prefix)), default=-1)
                   ^^^^^^^^^^^^^^^^^^^^^^^^^^^^^^^^^^^^^^^^^^^^^^^^^^^^^^^^^^^^
.venv311\Lib\site-packages\_pytest\pathlib.py:188: in extract_suffixes
    for entry in iter:
.venv311\Lib\site-packages\_pytest\pathlib.py:176: in find_prefixed
    for x in os.scandir(root):
             ^^^^^^^^^^^^^^^^
E   PermissionError: [WinError 5] アクセスが拒否されました。: 'C:\\Users\\ynobe\\AppData\\Local\\Temp\\pytest-of-ynobe'
___ ERROR at setup of test_simulate_conservative_below_latest_with_history ____
.venv311\Lib\site-packages\_pytest\runner.py:353: in from_call
    result: TResult | None = func()
                             ^^^^^^
.venv311\Lib\site-packages\_pytest\runner.py:245: in <lambda>
    lambda: runtest_hook(item=item, **kwds),
            ^^^^^^^^^^^^^^^^^^^^^^^^^^^^^^^
.venv311\Lib\site-packages\pluggy\_hooks.py:512: in __call__
    return self._hookexec(self.name, self._hookimpls.copy(), kwargs, firstresult)
           ^^^^^^^^^^^^^^^^^^^^^^^^^^^^^^^^^^^^^^^^^^^^^^^^^^^^^^^^^^^^^^^^^^^^^^
.venv311\Lib\site-packages\pluggy\_manager.py:120: in _hookexec
    return self._inner_hookexec(hook_name, methods, kwargs, firstresult)
           ^^^^^^^^^^^^^^^^^^^^^^^^^^^^^^^^^^^^^^^^^^^^^^^^^^^^^^^^^^^^^
.venv311\Lib\site-packages\_pytest\logging.py:843: in pytest_runtest_setup
    yield
.venv311\Lib\site-packages\_pytest\capture.py:895: in pytest_runtest_setup
    return (yield)
            ^^^^^
.venv311\Lib\site-packages\_pytest\runner.py:165: in pytest_runtest_setup
    item.session._setupstate.setup(item)
.venv311\Lib\site-packages\_pytest\runner.py:523: in setup
    col.setup()
.venv311\Lib\site-packages\_pytest\python.py:1723: in setup
    self._request._fillfixtures()
.venv311\Lib\site-packages\_pytest\fixtures.py:707: in _fillfixtures
    item.funcargs[argname] = self.getfixturevalue(argname)
                             ^^^^^^^^^^^^^^^^^^^^^^^^^^^^^
.venv311\Lib\site-packages\_pytest\fixtures.py:539: in getfixturevalue
    fixturedef = self._get_active_fixturedef(argname)
                 ^^^^^^^^^^^^^^^^^^^^^^^^^^^^^^^^^^^^
.venv311\Lib\site-packages\_pytest\fixtures.py:627: in _get_active_fixturedef
    fixturedef.execute(request=subrequest)
.venv311\Lib\site-packages\_pytest\fixtures.py:1110: in execute
    result: FixtureValue = ihook.pytest_fixture_setup(
.venv311\Lib\site-packages\pluggy\_hooks.py:512: in __call__
    return self._hookexec(self.name, self._hookimpls.copy(), kwargs, firstresult)
           ^^^^^^^^^^^^^^^^^^^^^^^^^^^^^^^^^^^^^^^^^^^^^^^^^^^^^^^^^^^^^^^^^^^^^^
.venv311\Lib\site-packages\pluggy\_manager.py:120: in _hookexec
    return self._inner_hookexec(hook_name, methods, kwargs, firstresult)
           ^^^^^^^^^^^^^^^^^^^^^^^^^^^^^^^^^^^^^^^^^^^^^^^^^^^^^^^^^^^^^
.venv311\Lib\site-packages\pluggy\_callers.py:53: in run_old_style_hookwrapper
    return result.get_result()
           ^^^^^^^^^^^^^^^^^^^
.venv311\Lib\site-packages\pluggy\_callers.py:38: in run_old_style_hookwrapper
    res = yield
          ^^^^^
.venv311\Lib\site-packages\_pytest\setuponly.py:36: in pytest_fixture_setup
    return (yield)
            ^^^^^
.venv311\Lib\site-packages\_pytest\fixtures.py:1202: in pytest_fixture_setup
    result = call_fixture_func(fixturefunc, request, kwargs)
             ^^^^^^^^^^^^^^^^^^^^^^^^^^^^^^^^^^^^^^^^^^^^^^^
.venv311\Lib\site-packages\_pytest\fixtures.py:908: in call_fixture_func
    fixture_result = next(generator)
                     ^^^^^^^^^^^^^^^
.venv311\Lib\site-packages\_pytest\tmpdir.py:289: in tmp_path
    path = _mk_tmp(request, tmp_path_factory)
           ^^^^^^^^^^^^^^^^^^^^^^^^^^^^^^^^^^
.venv311\Lib\site-packages\_pytest\tmpdir.py:276: in _mk_tmp
    return factory.mktemp(name, numbered=True)
           ^^^^^^^^^^^^^^^^^^^^^^^^^^^^^^^^^^^
.venv311\Lib\site-packages\_pytest\tmpdir.py:131: in mktemp
    basename = self._ensure_relative_to_basetemp(basename)
               ^^^^^^^^^^^^^^^^^^^^^^^^^^^^^^^^^^^^^^^^^^^
.venv311\Lib\site-packages\_pytest\tmpdir.py:112: in _ensure_relative_to_basetemp
    if (self.getbasetemp() / basename).resolve().parent != self.getbasetemp():
        ^^^^^^^^^^^^^^^^^^
.venv311\Lib\site-packages\_pytest\tmpdir.py:208: in getbasetemp
    basetemp = make_numbered_dir_with_cleanup(
.venv311\Lib\site-packages\_pytest\pathlib.py:407: in make_numbered_dir_with_cleanup
    raise e
.venv311\Lib\site-packages\_pytest\pathlib.py:388: in make_numbered_dir_with_cleanup
    p = make_numbered_dir(root, prefix, mode)
        ^^^^^^^^^^^^^^^^^^^^^^^^^^^^^^^^^^^^^
.venv311\Lib\site-packages\_pytest\pathlib.py:229: in make_numbered_dir
    max_existing = max(map(parse_num, find_suffixes(root, prefix)), default=-1)
                   ^^^^^^^^^^^^^^^^^^^^^^^^^^^^^^^^^^^^^^^^^^^^^^^^^^^^^^^^^^^^
.venv311\Lib\site-packages\_pytest\pathlib.py:188: in extract_suffixes
    for entry in iter:
.venv311\Lib\site-packages\_pytest\pathlib.py:176: in find_prefixed
    for x in os.scandir(root):
             ^^^^^^^^^^^^^^^^
E   PermissionError: [WinError 5] アクセスが拒否されました。: 'C:\\Users\\ynobe\\AppData\\Local\\Temp\\pytest-of-ynobe'
____________ ERROR at setup of test_build_universe_sorts_by_safety ____________
.venv311\Lib\site-packages\_pytest\runner.py:353: in from_call
    result: TResult | None = func()
                             ^^^^^^
.venv311\Lib\site-packages\_pytest\runner.py:245: in <lambda>
    lambda: runtest_hook(item=item, **kwds),
            ^^^^^^^^^^^^^^^^^^^^^^^^^^^^^^^
.venv311\Lib\site-packages\pluggy\_hooks.py:512: in __call__
    return self._hookexec(self.name, self._hookimpls.copy(), kwargs, firstresult)
           ^^^^^^^^^^^^^^^^^^^^^^^^^^^^^^^^^^^^^^^^^^^^^^^^^^^^^^^^^^^^^^^^^^^^^^
.venv311\Lib\site-packages\pluggy\_manager.py:120: in _hookexec
    return self._inner_hookexec(hook_name, methods, kwargs, firstresult)
           ^^^^^^^^^^^^^^^^^^^^^^^^^^^^^^^^^^^^^^^^^^^^^^^^^^^^^^^^^^^^^
.venv311\Lib\site-packages\_pytest\logging.py:843: in pytest_runtest_setup
    yield
.venv311\Lib\site-packages\_pytest\capture.py:895: in pytest_runtest_setup
    return (yield)
            ^^^^^
.venv311\Lib\site-packages\_pytest\runner.py:165: in pytest_runtest_setup
    item.session._setupstate.setup(item)
.venv311\Lib\site-packages\_pytest\runner.py:523: in setup
    col.setup()
.venv311\Lib\site-packages\_pytest\python.py:1723: in setup
    self._request._fillfixtures()
.venv311\Lib\site-packages\_pytest\fixtures.py:707: in _fillfixtures
    item.funcargs[argname] = self.getfixturevalue(argname)
                             ^^^^^^^^^^^^^^^^^^^^^^^^^^^^^
.venv311\Lib\site-packages\_pytest\fixtures.py:539: in getfixturevalue
    fixturedef = self._get_active_fixturedef(argname)
                 ^^^^^^^^^^^^^^^^^^^^^^^^^^^^^^^^^^^^
.venv311\Lib\site-packages\_pytest\fixtures.py:627: in _get_active_fixturedef
    fixturedef.execute(request=subrequest)
.venv311\Lib\site-packages\_pytest\fixtures.py:1110: in execute
    result: FixtureValue = ihook.pytest_fixture_setup(
.venv311\Lib\site-packages\pluggy\_hooks.py:512: in __call__
    return self._hookexec(self.name, self._hookimpls.copy(), kwargs, firstresult)
           ^^^^^^^^^^^^^^^^^^^^^^^^^^^^^^^^^^^^^^^^^^^^^^^^^^^^^^^^^^^^^^^^^^^^^^
.venv311\Lib\site-packages\pluggy\_manager.py:120: in _hookexec
    return self._inner_hookexec(hook_name, methods, kwargs, firstresult)
           ^^^^^^^^^^^^^^^^^^^^^^^^^^^^^^^^^^^^^^^^^^^^^^^^^^^^^^^^^^^^^
.venv311\Lib\site-packages\pluggy\_callers.py:53: in run_old_style_hookwrapper
    return result.get_result()
           ^^^^^^^^^^^^^^^^^^^
.venv311\Lib\site-packages\pluggy\_callers.py:38: in run_old_style_hookwrapper
    res = yield
          ^^^^^
.venv311\Lib\site-packages\_pytest\setuponly.py:36: in pytest_fixture_setup
    return (yield)
            ^^^^^
.venv311\Lib\site-packages\_pytest\fixtures.py:1202: in pytest_fixture_setup
    result = call_fixture_func(fixturefunc, request, kwargs)
             ^^^^^^^^^^^^^^^^^^^^^^^^^^^^^^^^^^^^^^^^^^^^^^^
.venv311\Lib\site-packages\_pytest\fixtures.py:908: in call_fixture_func
    fixture_result = next(generator)
                     ^^^^^^^^^^^^^^^
.venv311\Lib\site-packages\_pytest\tmpdir.py:289: in tmp_path
    path = _mk_tmp(request, tmp_path_factory)
           ^^^^^^^^^^^^^^^^^^^^^^^^^^^^^^^^^^
.venv311\Lib\site-packages\_pytest\tmpdir.py:276: in _mk_tmp
    return factory.mktemp(name, numbered=True)
           ^^^^^^^^^^^^^^^^^^^^^^^^^^^^^^^^^^^
.venv311\Lib\site-packages\_pytest\tmpdir.py:131: in mktemp
    basename = self._ensure_relative_to_basetemp(basename)
               ^^^^^^^^^^^^^^^^^^^^^^^^^^^^^^^^^^^^^^^^^^^
.venv311\Lib\site-packages\_pytest\tmpdir.py:112: in _ensure_relative_to_basetemp
    if (self.getbasetemp() / basename).resolve().parent != self.getbasetemp():
        ^^^^^^^^^^^^^^^^^^
.venv311\Lib\site-packages\_pytest\tmpdir.py:208: in getbasetemp
    basetemp = make_numbered_dir_with_cleanup(
.venv311\Lib\site-packages\_pytest\pathlib.py:407: in make_numbered_dir_with_cleanup
    raise e
.venv311\Lib\site-packages\_pytest\pathlib.py:388: in make_numbered_dir_with_cleanup
    p = make_numbered_dir(root, prefix, mode)
        ^^^^^^^^^^^^^^^^^^^^^^^^^^^^^^^^^^^^^
.venv311\Lib\site-packages\_pytest\pathlib.py:229: in make_numbered_dir
    max_existing = max(map(parse_num, find_suffixes(root, prefix)), default=-1)
                   ^^^^^^^^^^^^^^^^^^^^^^^^^^^^^^^^^^^^^^^^^^^^^^^^^^^^^^^^^^^^
.venv311\Lib\site-packages\_pytest\pathlib.py:188: in extract_suffixes
    for entry in iter:
.venv311\Lib\site-packages\_pytest\pathlib.py:176: in find_prefixed
    for x in os.scandir(root):
             ^^^^^^^^^^^^^^^^
E   PermissionError: [WinError 5] アクセスが拒否されました。: 'C:\\Users\\ynobe\\AppData\\Local\\Temp\\pytest-of-ynobe'
_____ ERROR at setup of test_rag_store_replaces_existing_document_chunks ______
.venv311\Lib\site-packages\_pytest\runner.py:353: in from_call
    result: TResult | None = func()
                             ^^^^^^
.venv311\Lib\site-packages\_pytest\runner.py:245: in <lambda>
    lambda: runtest_hook(item=item, **kwds),
            ^^^^^^^^^^^^^^^^^^^^^^^^^^^^^^^
.venv311\Lib\site-packages\pluggy\_hooks.py:512: in __call__
    return self._hookexec(self.name, self._hookimpls.copy(), kwargs, firstresult)
           ^^^^^^^^^^^^^^^^^^^^^^^^^^^^^^^^^^^^^^^^^^^^^^^^^^^^^^^^^^^^^^^^^^^^^^
.venv311\Lib\site-packages\pluggy\_manager.py:120: in _hookexec
    return self._inner_hookexec(hook_name, methods, kwargs, firstresult)
           ^^^^^^^^^^^^^^^^^^^^^^^^^^^^^^^^^^^^^^^^^^^^^^^^^^^^^^^^^^^^^
.venv311\Lib\site-packages\_pytest\logging.py:843: in pytest_runtest_setup
    yield
.venv311\Lib\site-packages\_pytest\capture.py:895: in pytest_runtest_setup
    return (yield)
            ^^^^^
.venv311\Lib\site-packages\_pytest\runner.py:165: in pytest_runtest_setup
    item.session._setupstate.setup(item)
.venv311\Lib\site-packages\_pytest\runner.py:523: in setup
    col.setup()
.venv311\Lib\site-packages\_pytest\python.py:1723: in setup
    self._request._fillfixtures()
.venv311\Lib\site-packages\_pytest\fixtures.py:707: in _fillfixtures
    item.funcargs[argname] = self.getfixturevalue(argname)
                             ^^^^^^^^^^^^^^^^^^^^^^^^^^^^^
.venv311\Lib\site-packages\_pytest\fixtures.py:539: in getfixturevalue
    fixturedef = self._get_active_fixturedef(argname)
                 ^^^^^^^^^^^^^^^^^^^^^^^^^^^^^^^^^^^^
.venv311\Lib\site-packages\_pytest\fixtures.py:627: in _get_active_fixturedef
    fixturedef.execute(request=subrequest)
.venv311\Lib\site-packages\_pytest\fixtures.py:1110: in execute
    result: FixtureValue = ihook.pytest_fixture_setup(
.venv311\Lib\site-packages\pluggy\_hooks.py:512: in __call__
    return self._hookexec(self.name, self._hookimpls.copy(), kwargs, firstresult)
           ^^^^^^^^^^^^^^^^^^^^^^^^^^^^^^^^^^^^^^^^^^^^^^^^^^^^^^^^^^^^^^^^^^^^^^
.venv311\Lib\site-packages\pluggy\_manager.py:120: in _hookexec
    return self._inner_hookexec(hook_name, methods, kwargs, firstresult)
           ^^^^^^^^^^^^^^^^^^^^^^^^^^^^^^^^^^^^^^^^^^^^^^^^^^^^^^^^^^^^^
.venv311\Lib\site-packages\pluggy\_callers.py:53: in run_old_style_hookwrapper
    return result.get_result()
           ^^^^^^^^^^^^^^^^^^^
.venv311\Lib\site-packages\pluggy\_callers.py:38: in run_old_style_hookwrapper
    res = yield
          ^^^^^
.venv311\Lib\site-packages\_pytest\setuponly.py:36: in pytest_fixture_setup
    return (yield)
            ^^^^^
.venv311\Lib\site-packages\_pytest\fixtures.py:1202: in pytest_fixture_setup
    result = call_fixture_func(fixturefunc, request, kwargs)
             ^^^^^^^^^^^^^^^^^^^^^^^^^^^^^^^^^^^^^^^^^^^^^^^
.venv311\Lib\site-packages\_pytest\fixtures.py:908: in call_fixture_func
    fixture_result = next(generator)
                     ^^^^^^^^^^^^^^^
.venv311\Lib\site-packages\_pytest\tmpdir.py:289: in tmp_path
    path = _mk_tmp(request, tmp_path_factory)
           ^^^^^^^^^^^^^^^^^^^^^^^^^^^^^^^^^^
.venv311\Lib\site-packages\_pytest\tmpdir.py:276: in _mk_tmp
    return factory.mktemp(name, numbered=True)
           ^^^^^^^^^^^^^^^^^^^^^^^^^^^^^^^^^^^
.venv311\Lib\site-packages\_pytest\tmpdir.py:131: in mktemp
    basename = self._ensure_relative_to_basetemp(basename)
               ^^^^^^^^^^^^^^^^^^^^^^^^^^^^^^^^^^^^^^^^^^^
.venv311\Lib\site-packages\_pytest\tmpdir.py:112: in _ensure_relative_to_basetemp
    if (self.getbasetemp() / basename).resolve().parent != self.getbasetemp():
        ^^^^^^^^^^^^^^^^^^
.venv311\Lib\site-packages\_pytest\tmpdir.py:208: in getbasetemp
    basetemp = make_numbered_dir_with_cleanup(
.venv311\Lib\site-packages\_pytest\pathlib.py:407: in make_numbered_dir_with_cleanup
    raise e
.venv311\Lib\site-packages\_pytest\pathlib.py:388: in make_numbered_dir_with_cleanup
    p = make_numbered_dir(root, prefix, mode)
        ^^^^^^^^^^^^^^^^^^^^^^^^^^^^^^^^^^^^^
.venv311\Lib\site-packages\_pytest\pathlib.py:229: in make_numbered_dir
    max_existing = max(map(parse_num, find_suffixes(root, prefix)), default=-1)
                   ^^^^^^^^^^^^^^^^^^^^^^^^^^^^^^^^^^^^^^^^^^^^^^^^^^^^^^^^^^^^
.venv311\Lib\site-packages\_pytest\pathlib.py:188: in extract_suffixes
    for entry in iter:
.venv311\Lib\site-packages\_pytest\pathlib.py:176: in find_prefixed
    for x in os.scandir(root):
             ^^^^^^^^^^^^^^^^
E   PermissionError: [WinError 5] アクセスが拒否されました。: 'C:\\Users\\ynobe\\AppData\\Local\\Temp\\pytest-of-ynobe'
_______ ERROR at setup of test_search_chunks_scores_and_limits_results ________
.venv311\Lib\site-packages\_pytest\runner.py:353: in from_call
    result: TResult | None = func()
                             ^^^^^^
.venv311\Lib\site-packages\_pytest\runner.py:245: in <lambda>
    lambda: runtest_hook(item=item, **kwds),
            ^^^^^^^^^^^^^^^^^^^^^^^^^^^^^^^
.venv311\Lib\site-packages\pluggy\_hooks.py:512: in __call__
    return self._hookexec(self.name, self._hookimpls.copy(), kwargs, firstresult)
           ^^^^^^^^^^^^^^^^^^^^^^^^^^^^^^^^^^^^^^^^^^^^^^^^^^^^^^^^^^^^^^^^^^^^^^
.venv311\Lib\site-packages\pluggy\_manager.py:120: in _hookexec
    return self._inner_hookexec(hook_name, methods, kwargs, firstresult)
           ^^^^^^^^^^^^^^^^^^^^^^^^^^^^^^^^^^^^^^^^^^^^^^^^^^^^^^^^^^^^^
.venv311\Lib\site-packages\_pytest\logging.py:843: in pytest_runtest_setup
    yield
.venv311\Lib\site-packages\_pytest\capture.py:895: in pytest_runtest_setup
    return (yield)
            ^^^^^
.venv311\Lib\site-packages\_pytest\runner.py:165: in pytest_runtest_setup
    item.session._setupstate.setup(item)
.venv311\Lib\site-packages\_pytest\runner.py:523: in setup
    col.setup()
.venv311\Lib\site-packages\_pytest\python.py:1723: in setup
    self._request._fillfixtures()
.venv311\Lib\site-packages\_pytest\fixtures.py:707: in _fillfixtures
    item.funcargs[argname] = self.getfixturevalue(argname)
                             ^^^^^^^^^^^^^^^^^^^^^^^^^^^^^
.venv311\Lib\site-packages\_pytest\fixtures.py:539: in getfixturevalue
    fixturedef = self._get_active_fixturedef(argname)
                 ^^^^^^^^^^^^^^^^^^^^^^^^^^^^^^^^^^^^
.venv311\Lib\site-packages\_pytest\fixtures.py:627: in _get_active_fixturedef
    fixturedef.execute(request=subrequest)
.venv311\Lib\site-packages\_pytest\fixtures.py:1110: in execute
    result: FixtureValue = ihook.pytest_fixture_setup(
.venv311\Lib\site-packages\pluggy\_hooks.py:512: in __call__
    return self._hookexec(self.name, self._hookimpls.copy(), kwargs, firstresult)
           ^^^^^^^^^^^^^^^^^^^^^^^^^^^^^^^^^^^^^^^^^^^^^^^^^^^^^^^^^^^^^^^^^^^^^^
.venv311\Lib\site-packages\pluggy\_manager.py:120: in _hookexec
    return self._inner_hookexec(hook_name, methods, kwargs, firstresult)
           ^^^^^^^^^^^^^^^^^^^^^^^^^^^^^^^^^^^^^^^^^^^^^^^^^^^^^^^^^^^^^
.venv311\Lib\site-packages\pluggy\_callers.py:53: in run_old_style_hookwrapper
    return result.get_result()
           ^^^^^^^^^^^^^^^^^^^
.venv311\Lib\site-packages\pluggy\_callers.py:38: in run_old_style_hookwrapper
    res = yield
          ^^^^^
.venv311\Lib\site-packages\_pytest\setuponly.py:36: in pytest_fixture_setup
    return (yield)
            ^^^^^
.venv311\Lib\site-packages\_pytest\fixtures.py:1202: in pytest_fixture_setup
    result = call_fixture_func(fixturefunc, request, kwargs)
             ^^^^^^^^^^^^^^^^^^^^^^^^^^^^^^^^^^^^^^^^^^^^^^^
.venv311\Lib\site-packages\_pytest\fixtures.py:908: in call_fixture_func
    fixture_result = next(generator)
                     ^^^^^^^^^^^^^^^
.venv311\Lib\site-packages\_pytest\tmpdir.py:289: in tmp_path
    path = _mk_tmp(request, tmp_path_factory)
           ^^^^^^^^^^^^^^^^^^^^^^^^^^^^^^^^^^
.venv311\Lib\site-packages\_pytest\tmpdir.py:276: in _mk_tmp
    return factory.mktemp(name, numbered=True)
           ^^^^^^^^^^^^^^^^^^^^^^^^^^^^^^^^^^^
.venv311\Lib\site-packages\_pytest\tmpdir.py:131: in mktemp
    basename = self._ensure_relative_to_basetemp(basename)
               ^^^^^^^^^^^^^^^^^^^^^^^^^^^^^^^^^^^^^^^^^^^
.venv311\Lib\site-packages\_pytest\tmpdir.py:112: in _ensure_relative_to_basetemp
    if (self.getbasetemp() / basename).resolve().parent != self.getbasetemp():
        ^^^^^^^^^^^^^^^^^^
.venv311\Lib\site-packages\_pytest\tmpdir.py:208: in getbasetemp
    basetemp = make_numbered_dir_with_cleanup(
.venv311\Lib\site-packages\_pytest\pathlib.py:407: in make_numbered_dir_with_cleanup
    raise e
.venv311\Lib\site-packages\_pytest\pathlib.py:388: in make_numbered_dir_with_cleanup
    p = make_numbered_dir(root, prefix, mode)
        ^^^^^^^^^^^^^^^^^^^^^^^^^^^^^^^^^^^^^
.venv311\Lib\site-packages\_pytest\pathlib.py:229: in make_numbered_dir
    max_existing = max(map(parse_num, find_suffixes(root, prefix)), default=-1)
                   ^^^^^^^^^^^^^^^^^^^^^^^^^^^^^^^^^^^^^^^^^^^^^^^^^^^^^^^^^^^^
.venv311\Lib\site-packages\_pytest\pathlib.py:188: in extract_suffixes
    for entry in iter:
.venv311\Lib\site-packages\_pytest\pathlib.py:176: in find_prefixed
    for x in os.scandir(root):
             ^^^^^^^^^^^^^^^^
E   PermissionError: [WinError 5] アクセスが拒否されました。: 'C:\\Users\\ynobe\\AppData\\Local\\Temp\\pytest-of-ynobe'
________ ERROR at setup of test_build_answer_context_formats_citations ________
.venv311\Lib\site-packages\_pytest\runner.py:353: in from_call
    result: TResult | None = func()
                             ^^^^^^
.venv311\Lib\site-packages\_pytest\runner.py:245: in <lambda>
    lambda: runtest_hook(item=item, **kwds),
            ^^^^^^^^^^^^^^^^^^^^^^^^^^^^^^^
.venv311\Lib\site-packages\pluggy\_hooks.py:512: in __call__
    return self._hookexec(self.name, self._hookimpls.copy(), kwargs, firstresult)
           ^^^^^^^^^^^^^^^^^^^^^^^^^^^^^^^^^^^^^^^^^^^^^^^^^^^^^^^^^^^^^^^^^^^^^^
.venv311\Lib\site-packages\pluggy\_manager.py:120: in _hookexec
    return self._inner_hookexec(hook_name, methods, kwargs, firstresult)
           ^^^^^^^^^^^^^^^^^^^^^^^^^^^^^^^^^^^^^^^^^^^^^^^^^^^^^^^^^^^^^
.venv311\Lib\site-packages\_pytest\logging.py:843: in pytest_runtest_setup
    yield
.venv311\Lib\site-packages\_pytest\capture.py:895: in pytest_runtest_setup
    return (yield)
            ^^^^^
.venv311\Lib\site-packages\_pytest\runner.py:165: in pytest_runtest_setup
    item.session._setupstate.setup(item)
.venv311\Lib\site-packages\_pytest\runner.py:523: in setup
    col.setup()
.venv311\Lib\site-packages\_pytest\python.py:1723: in setup
    self._request._fillfixtures()
.venv311\Lib\site-packages\_pytest\fixtures.py:707: in _fillfixtures
    item.funcargs[argname] = self.getfixturevalue(argname)
                             ^^^^^^^^^^^^^^^^^^^^^^^^^^^^^
.venv311\Lib\site-packages\_pytest\fixtures.py:539: in getfixturevalue
    fixturedef = self._get_active_fixturedef(argname)
                 ^^^^^^^^^^^^^^^^^^^^^^^^^^^^^^^^^^^^
.venv311\Lib\site-packages\_pytest\fixtures.py:627: in _get_active_fixturedef
    fixturedef.execute(request=subrequest)
.venv311\Lib\site-packages\_pytest\fixtures.py:1110: in execute
    result: FixtureValue = ihook.pytest_fixture_setup(
.venv311\Lib\site-packages\pluggy\_hooks.py:512: in __call__
    return self._hookexec(self.name, self._hookimpls.copy(), kwargs, firstresult)
           ^^^^^^^^^^^^^^^^^^^^^^^^^^^^^^^^^^^^^^^^^^^^^^^^^^^^^^^^^^^^^^^^^^^^^^
.venv311\Lib\site-packages\pluggy\_manager.py:120: in _hookexec
    return self._inner_hookexec(hook_name, methods, kwargs, firstresult)
           ^^^^^^^^^^^^^^^^^^^^^^^^^^^^^^^^^^^^^^^^^^^^^^^^^^^^^^^^^^^^^
.venv311\Lib\site-packages\pluggy\_callers.py:53: in run_old_style_hookwrapper
    return result.get_result()
           ^^^^^^^^^^^^^^^^^^^
.venv311\Lib\site-packages\pluggy\_callers.py:38: in run_old_style_hookwrapper
    res = yield
          ^^^^^
.venv311\Lib\site-packages\_pytest\setuponly.py:36: in pytest_fixture_setup
    return (yield)
            ^^^^^
.venv311\Lib\site-packages\_pytest\fixtures.py:1202: in pytest_fixture_setup
    result = call_fixture_func(fixturefunc, request, kwargs)
             ^^^^^^^^^^^^^^^^^^^^^^^^^^^^^^^^^^^^^^^^^^^^^^^
.venv311\Lib\site-packages\_pytest\fixtures.py:908: in call_fixture_func
    fixture_result = next(generator)
                     ^^^^^^^^^^^^^^^
.venv311\Lib\site-packages\_pytest\tmpdir.py:289: in tmp_path
    path = _mk_tmp(request, tmp_path_factory)
           ^^^^^^^^^^^^^^^^^^^^^^^^^^^^^^^^^^
.venv311\Lib\site-packages\_pytest\tmpdir.py:276: in _mk_tmp
    return factory.mktemp(name, numbered=True)
           ^^^^^^^^^^^^^^^^^^^^^^^^^^^^^^^^^^^
.venv311\Lib\site-packages\_pytest\tmpdir.py:131: in mktemp
    basename = self._ensure_relative_to_basetemp(basename)
               ^^^^^^^^^^^^^^^^^^^^^^^^^^^^^^^^^^^^^^^^^^^
.venv311\Lib\site-packages\_pytest\tmpdir.py:112: in _ensure_relative_to_basetemp
    if (self.getbasetemp() / basename).resolve().parent != self.getbasetemp():
        ^^^^^^^^^^^^^^^^^^
.venv311\Lib\site-packages\_pytest\tmpdir.py:208: in getbasetemp
    basetemp = make_numbered_dir_with_cleanup(
.venv311\Lib\site-packages\_pytest\pathlib.py:407: in make_numbered_dir_with_cleanup
    raise e
.venv311\Lib\site-packages\_pytest\pathlib.py:388: in make_numbered_dir_with_cleanup
    p = make_numbered_dir(root, prefix, mode)
        ^^^^^^^^^^^^^^^^^^^^^^^^^^^^^^^^^^^^^
.venv311\Lib\site-packages\_pytest\pathlib.py:229: in make_numbered_dir
    max_existing = max(map(parse_num, find_suffixes(root, prefix)), default=-1)
                   ^^^^^^^^^^^^^^^^^^^^^^^^^^^^^^^^^^^^^^^^^^^^^^^^^^^^^^^^^^^^
.venv311\Lib\site-packages\_pytest\pathlib.py:188: in extract_suffixes
    for entry in iter:
.venv311\Lib\site-packages\_pytest\pathlib.py:176: in find_prefixed
    for x in os.scandir(root):
             ^^^^^^^^^^^^^^^^
E   PermissionError: [WinError 5] アクセスが拒否されました。: 'C:\\Users\\ynobe\\AppData\\Local\\Temp\\pytest-of-ynobe'
_ ERROR at setup of test_run_rag_index_dir_indexes_supported_files_recursively _
.venv311\Lib\site-packages\_pytest\runner.py:353: in from_call
    result: TResult | None = func()
                             ^^^^^^
.venv311\Lib\site-packages\_pytest\runner.py:245: in <lambda>
    lambda: runtest_hook(item=item, **kwds),
            ^^^^^^^^^^^^^^^^^^^^^^^^^^^^^^^
.venv311\Lib\site-packages\pluggy\_hooks.py:512: in __call__
    return self._hookexec(self.name, self._hookimpls.copy(), kwargs, firstresult)
           ^^^^^^^^^^^^^^^^^^^^^^^^^^^^^^^^^^^^^^^^^^^^^^^^^^^^^^^^^^^^^^^^^^^^^^
.venv311\Lib\site-packages\pluggy\_manager.py:120: in _hookexec
    return self._inner_hookexec(hook_name, methods, kwargs, firstresult)
           ^^^^^^^^^^^^^^^^^^^^^^^^^^^^^^^^^^^^^^^^^^^^^^^^^^^^^^^^^^^^^
.venv311\Lib\site-packages\_pytest\logging.py:843: in pytest_runtest_setup
    yield
.venv311\Lib\site-packages\_pytest\capture.py:895: in pytest_runtest_setup
    return (yield)
            ^^^^^
.venv311\Lib\site-packages\_pytest\runner.py:165: in pytest_runtest_setup
    item.session._setupstate.setup(item)
.venv311\Lib\site-packages\_pytest\runner.py:523: in setup
    col.setup()
.venv311\Lib\site-packages\_pytest\python.py:1723: in setup
    self._request._fillfixtures()
.venv311\Lib\site-packages\_pytest\fixtures.py:707: in _fillfixtures
    item.funcargs[argname] = self.getfixturevalue(argname)
                             ^^^^^^^^^^^^^^^^^^^^^^^^^^^^^
.venv311\Lib\site-packages\_pytest\fixtures.py:539: in getfixturevalue
    fixturedef = self._get_active_fixturedef(argname)
                 ^^^^^^^^^^^^^^^^^^^^^^^^^^^^^^^^^^^^
.venv311\Lib\site-packages\_pytest\fixtures.py:627: in _get_active_fixturedef
    fixturedef.execute(request=subrequest)
.venv311\Lib\site-packages\_pytest\fixtures.py:1110: in execute
    result: FixtureValue = ihook.pytest_fixture_setup(
.venv311\Lib\site-packages\pluggy\_hooks.py:512: in __call__
    return self._hookexec(self.name, self._hookimpls.copy(), kwargs, firstresult)
           ^^^^^^^^^^^^^^^^^^^^^^^^^^^^^^^^^^^^^^^^^^^^^^^^^^^^^^^^^^^^^^^^^^^^^^
.venv311\Lib\site-packages\pluggy\_manager.py:120: in _hookexec
    return self._inner_hookexec(hook_name, methods, kwargs, firstresult)
           ^^^^^^^^^^^^^^^^^^^^^^^^^^^^^^^^^^^^^^^^^^^^^^^^^^^^^^^^^^^^^
.venv311\Lib\site-packages\pluggy\_callers.py:53: in run_old_style_hookwrapper
    return result.get_result()
           ^^^^^^^^^^^^^^^^^^^
.venv311\Lib\site-packages\pluggy\_callers.py:38: in run_old_style_hookwrapper
    res = yield
          ^^^^^
.venv311\Lib\site-packages\_pytest\setuponly.py:36: in pytest_fixture_setup
    return (yield)
            ^^^^^
.venv311\Lib\site-packages\_pytest\fixtures.py:1202: in pytest_fixture_setup
    result = call_fixture_func(fixturefunc, request, kwargs)
             ^^^^^^^^^^^^^^^^^^^^^^^^^^^^^^^^^^^^^^^^^^^^^^^
.venv311\Lib\site-packages\_pytest\fixtures.py:908: in call_fixture_func
    fixture_result = next(generator)
                     ^^^^^^^^^^^^^^^
.venv311\Lib\site-packages\_pytest\tmpdir.py:289: in tmp_path
    path = _mk_tmp(request, tmp_path_factory)
           ^^^^^^^^^^^^^^^^^^^^^^^^^^^^^^^^^^
.venv311\Lib\site-packages\_pytest\tmpdir.py:276: in _mk_tmp
    return factory.mktemp(name, numbered=True)
           ^^^^^^^^^^^^^^^^^^^^^^^^^^^^^^^^^^^
.venv311\Lib\site-packages\_pytest\tmpdir.py:131: in mktemp
    basename = self._ensure_relative_to_basetemp(basename)
               ^^^^^^^^^^^^^^^^^^^^^^^^^^^^^^^^^^^^^^^^^^^
.venv311\Lib\site-packages\_pytest\tmpdir.py:112: in _ensure_relative_to_basetemp
    if (self.getbasetemp() / basename).resolve().parent != self.getbasetemp():
        ^^^^^^^^^^^^^^^^^^
.venv311\Lib\site-packages\_pytest\tmpdir.py:208: in getbasetemp
    basetemp = make_numbered_dir_with_cleanup(
.venv311\Lib\site-packages\_pytest\pathlib.py:407: in make_numbered_dir_with_cleanup
    raise e
.venv311\Lib\site-packages\_pytest\pathlib.py:388: in make_numbered_dir_with_cleanup
    p = make_numbered_dir(root, prefix, mode)
        ^^^^^^^^^^^^^^^^^^^^^^^^^^^^^^^^^^^^^
.venv311\Lib\site-packages\_pytest\pathlib.py:229: in make_numbered_dir
    max_existing = max(map(parse_num, find_suffixes(root, prefix)), default=-1)
                   ^^^^^^^^^^^^^^^^^^^^^^^^^^^^^^^^^^^^^^^^^^^^^^^^^^^^^^^^^^^^
.venv311\Lib\site-packages\_pytest\pathlib.py:188: in extract_suffixes
    for entry in iter:
.venv311\Lib\site-packages\_pytest\pathlib.py:176: in find_prefixed
    for x in os.scandir(root):
             ^^^^^^^^^^^^^^^^
E   PermissionError: [WinError 5] アクセスが拒否されました。: 'C:\\Users\\ynobe\\AppData\\Local\\Temp\\pytest-of-ynobe'
______ ERROR at setup of test_run_rag_index_dir_handles_empty_directory _______
.venv311\Lib\site-packages\_pytest\runner.py:353: in from_call
    result: TResult | None = func()
                             ^^^^^^
.venv311\Lib\site-packages\_pytest\runner.py:245: in <lambda>
    lambda: runtest_hook(item=item, **kwds),
            ^^^^^^^^^^^^^^^^^^^^^^^^^^^^^^^
.venv311\Lib\site-packages\pluggy\_hooks.py:512: in __call__
    return self._hookexec(self.name, self._hookimpls.copy(), kwargs, firstresult)
           ^^^^^^^^^^^^^^^^^^^^^^^^^^^^^^^^^^^^^^^^^^^^^^^^^^^^^^^^^^^^^^^^^^^^^^
.venv311\Lib\site-packages\pluggy\_manager.py:120: in _hookexec
    return self._inner_hookexec(hook_name, methods, kwargs, firstresult)
           ^^^^^^^^^^^^^^^^^^^^^^^^^^^^^^^^^^^^^^^^^^^^^^^^^^^^^^^^^^^^^
.venv311\Lib\site-packages\_pytest\logging.py:843: in pytest_runtest_setup
    yield
.venv311\Lib\site-packages\_pytest\capture.py:895: in pytest_runtest_setup
    return (yield)
            ^^^^^
.venv311\Lib\site-packages\_pytest\runner.py:165: in pytest_runtest_setup
    item.session._setupstate.setup(item)
.venv311\Lib\site-packages\_pytest\runner.py:523: in setup
    col.setup()
.venv311\Lib\site-packages\_pytest\python.py:1723: in setup
    self._request._fillfixtures()
.venv311\Lib\site-packages\_pytest\fixtures.py:707: in _fillfixtures
    item.funcargs[argname] = self.getfixturevalue(argname)
                             ^^^^^^^^^^^^^^^^^^^^^^^^^^^^^
.venv311\Lib\site-packages\_pytest\fixtures.py:539: in getfixturevalue
    fixturedef = self._get_active_fixturedef(argname)
                 ^^^^^^^^^^^^^^^^^^^^^^^^^^^^^^^^^^^^
.venv311\Lib\site-packages\_pytest\fixtures.py:627: in _get_active_fixturedef
    fixturedef.execute(request=subrequest)
.venv311\Lib\site-packages\_pytest\fixtures.py:1110: in execute
    result: FixtureValue = ihook.pytest_fixture_setup(
.venv311\Lib\site-packages\pluggy\_hooks.py:512: in __call__
    return self._hookexec(self.name, self._hookimpls.copy(), kwargs, firstresult)
           ^^^^^^^^^^^^^^^^^^^^^^^^^^^^^^^^^^^^^^^^^^^^^^^^^^^^^^^^^^^^^^^^^^^^^^
.venv311\Lib\site-packages\pluggy\_manager.py:120: in _hookexec
    return self._inner_hookexec(hook_name, methods, kwargs, firstresult)
           ^^^^^^^^^^^^^^^^^^^^^^^^^^^^^^^^^^^^^^^^^^^^^^^^^^^^^^^^^^^^^
.venv311\Lib\site-packages\pluggy\_callers.py:53: in run_old_style_hookwrapper
    return result.get_result()
           ^^^^^^^^^^^^^^^^^^^
.venv311\Lib\site-packages\pluggy\_callers.py:38: in run_old_style_hookwrapper
    res = yield
          ^^^^^
.venv311\Lib\site-packages\_pytest\setuponly.py:36: in pytest_fixture_setup
    return (yield)
            ^^^^^
.venv311\Lib\site-packages\_pytest\fixtures.py:1202: in pytest_fixture_setup
    result = call_fixture_func(fixturefunc, request, kwargs)
             ^^^^^^^^^^^^^^^^^^^^^^^^^^^^^^^^^^^^^^^^^^^^^^^
.venv311\Lib\site-packages\_pytest\fixtures.py:908: in call_fixture_func
    fixture_result = next(generator)
                     ^^^^^^^^^^^^^^^
.venv311\Lib\site-packages\_pytest\tmpdir.py:289: in tmp_path
    path = _mk_tmp(request, tmp_path_factory)
           ^^^^^^^^^^^^^^^^^^^^^^^^^^^^^^^^^^
.venv311\Lib\site-packages\_pytest\tmpdir.py:276: in _mk_tmp
    return factory.mktemp(name, numbered=True)
           ^^^^^^^^^^^^^^^^^^^^^^^^^^^^^^^^^^^
.venv311\Lib\site-packages\_pytest\tmpdir.py:131: in mktemp
    basename = self._ensure_relative_to_basetemp(basename)
               ^^^^^^^^^^^^^^^^^^^^^^^^^^^^^^^^^^^^^^^^^^^
.venv311\Lib\site-packages\_pytest\tmpdir.py:112: in _ensure_relative_to_basetemp
    if (self.getbasetemp() / basename).resolve().parent != self.getbasetemp():
        ^^^^^^^^^^^^^^^^^^
.venv311\Lib\site-packages\_pytest\tmpdir.py:208: in getbasetemp
    basetemp = make_numbered_dir_with_cleanup(
.venv311\Lib\site-packages\_pytest\pathlib.py:407: in make_numbered_dir_with_cleanup
    raise e
.venv311\Lib\site-packages\_pytest\pathlib.py:388: in make_numbered_dir_with_cleanup
    p = make_numbered_dir(root, prefix, mode)
        ^^^^^^^^^^^^^^^^^^^^^^^^^^^^^^^^^^^^^
.venv311\Lib\site-packages\_pytest\pathlib.py:229: in make_numbered_dir
    max_existing = max(map(parse_num, find_suffixes(root, prefix)), default=-1)
                   ^^^^^^^^^^^^^^^^^^^^^^^^^^^^^^^^^^^^^^^^^^^^^^^^^^^^^^^^^^^^
.venv311\Lib\site-packages\_pytest\pathlib.py:188: in extract_suffixes
    for entry in iter:
.venv311\Lib\site-packages\_pytest\pathlib.py:176: in find_prefixed
    for x in os.scandir(root):
             ^^^^^^^^^^^^^^^^
E   PermissionError: [WinError 5] アクセスが拒否されました。: 'C:\\Users\\ynobe\\AppData\\Local\\Temp\\pytest-of-ynobe'
_____ ERROR at setup of test_load_document_extracts_front_matter_metadata _____
.venv311\Lib\site-packages\_pytest\runner.py:353: in from_call
    result: TResult | None = func()
                             ^^^^^^
.venv311\Lib\site-packages\_pytest\runner.py:245: in <lambda>
    lambda: runtest_hook(item=item, **kwds),
            ^^^^^^^^^^^^^^^^^^^^^^^^^^^^^^^
.venv311\Lib\site-packages\pluggy\_hooks.py:512: in __call__
    return self._hookexec(self.name, self._hookimpls.copy(), kwargs, firstresult)
           ^^^^^^^^^^^^^^^^^^^^^^^^^^^^^^^^^^^^^^^^^^^^^^^^^^^^^^^^^^^^^^^^^^^^^^
.venv311\Lib\site-packages\pluggy\_manager.py:120: in _hookexec
    return self._inner_hookexec(hook_name, methods, kwargs, firstresult)
           ^^^^^^^^^^^^^^^^^^^^^^^^^^^^^^^^^^^^^^^^^^^^^^^^^^^^^^^^^^^^^
.venv311\Lib\site-packages\_pytest\logging.py:843: in pytest_runtest_setup
    yield
.venv311\Lib\site-packages\_pytest\capture.py:895: in pytest_runtest_setup
    return (yield)
            ^^^^^
.venv311\Lib\site-packages\_pytest\runner.py:165: in pytest_runtest_setup
    item.session._setupstate.setup(item)
.venv311\Lib\site-packages\_pytest\runner.py:523: in setup
    col.setup()
.venv311\Lib\site-packages\_pytest\python.py:1723: in setup
    self._request._fillfixtures()
.venv311\Lib\site-packages\_pytest\fixtures.py:707: in _fillfixtures
    item.funcargs[argname] = self.getfixturevalue(argname)
                             ^^^^^^^^^^^^^^^^^^^^^^^^^^^^^
.venv311\Lib\site-packages\_pytest\fixtures.py:539: in getfixturevalue
    fixturedef = self._get_active_fixturedef(argname)
                 ^^^^^^^^^^^^^^^^^^^^^^^^^^^^^^^^^^^^
.venv311\Lib\site-packages\_pytest\fixtures.py:627: in _get_active_fixturedef
    fixturedef.execute(request=subrequest)
.venv311\Lib\site-packages\_pytest\fixtures.py:1110: in execute
    result: FixtureValue = ihook.pytest_fixture_setup(
.venv311\Lib\site-packages\pluggy\_hooks.py:512: in __call__
    return self._hookexec(self.name, self._hookimpls.copy(), kwargs, firstresult)
           ^^^^^^^^^^^^^^^^^^^^^^^^^^^^^^^^^^^^^^^^^^^^^^^^^^^^^^^^^^^^^^^^^^^^^^
.venv311\Lib\site-packages\pluggy\_manager.py:120: in _hookexec
    return self._inner_hookexec(hook_name, methods, kwargs, firstresult)
           ^^^^^^^^^^^^^^^^^^^^^^^^^^^^^^^^^^^^^^^^^^^^^^^^^^^^^^^^^^^^^
.venv311\Lib\site-packages\pluggy\_callers.py:53: in run_old_style_hookwrapper
    return result.get_result()
           ^^^^^^^^^^^^^^^^^^^
.venv311\Lib\site-packages\pluggy\_callers.py:38: in run_old_style_hookwrapper
    res = yield
          ^^^^^
.venv311\Lib\site-packages\_pytest\setuponly.py:36: in pytest_fixture_setup
    return (yield)
            ^^^^^
.venv311\Lib\site-packages\_pytest\fixtures.py:1202: in pytest_fixture_setup
    result = call_fixture_func(fixturefunc, request, kwargs)
             ^^^^^^^^^^^^^^^^^^^^^^^^^^^^^^^^^^^^^^^^^^^^^^^
.venv311\Lib\site-packages\_pytest\fixtures.py:908: in call_fixture_func
    fixture_result = next(generator)
                     ^^^^^^^^^^^^^^^
.venv311\Lib\site-packages\_pytest\tmpdir.py:289: in tmp_path
    path = _mk_tmp(request, tmp_path_factory)
           ^^^^^^^^^^^^^^^^^^^^^^^^^^^^^^^^^^
.venv311\Lib\site-packages\_pytest\tmpdir.py:276: in _mk_tmp
    return factory.mktemp(name, numbered=True)
           ^^^^^^^^^^^^^^^^^^^^^^^^^^^^^^^^^^^
.venv311\Lib\site-packages\_pytest\tmpdir.py:131: in mktemp
    basename = self._ensure_relative_to_basetemp(basename)
               ^^^^^^^^^^^^^^^^^^^^^^^^^^^^^^^^^^^^^^^^^^^
.venv311\Lib\site-packages\_pytest\tmpdir.py:112: in _ensure_relative_to_basetemp
    if (self.getbasetemp() / basename).resolve().parent != self.getbasetemp():
        ^^^^^^^^^^^^^^^^^^
.venv311\Lib\site-packages\_pytest\tmpdir.py:208: in getbasetemp
    basetemp = make_numbered_dir_with_cleanup(
.venv311\Lib\site-packages\_pytest\pathlib.py:407: in make_numbered_dir_with_cleanup
    raise e
.venv311\Lib\site-packages\_pytest\pathlib.py:388: in make_numbered_dir_with_cleanup
    p = make_numbered_dir(root, prefix, mode)
        ^^^^^^^^^^^^^^^^^^^^^^^^^^^^^^^^^^^^^
.venv311\Lib\site-packages\_pytest\pathlib.py:229: in make_numbered_dir
    max_existing = max(map(parse_num, find_suffixes(root, prefix)), default=-1)
                   ^^^^^^^^^^^^^^^^^^^^^^^^^^^^^^^^^^^^^^^^^^^^^^^^^^^^^^^^^^^^
.venv311\Lib\site-packages\_pytest\pathlib.py:188: in extract_suffixes
    for entry in iter:
.venv311\Lib\site-packages\_pytest\pathlib.py:176: in find_prefixed
    for x in os.scandir(root):
             ^^^^^^^^^^^^^^^^
E   PermissionError: [WinError 5] アクセスが拒否されました。: 'C:\\Users\\ynobe\\AppData\\Local\\Temp\\pytest-of-ynobe'
_ ERROR at setup of test_search_results_include_front_matter_metadata_in_context _
.venv311\Lib\site-packages\_pytest\runner.py:353: in from_call
    result: TResult | None = func()
                             ^^^^^^
.venv311\Lib\site-packages\_pytest\runner.py:245: in <lambda>
    lambda: runtest_hook(item=item, **kwds),
            ^^^^^^^^^^^^^^^^^^^^^^^^^^^^^^^
.venv311\Lib\site-packages\pluggy\_hooks.py:512: in __call__
    return self._hookexec(self.name, self._hookimpls.copy(), kwargs, firstresult)
           ^^^^^^^^^^^^^^^^^^^^^^^^^^^^^^^^^^^^^^^^^^^^^^^^^^^^^^^^^^^^^^^^^^^^^^
.venv311\Lib\site-packages\pluggy\_manager.py:120: in _hookexec
    return self._inner_hookexec(hook_name, methods, kwargs, firstresult)
           ^^^^^^^^^^^^^^^^^^^^^^^^^^^^^^^^^^^^^^^^^^^^^^^^^^^^^^^^^^^^^
.venv311\Lib\site-packages\_pytest\logging.py:843: in pytest_runtest_setup
    yield
.venv311\Lib\site-packages\_pytest\capture.py:895: in pytest_runtest_setup
    return (yield)
            ^^^^^
.venv311\Lib\site-packages\_pytest\runner.py:165: in pytest_runtest_setup
    item.session._setupstate.setup(item)
.venv311\Lib\site-packages\_pytest\runner.py:523: in setup
    col.setup()
.venv311\Lib\site-packages\_pytest\python.py:1723: in setup
    self._request._fillfixtures()
.venv311\Lib\site-packages\_pytest\fixtures.py:707: in _fillfixtures
    item.funcargs[argname] = self.getfixturevalue(argname)
                             ^^^^^^^^^^^^^^^^^^^^^^^^^^^^^
.venv311\Lib\site-packages\_pytest\fixtures.py:539: in getfixturevalue
    fixturedef = self._get_active_fixturedef(argname)
                 ^^^^^^^^^^^^^^^^^^^^^^^^^^^^^^^^^^^^
.venv311\Lib\site-packages\_pytest\fixtures.py:627: in _get_active_fixturedef
    fixturedef.execute(request=subrequest)
.venv311\Lib\site-packages\_pytest\fixtures.py:1110: in execute
    result: FixtureValue = ihook.pytest_fixture_setup(
.venv311\Lib\site-packages\pluggy\_hooks.py:512: in __call__
    return self._hookexec(self.name, self._hookimpls.copy(), kwargs, firstresult)
           ^^^^^^^^^^^^^^^^^^^^^^^^^^^^^^^^^^^^^^^^^^^^^^^^^^^^^^^^^^^^^^^^^^^^^^
.venv311\Lib\site-packages\pluggy\_manager.py:120: in _hookexec
    return self._inner_hookexec(hook_name, methods, kwargs, firstresult)
           ^^^^^^^^^^^^^^^^^^^^^^^^^^^^^^^^^^^^^^^^^^^^^^^^^^^^^^^^^^^^^
.venv311\Lib\site-packages\pluggy\_callers.py:53: in run_old_style_hookwrapper
    return result.get_result()
           ^^^^^^^^^^^^^^^^^^^
.venv311\Lib\site-packages\pluggy\_callers.py:38: in run_old_style_hookwrapper
    res = yield
          ^^^^^
.venv311\Lib\site-packages\_pytest\setuponly.py:36: in pytest_fixture_setup
    return (yield)
            ^^^^^
.venv311\Lib\site-packages\_pytest\fixtures.py:1202: in pytest_fixture_setup
    result = call_fixture_func(fixturefunc, request, kwargs)
             ^^^^^^^^^^^^^^^^^^^^^^^^^^^^^^^^^^^^^^^^^^^^^^^
.venv311\Lib\site-packages\_pytest\fixtures.py:908: in call_fixture_func
    fixture_result = next(generator)
                     ^^^^^^^^^^^^^^^
.venv311\Lib\site-packages\_pytest\tmpdir.py:289: in tmp_path
    path = _mk_tmp(request, tmp_path_factory)
           ^^^^^^^^^^^^^^^^^^^^^^^^^^^^^^^^^^
.venv311\Lib\site-packages\_pytest\tmpdir.py:276: in _mk_tmp
    return factory.mktemp(name, numbered=True)
           ^^^^^^^^^^^^^^^^^^^^^^^^^^^^^^^^^^^
.venv311\Lib\site-packages\_pytest\tmpdir.py:131: in mktemp
    basename = self._ensure_relative_to_basetemp(basename)
               ^^^^^^^^^^^^^^^^^^^^^^^^^^^^^^^^^^^^^^^^^^^
.venv311\Lib\site-packages\_pytest\tmpdir.py:112: in _ensure_relative_to_basetemp
    if (self.getbasetemp() / basename).resolve().parent != self.getbasetemp():
        ^^^^^^^^^^^^^^^^^^
.venv311\Lib\site-packages\_pytest\tmpdir.py:208: in getbasetemp
    basetemp = make_numbered_dir_with_cleanup(
.venv311\Lib\site-packages\_pytest\pathlib.py:407: in make_numbered_dir_with_cleanup
    raise e
.venv311\Lib\site-packages\_pytest\pathlib.py:388: in make_numbered_dir_with_cleanup
    p = make_numbered_dir(root, prefix, mode)
        ^^^^^^^^^^^^^^^^^^^^^^^^^^^^^^^^^^^^^
.venv311\Lib\site-packages\_pytest\pathlib.py:229: in make_numbered_dir
    max_existing = max(map(parse_num, find_suffixes(root, prefix)), default=-1)
                   ^^^^^^^^^^^^^^^^^^^^^^^^^^^^^^^^^^^^^^^^^^^^^^^^^^^^^^^^^^^^
.venv311\Lib\site-packages\_pytest\pathlib.py:188: in extract_suffixes
    for entry in iter:
.venv311\Lib\site-packages\_pytest\pathlib.py:176: in find_prefixed
    for x in os.scandir(root):
             ^^^^^^^^^^^^^^^^
E   PermissionError: [WinError 5] アクセスが拒否されました。: 'C:\\Users\\ynobe\\AppData\\Local\\Temp\\pytest-of-ynobe'
_________ ERROR at setup of test_store_records_embedder_name_on_index _________
.venv311\Lib\site-packages\_pytest\runner.py:353: in from_call
    result: TResult | None = func()
                             ^^^^^^
.venv311\Lib\site-packages\_pytest\runner.py:245: in <lambda>
    lambda: runtest_hook(item=item, **kwds),
            ^^^^^^^^^^^^^^^^^^^^^^^^^^^^^^^
.venv311\Lib\site-packages\pluggy\_hooks.py:512: in __call__
    return self._hookexec(self.name, self._hookimpls.copy(), kwargs, firstresult)
           ^^^^^^^^^^^^^^^^^^^^^^^^^^^^^^^^^^^^^^^^^^^^^^^^^^^^^^^^^^^^^^^^^^^^^^
.venv311\Lib\site-packages\pluggy\_manager.py:120: in _hookexec
    return self._inner_hookexec(hook_name, methods, kwargs, firstresult)
           ^^^^^^^^^^^^^^^^^^^^^^^^^^^^^^^^^^^^^^^^^^^^^^^^^^^^^^^^^^^^^
.venv311\Lib\site-packages\_pytest\logging.py:843: in pytest_runtest_setup
    yield
.venv311\Lib\site-packages\_pytest\capture.py:895: in pytest_runtest_setup
    return (yield)
            ^^^^^
.venv311\Lib\site-packages\_pytest\runner.py:165: in pytest_runtest_setup
    item.session._setupstate.setup(item)
.venv311\Lib\site-packages\_pytest\runner.py:523: in setup
    col.setup()
.venv311\Lib\site-packages\_pytest\python.py:1723: in setup
    self._request._fillfixtures()
.venv311\Lib\site-packages\_pytest\fixtures.py:707: in _fillfixtures
    item.funcargs[argname] = self.getfixturevalue(argname)
                             ^^^^^^^^^^^^^^^^^^^^^^^^^^^^^
.venv311\Lib\site-packages\_pytest\fixtures.py:539: in getfixturevalue
    fixturedef = self._get_active_fixturedef(argname)
                 ^^^^^^^^^^^^^^^^^^^^^^^^^^^^^^^^^^^^
.venv311\Lib\site-packages\_pytest\fixtures.py:627: in _get_active_fixturedef
    fixturedef.execute(request=subrequest)
.venv311\Lib\site-packages\_pytest\fixtures.py:1110: in execute
    result: FixtureValue = ihook.pytest_fixture_setup(
.venv311\Lib\site-packages\pluggy\_hooks.py:512: in __call__
    return self._hookexec(self.name, self._hookimpls.copy(), kwargs, firstresult)
           ^^^^^^^^^^^^^^^^^^^^^^^^^^^^^^^^^^^^^^^^^^^^^^^^^^^^^^^^^^^^^^^^^^^^^^
.venv311\Lib\site-packages\pluggy\_manager.py:120: in _hookexec
    return self._inner_hookexec(hook_name, methods, kwargs, firstresult)
           ^^^^^^^^^^^^^^^^^^^^^^^^^^^^^^^^^^^^^^^^^^^^^^^^^^^^^^^^^^^^^
.venv311\Lib\site-packages\pluggy\_callers.py:53: in run_old_style_hookwrapper
    return result.get_result()
           ^^^^^^^^^^^^^^^^^^^
.venv311\Lib\site-packages\pluggy\_callers.py:38: in run_old_style_hookwrapper
    res = yield
          ^^^^^
.venv311\Lib\site-packages\_pytest\setuponly.py:36: in pytest_fixture_setup
    return (yield)
            ^^^^^
.venv311\Lib\site-packages\_pytest\fixtures.py:1202: in pytest_fixture_setup
    result = call_fixture_func(fixturefunc, request, kwargs)
             ^^^^^^^^^^^^^^^^^^^^^^^^^^^^^^^^^^^^^^^^^^^^^^^
.venv311\Lib\site-packages\_pytest\fixtures.py:908: in call_fixture_func
    fixture_result = next(generator)
                     ^^^^^^^^^^^^^^^
.venv311\Lib\site-packages\_pytest\tmpdir.py:289: in tmp_path
    path = _mk_tmp(request, tmp_path_factory)
           ^^^^^^^^^^^^^^^^^^^^^^^^^^^^^^^^^^
.venv311\Lib\site-packages\_pytest\tmpdir.py:276: in _mk_tmp
    return factory.mktemp(name, numbered=True)
           ^^^^^^^^^^^^^^^^^^^^^^^^^^^^^^^^^^^
.venv311\Lib\site-packages\_pytest\tmpdir.py:131: in mktemp
    basename = self._ensure_relative_to_basetemp(basename)
               ^^^^^^^^^^^^^^^^^^^^^^^^^^^^^^^^^^^^^^^^^^^
.venv311\Lib\site-packages\_pytest\tmpdir.py:112: in _ensure_relative_to_basetemp
    if (self.getbasetemp() / basename).resolve().parent != self.getbasetemp():
        ^^^^^^^^^^^^^^^^^^
.venv311\Lib\site-packages\_pytest\tmpdir.py:208: in getbasetemp
    basetemp = make_numbered_dir_with_cleanup(
.venv311\Lib\site-packages\_pytest\pathlib.py:407: in make_numbered_dir_with_cleanup
    raise e
.venv311\Lib\site-packages\_pytest\pathlib.py:388: in make_numbered_dir_with_cleanup
    p = make_numbered_dir(root, prefix, mode)
        ^^^^^^^^^^^^^^^^^^^^^^^^^^^^^^^^^^^^^
.venv311\Lib\site-packages\_pytest\pathlib.py:229: in make_numbered_dir
    max_existing = max(map(parse_num, find_suffixes(root, prefix)), default=-1)
                   ^^^^^^^^^^^^^^^^^^^^^^^^^^^^^^^^^^^^^^^^^^^^^^^^^^^^^^^^^^^^
.venv311\Lib\site-packages\_pytest\pathlib.py:188: in extract_suffixes
    for entry in iter:
.venv311\Lib\site-packages\_pytest\pathlib.py:176: in find_prefixed
    for x in os.scandir(root):
             ^^^^^^^^^^^^^^^^
E   PermissionError: [WinError 5] アクセスが拒否されました。: 'C:\\Users\\ynobe\\AppData\\Local\\Temp\\pytest-of-ynobe'
_________ ERROR at setup of test_read_stored_embedder_name_missing_db _________
.venv311\Lib\site-packages\_pytest\runner.py:353: in from_call
    result: TResult | None = func()
                             ^^^^^^
.venv311\Lib\site-packages\_pytest\runner.py:245: in <lambda>
    lambda: runtest_hook(item=item, **kwds),
            ^^^^^^^^^^^^^^^^^^^^^^^^^^^^^^^
.venv311\Lib\site-packages\pluggy\_hooks.py:512: in __call__
    return self._hookexec(self.name, self._hookimpls.copy(), kwargs, firstresult)
           ^^^^^^^^^^^^^^^^^^^^^^^^^^^^^^^^^^^^^^^^^^^^^^^^^^^^^^^^^^^^^^^^^^^^^^
.venv311\Lib\site-packages\pluggy\_manager.py:120: in _hookexec
    return self._inner_hookexec(hook_name, methods, kwargs, firstresult)
           ^^^^^^^^^^^^^^^^^^^^^^^^^^^^^^^^^^^^^^^^^^^^^^^^^^^^^^^^^^^^^
.venv311\Lib\site-packages\_pytest\logging.py:843: in pytest_runtest_setup
    yield
.venv311\Lib\site-packages\_pytest\capture.py:895: in pytest_runtest_setup
    return (yield)
            ^^^^^
.venv311\Lib\site-packages\_pytest\runner.py:165: in pytest_runtest_setup
    item.session._setupstate.setup(item)
.venv311\Lib\site-packages\_pytest\runner.py:523: in setup
    col.setup()
.venv311\Lib\site-packages\_pytest\python.py:1723: in setup
    self._request._fillfixtures()
.venv311\Lib\site-packages\_pytest\fixtures.py:707: in _fillfixtures
    item.funcargs[argname] = self.getfixturevalue(argname)
                             ^^^^^^^^^^^^^^^^^^^^^^^^^^^^^
.venv311\Lib\site-packages\_pytest\fixtures.py:539: in getfixturevalue
    fixturedef = self._get_active_fixturedef(argname)
                 ^^^^^^^^^^^^^^^^^^^^^^^^^^^^^^^^^^^^
.venv311\Lib\site-packages\_pytest\fixtures.py:627: in _get_active_fixturedef
    fixturedef.execute(request=subrequest)
.venv311\Lib\site-packages\_pytest\fixtures.py:1110: in execute
    result: FixtureValue = ihook.pytest_fixture_setup(
.venv311\Lib\site-packages\pluggy\_hooks.py:512: in __call__
    return self._hookexec(self.name, self._hookimpls.copy(), kwargs, firstresult)
           ^^^^^^^^^^^^^^^^^^^^^^^^^^^^^^^^^^^^^^^^^^^^^^^^^^^^^^^^^^^^^^^^^^^^^^
.venv311\Lib\site-packages\pluggy\_manager.py:120: in _hookexec
    return self._inner_hookexec(hook_name, methods, kwargs, firstresult)
           ^^^^^^^^^^^^^^^^^^^^^^^^^^^^^^^^^^^^^^^^^^^^^^^^^^^^^^^^^^^^^
.venv311\Lib\site-packages\pluggy\_callers.py:53: in run_old_style_hookwrapper
    return result.get_result()
           ^^^^^^^^^^^^^^^^^^^
.venv311\Lib\site-packages\pluggy\_callers.py:38: in run_old_style_hookwrapper
    res = yield
          ^^^^^
.venv311\Lib\site-packages\_pytest\setuponly.py:36: in pytest_fixture_setup
    return (yield)
            ^^^^^
.venv311\Lib\site-packages\_pytest\fixtures.py:1202: in pytest_fixture_setup
    result = call_fixture_func(fixturefunc, request, kwargs)
             ^^^^^^^^^^^^^^^^^^^^^^^^^^^^^^^^^^^^^^^^^^^^^^^
.venv311\Lib\site-packages\_pytest\fixtures.py:908: in call_fixture_func
    fixture_result = next(generator)
                     ^^^^^^^^^^^^^^^
.venv311\Lib\site-packages\_pytest\tmpdir.py:289: in tmp_path
    path = _mk_tmp(request, tmp_path_factory)
           ^^^^^^^^^^^^^^^^^^^^^^^^^^^^^^^^^^
.venv311\Lib\site-packages\_pytest\tmpdir.py:276: in _mk_tmp
    return factory.mktemp(name, numbered=True)
           ^^^^^^^^^^^^^^^^^^^^^^^^^^^^^^^^^^^
.venv311\Lib\site-packages\_pytest\tmpdir.py:131: in mktemp
    basename = self._ensure_relative_to_basetemp(basename)
               ^^^^^^^^^^^^^^^^^^^^^^^^^^^^^^^^^^^^^^^^^^^
.venv311\Lib\site-packages\_pytest\tmpdir.py:112: in _ensure_relative_to_basetemp
    if (self.getbasetemp() / basename).resolve().parent != self.getbasetemp():
        ^^^^^^^^^^^^^^^^^^
.venv311\Lib\site-packages\_pytest\tmpdir.py:208: in getbasetemp
    basetemp = make_numbered_dir_with_cleanup(
.venv311\Lib\site-packages\_pytest\pathlib.py:407: in make_numbered_dir_with_cleanup
    raise e
.venv311\Lib\site-packages\_pytest\pathlib.py:388: in make_numbered_dir_with_cleanup
    p = make_numbered_dir(root, prefix, mode)
        ^^^^^^^^^^^^^^^^^^^^^^^^^^^^^^^^^^^^^
.venv311\Lib\site-packages\_pytest\pathlib.py:229: in make_numbered_dir
    max_existing = max(map(parse_num, find_suffixes(root, prefix)), default=-1)
                   ^^^^^^^^^^^^^^^^^^^^^^^^^^^^^^^^^^^^^^^^^^^^^^^^^^^^^^^^^^^^
.venv311\Lib\site-packages\_pytest\pathlib.py:188: in extract_suffixes
    for entry in iter:
.venv311\Lib\site-packages\_pytest\pathlib.py:176: in find_prefixed
    for x in os.scandir(root):
             ^^^^^^^^^^^^^^^^
E   PermissionError: [WinError 5] アクセスが拒否されました。: 'C:\\Users\\ynobe\\AppData\\Local\\Temp\\pytest-of-ynobe'
______ ERROR at setup of test_read_stored_embedder_name_without_indexing ______
.venv311\Lib\site-packages\_pytest\runner.py:353: in from_call
    result: TResult | None = func()
                             ^^^^^^
.venv311\Lib\site-packages\_pytest\runner.py:245: in <lambda>
    lambda: runtest_hook(item=item, **kwds),
            ^^^^^^^^^^^^^^^^^^^^^^^^^^^^^^^
.venv311\Lib\site-packages\pluggy\_hooks.py:512: in __call__
    return self._hookexec(self.name, self._hookimpls.copy(), kwargs, firstresult)
           ^^^^^^^^^^^^^^^^^^^^^^^^^^^^^^^^^^^^^^^^^^^^^^^^^^^^^^^^^^^^^^^^^^^^^^
.venv311\Lib\site-packages\pluggy\_manager.py:120: in _hookexec
    return self._inner_hookexec(hook_name, methods, kwargs, firstresult)
           ^^^^^^^^^^^^^^^^^^^^^^^^^^^^^^^^^^^^^^^^^^^^^^^^^^^^^^^^^^^^^
.venv311\Lib\site-packages\_pytest\logging.py:843: in pytest_runtest_setup
    yield
.venv311\Lib\site-packages\_pytest\capture.py:895: in pytest_runtest_setup
    return (yield)
            ^^^^^
.venv311\Lib\site-packages\_pytest\runner.py:165: in pytest_runtest_setup
    item.session._setupstate.setup(item)
.venv311\Lib\site-packages\_pytest\runner.py:523: in setup
    col.setup()
.venv311\Lib\site-packages\_pytest\python.py:1723: in setup
    self._request._fillfixtures()
.venv311\Lib\site-packages\_pytest\fixtures.py:707: in _fillfixtures
    item.funcargs[argname] = self.getfixturevalue(argname)
                             ^^^^^^^^^^^^^^^^^^^^^^^^^^^^^
.venv311\Lib\site-packages\_pytest\fixtures.py:539: in getfixturevalue
    fixturedef = self._get_active_fixturedef(argname)
                 ^^^^^^^^^^^^^^^^^^^^^^^^^^^^^^^^^^^^
.venv311\Lib\site-packages\_pytest\fixtures.py:627: in _get_active_fixturedef
    fixturedef.execute(request=subrequest)
.venv311\Lib\site-packages\_pytest\fixtures.py:1110: in execute
    result: FixtureValue = ihook.pytest_fixture_setup(
.venv311\Lib\site-packages\pluggy\_hooks.py:512: in __call__
    return self._hookexec(self.name, self._hookimpls.copy(), kwargs, firstresult)
           ^^^^^^^^^^^^^^^^^^^^^^^^^^^^^^^^^^^^^^^^^^^^^^^^^^^^^^^^^^^^^^^^^^^^^^
.venv311\Lib\site-packages\pluggy\_manager.py:120: in _hookexec
    return self._inner_hookexec(hook_name, methods, kwargs, firstresult)
           ^^^^^^^^^^^^^^^^^^^^^^^^^^^^^^^^^^^^^^^^^^^^^^^^^^^^^^^^^^^^^
.venv311\Lib\site-packages\pluggy\_callers.py:53: in run_old_style_hookwrapper
    return result.get_result()
           ^^^^^^^^^^^^^^^^^^^
.venv311\Lib\site-packages\pluggy\_callers.py:38: in run_old_style_hookwrapper
    res = yield
          ^^^^^
.venv311\Lib\site-packages\_pytest\setuponly.py:36: in pytest_fixture_setup
    return (yield)
            ^^^^^
.venv311\Lib\site-packages\_pytest\fixtures.py:1202: in pytest_fixture_setup
    result = call_fixture_func(fixturefunc, request, kwargs)
             ^^^^^^^^^^^^^^^^^^^^^^^^^^^^^^^^^^^^^^^^^^^^^^^
.venv311\Lib\site-packages\_pytest\fixtures.py:908: in call_fixture_func
    fixture_result = next(generator)
                     ^^^^^^^^^^^^^^^
.venv311\Lib\site-packages\_pytest\tmpdir.py:289: in tmp_path
    path = _mk_tmp(request, tmp_path_factory)
           ^^^^^^^^^^^^^^^^^^^^^^^^^^^^^^^^^^
.venv311\Lib\site-packages\_pytest\tmpdir.py:276: in _mk_tmp
    return factory.mktemp(name, numbered=True)
           ^^^^^^^^^^^^^^^^^^^^^^^^^^^^^^^^^^^
.venv311\Lib\site-packages\_pytest\tmpdir.py:131: in mktemp
    basename = self._ensure_relative_to_basetemp(basename)
               ^^^^^^^^^^^^^^^^^^^^^^^^^^^^^^^^^^^^^^^^^^^
.venv311\Lib\site-packages\_pytest\tmpdir.py:112: in _ensure_relative_to_basetemp
    if (self.getbasetemp() / basename).resolve().parent != self.getbasetemp():
        ^^^^^^^^^^^^^^^^^^
.venv311\Lib\site-packages\_pytest\tmpdir.py:208: in getbasetemp
    basetemp = make_numbered_dir_with_cleanup(
.venv311\Lib\site-packages\_pytest\pathlib.py:407: in make_numbered_dir_with_cleanup
    raise e
.venv311\Lib\site-packages\_pytest\pathlib.py:388: in make_numbered_dir_with_cleanup
    p = make_numbered_dir(root, prefix, mode)
        ^^^^^^^^^^^^^^^^^^^^^^^^^^^^^^^^^^^^^
.venv311\Lib\site-packages\_pytest\pathlib.py:229: in make_numbered_dir
    max_existing = max(map(parse_num, find_suffixes(root, prefix)), default=-1)
                   ^^^^^^^^^^^^^^^^^^^^^^^^^^^^^^^^^^^^^^^^^^^^^^^^^^^^^^^^^^^^
.venv311\Lib\site-packages\_pytest\pathlib.py:188: in extract_suffixes
    for entry in iter:
.venv311\Lib\site-packages\_pytest\pathlib.py:176: in find_prefixed
    for x in os.scandir(root):
             ^^^^^^^^^^^^^^^^
E   PermissionError: [WinError 5] アクセスが拒否されました。: 'C:\\Users\\ynobe\\AppData\\Local\\Temp\\pytest-of-ynobe'
____ ERROR at setup of test_load_candidates_csv_requires_expected_columns _____
.venv311\Lib\site-packages\_pytest\runner.py:353: in from_call
    result: TResult | None = func()
                             ^^^^^^
.venv311\Lib\site-packages\_pytest\runner.py:245: in <lambda>
    lambda: runtest_hook(item=item, **kwds),
            ^^^^^^^^^^^^^^^^^^^^^^^^^^^^^^^
.venv311\Lib\site-packages\pluggy\_hooks.py:512: in __call__
    return self._hookexec(self.name, self._hookimpls.copy(), kwargs, firstresult)
           ^^^^^^^^^^^^^^^^^^^^^^^^^^^^^^^^^^^^^^^^^^^^^^^^^^^^^^^^^^^^^^^^^^^^^^
.venv311\Lib\site-packages\pluggy\_manager.py:120: in _hookexec
    return self._inner_hookexec(hook_name, methods, kwargs, firstresult)
           ^^^^^^^^^^^^^^^^^^^^^^^^^^^^^^^^^^^^^^^^^^^^^^^^^^^^^^^^^^^^^
.venv311\Lib\site-packages\_pytest\logging.py:843: in pytest_runtest_setup
    yield
.venv311\Lib\site-packages\_pytest\capture.py:895: in pytest_runtest_setup
    return (yield)
            ^^^^^
.venv311\Lib\site-packages\_pytest\runner.py:165: in pytest_runtest_setup
    item.session._setupstate.setup(item)
.venv311\Lib\site-packages\_pytest\runner.py:523: in setup
    col.setup()
.venv311\Lib\site-packages\_pytest\python.py:1723: in setup
    self._request._fillfixtures()
.venv311\Lib\site-packages\_pytest\fixtures.py:707: in _fillfixtures
    item.funcargs[argname] = self.getfixturevalue(argname)
                             ^^^^^^^^^^^^^^^^^^^^^^^^^^^^^
.venv311\Lib\site-packages\_pytest\fixtures.py:539: in getfixturevalue
    fixturedef = self._get_active_fixturedef(argname)
                 ^^^^^^^^^^^^^^^^^^^^^^^^^^^^^^^^^^^^
.venv311\Lib\site-packages\_pytest\fixtures.py:627: in _get_active_fixturedef
    fixturedef.execute(request=subrequest)
.venv311\Lib\site-packages\_pytest\fixtures.py:1110: in execute
    result: FixtureValue = ihook.pytest_fixture_setup(
.venv311\Lib\site-packages\pluggy\_hooks.py:512: in __call__
    return self._hookexec(self.name, self._hookimpls.copy(), kwargs, firstresult)
           ^^^^^^^^^^^^^^^^^^^^^^^^^^^^^^^^^^^^^^^^^^^^^^^^^^^^^^^^^^^^^^^^^^^^^^
.venv311\Lib\site-packages\pluggy\_manager.py:120: in _hookexec
    return self._inner_hookexec(hook_name, methods, kwargs, firstresult)
           ^^^^^^^^^^^^^^^^^^^^^^^^^^^^^^^^^^^^^^^^^^^^^^^^^^^^^^^^^^^^^
.venv311\Lib\site-packages\pluggy\_callers.py:53: in run_old_style_hookwrapper
    return result.get_result()
           ^^^^^^^^^^^^^^^^^^^
.venv311\Lib\site-packages\pluggy\_callers.py:38: in run_old_style_hookwrapper
    res = yield
          ^^^^^
.venv311\Lib\site-packages\_pytest\setuponly.py:36: in pytest_fixture_setup
    return (yield)
            ^^^^^
.venv311\Lib\site-packages\_pytest\fixtures.py:1202: in pytest_fixture_setup
    result = call_fixture_func(fixturefunc, request, kwargs)
             ^^^^^^^^^^^^^^^^^^^^^^^^^^^^^^^^^^^^^^^^^^^^^^^
.venv311\Lib\site-packages\_pytest\fixtures.py:908: in call_fixture_func
    fixture_result = next(generator)
                     ^^^^^^^^^^^^^^^
.venv311\Lib\site-packages\_pytest\tmpdir.py:289: in tmp_path
    path = _mk_tmp(request, tmp_path_factory)
           ^^^^^^^^^^^^^^^^^^^^^^^^^^^^^^^^^^
.venv311\Lib\site-packages\_pytest\tmpdir.py:276: in _mk_tmp
    return factory.mktemp(name, numbered=True)
           ^^^^^^^^^^^^^^^^^^^^^^^^^^^^^^^^^^^
.venv311\Lib\site-packages\_pytest\tmpdir.py:131: in mktemp
    basename = self._ensure_relative_to_basetemp(basename)
               ^^^^^^^^^^^^^^^^^^^^^^^^^^^^^^^^^^^^^^^^^^^
.venv311\Lib\site-packages\_pytest\tmpdir.py:112: in _ensure_relative_to_basetemp
    if (self.getbasetemp() / basename).resolve().parent != self.getbasetemp():
        ^^^^^^^^^^^^^^^^^^
.venv311\Lib\site-packages\_pytest\tmpdir.py:208: in getbasetemp
    basetemp = make_numbered_dir_with_cleanup(
.venv311\Lib\site-packages\_pytest\pathlib.py:407: in make_numbered_dir_with_cleanup
    raise e
.venv311\Lib\site-packages\_pytest\pathlib.py:388: in make_numbered_dir_with_cleanup
    p = make_numbered_dir(root, prefix, mode)
        ^^^^^^^^^^^^^^^^^^^^^^^^^^^^^^^^^^^^^
.venv311\Lib\site-packages\_pytest\pathlib.py:229: in make_numbered_dir
    max_existing = max(map(parse_num, find_suffixes(root, prefix)), default=-1)
                   ^^^^^^^^^^^^^^^^^^^^^^^^^^^^^^^^^^^^^^^^^^^^^^^^^^^^^^^^^^^^
.venv311\Lib\site-packages\_pytest\pathlib.py:188: in extract_suffixes
    for entry in iter:
.venv311\Lib\site-packages\_pytest\pathlib.py:176: in find_prefixed
    for x in os.scandir(root):
             ^^^^^^^^^^^^^^^^
E   PermissionError: [WinError 5] アクセスが拒否されました。: 'C:\\Users\\ynobe\\AppData\\Local\\Temp\\pytest-of-ynobe'
_______ ERROR at setup of test_build_scoring_report_includes_guardrails _______
.venv311\Lib\site-packages\_pytest\runner.py:353: in from_call
    result: TResult | None = func()
                             ^^^^^^
.venv311\Lib\site-packages\_pytest\runner.py:245: in <lambda>
    lambda: runtest_hook(item=item, **kwds),
            ^^^^^^^^^^^^^^^^^^^^^^^^^^^^^^^
.venv311\Lib\site-packages\pluggy\_hooks.py:512: in __call__
    return self._hookexec(self.name, self._hookimpls.copy(), kwargs, firstresult)
           ^^^^^^^^^^^^^^^^^^^^^^^^^^^^^^^^^^^^^^^^^^^^^^^^^^^^^^^^^^^^^^^^^^^^^^
.venv311\Lib\site-packages\pluggy\_manager.py:120: in _hookexec
    return self._inner_hookexec(hook_name, methods, kwargs, firstresult)
           ^^^^^^^^^^^^^^^^^^^^^^^^^^^^^^^^^^^^^^^^^^^^^^^^^^^^^^^^^^^^^
.venv311\Lib\site-packages\_pytest\logging.py:843: in pytest_runtest_setup
    yield
.venv311\Lib\site-packages\_pytest\capture.py:895: in pytest_runtest_setup
    return (yield)
            ^^^^^
.venv311\Lib\site-packages\_pytest\runner.py:165: in pytest_runtest_setup
    item.session._setupstate.setup(item)
.venv311\Lib\site-packages\_pytest\runner.py:523: in setup
    col.setup()
.venv311\Lib\site-packages\_pytest\python.py:1723: in setup
    self._request._fillfixtures()
.venv311\Lib\site-packages\_pytest\fixtures.py:707: in _fillfixtures
    item.funcargs[argname] = self.getfixturevalue(argname)
                             ^^^^^^^^^^^^^^^^^^^^^^^^^^^^^
.venv311\Lib\site-packages\_pytest\fixtures.py:539: in getfixturevalue
    fixturedef = self._get_active_fixturedef(argname)
                 ^^^^^^^^^^^^^^^^^^^^^^^^^^^^^^^^^^^^
.venv311\Lib\site-packages\_pytest\fixtures.py:627: in _get_active_fixturedef
    fixturedef.execute(request=subrequest)
.venv311\Lib\site-packages\_pytest\fixtures.py:1110: in execute
    result: FixtureValue = ihook.pytest_fixture_setup(
.venv311\Lib\site-packages\pluggy\_hooks.py:512: in __call__
    return self._hookexec(self.name, self._hookimpls.copy(), kwargs, firstresult)
           ^^^^^^^^^^^^^^^^^^^^^^^^^^^^^^^^^^^^^^^^^^^^^^^^^^^^^^^^^^^^^^^^^^^^^^
.venv311\Lib\site-packages\pluggy\_manager.py:120: in _hookexec
    return self._inner_hookexec(hook_name, methods, kwargs, firstresult)
           ^^^^^^^^^^^^^^^^^^^^^^^^^^^^^^^^^^^^^^^^^^^^^^^^^^^^^^^^^^^^^
.venv311\Lib\site-packages\pluggy\_callers.py:53: in run_old_style_hookwrapper
    return result.get_result()
           ^^^^^^^^^^^^^^^^^^^
.venv311\Lib\site-packages\pluggy\_callers.py:38: in run_old_style_hookwrapper
    res = yield
          ^^^^^
.venv311\Lib\site-packages\_pytest\setuponly.py:36: in pytest_fixture_setup
    return (yield)
            ^^^^^
.venv311\Lib\site-packages\_pytest\fixtures.py:1202: in pytest_fixture_setup
    result = call_fixture_func(fixturefunc, request, kwargs)
             ^^^^^^^^^^^^^^^^^^^^^^^^^^^^^^^^^^^^^^^^^^^^^^^
.venv311\Lib\site-packages\_pytest\fixtures.py:908: in call_fixture_func
    fixture_result = next(generator)
                     ^^^^^^^^^^^^^^^
.venv311\Lib\site-packages\_pytest\tmpdir.py:289: in tmp_path
    path = _mk_tmp(request, tmp_path_factory)
           ^^^^^^^^^^^^^^^^^^^^^^^^^^^^^^^^^^
.venv311\Lib\site-packages\_pytest\tmpdir.py:276: in _mk_tmp
    return factory.mktemp(name, numbered=True)
           ^^^^^^^^^^^^^^^^^^^^^^^^^^^^^^^^^^^
.venv311\Lib\site-packages\_pytest\tmpdir.py:131: in mktemp
    basename = self._ensure_relative_to_basetemp(basename)
               ^^^^^^^^^^^^^^^^^^^^^^^^^^^^^^^^^^^^^^^^^^^
.venv311\Lib\site-packages\_pytest\tmpdir.py:112: in _ensure_relative_to_basetemp
    if (self.getbasetemp() / basename).resolve().parent != self.getbasetemp():
        ^^^^^^^^^^^^^^^^^^
.venv311\Lib\site-packages\_pytest\tmpdir.py:208: in getbasetemp
    basetemp = make_numbered_dir_with_cleanup(
.venv311\Lib\site-packages\_pytest\pathlib.py:407: in make_numbered_dir_with_cleanup
    raise e
.venv311\Lib\site-packages\_pytest\pathlib.py:388: in make_numbered_dir_with_cleanup
    p = make_numbered_dir(root, prefix, mode)
        ^^^^^^^^^^^^^^^^^^^^^^^^^^^^^^^^^^^^^
.venv311\Lib\site-packages\_pytest\pathlib.py:229: in make_numbered_dir
    max_existing = max(map(parse_num, find_suffixes(root, prefix)), default=-1)
                   ^^^^^^^^^^^^^^^^^^^^^^^^^^^^^^^^^^^^^^^^^^^^^^^^^^^^^^^^^^^^
.venv311\Lib\site-packages\_pytest\pathlib.py:188: in extract_suffixes
    for entry in iter:
.venv311\Lib\site-packages\_pytest\pathlib.py:176: in find_prefixed
    for x in os.scandir(root):
             ^^^^^^^^^^^^^^^^
E   PermissionError: [WinError 5] アクセスが拒否されました。: 'C:\\Users\\ynobe\\AppData\\Local\\Temp\\pytest-of-ynobe'
_______ ERROR at setup of test_validate_scoring_csv_reports_valid_input _______
.venv311\Lib\site-packages\_pytest\runner.py:353: in from_call
    result: TResult | None = func()
                             ^^^^^^
.venv311\Lib\site-packages\_pytest\runner.py:245: in <lambda>
    lambda: runtest_hook(item=item, **kwds),
            ^^^^^^^^^^^^^^^^^^^^^^^^^^^^^^^
.venv311\Lib\site-packages\pluggy\_hooks.py:512: in __call__
    return self._hookexec(self.name, self._hookimpls.copy(), kwargs, firstresult)
           ^^^^^^^^^^^^^^^^^^^^^^^^^^^^^^^^^^^^^^^^^^^^^^^^^^^^^^^^^^^^^^^^^^^^^^
.venv311\Lib\site-packages\pluggy\_manager.py:120: in _hookexec
    return self._inner_hookexec(hook_name, methods, kwargs, firstresult)
           ^^^^^^^^^^^^^^^^^^^^^^^^^^^^^^^^^^^^^^^^^^^^^^^^^^^^^^^^^^^^^
.venv311\Lib\site-packages\_pytest\logging.py:843: in pytest_runtest_setup
    yield
.venv311\Lib\site-packages\_pytest\capture.py:895: in pytest_runtest_setup
    return (yield)
            ^^^^^
.venv311\Lib\site-packages\_pytest\runner.py:165: in pytest_runtest_setup
    item.session._setupstate.setup(item)
.venv311\Lib\site-packages\_pytest\runner.py:523: in setup
    col.setup()
.venv311\Lib\site-packages\_pytest\python.py:1723: in setup
    self._request._fillfixtures()
.venv311\Lib\site-packages\_pytest\fixtures.py:707: in _fillfixtures
    item.funcargs[argname] = self.getfixturevalue(argname)
                             ^^^^^^^^^^^^^^^^^^^^^^^^^^^^^
.venv311\Lib\site-packages\_pytest\fixtures.py:539: in getfixturevalue
    fixturedef = self._get_active_fixturedef(argname)
                 ^^^^^^^^^^^^^^^^^^^^^^^^^^^^^^^^^^^^
.venv311\Lib\site-packages\_pytest\fixtures.py:627: in _get_active_fixturedef
    fixturedef.execute(request=subrequest)
.venv311\Lib\site-packages\_pytest\fixtures.py:1110: in execute
    result: FixtureValue = ihook.pytest_fixture_setup(
.venv311\Lib\site-packages\pluggy\_hooks.py:512: in __call__
    return self._hookexec(self.name, self._hookimpls.copy(), kwargs, firstresult)
           ^^^^^^^^^^^^^^^^^^^^^^^^^^^^^^^^^^^^^^^^^^^^^^^^^^^^^^^^^^^^^^^^^^^^^^
.venv311\Lib\site-packages\pluggy\_manager.py:120: in _hookexec
    return self._inner_hookexec(hook_name, methods, kwargs, firstresult)
           ^^^^^^^^^^^^^^^^^^^^^^^^^^^^^^^^^^^^^^^^^^^^^^^^^^^^^^^^^^^^^
.venv311\Lib\site-packages\pluggy\_callers.py:53: in run_old_style_hookwrapper
    return result.get_result()
           ^^^^^^^^^^^^^^^^^^^
.venv311\Lib\site-packages\pluggy\_callers.py:38: in run_old_style_hookwrapper
    res = yield
          ^^^^^
.venv311\Lib\site-packages\_pytest\setuponly.py:36: in pytest_fixture_setup
    return (yield)
            ^^^^^
.venv311\Lib\site-packages\_pytest\fixtures.py:1202: in pytest_fixture_setup
    result = call_fixture_func(fixturefunc, request, kwargs)
             ^^^^^^^^^^^^^^^^^^^^^^^^^^^^^^^^^^^^^^^^^^^^^^^
.venv311\Lib\site-packages\_pytest\fixtures.py:908: in call_fixture_func
    fixture_result = next(generator)
                     ^^^^^^^^^^^^^^^
.venv311\Lib\site-packages\_pytest\tmpdir.py:289: in tmp_path
    path = _mk_tmp(request, tmp_path_factory)
           ^^^^^^^^^^^^^^^^^^^^^^^^^^^^^^^^^^
.venv311\Lib\site-packages\_pytest\tmpdir.py:276: in _mk_tmp
    return factory.mktemp(name, numbered=True)
           ^^^^^^^^^^^^^^^^^^^^^^^^^^^^^^^^^^^
.venv311\Lib\site-packages\_pytest\tmpdir.py:131: in mktemp
    basename = self._ensure_relative_to_basetemp(basename)
               ^^^^^^^^^^^^^^^^^^^^^^^^^^^^^^^^^^^^^^^^^^^
.venv311\Lib\site-packages\_pytest\tmpdir.py:112: in _ensure_relative_to_basetemp
    if (self.getbasetemp() / basename).resolve().parent != self.getbasetemp():
        ^^^^^^^^^^^^^^^^^^
.venv311\Lib\site-packages\_pytest\tmpdir.py:208: in getbasetemp
    basetemp = make_numbered_dir_with_cleanup(
.venv311\Lib\site-packages\_pytest\pathlib.py:407: in make_numbered_dir_with_cleanup
    raise e
.venv311\Lib\site-packages\_pytest\pathlib.py:388: in make_numbered_dir_with_cleanup
    p = make_numbered_dir(root, prefix, mode)
        ^^^^^^^^^^^^^^^^^^^^^^^^^^^^^^^^^^^^^
.venv311\Lib\site-packages\_pytest\pathlib.py:229: in make_numbered_dir
    max_existing = max(map(parse_num, find_suffixes(root, prefix)), default=-1)
                   ^^^^^^^^^^^^^^^^^^^^^^^^^^^^^^^^^^^^^^^^^^^^^^^^^^^^^^^^^^^^
.venv311\Lib\site-packages\_pytest\pathlib.py:188: in extract_suffixes
    for entry in iter:
.venv311\Lib\site-packages\_pytest\pathlib.py:176: in find_prefixed
    for x in os.scandir(root):
             ^^^^^^^^^^^^^^^^
E   PermissionError: [WinError 5] アクセスが拒否されました。: 'C:\\Users\\ynobe\\AppData\\Local\\Temp\\pytest-of-ynobe'
_______ ERROR at setup of test_validate_scoring_csv_collects_row_errors _______
.venv311\Lib\site-packages\_pytest\runner.py:353: in from_call
    result: TResult | None = func()
                             ^^^^^^
.venv311\Lib\site-packages\_pytest\runner.py:245: in <lambda>
    lambda: runtest_hook(item=item, **kwds),
            ^^^^^^^^^^^^^^^^^^^^^^^^^^^^^^^
.venv311\Lib\site-packages\pluggy\_hooks.py:512: in __call__
    return self._hookexec(self.name, self._hookimpls.copy(), kwargs, firstresult)
           ^^^^^^^^^^^^^^^^^^^^^^^^^^^^^^^^^^^^^^^^^^^^^^^^^^^^^^^^^^^^^^^^^^^^^^
.venv311\Lib\site-packages\pluggy\_manager.py:120: in _hookexec
    return self._inner_hookexec(hook_name, methods, kwargs, firstresult)
           ^^^^^^^^^^^^^^^^^^^^^^^^^^^^^^^^^^^^^^^^^^^^^^^^^^^^^^^^^^^^^
.venv311\Lib\site-packages\_pytest\logging.py:843: in pytest_runtest_setup
    yield
.venv311\Lib\site-packages\_pytest\capture.py:895: in pytest_runtest_setup
    return (yield)
            ^^^^^
.venv311\Lib\site-packages\_pytest\runner.py:165: in pytest_runtest_setup
    item.session._setupstate.setup(item)
.venv311\Lib\site-packages\_pytest\runner.py:523: in setup
    col.setup()
.venv311\Lib\site-packages\_pytest\python.py:1723: in setup
    self._request._fillfixtures()
.venv311\Lib\site-packages\_pytest\fixtures.py:707: in _fillfixtures
    item.funcargs[argname] = self.getfixturevalue(argname)
                             ^^^^^^^^^^^^^^^^^^^^^^^^^^^^^
.venv311\Lib\site-packages\_pytest\fixtures.py:539: in getfixturevalue
    fixturedef = self._get_active_fixturedef(argname)
                 ^^^^^^^^^^^^^^^^^^^^^^^^^^^^^^^^^^^^
.venv311\Lib\site-packages\_pytest\fixtures.py:627: in _get_active_fixturedef
    fixturedef.execute(request=subrequest)
.venv311\Lib\site-packages\_pytest\fixtures.py:1110: in execute
    result: FixtureValue = ihook.pytest_fixture_setup(
.venv311\Lib\site-packages\pluggy\_hooks.py:512: in __call__
    return self._hookexec(self.name, self._hookimpls.copy(), kwargs, firstresult)
           ^^^^^^^^^^^^^^^^^^^^^^^^^^^^^^^^^^^^^^^^^^^^^^^^^^^^^^^^^^^^^^^^^^^^^^
.venv311\Lib\site-packages\pluggy\_manager.py:120: in _hookexec
    return self._inner_hookexec(hook_name, methods, kwargs, firstresult)
           ^^^^^^^^^^^^^^^^^^^^^^^^^^^^^^^^^^^^^^^^^^^^^^^^^^^^^^^^^^^^^
.venv311\Lib\site-packages\pluggy\_callers.py:53: in run_old_style_hookwrapper
    return result.get_result()
           ^^^^^^^^^^^^^^^^^^^
.venv311\Lib\site-packages\pluggy\_callers.py:38: in run_old_style_hookwrapper
    res = yield
          ^^^^^
.venv311\Lib\site-packages\_pytest\setuponly.py:36: in pytest_fixture_setup
    return (yield)
            ^^^^^
.venv311\Lib\site-packages\_pytest\fixtures.py:1202: in pytest_fixture_setup
    result = call_fixture_func(fixturefunc, request, kwargs)
             ^^^^^^^^^^^^^^^^^^^^^^^^^^^^^^^^^^^^^^^^^^^^^^^
.venv311\Lib\site-packages\_pytest\fixtures.py:908: in call_fixture_func
    fixture_result = next(generator)
                     ^^^^^^^^^^^^^^^
.venv311\Lib\site-packages\_pytest\tmpdir.py:289: in tmp_path
    path = _mk_tmp(request, tmp_path_factory)
           ^^^^^^^^^^^^^^^^^^^^^^^^^^^^^^^^^^
.venv311\Lib\site-packages\_pytest\tmpdir.py:276: in _mk_tmp
    return factory.mktemp(name, numbered=True)
           ^^^^^^^^^^^^^^^^^^^^^^^^^^^^^^^^^^^
.venv311\Lib\site-packages\_pytest\tmpdir.py:131: in mktemp
    basename = self._ensure_relative_to_basetemp(basename)
               ^^^^^^^^^^^^^^^^^^^^^^^^^^^^^^^^^^^^^^^^^^^
.venv311\Lib\site-packages\_pytest\tmpdir.py:112: in _ensure_relative_to_basetemp
    if (self.getbasetemp() / basename).resolve().parent != self.getbasetemp():
        ^^^^^^^^^^^^^^^^^^
.venv311\Lib\site-packages\_pytest\tmpdir.py:208: in getbasetemp
    basetemp = make_numbered_dir_with_cleanup(
.venv311\Lib\site-packages\_pytest\pathlib.py:407: in make_numbered_dir_with_cleanup
    raise e
.venv311\Lib\site-packages\_pytest\pathlib.py:388: in make_numbered_dir_with_cleanup
    p = make_numbered_dir(root, prefix, mode)
        ^^^^^^^^^^^^^^^^^^^^^^^^^^^^^^^^^^^^^
.venv311\Lib\site-packages\_pytest\pathlib.py:229: in make_numbered_dir
    max_existing = max(map(parse_num, find_suffixes(root, prefix)), default=-1)
                   ^^^^^^^^^^^^^^^^^^^^^^^^^^^^^^^^^^^^^^^^^^^^^^^^^^^^^^^^^^^^
.venv311\Lib\site-packages\_pytest\pathlib.py:188: in extract_suffixes
    for entry in iter:
.venv311\Lib\site-packages\_pytest\pathlib.py:176: in find_prefixed
    for x in os.scandir(root):
             ^^^^^^^^^^^^^^^^
E   PermissionError: [WinError 5] アクセスが拒否されました。: 'C:\\Users\\ynobe\\AppData\\Local\\Temp\\pytest-of-ynobe'
______ ERROR at setup of test_reject_path_traversal_blocks_parent_escape ______
.venv311\Lib\site-packages\_pytest\runner.py:353: in from_call
    result: TResult | None = func()
                             ^^^^^^
.venv311\Lib\site-packages\_pytest\runner.py:245: in <lambda>
    lambda: runtest_hook(item=item, **kwds),
            ^^^^^^^^^^^^^^^^^^^^^^^^^^^^^^^
.venv311\Lib\site-packages\pluggy\_hooks.py:512: in __call__
    return self._hookexec(self.name, self._hookimpls.copy(), kwargs, firstresult)
           ^^^^^^^^^^^^^^^^^^^^^^^^^^^^^^^^^^^^^^^^^^^^^^^^^^^^^^^^^^^^^^^^^^^^^^
.venv311\Lib\site-packages\pluggy\_manager.py:120: in _hookexec
    return self._inner_hookexec(hook_name, methods, kwargs, firstresult)
           ^^^^^^^^^^^^^^^^^^^^^^^^^^^^^^^^^^^^^^^^^^^^^^^^^^^^^^^^^^^^^
.venv311\Lib\site-packages\_pytest\logging.py:843: in pytest_runtest_setup
    yield
.venv311\Lib\site-packages\_pytest\capture.py:895: in pytest_runtest_setup
    return (yield)
            ^^^^^
.venv311\Lib\site-packages\_pytest\runner.py:165: in pytest_runtest_setup
    item.session._setupstate.setup(item)
.venv311\Lib\site-packages\_pytest\runner.py:523: in setup
    col.setup()
.venv311\Lib\site-packages\_pytest\python.py:1723: in setup
    self._request._fillfixtures()
.venv311\Lib\site-packages\_pytest\fixtures.py:707: in _fillfixtures
    item.funcargs[argname] = self.getfixturevalue(argname)
                             ^^^^^^^^^^^^^^^^^^^^^^^^^^^^^
.venv311\Lib\site-packages\_pytest\fixtures.py:539: in getfixturevalue
    fixturedef = self._get_active_fixturedef(argname)
                 ^^^^^^^^^^^^^^^^^^^^^^^^^^^^^^^^^^^^
.venv311\Lib\site-packages\_pytest\fixtures.py:627: in _get_active_fixturedef
    fixturedef.execute(request=subrequest)
.venv311\Lib\site-packages\_pytest\fixtures.py:1110: in execute
    result: FixtureValue = ihook.pytest_fixture_setup(
.venv311\Lib\site-packages\pluggy\_hooks.py:512: in __call__
    return self._hookexec(self.name, self._hookimpls.copy(), kwargs, firstresult)
           ^^^^^^^^^^^^^^^^^^^^^^^^^^^^^^^^^^^^^^^^^^^^^^^^^^^^^^^^^^^^^^^^^^^^^^
.venv311\Lib\site-packages\pluggy\_manager.py:120: in _hookexec
    return self._inner_hookexec(hook_name, methods, kwargs, firstresult)
           ^^^^^^^^^^^^^^^^^^^^^^^^^^^^^^^^^^^^^^^^^^^^^^^^^^^^^^^^^^^^^
.venv311\Lib\site-packages\pluggy\_callers.py:53: in run_old_style_hookwrapper
    return result.get_result()
           ^^^^^^^^^^^^^^^^^^^
.venv311\Lib\site-packages\pluggy\_callers.py:38: in run_old_style_hookwrapper
    res = yield
          ^^^^^
.venv311\Lib\site-packages\_pytest\setuponly.py:36: in pytest_fixture_setup
    return (yield)
            ^^^^^
.venv311\Lib\site-packages\_pytest\fixtures.py:1202: in pytest_fixture_setup
    result = call_fixture_func(fixturefunc, request, kwargs)
             ^^^^^^^^^^^^^^^^^^^^^^^^^^^^^^^^^^^^^^^^^^^^^^^
.venv311\Lib\site-packages\_pytest\fixtures.py:908: in call_fixture_func
    fixture_result = next(generator)
                     ^^^^^^^^^^^^^^^
.venv311\Lib\site-packages\_pytest\tmpdir.py:289: in tmp_path
    path = _mk_tmp(request, tmp_path_factory)
           ^^^^^^^^^^^^^^^^^^^^^^^^^^^^^^^^^^
.venv311\Lib\site-packages\_pytest\tmpdir.py:276: in _mk_tmp
    return factory.mktemp(name, numbered=True)
           ^^^^^^^^^^^^^^^^^^^^^^^^^^^^^^^^^^^
.venv311\Lib\site-packages\_pytest\tmpdir.py:131: in mktemp
    basename = self._ensure_relative_to_basetemp(basename)
               ^^^^^^^^^^^^^^^^^^^^^^^^^^^^^^^^^^^^^^^^^^^
.venv311\Lib\site-packages\_pytest\tmpdir.py:112: in _ensure_relative_to_basetemp
    if (self.getbasetemp() / basename).resolve().parent != self.getbasetemp():
        ^^^^^^^^^^^^^^^^^^
.venv311\Lib\site-packages\_pytest\tmpdir.py:208: in getbasetemp
    basetemp = make_numbered_dir_with_cleanup(
.venv311\Lib\site-packages\_pytest\pathlib.py:407: in make_numbered_dir_with_cleanup
    raise e
.venv311\Lib\site-packages\_pytest\pathlib.py:388: in make_numbered_dir_with_cleanup
    p = make_numbered_dir(root, prefix, mode)
        ^^^^^^^^^^^^^^^^^^^^^^^^^^^^^^^^^^^^^
.venv311\Lib\site-packages\_pytest\pathlib.py:229: in make_numbered_dir
    max_existing = max(map(parse_num, find_suffixes(root, prefix)), default=-1)
                   ^^^^^^^^^^^^^^^^^^^^^^^^^^^^^^^^^^^^^^^^^^^^^^^^^^^^^^^^^^^^
.venv311\Lib\site-packages\_pytest\pathlib.py:188: in extract_suffixes
    for entry in iter:
.venv311\Lib\site-packages\_pytest\pathlib.py:176: in find_prefixed
    for x in os.scandir(root):
             ^^^^^^^^^^^^^^^^
E   PermissionError: [WinError 5] アクセスが拒否されました。: 'C:\\Users\\ynobe\\AppData\\Local\\Temp\\pytest-of-ynobe'
________ ERROR at setup of test_fts_search_ranks_relevant_chunk_first _________
.venv311\Lib\site-packages\_pytest\runner.py:353: in from_call
    result: TResult | None = func()
                             ^^^^^^
.venv311\Lib\site-packages\_pytest\runner.py:245: in <lambda>
    lambda: runtest_hook(item=item, **kwds),
            ^^^^^^^^^^^^^^^^^^^^^^^^^^^^^^^
.venv311\Lib\site-packages\pluggy\_hooks.py:512: in __call__
    return self._hookexec(self.name, self._hookimpls.copy(), kwargs, firstresult)
           ^^^^^^^^^^^^^^^^^^^^^^^^^^^^^^^^^^^^^^^^^^^^^^^^^^^^^^^^^^^^^^^^^^^^^^
.venv311\Lib\site-packages\pluggy\_manager.py:120: in _hookexec
    return self._inner_hookexec(hook_name, methods, kwargs, firstresult)
           ^^^^^^^^^^^^^^^^^^^^^^^^^^^^^^^^^^^^^^^^^^^^^^^^^^^^^^^^^^^^^
.venv311\Lib\site-packages\_pytest\logging.py:843: in pytest_runtest_setup
    yield
.venv311\Lib\site-packages\_pytest\capture.py:895: in pytest_runtest_setup
    return (yield)
            ^^^^^
.venv311\Lib\site-packages\_pytest\runner.py:165: in pytest_runtest_setup
    item.session._setupstate.setup(item)
.venv311\Lib\site-packages\_pytest\runner.py:523: in setup
    col.setup()
.venv311\Lib\site-packages\_pytest\python.py:1723: in setup
    self._request._fillfixtures()
.venv311\Lib\site-packages\_pytest\fixtures.py:707: in _fillfixtures
    item.funcargs[argname] = self.getfixturevalue(argname)
                             ^^^^^^^^^^^^^^^^^^^^^^^^^^^^^
.venv311\Lib\site-packages\_pytest\fixtures.py:539: in getfixturevalue
    fixturedef = self._get_active_fixturedef(argname)
                 ^^^^^^^^^^^^^^^^^^^^^^^^^^^^^^^^^^^^
.venv311\Lib\site-packages\_pytest\fixtures.py:627: in _get_active_fixturedef
    fixturedef.execute(request=subrequest)
.venv311\Lib\site-packages\_pytest\fixtures.py:1110: in execute
    result: FixtureValue = ihook.pytest_fixture_setup(
.venv311\Lib\site-packages\pluggy\_hooks.py:512: in __call__
    return self._hookexec(self.name, self._hookimpls.copy(), kwargs, firstresult)
           ^^^^^^^^^^^^^^^^^^^^^^^^^^^^^^^^^^^^^^^^^^^^^^^^^^^^^^^^^^^^^^^^^^^^^^
.venv311\Lib\site-packages\pluggy\_manager.py:120: in _hookexec
    return self._inner_hookexec(hook_name, methods, kwargs, firstresult)
           ^^^^^^^^^^^^^^^^^^^^^^^^^^^^^^^^^^^^^^^^^^^^^^^^^^^^^^^^^^^^^
.venv311\Lib\site-packages\pluggy\_callers.py:53: in run_old_style_hookwrapper
    return result.get_result()
           ^^^^^^^^^^^^^^^^^^^
.venv311\Lib\site-packages\pluggy\_callers.py:38: in run_old_style_hookwrapper
    res = yield
          ^^^^^
.venv311\Lib\site-packages\_pytest\setuponly.py:36: in pytest_fixture_setup
    return (yield)
            ^^^^^
.venv311\Lib\site-packages\_pytest\fixtures.py:1202: in pytest_fixture_setup
    result = call_fixture_func(fixturefunc, request, kwargs)
             ^^^^^^^^^^^^^^^^^^^^^^^^^^^^^^^^^^^^^^^^^^^^^^^
.venv311\Lib\site-packages\_pytest\fixtures.py:908: in call_fixture_func
    fixture_result = next(generator)
                     ^^^^^^^^^^^^^^^
.venv311\Lib\site-packages\_pytest\tmpdir.py:289: in tmp_path
    path = _mk_tmp(request, tmp_path_factory)
           ^^^^^^^^^^^^^^^^^^^^^^^^^^^^^^^^^^
.venv311\Lib\site-packages\_pytest\tmpdir.py:276: in _mk_tmp
    return factory.mktemp(name, numbered=True)
           ^^^^^^^^^^^^^^^^^^^^^^^^^^^^^^^^^^^
.venv311\Lib\site-packages\_pytest\tmpdir.py:131: in mktemp
    basename = self._ensure_relative_to_basetemp(basename)
               ^^^^^^^^^^^^^^^^^^^^^^^^^^^^^^^^^^^^^^^^^^^
.venv311\Lib\site-packages\_pytest\tmpdir.py:112: in _ensure_relative_to_basetemp
    if (self.getbasetemp() / basename).resolve().parent != self.getbasetemp():
        ^^^^^^^^^^^^^^^^^^
.venv311\Lib\site-packages\_pytest\tmpdir.py:208: in getbasetemp
    basetemp = make_numbered_dir_with_cleanup(
.venv311\Lib\site-packages\_pytest\pathlib.py:407: in make_numbered_dir_with_cleanup
    raise e
.venv311\Lib\site-packages\_pytest\pathlib.py:388: in make_numbered_dir_with_cleanup
    p = make_numbered_dir(root, prefix, mode)
        ^^^^^^^^^^^^^^^^^^^^^^^^^^^^^^^^^^^^^
.venv311\Lib\site-packages\_pytest\pathlib.py:229: in make_numbered_dir
    max_existing = max(map(parse_num, find_suffixes(root, prefix)), default=-1)
                   ^^^^^^^^^^^^^^^^^^^^^^^^^^^^^^^^^^^^^^^^^^^^^^^^^^^^^^^^^^^^
.venv311\Lib\site-packages\_pytest\pathlib.py:188: in extract_suffixes
    for entry in iter:
.venv311\Lib\site-packages\_pytest\pathlib.py:176: in find_prefixed
    for x in os.scandir(root):
             ^^^^^^^^^^^^^^^^
E   PermissionError: [WinError 5] アクセスが拒否されました。: 'C:\\Users\\ynobe\\AppData\\Local\\Temp\\pytest-of-ynobe'
_________ ERROR at setup of test_search_chunks_dedupes_identical_text _________
.venv311\Lib\site-packages\_pytest\runner.py:353: in from_call
    result: TResult | None = func()
                             ^^^^^^
.venv311\Lib\site-packages\_pytest\runner.py:245: in <lambda>
    lambda: runtest_hook(item=item, **kwds),
            ^^^^^^^^^^^^^^^^^^^^^^^^^^^^^^^
.venv311\Lib\site-packages\pluggy\_hooks.py:512: in __call__
    return self._hookexec(self.name, self._hookimpls.copy(), kwargs, firstresult)
           ^^^^^^^^^^^^^^^^^^^^^^^^^^^^^^^^^^^^^^^^^^^^^^^^^^^^^^^^^^^^^^^^^^^^^^
.venv311\Lib\site-packages\pluggy\_manager.py:120: in _hookexec
    return self._inner_hookexec(hook_name, methods, kwargs, firstresult)
           ^^^^^^^^^^^^^^^^^^^^^^^^^^^^^^^^^^^^^^^^^^^^^^^^^^^^^^^^^^^^^
.venv311\Lib\site-packages\_pytest\logging.py:843: in pytest_runtest_setup
    yield
.venv311\Lib\site-packages\_pytest\capture.py:895: in pytest_runtest_setup
    return (yield)
            ^^^^^
.venv311\Lib\site-packages\_pytest\runner.py:165: in pytest_runtest_setup
    item.session._setupstate.setup(item)
.venv311\Lib\site-packages\_pytest\runner.py:523: in setup
    col.setup()
.venv311\Lib\site-packages\_pytest\python.py:1723: in setup
    self._request._fillfixtures()
.venv311\Lib\site-packages\_pytest\fixtures.py:707: in _fillfixtures
    item.funcargs[argname] = self.getfixturevalue(argname)
                             ^^^^^^^^^^^^^^^^^^^^^^^^^^^^^
.venv311\Lib\site-packages\_pytest\fixtures.py:539: in getfixturevalue
    fixturedef = self._get_active_fixturedef(argname)
                 ^^^^^^^^^^^^^^^^^^^^^^^^^^^^^^^^^^^^
.venv311\Lib\site-packages\_pytest\fixtures.py:627: in _get_active_fixturedef
    fixturedef.execute(request=subrequest)
.venv311\Lib\site-packages\_pytest\fixtures.py:1110: in execute
    result: FixtureValue = ihook.pytest_fixture_setup(
.venv311\Lib\site-packages\pluggy\_hooks.py:512: in __call__
    return self._hookexec(self.name, self._hookimpls.copy(), kwargs, firstresult)
           ^^^^^^^^^^^^^^^^^^^^^^^^^^^^^^^^^^^^^^^^^^^^^^^^^^^^^^^^^^^^^^^^^^^^^^
.venv311\Lib\site-packages\pluggy\_manager.py:120: in _hookexec
    return self._inner_hookexec(hook_name, methods, kwargs, firstresult)
           ^^^^^^^^^^^^^^^^^^^^^^^^^^^^^^^^^^^^^^^^^^^^^^^^^^^^^^^^^^^^^
.venv311\Lib\site-packages\pluggy\_callers.py:53: in run_old_style_hookwrapper
    return result.get_result()
           ^^^^^^^^^^^^^^^^^^^
.venv311\Lib\site-packages\pluggy\_callers.py:38: in run_old_style_hookwrapper
    res = yield
          ^^^^^
.venv311\Lib\site-packages\_pytest\setuponly.py:36: in pytest_fixture_setup
    return (yield)
            ^^^^^
.venv311\Lib\site-packages\_pytest\fixtures.py:1202: in pytest_fixture_setup
    result = call_fixture_func(fixturefunc, request, kwargs)
             ^^^^^^^^^^^^^^^^^^^^^^^^^^^^^^^^^^^^^^^^^^^^^^^
.venv311\Lib\site-packages\_pytest\fixtures.py:908: in call_fixture_func
    fixture_result = next(generator)
                     ^^^^^^^^^^^^^^^
.venv311\Lib\site-packages\_pytest\tmpdir.py:289: in tmp_path
    path = _mk_tmp(request, tmp_path_factory)
           ^^^^^^^^^^^^^^^^^^^^^^^^^^^^^^^^^^
.venv311\Lib\site-packages\_pytest\tmpdir.py:276: in _mk_tmp
    return factory.mktemp(name, numbered=True)
           ^^^^^^^^^^^^^^^^^^^^^^^^^^^^^^^^^^^
.venv311\Lib\site-packages\_pytest\tmpdir.py:131: in mktemp
    basename = self._ensure_relative_to_basetemp(basename)
               ^^^^^^^^^^^^^^^^^^^^^^^^^^^^^^^^^^^^^^^^^^^
.venv311\Lib\site-packages\_pytest\tmpdir.py:112: in _ensure_relative_to_basetemp
    if (self.getbasetemp() / basename).resolve().parent != self.getbasetemp():
        ^^^^^^^^^^^^^^^^^^
.venv311\Lib\site-packages\_pytest\tmpdir.py:208: in getbasetemp
    basetemp = make_numbered_dir_with_cleanup(
.venv311\Lib\site-packages\_pytest\pathlib.py:407: in make_numbered_dir_with_cleanup
    raise e
.venv311\Lib\site-packages\_pytest\pathlib.py:388: in make_numbered_dir_with_cleanup
    p = make_numbered_dir(root, prefix, mode)
        ^^^^^^^^^^^^^^^^^^^^^^^^^^^^^^^^^^^^^
.venv311\Lib\site-packages\_pytest\pathlib.py:229: in make_numbered_dir
    max_existing = max(map(parse_num, find_suffixes(root, prefix)), default=-1)
                   ^^^^^^^^^^^^^^^^^^^^^^^^^^^^^^^^^^^^^^^^^^^^^^^^^^^^^^^^^^^^
.venv311\Lib\site-packages\_pytest\pathlib.py:188: in extract_suffixes
    for entry in iter:
.venv311\Lib\site-packages\_pytest\pathlib.py:176: in find_prefixed
    for x in os.scandir(root):
             ^^^^^^^^^^^^^^^^
E   PermissionError: [WinError 5] アクセスが拒否されました。: 'C:\\Users\\ynobe\\AppData\\Local\\Temp\\pytest-of-ynobe'
______________ ERROR at setup of test_run_stock_scoring_from_csv ______________
.venv311\Lib\site-packages\_pytest\runner.py:353: in from_call
    result: TResult | None = func()
                             ^^^^^^
.venv311\Lib\site-packages\_pytest\runner.py:245: in <lambda>
    lambda: runtest_hook(item=item, **kwds),
            ^^^^^^^^^^^^^^^^^^^^^^^^^^^^^^^
.venv311\Lib\site-packages\pluggy\_hooks.py:512: in __call__
    return self._hookexec(self.name, self._hookimpls.copy(), kwargs, firstresult)
           ^^^^^^^^^^^^^^^^^^^^^^^^^^^^^^^^^^^^^^^^^^^^^^^^^^^^^^^^^^^^^^^^^^^^^^
.venv311\Lib\site-packages\pluggy\_manager.py:120: in _hookexec
    return self._inner_hookexec(hook_name, methods, kwargs, firstresult)
           ^^^^^^^^^^^^^^^^^^^^^^^^^^^^^^^^^^^^^^^^^^^^^^^^^^^^^^^^^^^^^
.venv311\Lib\site-packages\_pytest\logging.py:843: in pytest_runtest_setup
    yield
.venv311\Lib\site-packages\_pytest\capture.py:895: in pytest_runtest_setup
    return (yield)
            ^^^^^
.venv311\Lib\site-packages\_pytest\runner.py:165: in pytest_runtest_setup
    item.session._setupstate.setup(item)
.venv311\Lib\site-packages\_pytest\runner.py:523: in setup
    col.setup()
.venv311\Lib\site-packages\_pytest\python.py:1723: in setup
    self._request._fillfixtures()
.venv311\Lib\site-packages\_pytest\fixtures.py:707: in _fillfixtures
    item.funcargs[argname] = self.getfixturevalue(argname)
                             ^^^^^^^^^^^^^^^^^^^^^^^^^^^^^
.venv311\Lib\site-packages\_pytest\fixtures.py:539: in getfixturevalue
    fixturedef = self._get_active_fixturedef(argname)
                 ^^^^^^^^^^^^^^^^^^^^^^^^^^^^^^^^^^^^
.venv311\Lib\site-packages\_pytest\fixtures.py:627: in _get_active_fixturedef
    fixturedef.execute(request=subrequest)
.venv311\Lib\site-packages\_pytest\fixtures.py:1110: in execute
    result: FixtureValue = ihook.pytest_fixture_setup(
.venv311\Lib\site-packages\pluggy\_hooks.py:512: in __call__
    return self._hookexec(self.name, self._hookimpls.copy(), kwargs, firstresult)
           ^^^^^^^^^^^^^^^^^^^^^^^^^^^^^^^^^^^^^^^^^^^^^^^^^^^^^^^^^^^^^^^^^^^^^^
.venv311\Lib\site-packages\pluggy\_manager.py:120: in _hookexec
    return self._inner_hookexec(hook_name, methods, kwargs, firstresult)
           ^^^^^^^^^^^^^^^^^^^^^^^^^^^^^^^^^^^^^^^^^^^^^^^^^^^^^^^^^^^^^
.venv311\Lib\site-packages\pluggy\_callers.py:53: in run_old_style_hookwrapper
    return result.get_result()
           ^^^^^^^^^^^^^^^^^^^
.venv311\Lib\site-packages\pluggy\_callers.py:38: in run_old_style_hookwrapper
    res = yield
          ^^^^^
.venv311\Lib\site-packages\_pytest\setuponly.py:36: in pytest_fixture_setup
    return (yield)
            ^^^^^
.venv311\Lib\site-packages\_pytest\fixtures.py:1202: in pytest_fixture_setup
    result = call_fixture_func(fixturefunc, request, kwargs)
             ^^^^^^^^^^^^^^^^^^^^^^^^^^^^^^^^^^^^^^^^^^^^^^^
.venv311\Lib\site-packages\_pytest\fixtures.py:908: in call_fixture_func
    fixture_result = next(generator)
                     ^^^^^^^^^^^^^^^
.venv311\Lib\site-packages\_pytest\tmpdir.py:289: in tmp_path
    path = _mk_tmp(request, tmp_path_factory)
           ^^^^^^^^^^^^^^^^^^^^^^^^^^^^^^^^^^
.venv311\Lib\site-packages\_pytest\tmpdir.py:276: in _mk_tmp
    return factory.mktemp(name, numbered=True)
           ^^^^^^^^^^^^^^^^^^^^^^^^^^^^^^^^^^^
.venv311\Lib\site-packages\_pytest\tmpdir.py:131: in mktemp
    basename = self._ensure_relative_to_basetemp(basename)
               ^^^^^^^^^^^^^^^^^^^^^^^^^^^^^^^^^^^^^^^^^^^
.venv311\Lib\site-packages\_pytest\tmpdir.py:112: in _ensure_relative_to_basetemp
    if (self.getbasetemp() / basename).resolve().parent != self.getbasetemp():
        ^^^^^^^^^^^^^^^^^^
.venv311\Lib\site-packages\_pytest\tmpdir.py:208: in getbasetemp
    basetemp = make_numbered_dir_with_cleanup(
.venv311\Lib\site-packages\_pytest\pathlib.py:407: in make_numbered_dir_with_cleanup
    raise e
.venv311\Lib\site-packages\_pytest\pathlib.py:388: in make_numbered_dir_with_cleanup
    p = make_numbered_dir(root, prefix, mode)
        ^^^^^^^^^^^^^^^^^^^^^^^^^^^^^^^^^^^^^
.venv311\Lib\site-packages\_pytest\pathlib.py:229: in make_numbered_dir
    max_existing = max(map(parse_num, find_suffixes(root, prefix)), default=-1)
                   ^^^^^^^^^^^^^^^^^^^^^^^^^^^^^^^^^^^^^^^^^^^^^^^^^^^^^^^^^^^^
.venv311\Lib\site-packages\_pytest\pathlib.py:188: in extract_suffixes
    for entry in iter:
.venv311\Lib\site-packages\_pytest\pathlib.py:176: in find_prefixed
    for x in os.scandir(root):
             ^^^^^^^^^^^^^^^^
E   PermissionError: [WinError 5] アクセスが拒否されました。: 'C:\\Users\\ynobe\\AppData\\Local\\Temp\\pytest-of-ynobe'
____________ ERROR at setup of test_run_stock_scoring_missing_csv _____________
.venv311\Lib\site-packages\_pytest\runner.py:353: in from_call
    result: TResult | None = func()
                             ^^^^^^
.venv311\Lib\site-packages\_pytest\runner.py:245: in <lambda>
    lambda: runtest_hook(item=item, **kwds),
            ^^^^^^^^^^^^^^^^^^^^^^^^^^^^^^^
.venv311\Lib\site-packages\pluggy\_hooks.py:512: in __call__
    return self._hookexec(self.name, self._hookimpls.copy(), kwargs, firstresult)
           ^^^^^^^^^^^^^^^^^^^^^^^^^^^^^^^^^^^^^^^^^^^^^^^^^^^^^^^^^^^^^^^^^^^^^^
.venv311\Lib\site-packages\pluggy\_manager.py:120: in _hookexec
    return self._inner_hookexec(hook_name, methods, kwargs, firstresult)
           ^^^^^^^^^^^^^^^^^^^^^^^^^^^^^^^^^^^^^^^^^^^^^^^^^^^^^^^^^^^^^
.venv311\Lib\site-packages\_pytest\logging.py:843: in pytest_runtest_setup
    yield
.venv311\Lib\site-packages\_pytest\capture.py:895: in pytest_runtest_setup
    return (yield)
            ^^^^^
.venv311\Lib\site-packages\_pytest\runner.py:165: in pytest_runtest_setup
    item.session._setupstate.setup(item)
.venv311\Lib\site-packages\_pytest\runner.py:523: in setup
    col.setup()
.venv311\Lib\site-packages\_pytest\python.py:1723: in setup
    self._request._fillfixtures()
.venv311\Lib\site-packages\_pytest\fixtures.py:707: in _fillfixtures
    item.funcargs[argname] = self.getfixturevalue(argname)
                             ^^^^^^^^^^^^^^^^^^^^^^^^^^^^^
.venv311\Lib\site-packages\_pytest\fixtures.py:539: in getfixturevalue
    fixturedef = self._get_active_fixturedef(argname)
                 ^^^^^^^^^^^^^^^^^^^^^^^^^^^^^^^^^^^^
.venv311\Lib\site-packages\_pytest\fixtures.py:627: in _get_active_fixturedef
    fixturedef.execute(request=subrequest)
.venv311\Lib\site-packages\_pytest\fixtures.py:1110: in execute
    result: FixtureValue = ihook.pytest_fixture_setup(
.venv311\Lib\site-packages\pluggy\_hooks.py:512: in __call__
    return self._hookexec(self.name, self._hookimpls.copy(), kwargs, firstresult)
           ^^^^^^^^^^^^^^^^^^^^^^^^^^^^^^^^^^^^^^^^^^^^^^^^^^^^^^^^^^^^^^^^^^^^^^
.venv311\Lib\site-packages\pluggy\_manager.py:120: in _hookexec
    return self._inner_hookexec(hook_name, methods, kwargs, firstresult)
           ^^^^^^^^^^^^^^^^^^^^^^^^^^^^^^^^^^^^^^^^^^^^^^^^^^^^^^^^^^^^^
.venv311\Lib\site-packages\pluggy\_callers.py:53: in run_old_style_hookwrapper
    return result.get_result()
           ^^^^^^^^^^^^^^^^^^^
.venv311\Lib\site-packages\pluggy\_callers.py:38: in run_old_style_hookwrapper
    res = yield
          ^^^^^
.venv311\Lib\site-packages\_pytest\setuponly.py:36: in pytest_fixture_setup
    return (yield)
            ^^^^^
.venv311\Lib\site-packages\_pytest\fixtures.py:1202: in pytest_fixture_setup
    result = call_fixture_func(fixturefunc, request, kwargs)
             ^^^^^^^^^^^^^^^^^^^^^^^^^^^^^^^^^^^^^^^^^^^^^^^
.venv311\Lib\site-packages\_pytest\fixtures.py:908: in call_fixture_func
    fixture_result = next(generator)
                     ^^^^^^^^^^^^^^^
.venv311\Lib\site-packages\_pytest\tmpdir.py:289: in tmp_path
    path = _mk_tmp(request, tmp_path_factory)
           ^^^^^^^^^^^^^^^^^^^^^^^^^^^^^^^^^^
.venv311\Lib\site-packages\_pytest\tmpdir.py:276: in _mk_tmp
    return factory.mktemp(name, numbered=True)
           ^^^^^^^^^^^^^^^^^^^^^^^^^^^^^^^^^^^
.venv311\Lib\site-packages\_pytest\tmpdir.py:131: in mktemp
    basename = self._ensure_relative_to_basetemp(basename)
               ^^^^^^^^^^^^^^^^^^^^^^^^^^^^^^^^^^^^^^^^^^^
.venv311\Lib\site-packages\_pytest\tmpdir.py:112: in _ensure_relative_to_basetemp
    if (self.getbasetemp() / basename).resolve().parent != self.getbasetemp():
        ^^^^^^^^^^^^^^^^^^
.venv311\Lib\site-packages\_pytest\tmpdir.py:208: in getbasetemp
    basetemp = make_numbered_dir_with_cleanup(
.venv311\Lib\site-packages\_pytest\pathlib.py:407: in make_numbered_dir_with_cleanup
    raise e
.venv311\Lib\site-packages\_pytest\pathlib.py:388: in make_numbered_dir_with_cleanup
    p = make_numbered_dir(root, prefix, mode)
        ^^^^^^^^^^^^^^^^^^^^^^^^^^^^^^^^^^^^^
.venv311\Lib\site-packages\_pytest\pathlib.py:229: in make_numbered_dir
    max_existing = max(map(parse_num, find_suffixes(root, prefix)), default=-1)
                   ^^^^^^^^^^^^^^^^^^^^^^^^^^^^^^^^^^^^^^^^^^^^^^^^^^^^^^^^^^^^
.venv311\Lib\site-packages\_pytest\pathlib.py:188: in extract_suffixes
    for entry in iter:
.venv311\Lib\site-packages\_pytest\pathlib.py:176: in find_prefixed
    for x in os.scandir(root):
             ^^^^^^^^^^^^^^^^
E   PermissionError: [WinError 5] アクセスが拒否されました。: 'C:\\Users\\ynobe\\AppData\\Local\\Temp\\pytest-of-ynobe'
___________________ ERROR at setup of test_score_for_ticker ___________________
.venv311\Lib\site-packages\_pytest\runner.py:353: in from_call
    result: TResult | None = func()
                             ^^^^^^
.venv311\Lib\site-packages\_pytest\runner.py:245: in <lambda>
    lambda: runtest_hook(item=item, **kwds),
            ^^^^^^^^^^^^^^^^^^^^^^^^^^^^^^^
.venv311\Lib\site-packages\pluggy\_hooks.py:512: in __call__
    return self._hookexec(self.name, self._hookimpls.copy(), kwargs, firstresult)
           ^^^^^^^^^^^^^^^^^^^^^^^^^^^^^^^^^^^^^^^^^^^^^^^^^^^^^^^^^^^^^^^^^^^^^^
.venv311\Lib\site-packages\pluggy\_manager.py:120: in _hookexec
    return self._inner_hookexec(hook_name, methods, kwargs, firstresult)
           ^^^^^^^^^^^^^^^^^^^^^^^^^^^^^^^^^^^^^^^^^^^^^^^^^^^^^^^^^^^^^
.venv311\Lib\site-packages\_pytest\logging.py:843: in pytest_runtest_setup
    yield
.venv311\Lib\site-packages\_pytest\capture.py:895: in pytest_runtest_setup
    return (yield)
            ^^^^^
.venv311\Lib\site-packages\_pytest\runner.py:165: in pytest_runtest_setup
    item.session._setupstate.setup(item)
.venv311\Lib\site-packages\_pytest\runner.py:523: in setup
    col.setup()
.venv311\Lib\site-packages\_pytest\python.py:1723: in setup
    self._request._fillfixtures()
.venv311\Lib\site-packages\_pytest\fixtures.py:707: in _fillfixtures
    item.funcargs[argname] = self.getfixturevalue(argname)
                             ^^^^^^^^^^^^^^^^^^^^^^^^^^^^^
.venv311\Lib\site-packages\_pytest\fixtures.py:539: in getfixturevalue
    fixturedef = self._get_active_fixturedef(argname)
                 ^^^^^^^^^^^^^^^^^^^^^^^^^^^^^^^^^^^^
.venv311\Lib\site-packages\_pytest\fixtures.py:627: in _get_active_fixturedef
    fixturedef.execute(request=subrequest)
.venv311\Lib\site-packages\_pytest\fixtures.py:1110: in execute
    result: FixtureValue = ihook.pytest_fixture_setup(
.venv311\Lib\site-packages\pluggy\_hooks.py:512: in __call__
    return self._hookexec(self.name, self._hookimpls.copy(), kwargs, firstresult)
           ^^^^^^^^^^^^^^^^^^^^^^^^^^^^^^^^^^^^^^^^^^^^^^^^^^^^^^^^^^^^^^^^^^^^^^
.venv311\Lib\site-packages\pluggy\_manager.py:120: in _hookexec
    return self._inner_hookexec(hook_name, methods, kwargs, firstresult)
           ^^^^^^^^^^^^^^^^^^^^^^^^^^^^^^^^^^^^^^^^^^^^^^^^^^^^^^^^^^^^^
.venv311\Lib\site-packages\pluggy\_callers.py:53: in run_old_style_hookwrapper
    return result.get_result()
           ^^^^^^^^^^^^^^^^^^^
.venv311\Lib\site-packages\pluggy\_callers.py:38: in run_old_style_hookwrapper
    res = yield
          ^^^^^
.venv311\Lib\site-packages\_pytest\setuponly.py:36: in pytest_fixture_setup
    return (yield)
            ^^^^^
.venv311\Lib\site-packages\_pytest\fixtures.py:1202: in pytest_fixture_setup
    result = call_fixture_func(fixturefunc, request, kwargs)
             ^^^^^^^^^^^^^^^^^^^^^^^^^^^^^^^^^^^^^^^^^^^^^^^
.venv311\Lib\site-packages\_pytest\fixtures.py:908: in call_fixture_func
    fixture_result = next(generator)
                     ^^^^^^^^^^^^^^^
.venv311\Lib\site-packages\_pytest\tmpdir.py:289: in tmp_path
    path = _mk_tmp(request, tmp_path_factory)
           ^^^^^^^^^^^^^^^^^^^^^^^^^^^^^^^^^^
.venv311\Lib\site-packages\_pytest\tmpdir.py:276: in _mk_tmp
    return factory.mktemp(name, numbered=True)
           ^^^^^^^^^^^^^^^^^^^^^^^^^^^^^^^^^^^
.venv311\Lib\site-packages\_pytest\tmpdir.py:131: in mktemp
    basename = self._ensure_relative_to_basetemp(basename)
               ^^^^^^^^^^^^^^^^^^^^^^^^^^^^^^^^^^^^^^^^^^^
.venv311\Lib\site-packages\_pytest\tmpdir.py:112: in _ensure_relative_to_basetemp
    if (self.getbasetemp() / basename).resolve().parent != self.getbasetemp():
        ^^^^^^^^^^^^^^^^^^
.venv311\Lib\site-packages\_pytest\tmpdir.py:208: in getbasetemp
    basetemp = make_numbered_dir_with_cleanup(
.venv311\Lib\site-packages\_pytest\pathlib.py:407: in make_numbered_dir_with_cleanup
    raise e
.venv311\Lib\site-packages\_pytest\pathlib.py:388: in make_numbered_dir_with_cleanup
    p = make_numbered_dir(root, prefix, mode)
        ^^^^^^^^^^^^^^^^^^^^^^^^^^^^^^^^^^^^^
.venv311\Lib\site-packages\_pytest\pathlib.py:229: in make_numbered_dir
    max_existing = max(map(parse_num, find_suffixes(root, prefix)), default=-1)
                   ^^^^^^^^^^^^^^^^^^^^^^^^^^^^^^^^^^^^^^^^^^^^^^^^^^^^^^^^^^^^
.venv311\Lib\site-packages\_pytest\pathlib.py:188: in extract_suffixes
    for entry in iter:
.venv311\Lib\site-packages\_pytest\pathlib.py:176: in find_prefixed
    for x in os.scandir(root):
             ^^^^^^^^^^^^^^^^
E   PermissionError: [WinError 5] アクセスが拒否されました。: 'C:\\Users\\ynobe\\AppData\\Local\\Temp\\pytest-of-ynobe'
________ ERROR at setup of test_rag_stats_endpoint_reports_db_contents ________
.venv311\Lib\site-packages\_pytest\runner.py:353: in from_call
    result: TResult | None = func()
                             ^^^^^^
.venv311\Lib\site-packages\_pytest\runner.py:245: in <lambda>
    lambda: runtest_hook(item=item, **kwds),
            ^^^^^^^^^^^^^^^^^^^^^^^^^^^^^^^
.venv311\Lib\site-packages\pluggy\_hooks.py:512: in __call__
    return self._hookexec(self.name, self._hookimpls.copy(), kwargs, firstresult)
           ^^^^^^^^^^^^^^^^^^^^^^^^^^^^^^^^^^^^^^^^^^^^^^^^^^^^^^^^^^^^^^^^^^^^^^
.venv311\Lib\site-packages\pluggy\_manager.py:120: in _hookexec
    return self._inner_hookexec(hook_name, methods, kwargs, firstresult)
           ^^^^^^^^^^^^^^^^^^^^^^^^^^^^^^^^^^^^^^^^^^^^^^^^^^^^^^^^^^^^^
.venv311\Lib\site-packages\_pytest\logging.py:843: in pytest_runtest_setup
    yield
.venv311\Lib\site-packages\_pytest\capture.py:895: in pytest_runtest_setup
    return (yield)
            ^^^^^
.venv311\Lib\site-packages\_pytest\runner.py:165: in pytest_runtest_setup
    item.session._setupstate.setup(item)
.venv311\Lib\site-packages\_pytest\runner.py:523: in setup
    col.setup()
.venv311\Lib\site-packages\_pytest\python.py:1723: in setup
    self._request._fillfixtures()
.venv311\Lib\site-packages\_pytest\fixtures.py:707: in _fillfixtures
    item.funcargs[argname] = self.getfixturevalue(argname)
                             ^^^^^^^^^^^^^^^^^^^^^^^^^^^^^
.venv311\Lib\site-packages\_pytest\fixtures.py:539: in getfixturevalue
    fixturedef = self._get_active_fixturedef(argname)
                 ^^^^^^^^^^^^^^^^^^^^^^^^^^^^^^^^^^^^
.venv311\Lib\site-packages\_pytest\fixtures.py:627: in _get_active_fixturedef
    fixturedef.execute(request=subrequest)
.venv311\Lib\site-packages\_pytest\fixtures.py:1110: in execute
    result: FixtureValue = ihook.pytest_fixture_setup(
.venv311\Lib\site-packages\pluggy\_hooks.py:512: in __call__
    return self._hookexec(self.name, self._hookimpls.copy(), kwargs, firstresult)
           ^^^^^^^^^^^^^^^^^^^^^^^^^^^^^^^^^^^^^^^^^^^^^^^^^^^^^^^^^^^^^^^^^^^^^^
.venv311\Lib\site-packages\pluggy\_manager.py:120: in _hookexec
    return self._inner_hookexec(hook_name, methods, kwargs, firstresult)
           ^^^^^^^^^^^^^^^^^^^^^^^^^^^^^^^^^^^^^^^^^^^^^^^^^^^^^^^^^^^^^
.venv311\Lib\site-packages\pluggy\_callers.py:53: in run_old_style_hookwrapper
    return result.get_result()
           ^^^^^^^^^^^^^^^^^^^
.venv311\Lib\site-packages\pluggy\_callers.py:38: in run_old_style_hookwrapper
    res = yield
          ^^^^^
.venv311\Lib\site-packages\_pytest\setuponly.py:36: in pytest_fixture_setup
    return (yield)
            ^^^^^
.venv311\Lib\site-packages\_pytest\fixtures.py:1202: in pytest_fixture_setup
    result = call_fixture_func(fixturefunc, request, kwargs)
             ^^^^^^^^^^^^^^^^^^^^^^^^^^^^^^^^^^^^^^^^^^^^^^^
.venv311\Lib\site-packages\_pytest\fixtures.py:908: in call_fixture_func
    fixture_result = next(generator)
                     ^^^^^^^^^^^^^^^
.venv311\Lib\site-packages\_pytest\tmpdir.py:289: in tmp_path
    path = _mk_tmp(request, tmp_path_factory)
           ^^^^^^^^^^^^^^^^^^^^^^^^^^^^^^^^^^
.venv311\Lib\site-packages\_pytest\tmpdir.py:276: in _mk_tmp
    return factory.mktemp(name, numbered=True)
           ^^^^^^^^^^^^^^^^^^^^^^^^^^^^^^^^^^^
.venv311\Lib\site-packages\_pytest\tmpdir.py:131: in mktemp
    basename = self._ensure_relative_to_basetemp(basename)
               ^^^^^^^^^^^^^^^^^^^^^^^^^^^^^^^^^^^^^^^^^^^
.venv311\Lib\site-packages\_pytest\tmpdir.py:112: in _ensure_relative_to_basetemp
    if (self.getbasetemp() / basename).resolve().parent != self.getbasetemp():
        ^^^^^^^^^^^^^^^^^^
.venv311\Lib\site-packages\_pytest\tmpdir.py:208: in getbasetemp
    basetemp = make_numbered_dir_with_cleanup(
.venv311\Lib\site-packages\_pytest\pathlib.py:407: in make_numbered_dir_with_cleanup
    raise e
.venv311\Lib\site-packages\_pytest\pathlib.py:388: in make_numbered_dir_with_cleanup
    p = make_numbered_dir(root, prefix, mode)
        ^^^^^^^^^^^^^^^^^^^^^^^^^^^^^^^^^^^^^
.venv311\Lib\site-packages\_pytest\pathlib.py:229: in make_numbered_dir
    max_existing = max(map(parse_num, find_suffixes(root, prefix)), default=-1)
                   ^^^^^^^^^^^^^^^^^^^^^^^^^^^^^^^^^^^^^^^^^^^^^^^^^^^^^^^^^^^^
.venv311\Lib\site-packages\_pytest\pathlib.py:188: in extract_suffixes
    for entry in iter:
.venv311\Lib\site-packages\_pytest\pathlib.py:176: in find_prefixed
    for x in os.scandir(root):
             ^^^^^^^^^^^^^^^^
E   PermissionError: [WinError 5] アクセスが拒否されました。: 'C:\\Users\\ynobe\\AppData\\Local\\Temp\\pytest-of-ynobe'
_________________ ERROR at setup of test_rag_search_endpoint __________________
.venv311\Lib\site-packages\_pytest\runner.py:353: in from_call
    result: TResult | None = func()
                             ^^^^^^
.venv311\Lib\site-packages\_pytest\runner.py:245: in <lambda>
    lambda: runtest_hook(item=item, **kwds),
            ^^^^^^^^^^^^^^^^^^^^^^^^^^^^^^^
.venv311\Lib\site-packages\pluggy\_hooks.py:512: in __call__
    return self._hookexec(self.name, self._hookimpls.copy(), kwargs, firstresult)
           ^^^^^^^^^^^^^^^^^^^^^^^^^^^^^^^^^^^^^^^^^^^^^^^^^^^^^^^^^^^^^^^^^^^^^^
.venv311\Lib\site-packages\pluggy\_manager.py:120: in _hookexec
    return self._inner_hookexec(hook_name, methods, kwargs, firstresult)
           ^^^^^^^^^^^^^^^^^^^^^^^^^^^^^^^^^^^^^^^^^^^^^^^^^^^^^^^^^^^^^
.venv311\Lib\site-packages\_pytest\logging.py:843: in pytest_runtest_setup
    yield
.venv311\Lib\site-packages\_pytest\capture.py:895: in pytest_runtest_setup
    return (yield)
            ^^^^^
.venv311\Lib\site-packages\_pytest\runner.py:165: in pytest_runtest_setup
    item.session._setupstate.setup(item)
.venv311\Lib\site-packages\_pytest\runner.py:523: in setup
    col.setup()
.venv311\Lib\site-packages\_pytest\python.py:1723: in setup
    self._request._fillfixtures()
.venv311\Lib\site-packages\_pytest\fixtures.py:707: in _fillfixtures
    item.funcargs[argname] = self.getfixturevalue(argname)
                             ^^^^^^^^^^^^^^^^^^^^^^^^^^^^^
.venv311\Lib\site-packages\_pytest\fixtures.py:539: in getfixturevalue
    fixturedef = self._get_active_fixturedef(argname)
                 ^^^^^^^^^^^^^^^^^^^^^^^^^^^^^^^^^^^^
.venv311\Lib\site-packages\_pytest\fixtures.py:627: in _get_active_fixturedef
    fixturedef.execute(request=subrequest)
.venv311\Lib\site-packages\_pytest\fixtures.py:1110: in execute
    result: FixtureValue = ihook.pytest_fixture_setup(
.venv311\Lib\site-packages\pluggy\_hooks.py:512: in __call__
    return self._hookexec(self.name, self._hookimpls.copy(), kwargs, firstresult)
           ^^^^^^^^^^^^^^^^^^^^^^^^^^^^^^^^^^^^^^^^^^^^^^^^^^^^^^^^^^^^^^^^^^^^^^
.venv311\Lib\site-packages\pluggy\_manager.py:120: in _hookexec
    return self._inner_hookexec(hook_name, methods, kwargs, firstresult)
           ^^^^^^^^^^^^^^^^^^^^^^^^^^^^^^^^^^^^^^^^^^^^^^^^^^^^^^^^^^^^^
.venv311\Lib\site-packages\pluggy\_callers.py:53: in run_old_style_hookwrapper
    return result.get_result()
           ^^^^^^^^^^^^^^^^^^^
.venv311\Lib\site-packages\pluggy\_callers.py:38: in run_old_style_hookwrapper
    res = yield
          ^^^^^
.venv311\Lib\site-packages\_pytest\setuponly.py:36: in pytest_fixture_setup
    return (yield)
            ^^^^^
.venv311\Lib\site-packages\_pytest\fixtures.py:1202: in pytest_fixture_setup
    result = call_fixture_func(fixturefunc, request, kwargs)
             ^^^^^^^^^^^^^^^^^^^^^^^^^^^^^^^^^^^^^^^^^^^^^^^
.venv311\Lib\site-packages\_pytest\fixtures.py:908: in call_fixture_func
    fixture_result = next(generator)
                     ^^^^^^^^^^^^^^^
.venv311\Lib\site-packages\_pytest\tmpdir.py:289: in tmp_path
    path = _mk_tmp(request, tmp_path_factory)
           ^^^^^^^^^^^^^^^^^^^^^^^^^^^^^^^^^^
.venv311\Lib\site-packages\_pytest\tmpdir.py:276: in _mk_tmp
    return factory.mktemp(name, numbered=True)
           ^^^^^^^^^^^^^^^^^^^^^^^^^^^^^^^^^^^
.venv311\Lib\site-packages\_pytest\tmpdir.py:131: in mktemp
    basename = self._ensure_relative_to_basetemp(basename)
               ^^^^^^^^^^^^^^^^^^^^^^^^^^^^^^^^^^^^^^^^^^^
.venv311\Lib\site-packages\_pytest\tmpdir.py:112: in _ensure_relative_to_basetemp
    if (self.getbasetemp() / basename).resolve().parent != self.getbasetemp():
        ^^^^^^^^^^^^^^^^^^
.venv311\Lib\site-packages\_pytest\tmpdir.py:208: in getbasetemp
    basetemp = make_numbered_dir_with_cleanup(
.venv311\Lib\site-packages\_pytest\pathlib.py:407: in make_numbered_dir_with_cleanup
    raise e
.venv311\Lib\site-packages\_pytest\pathlib.py:388: in make_numbered_dir_with_cleanup
    p = make_numbered_dir(root, prefix, mode)
        ^^^^^^^^^^^^^^^^^^^^^^^^^^^^^^^^^^^^^
.venv311\Lib\site-packages\_pytest\pathlib.py:229: in make_numbered_dir
    max_existing = max(map(parse_num, find_suffixes(root, prefix)), default=-1)
                   ^^^^^^^^^^^^^^^^^^^^^^^^^^^^^^^^^^^^^^^^^^^^^^^^^^^^^^^^^^^^
.venv311\Lib\site-packages\_pytest\pathlib.py:188: in extract_suffixes
    for entry in iter:
.venv311\Lib\site-packages\_pytest\pathlib.py:176: in find_prefixed
    for x in os.scandir(root):
             ^^^^^^^^^^^^^^^^
E   PermissionError: [WinError 5] アクセスが拒否されました。: 'C:\\Users\\ynobe\\AppData\\Local\\Temp\\pytest-of-ynobe'
___________ ERROR at setup of test_orchestrate_endpoint_is_offline ____________
.venv311\Lib\site-packages\_pytest\runner.py:353: in from_call
    result: TResult | None = func()
                             ^^^^^^
.venv311\Lib\site-packages\_pytest\runner.py:245: in <lambda>
    lambda: runtest_hook(item=item, **kwds),
            ^^^^^^^^^^^^^^^^^^^^^^^^^^^^^^^
.venv311\Lib\site-packages\pluggy\_hooks.py:512: in __call__
    return self._hookexec(self.name, self._hookimpls.copy(), kwargs, firstresult)
           ^^^^^^^^^^^^^^^^^^^^^^^^^^^^^^^^^^^^^^^^^^^^^^^^^^^^^^^^^^^^^^^^^^^^^^
.venv311\Lib\site-packages\pluggy\_manager.py:120: in _hookexec
    return self._inner_hookexec(hook_name, methods, kwargs, firstresult)
           ^^^^^^^^^^^^^^^^^^^^^^^^^^^^^^^^^^^^^^^^^^^^^^^^^^^^^^^^^^^^^
.venv311\Lib\site-packages\_pytest\logging.py:843: in pytest_runtest_setup
    yield
.venv311\Lib\site-packages\_pytest\capture.py:895: in pytest_runtest_setup
    return (yield)
            ^^^^^
.venv311\Lib\site-packages\_pytest\runner.py:165: in pytest_runtest_setup
    item.session._setupstate.setup(item)
.venv311\Lib\site-packages\_pytest\runner.py:523: in setup
    col.setup()
.venv311\Lib\site-packages\_pytest\python.py:1723: in setup
    self._request._fillfixtures()
.venv311\Lib\site-packages\_pytest\fixtures.py:707: in _fillfixtures
    item.funcargs[argname] = self.getfixturevalue(argname)
                             ^^^^^^^^^^^^^^^^^^^^^^^^^^^^^
.venv311\Lib\site-packages\_pytest\fixtures.py:539: in getfixturevalue
    fixturedef = self._get_active_fixturedef(argname)
                 ^^^^^^^^^^^^^^^^^^^^^^^^^^^^^^^^^^^^
.venv311\Lib\site-packages\_pytest\fixtures.py:627: in _get_active_fixturedef
    fixturedef.execute(request=subrequest)
.venv311\Lib\site-packages\_pytest\fixtures.py:1110: in execute
    result: FixtureValue = ihook.pytest_fixture_setup(
.venv311\Lib\site-packages\pluggy\_hooks.py:512: in __call__
    return self._hookexec(self.name, self._hookimpls.copy(), kwargs, firstresult)
           ^^^^^^^^^^^^^^^^^^^^^^^^^^^^^^^^^^^^^^^^^^^^^^^^^^^^^^^^^^^^^^^^^^^^^^
.venv311\Lib\site-packages\pluggy\_manager.py:120: in _hookexec
    return self._inner_hookexec(hook_name, methods, kwargs, firstresult)
           ^^^^^^^^^^^^^^^^^^^^^^^^^^^^^^^^^^^^^^^^^^^^^^^^^^^^^^^^^^^^^
.venv311\Lib\site-packages\pluggy\_callers.py:53: in run_old_style_hookwrapper
    return result.get_result()
           ^^^^^^^^^^^^^^^^^^^
.venv311\Lib\site-packages\pluggy\_callers.py:38: in run_old_style_hookwrapper
    res = yield
          ^^^^^
.venv311\Lib\site-packages\_pytest\setuponly.py:36: in pytest_fixture_setup
    return (yield)
            ^^^^^
.venv311\Lib\site-packages\_pytest\fixtures.py:1202: in pytest_fixture_setup
    result = call_fixture_func(fixturefunc, request, kwargs)
             ^^^^^^^^^^^^^^^^^^^^^^^^^^^^^^^^^^^^^^^^^^^^^^^
.venv311\Lib\site-packages\_pytest\fixtures.py:908: in call_fixture_func
    fixture_result = next(generator)
                     ^^^^^^^^^^^^^^^
.venv311\Lib\site-packages\_pytest\tmpdir.py:289: in tmp_path
    path = _mk_tmp(request, tmp_path_factory)
           ^^^^^^^^^^^^^^^^^^^^^^^^^^^^^^^^^^
.venv311\Lib\site-packages\_pytest\tmpdir.py:276: in _mk_tmp
    return factory.mktemp(name, numbered=True)
           ^^^^^^^^^^^^^^^^^^^^^^^^^^^^^^^^^^^
.venv311\Lib\site-packages\_pytest\tmpdir.py:131: in mktemp
    basename = self._ensure_relative_to_basetemp(basename)
               ^^^^^^^^^^^^^^^^^^^^^^^^^^^^^^^^^^^^^^^^^^^
.venv311\Lib\site-packages\_pytest\tmpdir.py:112: in _ensure_relative_to_basetemp
    if (self.getbasetemp() / basename).resolve().parent != self.getbasetemp():
        ^^^^^^^^^^^^^^^^^^
.venv311\Lib\site-packages\_pytest\tmpdir.py:208: in getbasetemp
    basetemp = make_numbered_dir_with_cleanup(
.venv311\Lib\site-packages\_pytest\pathlib.py:407: in make_numbered_dir_with_cleanup
    raise e
.venv311\Lib\site-packages\_pytest\pathlib.py:388: in make_numbered_dir_with_cleanup
    p = make_numbered_dir(root, prefix, mode)
        ^^^^^^^^^^^^^^^^^^^^^^^^^^^^^^^^^^^^^
.venv311\Lib\site-packages\_pytest\pathlib.py:229: in make_numbered_dir
    max_existing = max(map(parse_num, find_suffixes(root, prefix)), default=-1)
                   ^^^^^^^^^^^^^^^^^^^^^^^^^^^^^^^^^^^^^^^^^^^^^^^^^^^^^^^^^^^^
.venv311\Lib\site-packages\_pytest\pathlib.py:188: in extract_suffixes
    for entry in iter:
.venv311\Lib\site-packages\_pytest\pathlib.py:176: in find_prefixed
    for x in os.scandir(root):
             ^^^^^^^^^^^^^^^^
E   PermissionError: [WinError 5] アクセスが拒否されました。: 'C:\\Users\\ynobe\\AppData\\Local\\Temp\\pytest-of-ynobe'
________ ERROR at setup of test_orchestrate_injects_dividend_evidence _________
.venv311\Lib\site-packages\_pytest\runner.py:353: in from_call
    result: TResult | None = func()
                             ^^^^^^
.venv311\Lib\site-packages\_pytest\runner.py:245: in <lambda>
    lambda: runtest_hook(item=item, **kwds),
            ^^^^^^^^^^^^^^^^^^^^^^^^^^^^^^^
.venv311\Lib\site-packages\pluggy\_hooks.py:512: in __call__
    return self._hookexec(self.name, self._hookimpls.copy(), kwargs, firstresult)
           ^^^^^^^^^^^^^^^^^^^^^^^^^^^^^^^^^^^^^^^^^^^^^^^^^^^^^^^^^^^^^^^^^^^^^^
.venv311\Lib\site-packages\pluggy\_manager.py:120: in _hookexec
    return self._inner_hookexec(hook_name, methods, kwargs, firstresult)
           ^^^^^^^^^^^^^^^^^^^^^^^^^^^^^^^^^^^^^^^^^^^^^^^^^^^^^^^^^^^^^
.venv311\Lib\site-packages\_pytest\logging.py:843: in pytest_runtest_setup
    yield
.venv311\Lib\site-packages\_pytest\capture.py:895: in pytest_runtest_setup
    return (yield)
            ^^^^^
.venv311\Lib\site-packages\_pytest\runner.py:165: in pytest_runtest_setup
    item.session._setupstate.setup(item)
.venv311\Lib\site-packages\_pytest\runner.py:523: in setup
    col.setup()
.venv311\Lib\site-packages\_pytest\python.py:1723: in setup
    self._request._fillfixtures()
.venv311\Lib\site-packages\_pytest\fixtures.py:707: in _fillfixtures
    item.funcargs[argname] = self.getfixturevalue(argname)
                             ^^^^^^^^^^^^^^^^^^^^^^^^^^^^^
.venv311\Lib\site-packages\_pytest\fixtures.py:539: in getfixturevalue
    fixturedef = self._get_active_fixturedef(argname)
                 ^^^^^^^^^^^^^^^^^^^^^^^^^^^^^^^^^^^^
.venv311\Lib\site-packages\_pytest\fixtures.py:627: in _get_active_fixturedef
    fixturedef.execute(request=subrequest)
.venv311\Lib\site-packages\_pytest\fixtures.py:1110: in execute
    result: FixtureValue = ihook.pytest_fixture_setup(
.venv311\Lib\site-packages\pluggy\_hooks.py:512: in __call__
    return self._hookexec(self.name, self._hookimpls.copy(), kwargs, firstresult)
           ^^^^^^^^^^^^^^^^^^^^^^^^^^^^^^^^^^^^^^^^^^^^^^^^^^^^^^^^^^^^^^^^^^^^^^
.venv311\Lib\site-packages\pluggy\_manager.py:120: in _hookexec
    return self._inner_hookexec(hook_name, methods, kwargs, firstresult)
           ^^^^^^^^^^^^^^^^^^^^^^^^^^^^^^^^^^^^^^^^^^^^^^^^^^^^^^^^^^^^^
.venv311\Lib\site-packages\pluggy\_callers.py:53: in run_old_style_hookwrapper
    return result.get_result()
           ^^^^^^^^^^^^^^^^^^^
.venv311\Lib\site-packages\pluggy\_callers.py:38: in run_old_style_hookwrapper
    res = yield
          ^^^^^
.venv311\Lib\site-packages\_pytest\setuponly.py:36: in pytest_fixture_setup
    return (yield)
            ^^^^^
.venv311\Lib\site-packages\_pytest\fixtures.py:1202: in pytest_fixture_setup
    result = call_fixture_func(fixturefunc, request, kwargs)
             ^^^^^^^^^^^^^^^^^^^^^^^^^^^^^^^^^^^^^^^^^^^^^^^
.venv311\Lib\site-packages\_pytest\fixtures.py:908: in call_fixture_func
    fixture_result = next(generator)
                     ^^^^^^^^^^^^^^^
.venv311\Lib\site-packages\_pytest\tmpdir.py:289: in tmp_path
    path = _mk_tmp(request, tmp_path_factory)
           ^^^^^^^^^^^^^^^^^^^^^^^^^^^^^^^^^^
.venv311\Lib\site-packages\_pytest\tmpdir.py:276: in _mk_tmp
    return factory.mktemp(name, numbered=True)
           ^^^^^^^^^^^^^^^^^^^^^^^^^^^^^^^^^^^
.venv311\Lib\site-packages\_pytest\tmpdir.py:131: in mktemp
    basename = self._ensure_relative_to_basetemp(basename)
               ^^^^^^^^^^^^^^^^^^^^^^^^^^^^^^^^^^^^^^^^^^^
.venv311\Lib\site-packages\_pytest\tmpdir.py:112: in _ensure_relative_to_basetemp
    if (self.getbasetemp() / basename).resolve().parent != self.getbasetemp():
        ^^^^^^^^^^^^^^^^^^
.venv311\Lib\site-packages\_pytest\tmpdir.py:208: in getbasetemp
    basetemp = make_numbered_dir_with_cleanup(
.venv311\Lib\site-packages\_pytest\pathlib.py:407: in make_numbered_dir_with_cleanup
    raise e
.venv311\Lib\site-packages\_pytest\pathlib.py:388: in make_numbered_dir_with_cleanup
    p = make_numbered_dir(root, prefix, mode)
        ^^^^^^^^^^^^^^^^^^^^^^^^^^^^^^^^^^^^^
.venv311\Lib\site-packages\_pytest\pathlib.py:229: in make_numbered_dir
    max_existing = max(map(parse_num, find_suffixes(root, prefix)), default=-1)
                   ^^^^^^^^^^^^^^^^^^^^^^^^^^^^^^^^^^^^^^^^^^^^^^^^^^^^^^^^^^^^
.venv311\Lib\site-packages\_pytest\pathlib.py:188: in extract_suffixes
    for entry in iter:
.venv311\Lib\site-packages\_pytest\pathlib.py:176: in find_prefixed
    for x in os.scandir(root):
             ^^^^^^^^^^^^^^^^
E   PermissionError: [WinError 5] アクセスが拒否されました。: 'C:\\Users\\ynobe\\AppData\\Local\\Temp\\pytest-of-ynobe'
__ ERROR at setup of test_orchestrate_real_api_is_guarded_when_env_disabled ___
.venv311\Lib\site-packages\_pytest\runner.py:353: in from_call
    result: TResult | None = func()
                             ^^^^^^
.venv311\Lib\site-packages\_pytest\runner.py:245: in <lambda>
    lambda: runtest_hook(item=item, **kwds),
            ^^^^^^^^^^^^^^^^^^^^^^^^^^^^^^^
.venv311\Lib\site-packages\pluggy\_hooks.py:512: in __call__
    return self._hookexec(self.name, self._hookimpls.copy(), kwargs, firstresult)
           ^^^^^^^^^^^^^^^^^^^^^^^^^^^^^^^^^^^^^^^^^^^^^^^^^^^^^^^^^^^^^^^^^^^^^^
.venv311\Lib\site-packages\pluggy\_manager.py:120: in _hookexec
    return self._inner_hookexec(hook_name, methods, kwargs, firstresult)
           ^^^^^^^^^^^^^^^^^^^^^^^^^^^^^^^^^^^^^^^^^^^^^^^^^^^^^^^^^^^^^
.venv311\Lib\site-packages\_pytest\logging.py:843: in pytest_runtest_setup
    yield
.venv311\Lib\site-packages\_pytest\capture.py:895: in pytest_runtest_setup
    return (yield)
            ^^^^^
.venv311\Lib\site-packages\_pytest\runner.py:165: in pytest_runtest_setup
    item.session._setupstate.setup(item)
.venv311\Lib\site-packages\_pytest\runner.py:523: in setup
    col.setup()
.venv311\Lib\site-packages\_pytest\python.py:1723: in setup
    self._request._fillfixtures()
.venv311\Lib\site-packages\_pytest\fixtures.py:707: in _fillfixtures
    item.funcargs[argname] = self.getfixturevalue(argname)
                             ^^^^^^^^^^^^^^^^^^^^^^^^^^^^^
.venv311\Lib\site-packages\_pytest\fixtures.py:539: in getfixturevalue
    fixturedef = self._get_active_fixturedef(argname)
                 ^^^^^^^^^^^^^^^^^^^^^^^^^^^^^^^^^^^^
.venv311\Lib\site-packages\_pytest\fixtures.py:627: in _get_active_fixturedef
    fixturedef.execute(request=subrequest)
.venv311\Lib\site-packages\_pytest\fixtures.py:1110: in execute
    result: FixtureValue = ihook.pytest_fixture_setup(
.venv311\Lib\site-packages\pluggy\_hooks.py:512: in __call__
    return self._hookexec(self.name, self._hookimpls.copy(), kwargs, firstresult)
           ^^^^^^^^^^^^^^^^^^^^^^^^^^^^^^^^^^^^^^^^^^^^^^^^^^^^^^^^^^^^^^^^^^^^^^
.venv311\Lib\site-packages\pluggy\_manager.py:120: in _hookexec
    return self._inner_hookexec(hook_name, methods, kwargs, firstresult)
           ^^^^^^^^^^^^^^^^^^^^^^^^^^^^^^^^^^^^^^^^^^^^^^^^^^^^^^^^^^^^^
.venv311\Lib\site-packages\pluggy\_callers.py:53: in run_old_style_hookwrapper
    return result.get_result()
           ^^^^^^^^^^^^^^^^^^^
.venv311\Lib\site-packages\pluggy\_callers.py:38: in run_old_style_hookwrapper
    res = yield
          ^^^^^
.venv311\Lib\site-packages\_pytest\setuponly.py:36: in pytest_fixture_setup
    return (yield)
            ^^^^^
.venv311\Lib\site-packages\_pytest\fixtures.py:1202: in pytest_fixture_setup
    result = call_fixture_func(fixturefunc, request, kwargs)
             ^^^^^^^^^^^^^^^^^^^^^^^^^^^^^^^^^^^^^^^^^^^^^^^
.venv311\Lib\site-packages\_pytest\fixtures.py:908: in call_fixture_func
    fixture_result = next(generator)
                     ^^^^^^^^^^^^^^^
.venv311\Lib\site-packages\_pytest\tmpdir.py:289: in tmp_path
    path = _mk_tmp(request, tmp_path_factory)
           ^^^^^^^^^^^^^^^^^^^^^^^^^^^^^^^^^^
.venv311\Lib\site-packages\_pytest\tmpdir.py:276: in _mk_tmp
    return factory.mktemp(name, numbered=True)
           ^^^^^^^^^^^^^^^^^^^^^^^^^^^^^^^^^^^
.venv311\Lib\site-packages\_pytest\tmpdir.py:131: in mktemp
    basename = self._ensure_relative_to_basetemp(basename)
               ^^^^^^^^^^^^^^^^^^^^^^^^^^^^^^^^^^^^^^^^^^^
.venv311\Lib\site-packages\_pytest\tmpdir.py:112: in _ensure_relative_to_basetemp
    if (self.getbasetemp() / basename).resolve().parent != self.getbasetemp():
        ^^^^^^^^^^^^^^^^^^
.venv311\Lib\site-packages\_pytest\tmpdir.py:208: in getbasetemp
    basetemp = make_numbered_dir_with_cleanup(
.venv311\Lib\site-packages\_pytest\pathlib.py:407: in make_numbered_dir_with_cleanup
    raise e
.venv311\Lib\site-packages\_pytest\pathlib.py:388: in make_numbered_dir_with_cleanup
    p = make_numbered_dir(root, prefix, mode)
        ^^^^^^^^^^^^^^^^^^^^^^^^^^^^^^^^^^^^^
.venv311\Lib\site-packages\_pytest\pathlib.py:229: in make_numbered_dir
    max_existing = max(map(parse_num, find_suffixes(root, prefix)), default=-1)
                   ^^^^^^^^^^^^^^^^^^^^^^^^^^^^^^^^^^^^^^^^^^^^^^^^^^^^^^^^^^^^
.venv311\Lib\site-packages\_pytest\pathlib.py:188: in extract_suffixes
    for entry in iter:
.venv311\Lib\site-packages\_pytest\pathlib.py:176: in find_prefixed
    for x in os.scandir(root):
             ^^^^^^^^^^^^^^^^
E   PermissionError: [WinError 5] アクセスが拒否されました。: 'C:\\Users\\ynobe\\AppData\\Local\\Temp\\pytest-of-ynobe'
__ ERROR at setup of test_fetch_job_auto_fetches_allowed_sources_and_indexes __
.venv311\Lib\site-packages\_pytest\runner.py:353: in from_call
    result: TResult | None = func()
                             ^^^^^^
.venv311\Lib\site-packages\_pytest\runner.py:245: in <lambda>
    lambda: runtest_hook(item=item, **kwds),
            ^^^^^^^^^^^^^^^^^^^^^^^^^^^^^^^
.venv311\Lib\site-packages\pluggy\_hooks.py:512: in __call__
    return self._hookexec(self.name, self._hookimpls.copy(), kwargs, firstresult)
           ^^^^^^^^^^^^^^^^^^^^^^^^^^^^^^^^^^^^^^^^^^^^^^^^^^^^^^^^^^^^^^^^^^^^^^
.venv311\Lib\site-packages\pluggy\_manager.py:120: in _hookexec
    return self._inner_hookexec(hook_name, methods, kwargs, firstresult)
           ^^^^^^^^^^^^^^^^^^^^^^^^^^^^^^^^^^^^^^^^^^^^^^^^^^^^^^^^^^^^^
.venv311\Lib\site-packages\_pytest\logging.py:843: in pytest_runtest_setup
    yield
.venv311\Lib\site-packages\_pytest\capture.py:895: in pytest_runtest_setup
    return (yield)
            ^^^^^
.venv311\Lib\site-packages\_pytest\runner.py:165: in pytest_runtest_setup
    item.session._setupstate.setup(item)
.venv311\Lib\site-packages\_pytest\runner.py:523: in setup
    col.setup()
.venv311\Lib\site-packages\_pytest\python.py:1723: in setup
    self._request._fillfixtures()
.venv311\Lib\site-packages\_pytest\fixtures.py:707: in _fillfixtures
    item.funcargs[argname] = self.getfixturevalue(argname)
                             ^^^^^^^^^^^^^^^^^^^^^^^^^^^^^
.venv311\Lib\site-packages\_pytest\fixtures.py:539: in getfixturevalue
    fixturedef = self._get_active_fixturedef(argname)
                 ^^^^^^^^^^^^^^^^^^^^^^^^^^^^^^^^^^^^
.venv311\Lib\site-packages\_pytest\fixtures.py:627: in _get_active_fixturedef
    fixturedef.execute(request=subrequest)
.venv311\Lib\site-packages\_pytest\fixtures.py:1110: in execute
    result: FixtureValue = ihook.pytest_fixture_setup(
.venv311\Lib\site-packages\pluggy\_hooks.py:512: in __call__
    return self._hookexec(self.name, self._hookimpls.copy(), kwargs, firstresult)
           ^^^^^^^^^^^^^^^^^^^^^^^^^^^^^^^^^^^^^^^^^^^^^^^^^^^^^^^^^^^^^^^^^^^^^^
.venv311\Lib\site-packages\pluggy\_manager.py:120: in _hookexec
    return self._inner_hookexec(hook_name, methods, kwargs, firstresult)
           ^^^^^^^^^^^^^^^^^^^^^^^^^^^^^^^^^^^^^^^^^^^^^^^^^^^^^^^^^^^^^
.venv311\Lib\site-packages\pluggy\_callers.py:53: in run_old_style_hookwrapper
    return result.get_result()
           ^^^^^^^^^^^^^^^^^^^
.venv311\Lib\site-packages\pluggy\_callers.py:38: in run_old_style_hookwrapper
    res = yield
          ^^^^^
.venv311\Lib\site-packages\_pytest\setuponly.py:36: in pytest_fixture_setup
    return (yield)
            ^^^^^
.venv311\Lib\site-packages\_pytest\fixtures.py:1202: in pytest_fixture_setup
    result = call_fixture_func(fixturefunc, request, kwargs)
             ^^^^^^^^^^^^^^^^^^^^^^^^^^^^^^^^^^^^^^^^^^^^^^^
.venv311\Lib\site-packages\_pytest\fixtures.py:908: in call_fixture_func
    fixture_result = next(generator)
                     ^^^^^^^^^^^^^^^
.venv311\Lib\site-packages\_pytest\tmpdir.py:289: in tmp_path
    path = _mk_tmp(request, tmp_path_factory)
           ^^^^^^^^^^^^^^^^^^^^^^^^^^^^^^^^^^
.venv311\Lib\site-packages\_pytest\tmpdir.py:276: in _mk_tmp
    return factory.mktemp(name, numbered=True)
           ^^^^^^^^^^^^^^^^^^^^^^^^^^^^^^^^^^^
.venv311\Lib\site-packages\_pytest\tmpdir.py:131: in mktemp
    basename = self._ensure_relative_to_basetemp(basename)
               ^^^^^^^^^^^^^^^^^^^^^^^^^^^^^^^^^^^^^^^^^^^
.venv311\Lib\site-packages\_pytest\tmpdir.py:112: in _ensure_relative_to_basetemp
    if (self.getbasetemp() / basename).resolve().parent != self.getbasetemp():
        ^^^^^^^^^^^^^^^^^^
.venv311\Lib\site-packages\_pytest\tmpdir.py:208: in getbasetemp
    basetemp = make_numbered_dir_with_cleanup(
.venv311\Lib\site-packages\_pytest\pathlib.py:407: in make_numbered_dir_with_cleanup
    raise e
.venv311\Lib\site-packages\_pytest\pathlib.py:388: in make_numbered_dir_with_cleanup
    p = make_numbered_dir(root, prefix, mode)
        ^^^^^^^^^^^^^^^^^^^^^^^^^^^^^^^^^^^^^
.venv311\Lib\site-packages\_pytest\pathlib.py:229: in make_numbered_dir
    max_existing = max(map(parse_num, find_suffixes(root, prefix)), default=-1)
                   ^^^^^^^^^^^^^^^^^^^^^^^^^^^^^^^^^^^^^^^^^^^^^^^^^^^^^^^^^^^^
.venv311\Lib\site-packages\_pytest\pathlib.py:188: in extract_suffixes
    for entry in iter:
.venv311\Lib\site-packages\_pytest\pathlib.py:176: in find_prefixed
    for x in os.scandir(root):
             ^^^^^^^^^^^^^^^^
E   PermissionError: [WinError 5] アクセスが拒否されました。: 'C:\\Users\\ynobe\\AppData\\Local\\Temp\\pytest-of-ynobe'
_________ ERROR at setup of test_manual_doc_save_indexes_pasted_text __________
.venv311\Lib\site-packages\_pytest\runner.py:353: in from_call
    result: TResult | None = func()
                             ^^^^^^
.venv311\Lib\site-packages\_pytest\runner.py:245: in <lambda>
    lambda: runtest_hook(item=item, **kwds),
            ^^^^^^^^^^^^^^^^^^^^^^^^^^^^^^^
.venv311\Lib\site-packages\pluggy\_hooks.py:512: in __call__
    return self._hookexec(self.name, self._hookimpls.copy(), kwargs, firstresult)
           ^^^^^^^^^^^^^^^^^^^^^^^^^^^^^^^^^^^^^^^^^^^^^^^^^^^^^^^^^^^^^^^^^^^^^^
.venv311\Lib\site-packages\pluggy\_manager.py:120: in _hookexec
    return self._inner_hookexec(hook_name, methods, kwargs, firstresult)
           ^^^^^^^^^^^^^^^^^^^^^^^^^^^^^^^^^^^^^^^^^^^^^^^^^^^^^^^^^^^^^
.venv311\Lib\site-packages\_pytest\logging.py:843: in pytest_runtest_setup
    yield
.venv311\Lib\site-packages\_pytest\capture.py:895: in pytest_runtest_setup
    return (yield)
            ^^^^^
.venv311\Lib\site-packages\_pytest\runner.py:165: in pytest_runtest_setup
    item.session._setupstate.setup(item)
.venv311\Lib\site-packages\_pytest\runner.py:523: in setup
    col.setup()
.venv311\Lib\site-packages\_pytest\python.py:1723: in setup
    self._request._fillfixtures()
.venv311\Lib\site-packages\_pytest\fixtures.py:707: in _fillfixtures
    item.funcargs[argname] = self.getfixturevalue(argname)
                             ^^^^^^^^^^^^^^^^^^^^^^^^^^^^^
.venv311\Lib\site-packages\_pytest\fixtures.py:539: in getfixturevalue
    fixturedef = self._get_active_fixturedef(argname)
                 ^^^^^^^^^^^^^^^^^^^^^^^^^^^^^^^^^^^^
.venv311\Lib\site-packages\_pytest\fixtures.py:627: in _get_active_fixturedef
    fixturedef.execute(request=subrequest)
.venv311\Lib\site-packages\_pytest\fixtures.py:1110: in execute
    result: FixtureValue = ihook.pytest_fixture_setup(
.venv311\Lib\site-packages\pluggy\_hooks.py:512: in __call__
    return self._hookexec(self.name, self._hookimpls.copy(), kwargs, firstresult)
           ^^^^^^^^^^^^^^^^^^^^^^^^^^^^^^^^^^^^^^^^^^^^^^^^^^^^^^^^^^^^^^^^^^^^^^
.venv311\Lib\site-packages\pluggy\_manager.py:120: in _hookexec
    return self._inner_hookexec(hook_name, methods, kwargs, firstresult)
           ^^^^^^^^^^^^^^^^^^^^^^^^^^^^^^^^^^^^^^^^^^^^^^^^^^^^^^^^^^^^^
.venv311\Lib\site-packages\pluggy\_callers.py:53: in run_old_style_hookwrapper
    return result.get_result()
           ^^^^^^^^^^^^^^^^^^^
.venv311\Lib\site-packages\pluggy\_callers.py:38: in run_old_style_hookwrapper
    res = yield
          ^^^^^
.venv311\Lib\site-packages\_pytest\setuponly.py:36: in pytest_fixture_setup
    return (yield)
            ^^^^^
.venv311\Lib\site-packages\_pytest\fixtures.py:1202: in pytest_fixture_setup
    result = call_fixture_func(fixturefunc, request, kwargs)
             ^^^^^^^^^^^^^^^^^^^^^^^^^^^^^^^^^^^^^^^^^^^^^^^
.venv311\Lib\site-packages\_pytest\fixtures.py:908: in call_fixture_func
    fixture_result = next(generator)
                     ^^^^^^^^^^^^^^^
.venv311\Lib\site-packages\_pytest\tmpdir.py:289: in tmp_path
    path = _mk_tmp(request, tmp_path_factory)
           ^^^^^^^^^^^^^^^^^^^^^^^^^^^^^^^^^^
.venv311\Lib\site-packages\_pytest\tmpdir.py:276: in _mk_tmp
    return factory.mktemp(name, numbered=True)
           ^^^^^^^^^^^^^^^^^^^^^^^^^^^^^^^^^^^
.venv311\Lib\site-packages\_pytest\tmpdir.py:131: in mktemp
    basename = self._ensure_relative_to_basetemp(basename)
               ^^^^^^^^^^^^^^^^^^^^^^^^^^^^^^^^^^^^^^^^^^^
.venv311\Lib\site-packages\_pytest\tmpdir.py:112: in _ensure_relative_to_basetemp
    if (self.getbasetemp() / basename).resolve().parent != self.getbasetemp():
        ^^^^^^^^^^^^^^^^^^
.venv311\Lib\site-packages\_pytest\tmpdir.py:208: in getbasetemp
    basetemp = make_numbered_dir_with_cleanup(
.venv311\Lib\site-packages\_pytest\pathlib.py:407: in make_numbered_dir_with_cleanup
    raise e
.venv311\Lib\site-packages\_pytest\pathlib.py:388: in make_numbered_dir_with_cleanup
    p = make_numbered_dir(root, prefix, mode)
        ^^^^^^^^^^^^^^^^^^^^^^^^^^^^^^^^^^^^^
.venv311\Lib\site-packages\_pytest\pathlib.py:229: in make_numbered_dir
    max_existing = max(map(parse_num, find_suffixes(root, prefix)), default=-1)
                   ^^^^^^^^^^^^^^^^^^^^^^^^^^^^^^^^^^^^^^^^^^^^^^^^^^^^^^^^^^^^
.venv311\Lib\site-packages\_pytest\pathlib.py:188: in extract_suffixes
    for entry in iter:
.venv311\Lib\site-packages\_pytest\pathlib.py:176: in find_prefixed
    for x in os.scandir(root):
             ^^^^^^^^^^^^^^^^
E   PermissionError: [WinError 5] アクセスが拒否されました。: 'C:\\Users\\ynobe\\AppData\\Local\\Temp\\pytest-of-ynobe'
________ ERROR at setup of test_sources_to_yaml_roundtrips_with_loader ________
.venv311\Lib\site-packages\_pytest\runner.py:353: in from_call
    result: TResult | None = func()
                             ^^^^^^
.venv311\Lib\site-packages\_pytest\runner.py:245: in <lambda>
    lambda: runtest_hook(item=item, **kwds),
            ^^^^^^^^^^^^^^^^^^^^^^^^^^^^^^^
.venv311\Lib\site-packages\pluggy\_hooks.py:512: in __call__
    return self._hookexec(self.name, self._hookimpls.copy(), kwargs, firstresult)
           ^^^^^^^^^^^^^^^^^^^^^^^^^^^^^^^^^^^^^^^^^^^^^^^^^^^^^^^^^^^^^^^^^^^^^^
.venv311\Lib\site-packages\pluggy\_manager.py:120: in _hookexec
    return self._inner_hookexec(hook_name, methods, kwargs, firstresult)
           ^^^^^^^^^^^^^^^^^^^^^^^^^^^^^^^^^^^^^^^^^^^^^^^^^^^^^^^^^^^^^
.venv311\Lib\site-packages\_pytest\logging.py:843: in pytest_runtest_setup
    yield
.venv311\Lib\site-packages\_pytest\capture.py:895: in pytest_runtest_setup
    return (yield)
            ^^^^^
.venv311\Lib\site-packages\_pytest\runner.py:165: in pytest_runtest_setup
    item.session._setupstate.setup(item)
.venv311\Lib\site-packages\_pytest\runner.py:523: in setup
    col.setup()
.venv311\Lib\site-packages\_pytest\python.py:1723: in setup
    self._request._fillfixtures()
.venv311\Lib\site-packages\_pytest\fixtures.py:707: in _fillfixtures
    item.funcargs[argname] = self.getfixturevalue(argname)
                             ^^^^^^^^^^^^^^^^^^^^^^^^^^^^^
.venv311\Lib\site-packages\_pytest\fixtures.py:539: in getfixturevalue
    fixturedef = self._get_active_fixturedef(argname)
                 ^^^^^^^^^^^^^^^^^^^^^^^^^^^^^^^^^^^^
.venv311\Lib\site-packages\_pytest\fixtures.py:627: in _get_active_fixturedef
    fixturedef.execute(request=subrequest)
.venv311\Lib\site-packages\_pytest\fixtures.py:1110: in execute
    result: FixtureValue = ihook.pytest_fixture_setup(
.venv311\Lib\site-packages\pluggy\_hooks.py:512: in __call__
    return self._hookexec(self.name, self._hookimpls.copy(), kwargs, firstresult)
           ^^^^^^^^^^^^^^^^^^^^^^^^^^^^^^^^^^^^^^^^^^^^^^^^^^^^^^^^^^^^^^^^^^^^^^
.venv311\Lib\site-packages\pluggy\_manager.py:120: in _hookexec
    return self._inner_hookexec(hook_name, methods, kwargs, firstresult)
           ^^^^^^^^^^^^^^^^^^^^^^^^^^^^^^^^^^^^^^^^^^^^^^^^^^^^^^^^^^^^^
.venv311\Lib\site-packages\pluggy\_callers.py:53: in run_old_style_hookwrapper
    return result.get_result()
           ^^^^^^^^^^^^^^^^^^^
.venv311\Lib\site-packages\pluggy\_callers.py:38: in run_old_style_hookwrapper
    res = yield
          ^^^^^
.venv311\Lib\site-packages\_pytest\setuponly.py:36: in pytest_fixture_setup
    return (yield)
            ^^^^^
.venv311\Lib\site-packages\_pytest\fixtures.py:1202: in pytest_fixture_setup
    result = call_fixture_func(fixturefunc, request, kwargs)
             ^^^^^^^^^^^^^^^^^^^^^^^^^^^^^^^^^^^^^^^^^^^^^^^
.venv311\Lib\site-packages\_pytest\fixtures.py:908: in call_fixture_func
    fixture_result = next(generator)
                     ^^^^^^^^^^^^^^^
.venv311\Lib\site-packages\_pytest\tmpdir.py:289: in tmp_path
    path = _mk_tmp(request, tmp_path_factory)
           ^^^^^^^^^^^^^^^^^^^^^^^^^^^^^^^^^^
.venv311\Lib\site-packages\_pytest\tmpdir.py:276: in _mk_tmp
    return factory.mktemp(name, numbered=True)
           ^^^^^^^^^^^^^^^^^^^^^^^^^^^^^^^^^^^
.venv311\Lib\site-packages\_pytest\tmpdir.py:131: in mktemp
    basename = self._ensure_relative_to_basetemp(basename)
               ^^^^^^^^^^^^^^^^^^^^^^^^^^^^^^^^^^^^^^^^^^^
.venv311\Lib\site-packages\_pytest\tmpdir.py:112: in _ensure_relative_to_basetemp
    if (self.getbasetemp() / basename).resolve().parent != self.getbasetemp():
        ^^^^^^^^^^^^^^^^^^
.venv311\Lib\site-packages\_pytest\tmpdir.py:208: in getbasetemp
    basetemp = make_numbered_dir_with_cleanup(
.venv311\Lib\site-packages\_pytest\pathlib.py:407: in make_numbered_dir_with_cleanup
    raise e
.venv311\Lib\site-packages\_pytest\pathlib.py:388: in make_numbered_dir_with_cleanup
    p = make_numbered_dir(root, prefix, mode)
        ^^^^^^^^^^^^^^^^^^^^^^^^^^^^^^^^^^^^^
.venv311\Lib\site-packages\_pytest\pathlib.py:229: in make_numbered_dir
    max_existing = max(map(parse_num, find_suffixes(root, prefix)), default=-1)
                   ^^^^^^^^^^^^^^^^^^^^^^^^^^^^^^^^^^^^^^^^^^^^^^^^^^^^^^^^^^^^
.venv311\Lib\site-packages\_pytest\pathlib.py:188: in extract_suffixes
    for entry in iter:
.venv311\Lib\site-packages\_pytest\pathlib.py:176: in find_prefixed
    for x in os.scandir(root):
             ^^^^^^^^^^^^^^^^
E   PermissionError: [WinError 5] アクセスが拒否されました。: 'C:\\Users\\ynobe\\AppData\\Local\\Temp\\pytest-of-ynobe'
_ ERROR at setup of test_investment_mvp_routes_import_analyze_screen_and_report _
.venv311\Lib\site-packages\_pytest\runner.py:353: in from_call
    result: TResult | None = func()
                             ^^^^^^
.venv311\Lib\site-packages\_pytest\runner.py:245: in <lambda>
    lambda: runtest_hook(item=item, **kwds),
            ^^^^^^^^^^^^^^^^^^^^^^^^^^^^^^^
.venv311\Lib\site-packages\pluggy\_hooks.py:512: in __call__
    return self._hookexec(self.name, self._hookimpls.copy(), kwargs, firstresult)
           ^^^^^^^^^^^^^^^^^^^^^^^^^^^^^^^^^^^^^^^^^^^^^^^^^^^^^^^^^^^^^^^^^^^^^^
.venv311\Lib\site-packages\pluggy\_manager.py:120: in _hookexec
    return self._inner_hookexec(hook_name, methods, kwargs, firstresult)
           ^^^^^^^^^^^^^^^^^^^^^^^^^^^^^^^^^^^^^^^^^^^^^^^^^^^^^^^^^^^^^
.venv311\Lib\site-packages\_pytest\logging.py:843: in pytest_runtest_setup
    yield
.venv311\Lib\site-packages\_pytest\capture.py:895: in pytest_runtest_setup
    return (yield)
            ^^^^^
.venv311\Lib\site-packages\_pytest\runner.py:165: in pytest_runtest_setup
    item.session._setupstate.setup(item)
.venv311\Lib\site-packages\_pytest\runner.py:523: in setup
    col.setup()
.venv311\Lib\site-packages\_pytest\python.py:1723: in setup
    self._request._fillfixtures()
.venv311\Lib\site-packages\_pytest\fixtures.py:707: in _fillfixtures
    item.funcargs[argname] = self.getfixturevalue(argname)
                             ^^^^^^^^^^^^^^^^^^^^^^^^^^^^^
.venv311\Lib\site-packages\_pytest\fixtures.py:539: in getfixturevalue
    fixturedef = self._get_active_fixturedef(argname)
                 ^^^^^^^^^^^^^^^^^^^^^^^^^^^^^^^^^^^^
.venv311\Lib\site-packages\_pytest\fixtures.py:627: in _get_active_fixturedef
    fixturedef.execute(request=subrequest)
.venv311\Lib\site-packages\_pytest\fixtures.py:1110: in execute
    result: FixtureValue = ihook.pytest_fixture_setup(
.venv311\Lib\site-packages\pluggy\_hooks.py:512: in __call__
    return self._hookexec(self.name, self._hookimpls.copy(), kwargs, firstresult)
           ^^^^^^^^^^^^^^^^^^^^^^^^^^^^^^^^^^^^^^^^^^^^^^^^^^^^^^^^^^^^^^^^^^^^^^
.venv311\Lib\site-packages\pluggy\_manager.py:120: in _hookexec
    return self._inner_hookexec(hook_name, methods, kwargs, firstresult)
           ^^^^^^^^^^^^^^^^^^^^^^^^^^^^^^^^^^^^^^^^^^^^^^^^^^^^^^^^^^^^^
.venv311\Lib\site-packages\pluggy\_callers.py:53: in run_old_style_hookwrapper
    return result.get_result()
           ^^^^^^^^^^^^^^^^^^^
.venv311\Lib\site-packages\pluggy\_callers.py:38: in run_old_style_hookwrapper
    res = yield
          ^^^^^
.venv311\Lib\site-packages\_pytest\setuponly.py:36: in pytest_fixture_setup
    return (yield)
            ^^^^^
.venv311\Lib\site-packages\_pytest\fixtures.py:1202: in pytest_fixture_setup
    result = call_fixture_func(fixturefunc, request, kwargs)
             ^^^^^^^^^^^^^^^^^^^^^^^^^^^^^^^^^^^^^^^^^^^^^^^
.venv311\Lib\site-packages\_pytest\fixtures.py:908: in call_fixture_func
    fixture_result = next(generator)
                     ^^^^^^^^^^^^^^^
.venv311\Lib\site-packages\_pytest\tmpdir.py:289: in tmp_path
    path = _mk_tmp(request, tmp_path_factory)
           ^^^^^^^^^^^^^^^^^^^^^^^^^^^^^^^^^^
.venv311\Lib\site-packages\_pytest\tmpdir.py:276: in _mk_tmp
    return factory.mktemp(name, numbered=True)
           ^^^^^^^^^^^^^^^^^^^^^^^^^^^^^^^^^^^
.venv311\Lib\site-packages\_pytest\tmpdir.py:131: in mktemp
    basename = self._ensure_relative_to_basetemp(basename)
               ^^^^^^^^^^^^^^^^^^^^^^^^^^^^^^^^^^^^^^^^^^^
.venv311\Lib\site-packages\_pytest\tmpdir.py:112: in _ensure_relative_to_basetemp
    if (self.getbasetemp() / basename).resolve().parent != self.getbasetemp():
        ^^^^^^^^^^^^^^^^^^
.venv311\Lib\site-packages\_pytest\tmpdir.py:208: in getbasetemp
    basetemp = make_numbered_dir_with_cleanup(
.venv311\Lib\site-packages\_pytest\pathlib.py:407: in make_numbered_dir_with_cleanup
    raise e
.venv311\Lib\site-packages\_pytest\pathlib.py:388: in make_numbered_dir_with_cleanup
    p = make_numbered_dir(root, prefix, mode)
        ^^^^^^^^^^^^^^^^^^^^^^^^^^^^^^^^^^^^^
.venv311\Lib\site-packages\_pytest\pathlib.py:229: in make_numbered_dir
    max_existing = max(map(parse_num, find_suffixes(root, prefix)), default=-1)
                   ^^^^^^^^^^^^^^^^^^^^^^^^^^^^^^^^^^^^^^^^^^^^^^^^^^^^^^^^^^^^
.venv311\Lib\site-packages\_pytest\pathlib.py:188: in extract_suffixes
    for entry in iter:
.venv311\Lib\site-packages\_pytest\pathlib.py:176: in find_prefixed
    for x in os.scandir(root):
             ^^^^^^^^^^^^^^^^
E   PermissionError: [WinError 5] アクセスが拒否されました。: 'C:\\Users\\ynobe\\AppData\\Local\\Temp\\pytest-of-ynobe'
============================== warnings summary ===============================
.venv311\Lib\site-packages\_pytest\cacheprovider.py:475
  C:\Users\ynobe\Documents\GitHub\Web-Scraping-main\.venv311\Lib\site-packages\_pytest\cacheprovider.py:475: PytestCacheWarning: could not create cache path C:\Users\ynobe\Documents\GitHub\Web-Scraping-main\.pytest_cache\v\cache\nodeids: [WinError 5] アクセスが拒否されました。: 'C:\\Users\\ynobe\\Documents\\GitHub\\Web-Scraping-main\\.pytest_cache\\v\\cache'
    config.cache.set("cache/nodeids", sorted(self.cached_nodeids))

.venv311\Lib\site-packages\_pytest\cacheprovider.py:429
  C:\Users\ynobe\Documents\GitHub\Web-Scraping-main\.venv311\Lib\site-packages\_pytest\cacheprovider.py:429: PytestCacheWarning: could not create cache path C:\Users\ynobe\Documents\GitHub\Web-Scraping-main\.pytest_cache\v\cache\lastfailed: [WinError 5] アクセスが拒否されました。: 'C:\\Users\\ynobe\\Documents\\GitHub\\Web-Scraping-main\\.pytest_cache\\v\\cache'
    config.cache.set("cache/lastfailed", self.lastfailed)

-- Docs: https://docs.pytest.org/en/stable/how-to/capture-warnings.html
=========================== short test summary info ===========================
ERROR tests/unit/test_budget_guard.py::test_budget_guard_allows_allowed_task
ERROR tests/unit/test_budget_guard.py::test_budget_guard_blocks_disallowed_task
ERROR tests/unit/test_budget_guard.py::test_budget_guard_stops_at_hard_daily_threshold
ERROR tests/unit/test_budget_guard.py::test_cache_hits_do_not_count_against_budget
ERROR tests/unit/test_cli.py::test_build_budget_report_does_not_call_gemini
ERROR tests/unit/test_cli.py::test_run_smoke_uses_guarded_service_with_echo_client
ERROR tests/unit/test_cli.py::test_cli_budget_json_outputs_report - Permissio...
ERROR tests/unit/test_cli.py::test_cli_edinet_extract_outputs_rag_text - Perm...
ERROR tests/unit/test_cli.py::test_cli_smoke_outputs_json - PermissionError: ...
ERROR tests/unit/test_cli.py::test_cli_gemini_live_requires_explicit_acknowledgement
ERROR tests/unit/test_cli.py::test_cli_fetch_url_save_text_passes_output_path
ERROR tests/unit/test_cli.py::test_cli_fetch_url_extract_text_and_metadata_pass_flags
ERROR tests/unit/test_cli.py::test_cli_fetch_job_runs_yaml_sources - Permissi...
ERROR tests/unit/test_cli.py::test_cli_fetch_job_dry_run_does_not_save - Perm...
ERROR tests/unit/test_cli.py::test_cli_rag_index_search_and_context - Permiss...
ERROR tests/unit/test_cli.py::test_cli_rag_index_dir_indexes_supported_files
ERROR tests/unit/test_cli.py::test_cli_scoring_rank_outputs_guarded_report - ...
ERROR tests/unit/test_cli.py::test_cli_scoring_rank_writes_output_file - Perm...
ERROR tests/unit/test_cli.py::test_cli_scoring_rank_refuses_overwrite_without_flag
ERROR tests/unit/test_cli.py::test_cli_scoring_rank_table_format - Permission...
ERROR tests/unit/test_cli.py::test_cli_scoring_validate_outputs_valid_json - ...
ERROR tests/unit/test_cli.py::test_cli_scoring_validate_outputs_errors_for_invalid_csv
ERROR tests/unit/test_cli.py::test_cli_rag_search_table_outputs_metadata - Pe...
ERROR tests/unit/test_cli.py::test_cli_rag_search_table_columns_customizes_output
ERROR tests/unit/test_cli.py::test_cli_rag_search_job_uses_query_hint_and_name_fallback
ERROR tests/unit/test_cli.py::test_cli_rag_search_job_table_reuses_search_table_formatter
ERROR tests/unit/test_cli.py::test_cli_rag_search_job_save_report_writes_markdown_table
ERROR tests/unit/test_cli.py::test_cli_rag_search_job_save_report_writes_json
ERROR tests/unit/test_cli.py::test_cli_rag_search_job_scope_job_source_filters_results
ERROR tests/unit/test_cli.py::test_cli_rag_search_job_scope_job_source_filters_saved_table
ERROR tests/unit/test_cli.py::test_run_orchestrate_answer_source_filter_limits_results
ERROR tests/unit/test_cli.py::test_cli_rag_stats_reports_sources_and_keywords
ERROR tests/unit/test_cli.py::test_source_registry_build_fetch_job_filters_blocked_sources
ERROR tests/unit/test_config_loader.py::test_load_yaml_supports_list_of_mappings
ERROR tests/unit/test_crawler_registry.py::test_build_crawl_targets_selects_only_allowed_issuer_crawl
ERROR tests/unit/test_edinet_financials_bridge.py::test_row_roundtrip_and_csv_is_loadable
ERROR tests/unit/test_edinet_ingest.py::test_run_edinet_ingest_backfill_years_scans_range
ERROR tests/unit/test_edinet_ingest.py::test_ingest_targets_downloads_latest_and_writes_text
ERROR tests/unit/test_edinet_ingest.py::test_ingest_targets_keeps_multiple_periods
ERROR tests/unit/test_edinet_ingest.py::test_ingest_targets_skips_already_saved_documents
ERROR tests/unit/test_edinet_ingest.py::test_ingest_builds_financials_csv_and_detects_dividend_cut
ERROR tests/unit/test_edinet_ingest.py::test_financials_csv_is_durable_across_runs_after_pruning
ERROR tests/unit/test_edinet_ingest.py::test_ingest_recovers_points_from_sidecar_on_cached_run
ERROR tests/unit/test_edinet_ingest.py::test_edinet_save_writes_provenance_no_link_by_default
ERROR tests/unit/test_edinet_ingest.py::test_edinet_save_writes_source_url_when_template_set
ERROR tests/unit/test_edinet_ingest.py::test_ingest_targets_reports_missing_documents
ERROR tests/unit/test_edinet_ingest.py::test_run_edinet_ingest_indexes_metrics_into_rag
ERROR tests/unit/test_edinet_registry.py::test_build_edinet_targets_selects_only_allowed_edinet_entries
ERROR tests/unit/test_edinet_registry.py::test_build_edinet_targets_resolves_sec_code_and_doc_types
ERROR tests/unit/test_edinet_registry.py::test_build_edinet_targets_handles_missing_sources
ERROR tests/unit/test_edinet_registry.py::test_registry_accepts_doc_type_codes_alias
ERROR tests/unit/test_embeddings_hybrid.py::test_store_persists_embeddings - ...
ERROR tests/unit/test_embeddings_hybrid.py::test_hybrid_search_returns_ranked_results
ERROR tests/unit/test_embeddings_hybrid.py::test_hybrid_alpha_zero_matches_lexical_ordering
ERROR tests/unit/test_feedback.py::test_record_and_source_scores - Permission...
ERROR tests/unit/test_feedback.py::test_summary_counts_events_not_rows - Perm...
ERROR tests/unit/test_feedback.py::test_record_rejects_bad_rating - Permissio...
ERROR tests/unit/test_feedback.py::test_feedback_source_scores_missing_db - P...
ERROR tests/unit/test_financials_evidence.py::test_dividend_evidence_text_reports_cut
ERROR tests/unit/test_financials_evidence.py::test_build_financial_evidence_resolves_ticker_from_source
ERROR tests/unit/test_financials_evidence.py::test_build_financial_evidence_none_when_csv_missing
ERROR tests/unit/test_financials_evidence.py::test_build_financial_evidence_none_for_unknown_ticker
ERROR tests/unit/test_financials_evidence.py::test_single_period_evidence_shows_latest_values_and_note
ERROR tests/unit/test_forecasting.py::test_download_dataset_writes_file - Per...
ERROR tests/unit/test_forecasting.py::test_download_dataset_rejects_untrusted_host
ERROR tests/unit/test_ingestion.py::test_safe_fetcher_dry_run_checks_robots_without_fetching_target
ERROR tests/unit/test_ingestion.py::test_safe_fetcher_uses_cache_after_first_network_fetch
ERROR tests/unit/test_ingestion.py::test_safe_fetcher_saves_text_for_rag_indexing
ERROR tests/unit/test_ingestion.py::test_safe_fetcher_does_not_save_text_for_dry_run
ERROR tests/unit/test_ingestion.py::test_safe_fetcher_extracts_html_text_before_preview_and_save
ERROR tests/unit/test_ingestion.py::test_safe_fetcher_includes_metadata_when_saving_text
ERROR tests/unit/test_ingestion.py::test_safe_fetcher_refuses_robots_blocked_target
ERROR tests/unit/test_ingestion.py::test_safe_fetcher_fails_closed_when_robots_unavailable
ERROR tests/unit/test_investment_mvp.py::test_analyze_mixed_stock_and_fund_portfolio
ERROR tests/unit/test_investment_mvp.py::test_candidate_screen_returns_condition_matches_not_recommendations
ERROR tests/unit/test_investment_mvp.py::test_investment_monthly_report_has_evidence_for_kpis
ERROR tests/unit/test_knowledge_diff.py::test_snapshot_captures_rag_and_financials
ERROR tests/unit/test_knowledge_diff.py::test_diff_detects_new_source_and_dividend_change
ERROR tests/unit/test_knowledge_diff.py::test_run_knowledge_diff_saves_and_reports_no_change_on_repeat
ERROR tests/unit/test_llm_cache.py::test_cache_returns_stored_response - Perm...
ERROR tests/unit/test_llm_cache.py::test_cache_expires_old_response - Permiss...
ERROR tests/unit/test_llm_cache.py::test_disabled_cache_never_reads_or_writes
ERROR tests/unit/test_llm_factory.py::test_load_gemini_runtime_config_normalizes_yaml
ERROR tests/unit/test_llm_factory.py::test_build_llm_service_from_config_uses_injected_client_and_cache
ERROR tests/unit/test_llm_service.py::test_service_uses_client_then_cache - P...
ERROR tests/unit/test_llm_service.py::test_service_falls_back_when_task_not_allowed
ERROR tests/unit/test_llm_service.py::test_service_falls_back_to_local_summary_on_client_error_by_default
ERROR tests/unit/test_llm_service.py::test_service_falls_back_on_daily_limit
ERROR tests/unit/test_maintenance.py::test_prune_local_docs_keeps_recent_filings_per_ticker
ERROR tests/unit/test_maintenance.py::test_prune_local_docs_noop_when_within_limit
ERROR tests/unit/test_maintenance.py::test_prune_local_docs_missing_root - Pe...
ERROR tests/unit/test_maintenance.py::test_prune_http_cache_trims_and_reports
ERROR tests/unit/test_maintenance.py::test_prune_http_cache_missing_file - Pe...
ERROR tests/unit/test_maintenance.py::test_run_storage_prune_combines_docs_and_cache
ERROR tests/unit/test_observability_and_cache_eviction.py::test_llm_cache_purge_expired
ERROR tests/unit/test_observability_and_cache_eviction.py::test_llm_cache_enforce_max_rows_keeps_newest
ERROR tests/unit/test_observability_and_cache_eviction.py::test_http_cache_purge_and_trim
ERROR tests/unit/test_orchestrate_pipeline.py::test_orchestrate_uses_orchestrator_perspectives
ERROR tests/unit/test_orchestrate_pipeline.py::test_orchestrate_search_query_drives_retrieval
ERROR tests/unit/test_orchestration.py::test_pipeline_runs_draft_critique_synthesis
ERROR tests/unit/test_orchestration.py::test_self_consistency_runs_multiple_drafts
ERROR tests/unit/test_orchestration.py::test_build_orchestrator_offline_uses_local_client
ERROR tests/unit/test_orchestration.py::test_offline_orchestration_ignores_exhausted_budget
ERROR tests/unit/test_portfolio_loader.py::test_dividend_missing_columns - Pe...
ERROR tests/unit/test_portfolio_loader.py::test_performance_rejects_negative
ERROR tests/unit/test_portfolio_simulator.py::test_simulate_conservative_below_latest_with_history
ERROR tests/unit/test_portfolio_simulator.py::test_build_universe_sorts_by_safety
ERROR tests/unit/test_rag.py::test_rag_store_replaces_existing_document_chunks
ERROR tests/unit/test_rag.py::test_search_chunks_scores_and_limits_results - ...
ERROR tests/unit/test_rag.py::test_build_answer_context_formats_citations - P...
ERROR tests/unit/test_rag.py::test_run_rag_index_dir_indexes_supported_files_recursively
ERROR tests/unit/test_rag.py::test_run_rag_index_dir_handles_empty_directory
ERROR tests/unit/test_rag.py::test_load_document_extracts_front_matter_metadata
ERROR tests/unit/test_rag.py::test_search_results_include_front_matter_metadata_in_context
ERROR tests/unit/test_rag_embedder_select.py::test_store_records_embedder_name_on_index
ERROR tests/unit/test_rag_embedder_select.py::test_read_stored_embedder_name_missing_db
ERROR tests/unit/test_rag_embedder_select.py::test_read_stored_embedder_name_without_indexing
ERROR tests/unit/test_scoring.py::test_load_candidates_csv_requires_expected_columns
ERROR tests/unit/test_scoring.py::test_build_scoring_report_includes_guardrails
ERROR tests/unit/test_scoring.py::test_validate_scoring_csv_reports_valid_input
ERROR tests/unit/test_scoring.py::test_validate_scoring_csv_collects_row_errors
ERROR tests/unit/test_security_and_accuracy.py::test_reject_path_traversal_blocks_parent_escape
ERROR tests/unit/test_security_and_accuracy.py::test_fts_search_ranks_relevant_chunk_first
ERROR tests/unit/test_security_and_accuracy.py::test_search_chunks_dedupes_identical_text
ERROR tests/unit/test_stock_scoring.py::test_run_stock_scoring_from_csv - Per...
ERROR tests/unit/test_stock_scoring.py::test_run_stock_scoring_missing_csv - ...
ERROR tests/unit/test_stock_scoring.py::test_score_for_ticker - PermissionErr...
ERROR tests/unit/test_webapi.py::test_rag_stats_endpoint_reports_db_contents
ERROR tests/unit/test_webapi.py::test_rag_search_endpoint - PermissionError: ...
ERROR tests/unit/test_webapi.py::test_orchestrate_endpoint_is_offline - Permi...
ERROR tests/unit/test_webapi.py::test_orchestrate_injects_dividend_evidence
ERROR tests/unit/test_webapi.py::test_orchestrate_real_api_is_guarded_when_env_disabled
ERROR tests/unit/test_webapi.py::test_fetch_job_auto_fetches_allowed_sources_and_indexes
ERROR tests/unit/test_webapi.py::test_manual_doc_save_indexes_pasted_text - P...
ERROR tests/unit/test_webapi.py::test_sources_to_yaml_roundtrips_with_loader
ERROR tests/unit/test_webapi.py::test_investment_mvp_routes_import_analyze_screen_and_report
162 passed, 16 skipped, 2 warnings, 136 errors in 104.03s (0:01:44)
